
 RUN  v3.1.4 /private/tmp/viborm-d35

 ❯ |layer-query-engine| tests/contracts/architecture/contract-matrix.core.test.ts (5 tests | 1 failed) 55ms
   ✓ contract and provider matrix > keeps one stable ContractDefinition ID per behavior registration 8ms
   ✓ contract and provider matrix > assigns every contract to every provider exactly once 10ms
   ✓ contract and provider matrix > matches matrix run decisions to provider registrations 11ms
   ✓ contract and provider matrix > gives every layer one runtime core owner and one type core 13ms
   × contract and provider matrix > inventories every executable test by owner and boundary 13ms
     → tests/raptor3/candidate-handoff.test.ts: expected undefined to be defined

⎯⎯⎯⎯⎯⎯⎯ Failed Tests 1 ⎯⎯⎯⎯⎯⎯⎯

 FAIL  |layer-query-engine| tests/contracts/architecture/contract-matrix.core.test.ts > contract and provider matrix > inventories every executable test by owner and boundary
AssertionError: tests/raptor3/candidate-handoff.test.ts: expected undefined to be defined
 ❯ tests/contracts/architecture/contract-matrix.core.test.ts:205:31
    203|     for (const file of testFiles) {
    204|       const inventory = classifyTestFile(file);
    205|       expect(inventory, file).toBeDefined();
       |                               ^
    206|       expect(inventory?.file).toBe(file);
    207|     }

⎯⎯⎯⎯⎯⎯⎯⎯⎯⎯⎯⎯⎯⎯⎯⎯⎯⎯⎯⎯⎯⎯⎯⎯[1/1]⎯


 Test Files  1 failed (1)
      Tests  1 failed | 4 passed (5)
   Start at  22:45:31
   Duration  271ms (transform 20ms, setup 8ms, collect 22ms, tests 55ms, environment 0ms, prepare 26ms)

Vitest resources: 2.14s wall, 370.8 MiB peak sampled process-group RSS (sampled ceiling 1536 MiB). Teardown verified.
