
 RUN  v3.1.4 /private/tmp/viborm-d35

 ✓ |raptor3| tests/raptor3/transitions/conditional-upsert-commands.test.ts (11 tests) 111ms
 ✓ |raptor3| tests/raptor3/transitions/singular-lattice-commands.test.ts (58 tests) 212ms
 ✓ |raptor3| tests/raptor3/transitions/shared-key-suppliers-commands.test.ts (4 tests) 53ms
 ✓ |raptor3| tests/raptor3/transitions/junction-identity-commands.test.ts (2 tests) 108ms
 ✓ |raptor3| tests/raptor3/transitions/series-staleness-commands.test.ts (4 tests) 60ms
 ✓ |raptor3| tests/raptor3/transitions/mixed-key-transitions-commands.test.ts (8 tests) 80ms
 ✓ |raptor3| tests/raptor3/transitions/supplier-continuations-commands.test.ts (10 tests) 88ms
 ✓ |raptor3| tests/raptor3/transitions/membership-own-write-commands.test.ts (8 tests) 56ms
 ✓ |raptor3| tests/raptor3/transitions/staleness-commands.test.ts (3 tests) 39ms
 ✓ |raptor3| tests/raptor3/transitions/singular-commands.test.ts (20 tests) 102ms
 ✓ |raptor3| tests/raptor3/transitions/junctions-commands.test.ts (26 tests) 191ms
 ✓ |raptor3| tests/raptor3/transitions/variant-removals-commands.test.ts (14 tests) 83ms
 ✓ |raptor3| tests/raptor3/transitions/occupied-keys-commands.test.ts (8 tests) 86ms
 ✓ |raptor3| tests/raptor3/transitions/required-commands.test.ts (8 tests) 51ms
 ✓ |raptor3| tests/raptor3/transitions/keys-commands.test.ts (14 tests) 86ms
 ✓ |raptor3| tests/raptor3/transitions/own-write-commands.test.ts (18 tests) 99ms

 Test Files  16 passed (16)
      Tests  216 passed (216)
   Start at  22:44:23
   Duration  3.80s (transform 819ms, setup 20ms, collect 2.11s, tests 1.51s, environment 0ms, prepare 32ms)

JSON report written to /private/tmp/viborm-d35-tmp-r/viborm-raptor3-g0-349HoH/vitest.json
Vitest resources: 5.58s wall, 745.6 MiB peak sampled process-group RSS (sampled ceiling 1536 MiB). Teardown verified.
Raptor 3 g2-contracts contract gate verified. Evidence: /private/tmp/viborm-d35-tmp-r/viborm-raptor3-g0-349HoH
