
 RUN  v3.1.4 /Users/arnaud/code/viborm

 ✓ |raptor3| tests/raptor3/transitions/conditional-upsert-commands.test.ts (11 tests) 103ms
 ✓ |raptor3| tests/raptor3/transitions/singular-lattice-commands.test.ts (58 tests) 204ms
 ✓ |raptor3| tests/raptor3/transitions/shared-key-suppliers-commands.test.ts (4 tests) 48ms
 ✓ |raptor3| tests/raptor3/transitions/junction-identity-commands.test.ts (2 tests) 106ms
 ✓ |raptor3| tests/raptor3/transitions/series-staleness-commands.test.ts (4 tests) 59ms
 ✓ |raptor3| tests/raptor3/transitions/mixed-key-transitions-commands.test.ts (8 tests) 76ms
 ✓ |raptor3| tests/raptor3/transitions/supplier-continuations-commands.test.ts (10 tests) 77ms
 ✓ |raptor3| tests/raptor3/transitions/membership-own-write-commands.test.ts (8 tests) 58ms
 ✓ |raptor3| tests/raptor3/transitions/staleness-commands.test.ts (3 tests) 37ms
 ✓ |raptor3| tests/raptor3/transitions/singular-commands.test.ts (20 tests) 98ms
 ✓ |raptor3| tests/raptor3/transitions/junctions-commands.test.ts (26 tests) 193ms
 ✓ |raptor3| tests/raptor3/transitions/variant-removals-commands.test.ts (14 tests) 83ms
 ✓ |raptor3| tests/raptor3/transitions/occupied-keys-commands.test.ts (8 tests) 81ms
 ✓ |raptor3| tests/raptor3/transitions/required-commands.test.ts (8 tests) 50ms
 ✓ |raptor3| tests/raptor3/transitions/keys-commands.test.ts (14 tests) 80ms
 ✓ |raptor3| tests/raptor3/transitions/own-write-commands.test.ts (18 tests) 84ms

 Test Files  16 passed (16)
      Tests  216 passed (216)
   Start at  02:24:06
   Duration  3.40s (transform 704ms, setup 15ms, collect 1.79s, tests 1.44s, environment 0ms, prepare 25ms)

JSON report written to /var/folders/2c/xh5rx2d91wd_lk8rvnnhlr4m0000gn/T/viborm-raptor3-g0-PoTPtw/vitest.json
Vitest resources: 5.14s wall, 713.4 MiB peak sampled process-group RSS (sampled ceiling 1536 MiB). Teardown verified.
Raptor 3 g2-contracts contract gate verified. Evidence: /var/folders/2c/xh5rx2d91wd_lk8rvnnhlr4m0000gn/T/viborm-raptor3-g0-PoTPtw
