
 RUN  v3.1.4 /Users/arnaud/code/viborm

 ✓ |raptor3| tests/raptor3/transitions/conditional-upsert-commands.test.ts (11 tests) 109ms
 ✓ |raptor3| tests/raptor3/transitions/singular-lattice-commands.test.ts (58 tests) 228ms
 ✓ |raptor3| tests/raptor3/transitions/shared-key-suppliers-commands.test.ts (4 tests) 52ms
 ✓ |raptor3| tests/raptor3/transitions/junction-identity-commands.test.ts (2 tests) 126ms
 ✓ |raptor3| tests/raptor3/transitions/series-staleness-commands.test.ts (4 tests) 62ms
 ✓ |raptor3| tests/raptor3/transitions/mixed-key-transitions-commands.test.ts (8 tests) 103ms
 ✓ |raptor3| tests/raptor3/transitions/supplier-continuations-commands.test.ts (10 tests) 91ms
 ✓ |raptor3| tests/raptor3/transitions/membership-own-write-commands.test.ts (8 tests) 74ms
 ✓ |raptor3| tests/raptor3/transitions/staleness-commands.test.ts (3 tests) 44ms
 ✓ |raptor3| tests/raptor3/transitions/singular-commands.test.ts (20 tests) 109ms
 ✓ |raptor3| tests/raptor3/transitions/junctions-commands.test.ts (26 tests) 206ms
 ✓ |raptor3| tests/raptor3/transitions/variant-removals-commands.test.ts (14 tests) 99ms
 ✓ |raptor3| tests/raptor3/transitions/occupied-keys-commands.test.ts (8 tests) 99ms
 ✓ |raptor3| tests/raptor3/transitions/required-commands.test.ts (8 tests) 61ms
 ✓ |raptor3| tests/raptor3/transitions/keys-commands.test.ts (14 tests) 96ms
 ✓ |raptor3| tests/raptor3/transitions/own-write-commands.test.ts (18 tests) 114ms

 Test Files  16 passed (16)
      Tests  216 passed (216)
   Start at  14:13:31
   Duration  4.64s (transform 1.15s, setup 15ms, collect 2.80s, tests 1.67s, environment 0ms, prepare 24ms)

JSON report written to /var/folders/2c/xh5rx2d91wd_lk8rvnnhlr4m0000gn/T/viborm-raptor3-g0-Aik90O/vitest.json
Vitest resources: 6.68s wall, 829.8 MiB peak sampled process-group RSS (sampled ceiling 1536 MiB). Teardown verified.
Raptor 3 g2-contracts contract gate verified. Evidence: /var/folders/2c/xh5rx2d91wd_lk8rvnnhlr4m0000gn/T/viborm-raptor3-g0-Aik90O
