
 RUN  v3.1.4 /Users/arnaud/code/viborm

 ❯ |raptor3| tests/raptor3/g4/unit02/prepared-operation.test.ts (6 tests | 1 failed) 112ms
   ✓ G4-02 prepared operation boundary > admits exactly once however many times the handle is asked 79ms
   ✓ G4-02 prepared operation boundary > publishes the prepared read shape and cardinality before the statement runs 8ms
   ✓ G4-02 prepared operation boundary > the published facts describe the value every read verb actually publishes 5ms
   ✓ G4-02 prepared operation boundary > a pure read is statically packageable 3ms
   ✓ G4-02 prepared operation boundary > a packaged OrThrow read keeps the not-found identity in its parser 3ms
   × G4-02 prepared operation boundary > answers undefined for an operation that cannot be packaged, every time 13ms
     → Raptor 3 operation requires dynamic execution

⎯⎯⎯⎯⎯⎯⎯ Failed Tests 1 ⎯⎯⎯⎯⎯⎯⎯

 FAIL  |raptor3| tests/raptor3/g4/unit02/prepared-operation.test.ts > G4-02 prepared operation boundary > answers undefined for an operation that cannot be packaged, every time
Error: Raptor 3 operation requires dynamic execution
 ❯ OperationContext.get incompletePreparation [as incompletePreparation] src/query-engine/raptor3/shared/operation-context.ts:175:12
    173|    */
    174|   private get incompletePreparation(): Error {
    175|     return new Error("Raptor 3 operation requires dynamic execution");
       |            ^
    176|   }
    177|   private preparedParser?: (results: QueryResult<unknown>[]) => unknow…
 ❯ OperationContext.read src/query-engine/raptor3/shared/operation-context.ts:605:18
 ❯ CommandExecution.runSelection src/query-engine/raptor3/commands/execution.ts:234:37
 ❯ CommandExecution.run src/query-engine/raptor3/commands/execution.ts:262:22
 ❯ CommandExecution.complete src/query-engine/raptor3/commands/execution.ts:202:20
 ❯ run src/query-engine/raptor3/commands/commands.ts:1268:35
 ❯ OperationContext.run src/query-engine/raptor3/shared/operation-context.ts:542:64
 ❯ body src/query-engine/raptor3/commands/index.ts:167:22
 ❯ Object.prepareBatch src/query-engine/raptor3/commands/index.ts:202:17
 ❯ Object.prepareBatch src/query-engine/raptor3/commands/index.ts:231:53

⎯⎯⎯⎯⎯⎯⎯⎯⎯⎯⎯⎯⎯⎯⎯⎯⎯⎯⎯⎯⎯⎯⎯⎯[1/1]⎯


 Test Files  1 failed (1)
      Tests  1 failed | 5 passed (6)
   Start at  12:11:11
   Duration  2.30s (transform 1.32s, setup 9ms, collect 1.94s, tests 112ms, environment 0ms, prepare 41ms)

Vitest resources: 4.76s wall, 567.5 MiB peak sampled process-group RSS (sampled ceiling 1536 MiB). Teardown verified.
