
 RUN  v3.1.4 /private/tmp/viborm-n4

 ✓ |raptor3-live-provider| tests/raptor3/g4/unit02/unique-discriminator.test.ts (9 tests | 4 skipped) 50ms
 ↓ |raptor3-live-provider| tests/raptor3/g4/unit02/native-nested-key-refusal.test.ts (3 tests | 3 skipped)
 ↓ |raptor3-live-provider| tests/raptor3/g4/unit02/native-key-arithmetic.test.ts (5 tests | 5 skipped)
 ↓ |raptor3-live-provider| tests/raptor3/g4/unit02/native-date-codec.test.ts (1 test | 1 skipped)
 ❯ |coverage-raptor3| tests/raptor3/g4/unit02/key-arithmetic.test.ts (21 tests | 2 failed) 77ms
   ✓ G4-02 — the updated key is NAMED on a non-RETURNING provider > multiplies an int key identically on the client route seam and the command engine 19ms
   ✓ G4-02 — the updated key is NAMED on a non-RETURNING provider > divides an int key with the dialect's truncation, identically on both seams 4ms
   ✓ G4-02 — the updated key is NAMED on a non-RETURNING provider > multiplies and divides a bigint key identically on both seams 6ms
   ✓ G4-02 — the updated key is NAMED on a non-RETURNING provider > still increments and decrements a key as it did 6ms
   ✓ G4-02 — the row key's portability contract, on the client route seam and the command engine > decimal key multiply: the command engine answers what the client route seam answers 6ms
   ✓ G4-02 — the row key's portability contract, on the client route seam and the command engine > number key multiply: the command engine answers what the client route seam answers 2ms
   ✓ G4-02 — the row key's portability contract, on the client route seam and the command engine > decimal key divide: the command engine answers what the client route seam answers 2ms
   ✓ G4-02 — the row key's portability contract, on the client route seam and the command engine > int key divide by zero: the command engine answers what the client route seam answers 2ms
   ✓ G4-02 — R-D2, decided by Arnaud on 2026-09-15 > R-D2 (a) THE CONTRACT: names a decimal key increment, which is exact in coefficient space 2ms
   ✓ G4-02 — R-D2, decided by Arnaud on 2026-09-15 > R-D2 (c) PARITY: refuses `set` beside an operator with one sentence on both seams 3ms
   ✓ G4-02 — R-D2, decided by Arnaud on 2026-09-15 > R-D2 (c) PARITY: the same sentence when `set` accompanies an operator phase 2 added 2ms
   ✓ G4-02 — R-D2, decided by Arnaud on 2026-09-15 > R-D2 (b) PARITY: refuses a number key increment with one sentence on both seams 4ms
   ✓ G4-02 — R-D2, decided by Arnaud on 2026-09-15 > R-D2 (a) leaves the exact-domain decimal operators reachable and the rounding ones refused 6ms
   ✓ G4-02 — the integer quotient is the dialect's own spelling > names an int key's quotient through expressions.integerDivide 0ms
   ✓ G4-02 — the integer quotient is the dialect's own spelling > names a multiplied key natively on every dialect 0ms
   ✓ G4-02 — the one shape with no expression form stays refused > refuses to name an exact decimal under multiply, with its registered identity 0ms
   ✓ G4-02 — the one shape with no expression form stays refused > names an exact decimal under increment and decrement, which are exact 0ms
   × G4-02 — R-D3: the batch publication gap has a public identity > R-D3 refuses a number key increment under a batch with its registered identity 6ms
     → Expected values to be strictly equal:
+ actual - expected

+ 'ok:{"id":7,"label":"a"}'
- `UnsupportedOperationError: Cannot publish the updated value of 'numKey.id' for operation "upsert" inside an atomic batch: the batch scratch reads back as an integer, and 'id' is a number field.`

   × G4-02 — R-D3: the batch publication gap has a public identity > R-D3 refuses a number key multiply under a batch with its registered identity 2ms
     → Expected values to be strictly equal:
+ actual - expected

+ 'ok:{"id":12,"label":"a"}'
- `UnsupportedOperationError: Cannot publish the updated value of 'numKey.id' for operation "upsert" inside an atomic batch: the batch scratch reads back as an integer, and 'id' is a number field.`

   ✓ G4-02 — R-D3: the batch publication gap has a public identity > R-D3 is the EXPRESSION's refusal: a demanded whole value on the number key publishes under the same batch 3ms
   ✓ G4-02 — R-D3: the batch publication gap has a public identity > answers an INT key under the same batch profile on both engines 1ms
 ✓ |coverage-raptor3| tests/raptor3/g4/unit02/uncertain-outcome-meta.test.ts (8 tests) 21ms
 ✓ |coverage-raptor3| tests/raptor3/g4/unit02/upsert-key-portability.test.ts (19 tests) 99ms
 ✓ |coverage-raptor3| tests/raptor3/g4/unit02/lone-statement-transport.test.ts (7 tests) 17ms
 ✓ |coverage-raptor3| tests/raptor3/g4/unit02/malformed-result-cuts.test.ts (4 tests) 9ms
 ✓ |coverage-raptor3| tests/raptor3/g4/unit02/nested-key-refusal.test.ts (6 tests) 29ms
 ✓ |coverage-raptor3| tests/raptor3/g4/unit02/phase2-envelope-and-arithmetic.test.ts (7 tests) 18ms
 ✓ |coverage-raptor3| tests/raptor3/g4/unit02/recursive-codec-fit.test.ts (3 tests) 13ms
 ✓ |coverage-raptor3| tests/raptor3/g4/unit02/prepared-projection-reuse.test.ts (5 tests) 2ms
 ✓ |coverage-raptor3| tests/raptor3/g4/unit02/physical-envelope.test.ts (10 tests) 19ms
 ✓ |coverage-raptor3| tests/raptor3/g4/unit02/borrowed-envelope.test.ts (5 tests) 15ms
 ✓ |coverage-raptor3| tests/raptor3/g4/unit02/prepared-operation.test.ts (6 tests) 15ms
 ✓ |coverage-raptor3| tests/raptor3/g4/unit02/root-member-cut-trace.test.ts (4 tests) 9ms
 ✓ |coverage-raptor3| tests/raptor3/g4/unit02/packaged-array.test.ts (3 tests) 5ms
 ✓ |coverage-raptor3| tests/raptor3/g4/unit02/prepared-statement-stability.test.ts (3 tests) 9ms
 ✓ |coverage-raptor3| tests/raptor3/g4/unit02/vector-capability.test.ts (1 test) 4ms
 ✓ |coverage-raptor3| tests/raptor3/g4/unit02/root-delete.test.ts (6 tests) 12ms
 ✓ |coverage-raptor3| tests/raptor3/g4/unit02/decimal-having-operand.test.ts (1 test) 1ms
 ✓ |coverage-raptor3| tests/raptor3/g4/unit02/returning-safety-gate.test.ts (5 tests) 1ms
 ✓ |coverage-raptor3| tests/raptor3/g4/unit02/k-competing-refusals.test.ts (4 tests) 5ms
 ✓ |coverage-raptor3| tests/raptor3/g4/unit02/k-refusal-order-history.test.ts (3 tests) 3ms
 ❯ |raptor3| tests/raptor3/g4/unit02/key-arithmetic.test.ts (21 tests | 2 failed) 78ms
   ✓ G4-02 — the updated key is NAMED on a non-RETURNING provider > multiplies an int key identically on the client route seam and the command engine 19ms
   ✓ G4-02 — the updated key is NAMED on a non-RETURNING provider > divides an int key with the dialect's truncation, identically on both seams 4ms
   ✓ G4-02 — the updated key is NAMED on a non-RETURNING provider > multiplies and divides a bigint key identically on both seams 7ms
   ✓ G4-02 — the updated key is NAMED on a non-RETURNING provider > still increments and decrements a key as it did 6ms
   ✓ G4-02 — the row key's portability contract, on the client route seam and the command engine > decimal key multiply: the command engine answers what the client route seam answers 6ms
   ✓ G4-02 — the row key's portability contract, on the client route seam and the command engine > number key multiply: the command engine answers what the client route seam answers 2ms
   ✓ G4-02 — the row key's portability contract, on the client route seam and the command engine > decimal key divide: the command engine answers what the client route seam answers 2ms
   ✓ G4-02 — the row key's portability contract, on the client route seam and the command engine > int key divide by zero: the command engine answers what the client route seam answers 2ms
   ✓ G4-02 — R-D2, decided by Arnaud on 2026-09-15 > R-D2 (a) THE CONTRACT: names a decimal key increment, which is exact in coefficient space 2ms
   ✓ G4-02 — R-D2, decided by Arnaud on 2026-09-15 > R-D2 (c) PARITY: refuses `set` beside an operator with one sentence on both seams 3ms
   ✓ G4-02 — R-D2, decided by Arnaud on 2026-09-15 > R-D2 (c) PARITY: the same sentence when `set` accompanies an operator phase 2 added 2ms
   ✓ G4-02 — R-D2, decided by Arnaud on 2026-09-15 > R-D2 (b) PARITY: refuses a number key increment with one sentence on both seams 4ms
   ✓ G4-02 — R-D2, decided by Arnaud on 2026-09-15 > R-D2 (a) leaves the exact-domain decimal operators reachable and the rounding ones refused 5ms
   ✓ G4-02 — the integer quotient is the dialect's own spelling > names an int key's quotient through expressions.integerDivide 0ms
   ✓ G4-02 — the integer quotient is the dialect's own spelling > names a multiplied key natively on every dialect 0ms
   ✓ G4-02 — the one shape with no expression form stays refused > refuses to name an exact decimal under multiply, with its registered identity 0ms
   ✓ G4-02 — the one shape with no expression form stays refused > names an exact decimal under increment and decrement, which are exact 0ms
   × G4-02 — R-D3: the batch publication gap has a public identity > R-D3 refuses a number key increment under a batch with its registered identity 6ms
     → Expected values to be strictly equal:
+ actual - expected

+ 'ok:{"id":7,"label":"a"}'
- `UnsupportedOperationError: Cannot publish the updated value of 'numKey.id' for operation "upsert" inside an atomic batch: the batch scratch reads back as an integer, and 'id' is a number field.`

   × G4-02 — R-D3: the batch publication gap has a public identity > R-D3 refuses a number key multiply under a batch with its registered identity 2ms
     → Expected values to be strictly equal:
+ actual - expected

+ 'ok:{"id":12,"label":"a"}'
- `UnsupportedOperationError: Cannot publish the updated value of 'numKey.id' for operation "upsert" inside an atomic batch: the batch scratch reads back as an integer, and 'id' is a number field.`

   ✓ G4-02 — R-D3: the batch publication gap has a public identity > R-D3 is the EXPRESSION's refusal: a demanded whole value on the number key publishes under the same batch 3ms
   ✓ G4-02 — R-D3: the batch publication gap has a public identity > answers an INT key under the same batch profile on both engines 1ms
 ✓ |raptor3| tests/raptor3/g4/unit02/uncertain-outcome-meta.test.ts (8 tests) 19ms
 ✓ |raptor3| tests/raptor3/g4/unit02/upsert-key-portability.test.ts (19 tests) 104ms
 ✓ |raptor3| tests/raptor3/g4/unit02/lone-statement-transport.test.ts (7 tests) 20ms
 ✓ |raptor3| tests/raptor3/g4/unit02/malformed-result-cuts.test.ts (4 tests) 8ms
 ✓ |raptor3| tests/raptor3/g4/unit02/nested-key-refusal.test.ts (6 tests) 29ms
 ✓ |raptor3| tests/raptor3/g4/unit02/phase2-envelope-and-arithmetic.test.ts (7 tests) 17ms
 ✓ |raptor3| tests/raptor3/g4/unit02/recursive-codec-fit.test.ts (3 tests) 14ms
 ✓ |raptor3| tests/raptor3/g4/unit02/prepared-projection-reuse.test.ts (5 tests) 2ms
 ✓ |raptor3| tests/raptor3/g4/unit02/physical-envelope.test.ts (10 tests) 20ms
 ✓ |raptor3| tests/raptor3/g4/unit02/borrowed-envelope.test.ts (5 tests) 15ms
 ✓ |raptor3| tests/raptor3/g4/unit02/prepared-operation.test.ts (6 tests) 14ms
 ✓ |raptor3| tests/raptor3/g4/unit02/root-member-cut-trace.test.ts (4 tests) 10ms
 ✓ |raptor3| tests/raptor3/g4/unit02/packaged-array.test.ts (3 tests) 6ms
 ✓ |raptor3| tests/raptor3/g4/unit02/prepared-statement-stability.test.ts (3 tests) 9ms
 ✓ |raptor3| tests/raptor3/g4/unit02/vector-capability.test.ts (1 test) 4ms
 ✓ |raptor3| tests/raptor3/g4/unit02/root-delete.test.ts (6 tests) 15ms
 ✓ |raptor3| tests/raptor3/g4/unit02/decimal-having-operand.test.ts (1 test) 1ms
 ✓ |raptor3| tests/raptor3/g4/unit02/returning-safety-gate.test.ts (5 tests) 1ms
 ✓ |raptor3| tests/raptor3/g4/unit02/k-competing-refusals.test.ts (4 tests) 5ms
 ✓ |raptor3| tests/raptor3/g4/unit02/k-refusal-order-history.test.ts (3 tests) 3ms

⎯⎯⎯⎯⎯⎯⎯ Failed Tests 4 ⎯⎯⎯⎯⎯⎯⎯

 FAIL  |coverage-raptor3| tests/raptor3/g4/unit02/key-arithmetic.test.ts > G4-02 — R-D3: the batch publication gap has a public identity > R-D3 refuses a number key increment under a batch with its registered identity
AssertionError: Expected values to be strictly equal:
+ actual - expected

+ 'ok:{"id":7,"label":"a"}'
- `UnsupportedOperationError: Cannot publish the updated value of 'numKey.id' for operation "upsert" inside an atomic batch: the batch scratch reads back as an integer, and 'id' is a number field.`


Expected: [32m"UnsupportedOperationError: Cannot publish the updated value of 'numKey.id' for operation "upsert" inside an atomic batch: the batch scratch reads back as an integer, and 'id' is a number field."[39m
Received: [31m"ok:{"id":7,"label":"a"}"[39m

 ❯ tests/raptor3/g4/unit02/key-arithmetic.test.ts:540:14


⎯⎯⎯⎯⎯⎯⎯⎯⎯⎯⎯⎯⎯⎯⎯⎯⎯⎯⎯⎯⎯⎯⎯⎯[1/4]⎯

 FAIL  |coverage-raptor3| tests/raptor3/g4/unit02/key-arithmetic.test.ts > G4-02 — R-D3: the batch publication gap has a public identity > R-D3 refuses a number key multiply under a batch with its registered identity
AssertionError: Expected values to be strictly equal:
+ actual - expected

+ 'ok:{"id":12,"label":"a"}'
- `UnsupportedOperationError: Cannot publish the updated value of 'numKey.id' for operation "upsert" inside an atomic batch: the batch scratch reads back as an integer, and 'id' is a number field.`


Expected: [32m"UnsupportedOperationError: Cannot publish the updated value of 'numKey.id' for operation "upsert" inside an atomic batch: the batch scratch reads back as an integer, and 'id' is a number field."[39m
Received: [31m"ok:{"id":12,"label":"a"}"[39m

 ❯ tests/raptor3/g4/unit02/key-arithmetic.test.ts:540:14


⎯⎯⎯⎯⎯⎯⎯⎯⎯⎯⎯⎯⎯⎯⎯⎯⎯⎯⎯⎯⎯⎯⎯⎯[2/4]⎯

 FAIL  |raptor3| tests/raptor3/g4/unit02/key-arithmetic.test.ts > G4-02 — R-D3: the batch publication gap has a public identity > R-D3 refuses a number key increment under a batch with its registered identity
AssertionError: Expected values to be strictly equal:
+ actual - expected

+ 'ok:{"id":7,"label":"a"}'
- `UnsupportedOperationError: Cannot publish the updated value of 'numKey.id' for operation "upsert" inside an atomic batch: the batch scratch reads back as an integer, and 'id' is a number field.`


Expected: [32m"UnsupportedOperationError: Cannot publish the updated value of 'numKey.id' for operation "upsert" inside an atomic batch: the batch scratch reads back as an integer, and 'id' is a number field."[39m
Received: [31m"ok:{"id":7,"label":"a"}"[39m

 ❯ tests/raptor3/g4/unit02/key-arithmetic.test.ts:540:14


⎯⎯⎯⎯⎯⎯⎯⎯⎯⎯⎯⎯⎯⎯⎯⎯⎯⎯⎯⎯⎯⎯⎯⎯[3/4]⎯

 FAIL  |raptor3| tests/raptor3/g4/unit02/key-arithmetic.test.ts > G4-02 — R-D3: the batch publication gap has a public identity > R-D3 refuses a number key multiply under a batch with its registered identity
AssertionError: Expected values to be strictly equal:
+ actual - expected

+ 'ok:{"id":12,"label":"a"}'
- `UnsupportedOperationError: Cannot publish the updated value of 'numKey.id' for operation "upsert" inside an atomic batch: the batch scratch reads back as an integer, and 'id' is a number field.`


Expected: [32m"UnsupportedOperationError: Cannot publish the updated value of 'numKey.id' for operation "upsert" inside an atomic batch: the batch scratch reads back as an integer, and 'id' is a number field."[39m
Received: [31m"ok:{"id":12,"label":"a"}"[39m

 ❯ tests/raptor3/g4/unit02/key-arithmetic.test.ts:540:14


⎯⎯⎯⎯⎯⎯⎯⎯⎯⎯⎯⎯⎯⎯⎯⎯⎯⎯⎯⎯⎯⎯⎯⎯[4/4]⎯


 Test Files  2 failed | 41 passed | 3 skipped (46)
      Tests  4 failed | 263 passed | 13 skipped (280)
   Start at  07:53:00
   Duration  7.11s (transform 2.54s, setup 41ms, collect 5.61s, tests 830ms, environment 0ms, prepare 77ms)

Vitest resources: 8.88s wall, 811.4 MiB peak sampled process-group RSS (sampled ceiling 1536 MiB). Teardown verified.
