
 RUN  v3.1.4 /private/tmp/viborm-n4

 ❯ |raptor3| tests/raptor3/core-structure/measurement/cs02-structure-measure.test.ts (1 test | 1 failed) 21ms
   × collects the frozen CS-02 structural work matrix 20ms
     → Expected values to be strictly deep-equal:
+ actual - expected
... Skipped lines

  {
+   activationIds: [],
-   activationIds: [
-     'activation:structure/depth-create/1:attempt/0/unconditional'
-   ],
    commandIds: [
      'command:structure/depth-create/1:root',
      'command:structure/depth-create/1:root/children/0'
    ],
    occurrences: [
      {
-       commandId: 'command:structure/depth-create/1:root',
-       occurrenceId: 'occurrence:structure/depth-create/1:root'
-     },
-     {
        commandId: 'command:structure/depth-create/1:root/children/0',
        occurrenceId: 'occurrence:structure/depth-create/1:root/children/0'
      }
    ],
    reads: [],
...
      {
-       occurrenceId: 'occurrence:structure/depth-create/1:root',
-       writeId: 'write:structure/depth-create/1:root'
-     },
-     {
        occurrenceId: 'occurrence:structure/depth-create/1:root/children/0',
        writeId: 'write:structure/depth-create/1:root/children/0'
      }
    ]
  }

 ✓ |raptor3| tests/raptor3/core-structure/structural-reference.test.ts (10 tests) 45ms
 ✓ |raptor3| tests/raptor3/core-structure/member-scope.contract.test.ts (8 tests) 22ms
 ✓ |raptor3| tests/raptor3/prep/selector-dependencies.test.ts (11 tests) 69ms
 ✓ |raptor3| tests/raptor3/prep/recursive-read-fit.test.ts (6 tests) 8ms
 ✓ |raptor3| tests/raptor3/prep/suppression-replay.test.ts (5 tests) 28ms
 ✓ |raptor3| tests/raptor3/prep/variant-collection-order.test.ts (4 tests) 31ms
 ✓ |raptor3| tests/raptor3/prep/set-preparation.test.ts (6 tests) 9ms
 ✓ |raptor3| tests/raptor3/prep/g3p04-review-regressions.test.ts (5 tests) 15ms
 ✓ |raptor3| tests/raptor3/core-structure/repeated-occurrence-ownership.test.ts (5 tests) 4ms
 ✓ |raptor3| tests/raptor3/core-structure/extension-a.contract.test.ts (6 tests) 14ms
 ✓ |raptor3| tests/raptor3/core-structure/extension-composition.contract.test.ts (4 tests) 14ms
 ✓ |raptor3| tests/raptor3/core-structure/measurement/extension-recipes.selftest.test.ts (5 tests) 14ms
 ✓ |raptor3| tests/raptor3/core-structure/extension-b.contract.test.ts (4 tests) 8ms
 ✓ |raptor3| tests/raptor3/polish/commands.test.ts (6 tests) 34ms
 ✓ |raptor3| tests/raptor3/expanded/lifetime-commands.test.ts (16 tests) 37ms
 ✓ |raptor3| tests/raptor3/core-structure/measurement/extension-campaign.selftest.test.ts (42 tests) 211ms
 ✓ |raptor3| tests/raptor3/core-structure/measurement/extension-campaign.test.ts (1 test) 1197ms
   ✓ completes one exact admitted CS-03 extension seed batch  1197ms
 ✓ |raptor3| tests/raptor3/expanded/compound-falsifier.test.ts (1 test) 1ms
 ✓ |raptor3| tests/raptor3/expanded/commands.test.ts (82 tests) 136ms
 ✓ |raptor3| tests/raptor3/expanded/variant-identity-commands.test.ts (42 tests) 79ms
 ✓ |raptor3| tests/raptor3/expanded/legacy.test.ts (82 tests) 72ms
 ✓ |raptor3| tests/raptor3/expanded/variant-identity-legacy.test.ts (42 tests) 45ms
 ✓ |raptor3| tests/raptor3/expanded/lifetime-legacy.test.ts (16 tests) 16ms
 ❯ |extended-local| tests/raptor3/core-structure/measurement/cs02-structure-measure.test.ts (1 test | 1 failed) 21ms
   × collects the frozen CS-02 structural work matrix 21ms
     → Expected values to be strictly deep-equal:
+ actual - expected
... Skipped lines

  {
+   activationIds: [],
-   activationIds: [
-     'activation:structure/depth-create/1:attempt/0/unconditional'
-   ],
    commandIds: [
      'command:structure/depth-create/1:root',
      'command:structure/depth-create/1:root/children/0'
    ],
    occurrences: [
      {
-       commandId: 'command:structure/depth-create/1:root',
-       occurrenceId: 'occurrence:structure/depth-create/1:root'
-     },
-     {
        commandId: 'command:structure/depth-create/1:root/children/0',
        occurrenceId: 'occurrence:structure/depth-create/1:root/children/0'
      }
    ],
    reads: [],
...
      {
-       occurrenceId: 'occurrence:structure/depth-create/1:root',
-       writeId: 'write:structure/depth-create/1:root'
-     },
-     {
        occurrenceId: 'occurrence:structure/depth-create/1:root/children/0',
        writeId: 'write:structure/depth-create/1:root/children/0'
      }
    ]
  }

 ✓ |extended-local| tests/raptor3/core-structure/measurement/measurement-selftest.test.ts (7 tests) 6ms
 ✓ |coverage-raptor3| tests/raptor3/core-structure/structural-reference.test.ts (10 tests) 50ms
 ✓ |coverage-raptor3| tests/raptor3/core-structure/member-scope.contract.test.ts (8 tests) 22ms
 ✓ |coverage-raptor3| tests/raptor3/prep/selector-dependencies.test.ts (11 tests) 66ms
 ✓ |coverage-raptor3| tests/raptor3/prep/recursive-read-fit.test.ts (6 tests) 8ms
 ✓ |coverage-raptor3| tests/raptor3/prep/suppression-replay.test.ts (5 tests) 27ms
 ✓ |coverage-raptor3| tests/raptor3/prep/variant-collection-order.test.ts (4 tests) 31ms
 ✓ |coverage-raptor3| tests/raptor3/prep/set-preparation.test.ts (6 tests) 11ms
 ✓ |coverage-raptor3| tests/raptor3/prep/g3p04-review-regressions.test.ts (5 tests) 15ms
 ✓ |coverage-raptor3| tests/raptor3/core-structure/repeated-occurrence-ownership.test.ts (5 tests) 4ms
 ✓ |coverage-raptor3| tests/raptor3/core-structure/extension-a.contract.test.ts (6 tests) 14ms
 ✓ |coverage-raptor3| tests/raptor3/core-structure/extension-composition.contract.test.ts (4 tests) 15ms
 ✓ |coverage-raptor3| tests/raptor3/core-structure/measurement/extension-recipes.selftest.test.ts (5 tests) 15ms
 ✓ |coverage-raptor3| tests/raptor3/core-structure/extension-b.contract.test.ts (4 tests) 8ms
 ✓ |coverage-raptor3| tests/raptor3/polish/commands.test.ts (6 tests) 43ms
 ✓ |coverage-raptor3| tests/raptor3/expanded/lifetime-commands.test.ts (16 tests) 38ms
 ✓ |coverage-raptor3| tests/raptor3/expanded/compound-falsifier.test.ts (1 test) 1ms
 ✓ |coverage-raptor3| tests/raptor3/expanded/commands.test.ts (82 tests) 135ms
 ✓ |coverage-raptor3| tests/raptor3/expanded/variant-identity-commands.test.ts (42 tests) 80ms
 ✓ |coverage-raptor3| tests/raptor3/expanded/legacy.test.ts (82 tests) 66ms
 ✓ |coverage-raptor3| tests/raptor3/expanded/variant-identity-legacy.test.ts (42 tests) 41ms
 ✓ |coverage-raptor3| tests/raptor3/expanded/lifetime-legacy.test.ts (16 tests) 17ms
Vitest exceeded its 1536 MiB sampled process-group RSS ceiling (ordinary project).
Vitest resources: 14.40s wall, 1626.2 MiB peak sampled process-group RSS (sampled ceiling 1536 MiB). Teardown verified.
