
 RUN  v3.1.4 /Users/arnaud/code/viborm

 ✓ |raptor3| tests/raptor3/transitions/conditional-upsert-commands.test.ts (11 tests) 112ms
 ✓ |raptor3| tests/raptor3/transitions/singular-lattice-commands.test.ts (58 tests) 235ms
 ✓ |raptor3| tests/raptor3/transitions/shared-key-suppliers-commands.test.ts (4 tests) 56ms
 ✓ |raptor3| tests/raptor3/transitions/junction-identity-commands.test.ts (2 tests) 138ms
 ✓ |raptor3| tests/raptor3/transitions/series-staleness-commands.test.ts (4 tests) 66ms
 ✓ |raptor3| tests/raptor3/transitions/mixed-key-transitions-commands.test.ts (8 tests) 88ms
 ✓ |raptor3| tests/raptor3/transitions/supplier-continuations-commands.test.ts (10 tests) 92ms
 ✓ |raptor3| tests/raptor3/transitions/membership-own-write-commands.test.ts (8 tests) 70ms
 ✓ |raptor3| tests/raptor3/transitions/staleness-commands.test.ts (3 tests) 49ms
 ✓ |raptor3| tests/raptor3/transitions/singular-commands.test.ts (20 tests) 117ms
 ✓ |raptor3| tests/raptor3/transitions/junctions-commands.test.ts (26 tests) 209ms
 ✓ |raptor3| tests/raptor3/transitions/variant-removals-commands.test.ts (14 tests) 97ms
 ✓ |raptor3| tests/raptor3/transitions/occupied-keys-commands.test.ts (8 tests) 94ms
 ✓ |raptor3| tests/raptor3/transitions/required-commands.test.ts (8 tests) 64ms
 ✓ |raptor3| tests/raptor3/transitions/keys-commands.test.ts (14 tests) 112ms
 ✓ |raptor3| tests/raptor3/transitions/own-write-commands.test.ts (18 tests) 110ms

 Test Files  16 passed (16)
      Tests  216 passed (216)
   Start at  18:15:00
   Duration  5.04s (transform 1.29s, setup 17ms, collect 3.12s, tests 1.71s, environment 0ms, prepare 26ms)

JSON report written to /var/folders/2c/xh5rx2d91wd_lk8rvnnhlr4m0000gn/T/viborm-raptor3-g0-lC7P5X/vitest.json
Vitest resources: 7.15s wall, 842.9 MiB peak sampled process-group RSS (sampled ceiling 1536 MiB). Teardown verified.
Raptor 3 g2-contracts contract gate verified. Evidence: /var/folders/2c/xh5rx2d91wd_lk8rvnnhlr4m0000gn/T/viborm-raptor3-g0-lC7P5X
