
 RUN  v3.1.4 /Users/arnaud/code/viborm

 ❯ |raptor3| tests/raptor3/core-structure/measurement/cs02-structure-measure.test.ts (1 test | 1 failed) 25ms
   × collects the frozen CS-02 structural work matrix 25ms
     → Expected values to be strictly deep-equal:
+ actual - expected
... Skipped lines

  {
+   activationIds: [],
-   activationIds: [
-     'activation:structure/depth-create/1:attempt/0/unconditional'
-   ],
    commandIds: [
      'command:structure/depth-create/1:root',
      'command:structure/depth-create/1:root/children/0'
    ],
    occurrences: [
      {
-       commandId: 'command:structure/depth-create/1:root',
-       occurrenceId: 'occurrence:structure/depth-create/1:root'
-     },
-     {
        commandId: 'command:structure/depth-create/1:root/children/0',
        occurrenceId: 'occurrence:structure/depth-create/1:root/children/0'
      }
    ],
    reads: [],
...
      {
-       occurrenceId: 'occurrence:structure/depth-create/1:root',
-       writeId: 'write:structure/depth-create/1:root'
-     },
-     {
        occurrenceId: 'occurrence:structure/depth-create/1:root/children/0',
        writeId: 'write:structure/depth-create/1:root/children/0'
      }
    ]
  }

 ✓ |raptor3| tests/raptor3/core-structure/member-scope.contract.test.ts (8 tests) 55ms
 ✓ |raptor3| tests/raptor3/core-structure/structural-reference.test.ts (10 tests) 44ms
 ✓ |raptor3| tests/raptor3/core-structure/repeated-occurrence-ownership.test.ts (5 tests) 7ms
 ✓ |raptor3| tests/raptor3/core-structure/extension-a.contract.test.ts (6 tests) 28ms
 ✓ |raptor3| tests/raptor3/core-structure/extension-composition.contract.test.ts (4 tests) 19ms
 ✓ |raptor3| tests/raptor3/core-structure/measurement/extension-recipes.selftest.test.ts (5 tests) 19ms
 ✓ |raptor3| tests/raptor3/core-structure/extension-b.contract.test.ts (4 tests) 13ms
 ❯ |raptor3| tests/raptor3/core-structure/measurement/extension-campaign.selftest.test.ts (42 tests | 10 failed) 282ms
   ✓ records and exactly replays CS-03 A seed 7103 under 'sqlite-interactive' 22ms
   ✓ records and exactly replays CS-03 A seed 7103 under 'sqlite-atomic-batch' 17ms
   ✓ records and exactly replays CS-03 A seed 7112 under 'sqlite-interactive' 9ms
   ✓ records and exactly replays CS-03 A seed 7112 under 'sqlite-atomic-batch' 9ms
   ✓ records and exactly replays CS-03 A seed 7117 under 'sqlite-interactive' 13ms
   ✓ records and exactly replays CS-03 A seed 7117 under 'sqlite-atomic-batch' 15ms
   ✓ records and exactly replays CS-03 A seed 7128 under 'sqlite-interactive' 8ms
   ✓ records and exactly replays CS-03 A seed 7128 under 'sqlite-atomic-batch' 9ms
   × records and exactly replays CS-03 A seed 7133 under 'sqlite-interactive' 3ms
     → Missing semantic cut choice:found/root-member/0; observed outcome: {"kind":"success","value":[{"id":1,"label":"root-written"},{"id":2,"label":"root-written"}]}
   × records and exactly replays CS-03 A seed 7133 under 'sqlite-atomic-batch' 8ms
     → Missing semantic cut choice:found/root-member/0; observed outcome: {"kind":"success","value":[{"id":1,"label":"root-written"},{"id":2,"label":"root-written"}]}
   × records and exactly replays CS-03 A seed 7144 under 'sqlite-interactive' 2ms
     → Missing semantic cut choice:found/root-member/0; observed outcome: {"kind":"success","value":[{"label":"root-written"}]}
   × records and exactly replays CS-03 A seed 7144 under 'sqlite-atomic-batch' 2ms
     → Missing semantic cut choice:found/root-member/0; observed outcome: {"kind":"success","value":[{"label":"root-written"}]}
   ✓ records and exactly replays CS-03 A seed 7149 under 'sqlite-interactive' 8ms
   ✓ records and exactly replays CS-03 A seed 7149 under 'sqlite-atomic-batch' 10ms
   × records and exactly replays CS-03 A seed 7160 under 'sqlite-interactive' 3ms
     → Missing semantic cut choice:missing/root-member/0; observed outcome: {"kind":"success","value":[{"label":"root-written"}]}
   × records and exactly replays CS-03 A seed 7160 under 'sqlite-atomic-batch' 3ms
     → Missing semantic cut choice:missing/root-member/0; observed outcome: {"kind":"success","value":[{"label":"root-written"}]}
   ✓ records and exactly replays CS-03 A seed 7109 under 'sqlite-interactive' 10ms
   ✓ records and exactly replays CS-03 A seed 7109 under 'sqlite-atomic-batch' 12ms
   ✓ records and exactly replays CS-03 A seed 7119 under 'sqlite-interactive' 11ms
   ✓ records and exactly replays CS-03 A seed 7119 under 'sqlite-atomic-batch' 20ms
   ✓ records and exactly replays CS-03 B seed 7200 under 'sqlite-interactive' 6ms
   ✓ records and exactly replays CS-03 B seed 7200 under 'sqlite-atomic-batch' 5ms
   ✓ records and exactly replays CS-03 B seed 7201 under 'sqlite-interactive' 7ms
   ✓ records and exactly replays CS-03 B seed 7201 under 'sqlite-atomic-batch' 3ms
   ✓ records and exactly replays CS-03 B seed 7202 under 'sqlite-interactive' 2ms
   ✓ records and exactly replays CS-03 B seed 7202 under 'sqlite-atomic-batch' 2ms
   ✓ records and exactly replays CS-03 B seed 7203 under 'sqlite-interactive' 9ms
   ✓ records and exactly replays CS-03 B seed 7203 under 'sqlite-atomic-batch' 2ms
   ✓ records and exactly replays CS-03 B seed 7204 under 'sqlite-interactive' 2ms
   ✓ records and exactly replays CS-03 B seed 7204 under 'sqlite-atomic-batch' 2ms
   ✓ records and exactly replays CS-03 B seed 7205 under 'sqlite-interactive' 5ms
   ✓ records and exactly replays CS-03 B seed 7205 under 'sqlite-atomic-batch' 4ms
   ✓ records and exactly replays CS-03 B seed 7214 under 'sqlite-interactive' 3ms
   ✓ records and exactly replays CS-03 B seed 7214 under 'sqlite-atomic-batch' 5ms
   ✓ records and exactly replays CS-03 composition seed 7300 under 'sqlite-interactive' 5ms
   ✓ records and exactly replays CS-03 composition seed 7300 under 'sqlite-atomic-batch' 4ms
   × records and exactly replays CS-03 composition seed 7305 under 'sqlite-interactive' 4ms
     → Missing semantic cut choice:missing/root-member/0; observed outcome: {"kind":"success","value":[{"label":"terminal"}]}
   × records and exactly replays CS-03 composition seed 7305 under 'sqlite-atomic-batch' 3ms
     → Missing semantic cut choice:missing/root-member/0; observed outcome: {"kind":"success","value":[{"label":"terminal"}]}
   ✓ records and exactly replays CS-03 composition seed 7310 under 'sqlite-interactive' 5ms
   ✓ records and exactly replays CS-03 composition seed 7310 under 'sqlite-atomic-batch' 4ms
   × records and exactly replays CS-03 composition seed 7313 under 'sqlite-interactive' 3ms
     → Missing semantic cut choice:missing/root-member/0; observed outcome: {"kind":"success","value":[{"label":"terminal"},{"label":"terminal"}]}
   × records and exactly replays CS-03 composition seed 7313 under 'sqlite-atomic-batch' 5ms
     → Missing semantic cut choice:missing/root-member/0; observed outcome: {"kind":"success","value":[{"label":"terminal"},{"label":"terminal"}]}
 ❯ |raptor3| tests/raptor3/core-structure/measurement/extension-campaign.test.ts (1 test | 1 failed) 844ms
   × completes one exact admitted CS-03 extension seed batch 843ms
     → CS-03 a seed 7132, sqlite-interactive failed
 ❯ |extended-local| tests/raptor3/core-structure/measurement/cs02-structure-measure.test.ts (1 test | 1 failed) 37ms
   × collects the frozen CS-02 structural work matrix 36ms
     → Expected values to be strictly deep-equal:
+ actual - expected
... Skipped lines

  {
+   activationIds: [],
-   activationIds: [
-     'activation:structure/depth-create/1:attempt/0/unconditional'
-   ],
    commandIds: [
      'command:structure/depth-create/1:root',
      'command:structure/depth-create/1:root/children/0'
    ],
    occurrences: [
      {
-       commandId: 'command:structure/depth-create/1:root',
-       occurrenceId: 'occurrence:structure/depth-create/1:root'
-     },
-     {
        commandId: 'command:structure/depth-create/1:root/children/0',
        occurrenceId: 'occurrence:structure/depth-create/1:root/children/0'
      }
    ],
    reads: [],
...
      {
-       occurrenceId: 'occurrence:structure/depth-create/1:root',
-       writeId: 'write:structure/depth-create/1:root'
-     },
-     {
        occurrenceId: 'occurrence:structure/depth-create/1:root/children/0',
        writeId: 'write:structure/depth-create/1:root/children/0'
      }
    ]
  }

 ✓ |extended-local| tests/raptor3/core-structure/measurement/measurement-selftest.test.ts (7 tests) 9ms

⎯⎯⎯⎯⎯⎯ Failed Tests 13 ⎯⎯⎯⎯⎯⎯⎯

 FAIL  |raptor3| tests/raptor3/core-structure/measurement/cs02-structure-measure.test.ts > collects the frozen CS-02 structural work matrix
AssertionError: Expected values to be strictly deep-equal:
+ actual - expected
... Skipped lines

  {
+   activationIds: [],
-   activationIds: [
-     'activation:structure/depth-create/1:attempt/0/unconditional'
-   ],
    commandIds: [
      'command:structure/depth-create/1:root',
      'command:structure/depth-create/1:root/children/0'
    ],
    occurrences: [
      {
-       commandId: 'command:structure/depth-create/1:root',
-       occurrenceId: 'occurrence:structure/depth-create/1:root'
-     },
-     {
        commandId: 'command:structure/depth-create/1:root/children/0',
        occurrenceId: 'occurrence:structure/depth-create/1:root/children/0'
      }
    ],
    reads: [],
...
      {
-       occurrenceId: 'occurrence:structure/depth-create/1:root',
-       writeId: 'write:structure/depth-create/1:root'
-     },
-     {
        occurrenceId: 'occurrence:structure/depth-create/1:root/children/0',
        writeId: 'write:structure/depth-create/1:root/children/0'
      }
    ]
  }


[32m- Expected[39m
[31m+ Received[39m

[33m@@ -1,30 +1,20 @@[39m
[2m  {[22m
[32m-   "activationIds": [[39m
[32m-     "activation:structure/depth-create/1:attempt/0/unconditional",[39m
[32m-   ],[39m
[31m+   "activationIds": [],[39m
[2m    "commandIds": [[22m
[2m      "command:structure/depth-create/1:root",[22m
[2m      "command:structure/depth-create/1:root/children/0",[22m
[2m    ],[22m
[2m    "occurrences": [[22m
[32m-     {[39m
[32m-       "commandId": "command:structure/depth-create/1:root",[39m
[32m-       "occurrenceId": "occurrence:structure/depth-create/1:root",[39m
[32m-     },[39m
[2m      {[22m
[2m        "commandId": "command:structure/depth-create/1:root/children/0",[22m
[2m        "occurrenceId": "occurrence:structure/depth-create/1:root/children/0",[22m
[2m      },[22m
[2m    ],[22m
[2m    "reads": [],[22m
[2m    "selectionIds": [],[22m
[2m    "writes": [[22m
[32m-     {[39m
[32m-       "occurrenceId": "occurrence:structure/depth-create/1:root",[39m
[32m-       "writeId": "write:structure/depth-create/1:root",[39m
[32m-     },[39m
[2m      {[22m
[2m        "occurrenceId": "occurrence:structure/depth-create/1:root/children/0",[22m
[2m        "writeId": "write:structure/depth-create/1:root/children/0",[22m
[2m      },[22m
[2m    ],[22m

 ❯ measureCreate tests/raptor3/core-structure/measurement/cs02-structure-measure.test.ts:1044:10
    1042|     }
    1043|   );
    1044|   assert.deepEqual(
       |          ^
    1045|     captured.semanticInventory,
    1046|     canonicalInventory(recipe.semanticInventory)
 ❯ tests/raptor3/core-structure/measurement/cs02-structure-measure.test.ts:1096:22

⎯⎯⎯⎯⎯⎯⎯⎯⎯⎯⎯⎯⎯⎯⎯⎯⎯⎯⎯⎯⎯⎯⎯[1/13]⎯

 FAIL  |raptor3| tests/raptor3/core-structure/measurement/extension-campaign.selftest.test.ts > records and exactly replays CS-03 A seed 7133 under 'sqlite-interactive'
 FAIL  |raptor3| tests/raptor3/core-structure/measurement/extension-campaign.selftest.test.ts > records and exactly replays CS-03 A seed 7133 under 'sqlite-atomic-batch'
AssertionError: Missing semantic cut choice:found/root-member/0; observed outcome: {"kind":"success","value":[{"id":1,"label":"root-written"},{"id":2,"label":"root-written"}]}

[32m- Expected[39m
[31m+ Received[39m

[32m- true[39m
[31m+ false[39m

 ❯ Object.assert tests/raptor3/harness/sqlite-world.ts:417:13
    415|           // Same-engine replay enters this same assertion owner.
    416|           for (const cut of fixture.requiredCuts)
    417|             assert(
       |             ^
    418|               observation.reachedCuts.includes(cut),
    419|               `Missing semantic cut ${cut}; observed outcome: ${JSON.s…
 ❯ verifyExtensionCell tests/raptor3/core-structure/measurement/extension-campaign.ts:24:17
 ❯ tests/raptor3/core-structure/measurement/extension-campaign.selftest.test.ts:28:20

⎯⎯⎯⎯⎯⎯⎯⎯⎯⎯⎯⎯⎯⎯⎯⎯⎯⎯⎯⎯⎯⎯⎯[2/13]⎯

 FAIL  |raptor3| tests/raptor3/core-structure/measurement/extension-campaign.selftest.test.ts > records and exactly replays CS-03 A seed 7144 under 'sqlite-interactive'
 FAIL  |raptor3| tests/raptor3/core-structure/measurement/extension-campaign.selftest.test.ts > records and exactly replays CS-03 A seed 7144 under 'sqlite-atomic-batch'
AssertionError: Missing semantic cut choice:found/root-member/0; observed outcome: {"kind":"success","value":[{"label":"root-written"}]}

[32m- Expected[39m
[31m+ Received[39m

[32m- true[39m
[31m+ false[39m

 ❯ Object.assert tests/raptor3/harness/sqlite-world.ts:417:13
    415|           // Same-engine replay enters this same assertion owner.
    416|           for (const cut of fixture.requiredCuts)
    417|             assert(
       |             ^
    418|               observation.reachedCuts.includes(cut),
    419|               `Missing semantic cut ${cut}; observed outcome: ${JSON.s…
 ❯ verifyExtensionCell tests/raptor3/core-structure/measurement/extension-campaign.ts:24:17
 ❯ tests/raptor3/core-structure/measurement/extension-campaign.selftest.test.ts:28:20

⎯⎯⎯⎯⎯⎯⎯⎯⎯⎯⎯⎯⎯⎯⎯⎯⎯⎯⎯⎯⎯⎯⎯[3/13]⎯

 FAIL  |raptor3| tests/raptor3/core-structure/measurement/extension-campaign.selftest.test.ts > records and exactly replays CS-03 A seed 7160 under 'sqlite-interactive'
 FAIL  |raptor3| tests/raptor3/core-structure/measurement/extension-campaign.selftest.test.ts > records and exactly replays CS-03 A seed 7160 under 'sqlite-atomic-batch'
AssertionError: Missing semantic cut choice:missing/root-member/0; observed outcome: {"kind":"success","value":[{"label":"root-written"}]}

[32m- Expected[39m
[31m+ Received[39m

[32m- true[39m
[31m+ false[39m

 ❯ Object.assert tests/raptor3/harness/sqlite-world.ts:417:13
    415|           // Same-engine replay enters this same assertion owner.
    416|           for (const cut of fixture.requiredCuts)
    417|             assert(
       |             ^
    418|               observation.reachedCuts.includes(cut),
    419|               `Missing semantic cut ${cut}; observed outcome: ${JSON.s…
 ❯ verifyExtensionCell tests/raptor3/core-structure/measurement/extension-campaign.ts:24:17
 ❯ tests/raptor3/core-structure/measurement/extension-campaign.selftest.test.ts:28:20

⎯⎯⎯⎯⎯⎯⎯⎯⎯⎯⎯⎯⎯⎯⎯⎯⎯⎯⎯⎯⎯⎯⎯[4/13]⎯

 FAIL  |raptor3| tests/raptor3/core-structure/measurement/extension-campaign.selftest.test.ts > records and exactly replays CS-03 composition seed 7305 under 'sqlite-interactive'
 FAIL  |raptor3| tests/raptor3/core-structure/measurement/extension-campaign.selftest.test.ts > records and exactly replays CS-03 composition seed 7305 under 'sqlite-atomic-batch'
AssertionError: Missing semantic cut choice:missing/root-member/0; observed outcome: {"kind":"success","value":[{"label":"terminal"}]}

[32m- Expected[39m
[31m+ Received[39m

[32m- true[39m
[31m+ false[39m

 ❯ Object.assert tests/raptor3/harness/sqlite-world.ts:417:13
    415|           // Same-engine replay enters this same assertion owner.
    416|           for (const cut of fixture.requiredCuts)
    417|             assert(
       |             ^
    418|               observation.reachedCuts.includes(cut),
    419|               `Missing semantic cut ${cut}; observed outcome: ${JSON.s…
 ❯ verifyExtensionCell tests/raptor3/core-structure/measurement/extension-campaign.ts:24:17
 ❯ tests/raptor3/core-structure/measurement/extension-campaign.selftest.test.ts:52:20

⎯⎯⎯⎯⎯⎯⎯⎯⎯⎯⎯⎯⎯⎯⎯⎯⎯⎯⎯⎯⎯⎯⎯[5/13]⎯

 FAIL  |raptor3| tests/raptor3/core-structure/measurement/extension-campaign.selftest.test.ts > records and exactly replays CS-03 composition seed 7313 under 'sqlite-interactive'
 FAIL  |raptor3| tests/raptor3/core-structure/measurement/extension-campaign.selftest.test.ts > records and exactly replays CS-03 composition seed 7313 under 'sqlite-atomic-batch'
AssertionError: Missing semantic cut choice:missing/root-member/0; observed outcome: {"kind":"success","value":[{"label":"terminal"},{"label":"terminal"}]}

[32m- Expected[39m
[31m+ Received[39m

[32m- true[39m
[31m+ false[39m

 ❯ Object.assert tests/raptor3/harness/sqlite-world.ts:417:13
    415|           // Same-engine replay enters this same assertion owner.
    416|           for (const cut of fixture.requiredCuts)
    417|             assert(
       |             ^
    418|               observation.reachedCuts.includes(cut),
    419|               `Missing semantic cut ${cut}; observed outcome: ${JSON.s…
 ❯ verifyExtensionCell tests/raptor3/core-structure/measurement/extension-campaign.ts:24:17
 ❯ tests/raptor3/core-structure/measurement/extension-campaign.selftest.test.ts:52:20

⎯⎯⎯⎯⎯⎯⎯⎯⎯⎯⎯⎯⎯⎯⎯⎯⎯⎯⎯⎯⎯⎯⎯[6/13]⎯

 FAIL  |raptor3| tests/raptor3/core-structure/measurement/extension-campaign.test.ts > completes one exact admitted CS-03 extension seed batch
Error: CS-03 a seed 7132, sqlite-interactive failed
 ❯ runExtensionCampaign tests/raptor3/core-structure/measurement/extension-campaign.ts:47:15
     45|         record = await verifyExtensionCell(recipe, profile);
     46|       } catch (failure) {
     47|         throw new Error(
       |               ^
     48|           `CS-03 ${slice} seed ${recipe.seed}, ${profile} failed`,
     49|           { cause: failure }
 ❯ tests/raptor3/core-structure/measurement/extension-campaign.test.ts:20:20

Caused by: AssertionError: Missing semantic cut choice:found/root-member/0; observed outcome: {"kind":"success","value":[{"id":1,"label":"root-written"}]}

[32m- Expected[39m
[31m+ Received[39m

[32m- true[39m
[31m+ false[39m

 ❯ Object.assert tests/raptor3/harness/sqlite-world.ts:417:13
 ❯ verifyExtensionCell tests/raptor3/core-structure/measurement/extension-campaign.ts:24:17
 ❯ runExtensionCampaign tests/raptor3/core-structure/measurement/extension-campaign.ts:45:18
 ❯ tests/raptor3/core-structure/measurement/extension-campaign.test.ts:20:20

⎯⎯⎯⎯⎯⎯⎯⎯⎯⎯⎯⎯⎯⎯⎯⎯⎯⎯⎯⎯⎯⎯⎯⎯⎯⎯⎯⎯⎯⎯
Serialized Error: { generatedMessage: false, code: 'ERR_ASSERTION' }
⎯⎯⎯⎯⎯⎯⎯⎯⎯⎯⎯⎯⎯⎯⎯⎯⎯⎯⎯⎯⎯⎯⎯[7/13]⎯

 FAIL  |extended-local| tests/raptor3/core-structure/measurement/cs02-structure-measure.test.ts > collects the frozen CS-02 structural work matrix
AssertionError: Expected values to be strictly deep-equal:
+ actual - expected
... Skipped lines

  {
+   activationIds: [],
-   activationIds: [
-     'activation:structure/depth-create/1:attempt/0/unconditional'
-   ],
    commandIds: [
      'command:structure/depth-create/1:root',
      'command:structure/depth-create/1:root/children/0'
    ],
    occurrences: [
      {
-       commandId: 'command:structure/depth-create/1:root',
-       occurrenceId: 'occurrence:structure/depth-create/1:root'
-     },
-     {
        commandId: 'command:structure/depth-create/1:root/children/0',
        occurrenceId: 'occurrence:structure/depth-create/1:root/children/0'
      }
    ],
    reads: [],
...
      {
-       occurrenceId: 'occurrence:structure/depth-create/1:root',
-       writeId: 'write:structure/depth-create/1:root'
-     },
-     {
        occurrenceId: 'occurrence:structure/depth-create/1:root/children/0',
        writeId: 'write:structure/depth-create/1:root/children/0'
      }
    ]
  }


[32m- Expected[39m
[31m+ Received[39m

[33m@@ -1,30 +1,20 @@[39m
[2m  {[22m
[32m-   "activationIds": [[39m
[32m-     "activation:structure/depth-create/1:attempt/0/unconditional",[39m
[32m-   ],[39m
[31m+   "activationIds": [],[39m
[2m    "commandIds": [[22m
[2m      "command:structure/depth-create/1:root",[22m
[2m      "command:structure/depth-create/1:root/children/0",[22m
[2m    ],[22m
[2m    "occurrences": [[22m
[32m-     {[39m
[32m-       "commandId": "command:structure/depth-create/1:root",[39m
[32m-       "occurrenceId": "occurrence:structure/depth-create/1:root",[39m
[32m-     },[39m
[2m      {[22m
[2m        "commandId": "command:structure/depth-create/1:root/children/0",[22m
[2m        "occurrenceId": "occurrence:structure/depth-create/1:root/children/0",[22m
[2m      },[22m
[2m    ],[22m
[2m    "reads": [],[22m
[2m    "selectionIds": [],[22m
[2m    "writes": [[22m
[32m-     {[39m
[32m-       "occurrenceId": "occurrence:structure/depth-create/1:root",[39m
[32m-       "writeId": "write:structure/depth-create/1:root",[39m
[32m-     },[39m
[2m      {[22m
[2m        "occurrenceId": "occurrence:structure/depth-create/1:root/children/0",[22m
[2m        "writeId": "write:structure/depth-create/1:root/children/0",[22m
[2m      },[22m
[2m    ],[22m

 ❯ measureCreate tests/raptor3/core-structure/measurement/cs02-structure-measure.test.ts:1044:10
    1042|     }
    1043|   );
    1044|   assert.deepEqual(
       |          ^
    1045|     captured.semanticInventory,
    1046|     canonicalInventory(recipe.semanticInventory)
 ❯ tests/raptor3/core-structure/measurement/cs02-structure-measure.test.ts:1096:22

⎯⎯⎯⎯⎯⎯⎯⎯⎯⎯⎯⎯⎯⎯⎯⎯⎯⎯⎯⎯⎯⎯⎯[8/13]⎯


 Test Files  4 failed | 8 passed (12)
      Tests  13 failed | 81 passed (94)
   Start at  10:07:33
   Duration  9.81s (transform 4.41s, setup 33ms, collect 7.71s, tests 1.38s, environment 0ms, prepare 128ms)

Vitest resources: 13.10s wall, 739.3 MiB peak sampled process-group RSS (sampled ceiling 1536 MiB). Teardown verified.
