
 RUN  v3.1.4 /Users/arnaud/code/viborm

 ❯ |g4-review-unit02-phase2-followup| tests/raptor3/g4/review/unit02-phase2-followup/key-repair.review.test.ts (8 tests | 1 failed) 83ms
   ✓ G4-02 repair round 3 — the named key, attacked > carries a DEPENDENT through a multiplied parent key (non-returning) 34ms
   ✓ G4-02 repair round 3 — the named key, attacked > carries a DEPENDENT through a divided parent key (non-returning) 6ms
   ✓ G4-02 repair round 3 — the named key, attacked > truncates a NEGATIVE bigint quotient the way the shipped engine does 8ms
   ✓ G4-02 repair round 3 — the named key, attacked > multiplies a NEGATIVE bigint key the way the shipped engine does 4ms
   ✓ G4-02 repair round 3 — the admission mirror, attacked > does not fire for arithmetic on a NON-key decimal column 6ms
   × G4-02 repair round 3 — the admission mirror, attacked > refuses a number key multiply through upsert as the shipped engine does 10ms
     → candidate {"answer":"QueryEngineError: Arithmetic updates are not portable for number primary key field 'id'. Use an explicit set value.","rows":[{"id":6,"label":"a"}]}
shipped   {"answer":"ok:{\"id\":12,\"label\":\"a\"}","rows":[{"id":12,"label":"a"}]}
+ actual - expected

  {
+   answer: "QueryEngineError: Arithmetic updates are not portable for number primary key field 'id'. Use an explicit set value.",
-   answer: 'ok:{"id":12,"label":"a"}',
    rows: [
      {
+       id: 6,
-       id: 12,
        label: 'a'
      }
    ]
  }

   ✓ G4-02 repair round 3 — the admission mirror, attacked > refuses an int key divide-by-zero through updateMany as shipped does 5ms
   ✓ G4-02 repair round 3 — the admission mirror, attacked > answers a non-finite int key operand the way the shipped engine does 10ms

⎯⎯⎯⎯⎯⎯⎯ Failed Tests 1 ⎯⎯⎯⎯⎯⎯⎯

 FAIL  |g4-review-unit02-phase2-followup| tests/raptor3/g4/review/unit02-phase2-followup/key-repair.review.test.ts > G4-02 repair round 3 — the admission mirror, attacked > refuses a number key multiply through upsert as the shipped engine does
AssertionError: candidate {"answer":"QueryEngineError: Arithmetic updates are not portable for number primary key field 'id'. Use an explicit set value.","rows":[{"id":6,"label":"a"}]}
shipped   {"answer":"ok:{\"id\":12,\"label\":\"a\"}","rows":[{"id":12,"label":"a"}]}
+ actual - expected

  {
+   answer: "QueryEngineError: Arithmetic updates are not portable for number primary key field 'id'. Use an explicit set value.",
-   answer: 'ok:{"id":12,"label":"a"}',
    rows: [
      {
+       id: 6,
-       id: 12,
        label: 'a'
      }
    ]
  }


[32m- Expected[39m
[31m+ Received[39m

[2m  {[22m
[32m-   "answer": "ok:{\"id\":12,\"label\":\"a\"}",[39m
[31m+   "answer": "QueryEngineError: Arithmetic updates are not portable for number primary key field 'id'. Use an explicit set value.",[39m
[2m    "rows": [[22m
[2m      {[22m
[32m-       "id": 12,[39m
[31m+       "id": 6,[39m
[2m        "label": "a",[22m
[2m      },[22m
[2m    ],[22m
[2m  }[22m

 ❯ both tests/raptor3/g4/review/unit02-phase2-followup/key-repair.review.test.ts:128:10
    126|     returning
    127|   );
    128|   assert.deepEqual(
       |          ^
    129|     candidate,
    130|     shipped,
 ❯ tests/raptor3/g4/review/unit02-phase2-followup/key-repair.review.test.ts:193:5

⎯⎯⎯⎯⎯⎯⎯⎯⎯⎯⎯⎯⎯⎯⎯⎯⎯⎯⎯⎯⎯⎯⎯⎯[1/1]⎯


 Test Files  1 failed (1)
      Tests  1 failed | 7 passed (8)
   Start at  10:01:41
   Duration  2.41s (transform 1.43s, setup 9ms, collect 2.10s, tests 83ms, environment 0ms, prepare 37ms)

Vitest resources: 3.01s wall, 479.7 MiB peak sampled process-group RSS (sampled ceiling 1536 MiB). Teardown verified.
