
 RUN  v3.1.4 /private/tmp/viborm-rulings

 ✓ |raptor3| tests/raptor3/transitions/conditional-upsert-commands.test.ts (11 tests) 117ms
 ✓ |raptor3| tests/raptor3/transitions/singular-lattice-commands.test.ts (58 tests) 236ms
 ✓ |raptor3| tests/raptor3/transitions/shared-key-suppliers-commands.test.ts (4 tests) 52ms
 ✓ |raptor3| tests/raptor3/transitions/junction-identity-commands.test.ts (2 tests) 113ms
 ✓ |raptor3| tests/raptor3/transitions/series-staleness-commands.test.ts (4 tests) 60ms
 ✓ |raptor3| tests/raptor3/transitions/mixed-key-transitions-commands.test.ts (8 tests) 83ms
 ✓ |raptor3| tests/raptor3/transitions/supplier-continuations-commands.test.ts (10 tests) 84ms
 ✓ |raptor3| tests/raptor3/transitions/membership-own-write-commands.test.ts (8 tests) 61ms
 ✓ |raptor3| tests/raptor3/transitions/staleness-commands.test.ts (3 tests) 40ms
 ✓ |raptor3| tests/raptor3/transitions/singular-commands.test.ts (20 tests) 171ms
 ✓ |raptor3| tests/raptor3/transitions/junctions-commands.test.ts (26 tests) 231ms
 ✓ |raptor3| tests/raptor3/transitions/variant-removals-commands.test.ts (14 tests) 96ms
 ✓ |raptor3| tests/raptor3/transitions/occupied-keys-commands.test.ts (8 tests) 100ms
 ✓ |raptor3| tests/raptor3/transitions/required-commands.test.ts (8 tests) 59ms
 ✓ |raptor3| tests/raptor3/transitions/keys-commands.test.ts (14 tests) 96ms
 ✓ |raptor3| tests/raptor3/transitions/own-write-commands.test.ts (18 tests) 103ms

 Test Files  16 passed (16)
      Tests  216 passed (216)
   Start at  21:49:05
   Duration  4.14s (transform 876ms, setup 19ms, collect 2.25s, tests 1.70s, environment 0ms, prepare 27ms)

JSON report written to /private/tmp/viborm-rulings-tmp/viborm-raptor3-g0-L0lwsg/vitest.json
Vitest resources: 6.12s wall, 754.9 MiB peak sampled process-group RSS (sampled ceiling 1536 MiB). Teardown verified.
Raptor 3 g2-contracts contract gate verified. Evidence: /private/tmp/viborm-rulings-tmp/viborm-raptor3-g0-L0lwsg
