
 RUN  v3.1.4 /Users/arnaud/code/viborm

 ✓ |coverage-client| tests/contracts/public-client/query-interceptors-array.core.test.ts (54 tests) 157ms
 ✓ |coverage-client| tests/contracts/public-client/official-cache-instrumentation.core.test.ts (8 tests) 50ms
 ✓ |coverage-client| tests/contracts/public-client/official-cache-swr.core.test.ts (7 tests) 16ms
 ✓ |coverage-client| tests/contracts/public-client/protected-cache-observers.core.test.ts (7 tests) 15ms
 ✓ |coverage-client| tests/contracts/public-client/array-transaction-closure.core.test.ts (8 tests) 17ms
 ✓ |coverage-client| tests/contracts/public-client/official-cache-extension.core.test.ts (10 tests) 6ms
 ✓ |coverage-client| tests/contracts/public-client/nested-transaction-contract.core.test.ts (8 tests) 5ms
 ✓ |coverage-client| tests/contracts/public-client/array-transaction-observed-legacy-coverage.core.test.ts (4 tests) 10ms
 ✓ |coverage-client| tests/contracts/public-client/array-transaction-legacy-batch-boundaries.core.test.ts (5 tests) 3ms
 ✓ |coverage-client| tests/contracts/public-client/raw-observation-closure.core.test.ts (1 test) 4ms
 ✓ |layer-client| tests/contracts/public-client/query-interceptors-array.core.test.ts (54 tests) 92ms
 ✓ |layer-client| tests/contracts/public-client/official-cache-instrumentation.core.test.ts (8 tests) 33ms
 ✓ |layer-client| tests/contracts/public-client/official-cache-swr.core.test.ts (7 tests) 12ms
 ✓ |layer-client| tests/contracts/public-client/protected-cache-observers.core.test.ts (7 tests) 8ms
 ✓ |layer-client| tests/contracts/public-client/array-transaction-closure.core.test.ts (8 tests) 18ms
 ✓ |layer-client| tests/contracts/public-client/official-cache-extension.core.test.ts (10 tests) 4ms
 ✓ |layer-client| tests/contracts/public-client/nested-transaction-contract.core.test.ts (8 tests) 6ms
 ✓ |layer-client| tests/contracts/public-client/array-transaction-observed-legacy-coverage.core.test.ts (4 tests) 6ms
 ✓ |layer-client| tests/contracts/public-client/array-transaction-legacy-batch-boundaries.core.test.ts (5 tests) 3ms
 ✓ |layer-client| tests/contracts/public-client/raw-observation-closure.core.test.ts (1 test) 3ms
 ✓ |coverage-extensions| tests/contracts/public-client/query-interceptors-array.core.test.ts (54 tests) 73ms
 ✓ |coverage-extensions| tests/contracts/engine/query/pending-operation-contracts.core.test.ts (27 tests) 12ms
 ✓ |coverage-extensions| tests/contracts/public-client/official-cache-extension.core.test.ts (10 tests) 4ms
 ✓ |coverage-cache| tests/contracts/public-client/official-cache-instrumentation.core.test.ts (8 tests) 52ms
 ✓ |coverage-cache| tests/contracts/public-client/official-cache-swr.core.test.ts (7 tests) 13ms
 ✓ |coverage-cache| tests/contracts/public-client/protected-cache-observers.core.test.ts (7 tests) 6ms
 ✓ |coverage-cache| tests/contracts/public-client/official-cache-extension.core.test.ts (10 tests) 4ms
 ✓ |layer-query-engine| tests/contracts/engine/query/pending-operation-contracts.core.test.ts (27 tests) 30ms

 Test Files  28 passed (28)
      Tests  374 passed (374)
   Start at  23:51:56
   Duration  20.77s (transform 9.48s, setup 88ms, collect 18.52s, tests 659ms, environment 0ms, prepare 310ms)

Vitest resources: 26.36s wall, 681.4 MiB peak sampled process-group RSS (sampled ceiling 1536 MiB). Teardown verified.
