# falsifier falsify-round3-placement — swapped-in identities:
761d5943f991b548e76335e2acbdab3e5f60b46dbc11c3362c14ab1a564a85ae  src/query-engine/raptor3/shared/schema.ts
a208e1f26856822de46afec09b0098d9b53014382ebec98016bd6240ea978bfe  src/query-engine/raptor3/commands/commands.ts

 RUN  v3.1.4 /Users/arnaud/code/viborm

 ✓ |g4-unit02-author| tests/raptor3/g4/unit02/key-arithmetic.test.ts (15 tests) 91ms
 ✓ |g4-unit02-author| tests/raptor3/g4/unit02/malformed-result-cuts.test.ts (4 tests) 17ms
 ✓ |g4-unit02-author| tests/raptor3/g4/unit02/phase2-envelope-and-arithmetic.test.ts (7 tests) 24ms
 ✓ |g4-unit02-author| tests/raptor3/g4/unit02/recursive-codec-fit.test.ts (3 tests) 23ms
 ✓ |g4-unit02-author| tests/raptor3/g4/unit02/physical-envelope.test.ts (10 tests) 28ms
 ✓ |g4-unit02-author| tests/raptor3/g4/unit02/borrowed-envelope.test.ts (5 tests) 22ms
 ❯ |g4-unit02-author| tests/raptor3/g4/unit02/upsert-key-portability.test.ts (7 tests | 5 failed) 43ms
   × G4-02 — a scalar-only upsert carries no key-portability assertion > multiplies a NUMBER key on the found arm, as the shipped engine does 13ms
     → candidate {"answer":"QueryEngineError: Arithmetic updates are not portable for number primary key field 'id'. Use an explicit set value.","rows":[{"id":6,"label":"a"}]}
shipped   {"answer":"ok:{\"id\":12,\"label\":\"a\"}","rows":[{"id":12,"label":"a"}]}
+ actual - expected

  {
+   answer: "QueryEngineError: Arithmetic updates are not portable for number primary key field 'id'. Use an explicit set value.",
-   answer: 'ok:{"id":12,"label":"a"}',
    rows: [
      {
+       id: 6,
-       id: 12,
        label: 'a'
      }
    ]
  }

   × G4-02 — a scalar-only upsert carries no key-portability assertion > multiplies a DECIMAL key on the found arm, as the shipped engine does 5ms
     → candidate {"answer":"QueryEngineError: Arithmetic updates are not portable for decimal primary key field 'id'. Use an explicit set value.","rows":[{"id":600,"label":"a"}]}
shipped   {"answer":"ok:{\"id\":\"12\",\"label\":\"a\"}","rows":[{"id":1200,"label":"a"}]}
+ actual - expected

  {
+   answer: "QueryEngineError: Arithmetic updates are not portable for decimal primary key field 'id'. Use an explicit set value.",
-   answer: 'ok:{"id":"12","label":"a"}',
    rows: [
      {
+       id: 600,
-       id: 1200,
        label: 'a'
      }
    ]
  }

   × G4-02 — a scalar-only upsert carries no key-portability assertion > carries an int key divide-by-zero to the provider, as the shipped engine does 4ms
     → candidate {"answer":"QueryEngineError: Cannot divide primary key field 'id' by zero.","rows":[{"id":3,"label":"a"}]}
shipped   {"answer":"QueryError: Query execution failed","rows":[{"id":3,"label":"a"}]}
+ actual - expected

  {
+   answer: "QueryEngineError: Cannot divide primary key field 'id' by zero.",
-   answer: 'QueryError: Query execution failed',
    rows: [
      {
        id: 3,
        label: 'a'
      }

   × G4-02 — a scalar-only upsert carries no key-portability assertion > CREATES the missing row whose update names key arithmetic, as shipped does 5ms
     → candidate {"answer":"QueryEngineError: Arithmetic updates are not portable for number primary key field 'id'. Use an explicit set value.","rows":[{"id":6,"label":"a"}]}
shipped   {"answer":"ok:{\"id\":99,\"label\":\"new\"}","rows":[{"id":6,"label":"a"},{"id":99,"label":"new"}]}
+ actual - expected

  {
+   answer: "QueryEngineError: Arithmetic updates are not portable for number primary key field 'id'. Use an explicit set value.",
-   answer: 'ok:{"id":99,"label":"new"}',
    rows: [
      {
        id: 6,
        label: 'a'
      },
-     {
-       id: 99,
-       label: 'new'
-     }
    ]
  }

   ✓ G4-02 — a relation-bearing upsert update DOES carry it > refuses a number key multiply beside a relation write, as shipped does 5ms
   × G4-02 — a relation-bearing upsert update DOES carry it > still CREATES the missing row, because the shipped assertion is found-arm 5ms
     → candidate {"answer":"QueryEngineError: Arithmetic updates are not portable for number primary key field 'id'. Use an explicit set value.","rows":[{"id":6,"label":"o"}]}
shipped   {"answer":"ok:{\"id\":99,\"label\":\"fresh\"}","rows":[{"id":6,"label":"o"},{"id":99,"label":"fresh"}]}
+ actual - expected

  {
+   answer: "QueryEngineError: Arithmetic updates are not portable for number primary key field 'id'. Use an explicit set value.",
-   answer: 'ok:{"id":99,"label":"fresh"}',
    rows: [
      {
        id: 6,
        label: 'o'
      },
-     {
-       id: 99,
-       label: 'fresh'
-     }
    ]
  }

   ✓ G4-02 — a relation-bearing upsert update DOES carry it > refuses ahead of a conditional that would skip, as shipped does 6ms
 ✓ |g4-unit02-author| tests/raptor3/g4/unit02/root-member-cut-trace.test.ts (4 tests) 12ms
 ✓ |g4-unit02-author| tests/raptor3/g4/unit02/packaged-array.test.ts (5 tests) 16ms
 ✓ |g4-unit02-author| tests/raptor3/g4/unit02/prepared-operation.test.ts (5 tests) 12ms
 ✓ |g4-unit02-author| tests/raptor3/g4/unit02/decimal-having-operand.test.ts (3 tests) 6ms
 ✓ |g4-unit02-author| tests/raptor3/g4/unit02/vector-capability.test.ts (1 test) 4ms
 ✓ |g4-unit02-author| tests/raptor3/g4/unit02/root-delete.test.ts (6 tests) 16ms
 ↓ |g4-unit02-author| tests/raptor3/g4/unit02/native-key-arithmetic.test.ts (5 tests | 5 skipped)
 ✓ |g4-unit02-author| tests/raptor3/g4/unit02/returning-safety-gate.test.ts (5 tests) 1ms
 ↓ |g4-unit02-author| tests/raptor3/g4/unit02/native-date-codec.test.ts (1 test | 1 skipped)
 ✓ |g4-unit02-author| tests/raptor3/g4/unit02/k-competing-refusals.test.ts (4 tests) 6ms
 ✓ |g4-unit02-author| tests/raptor3/g4/unit02/k-refusal-order-history.test.ts (3 tests) 5ms

⎯⎯⎯⎯⎯⎯⎯ Failed Tests 5 ⎯⎯⎯⎯⎯⎯⎯

 FAIL  |g4-unit02-author| tests/raptor3/g4/unit02/upsert-key-portability.test.ts > G4-02 — a scalar-only upsert carries no key-portability assertion > multiplies a NUMBER key on the found arm, as the shipped engine does
AssertionError: candidate {"answer":"QueryEngineError: Arithmetic updates are not portable for number primary key field 'id'. Use an explicit set value.","rows":[{"id":6,"label":"a"}]}
shipped   {"answer":"ok:{\"id\":12,\"label\":\"a\"}","rows":[{"id":12,"label":"a"}]}
+ actual - expected

  {
+   answer: "QueryEngineError: Arithmetic updates are not portable for number primary key field 'id'. Use an explicit set value.",
-   answer: 'ok:{"id":12,"label":"a"}',
    rows: [
      {
+       id: 6,
-       id: 12,
        label: 'a'
      }
    ]
  }


[32m- Expected[39m
[31m+ Received[39m

[2m  {[22m
[32m-   "answer": "ok:{\"id\":12,\"label\":\"a\"}",[39m
[31m+   "answer": "QueryEngineError: Arithmetic updates are not portable for number primary key field 'id'. Use an explicit set value.",[39m
[2m    "rows": [[22m
[2m      {[22m
[32m-       "id": 12,[39m
[31m+       "id": 6,[39m
[2m        "label": "a",[22m
[2m      },[22m
[2m    ],[22m
[2m  }[22m

 ❯ bothEngines tests/raptor3/g4/unit02/upsert-key-portability.test.ts:112:10
    110|   const candidate = await upsert(model, table, args, "candidate");
    111|   // biome-ignore lint/suspicious/noMisplacedAssertion: this helper is…
    112|   assert.deepEqual(
       |          ^
    113|     candidate,
    114|     shipped,
 ❯ tests/raptor3/g4/unit02/upsert-key-portability.test.ts:122:21

⎯⎯⎯⎯⎯⎯⎯⎯⎯⎯⎯⎯⎯⎯⎯⎯⎯⎯⎯⎯⎯⎯⎯⎯[1/5]⎯

 FAIL  |g4-unit02-author| tests/raptor3/g4/unit02/upsert-key-portability.test.ts > G4-02 — a scalar-only upsert carries no key-portability assertion > multiplies a DECIMAL key on the found arm, as the shipped engine does
AssertionError: candidate {"answer":"QueryEngineError: Arithmetic updates are not portable for decimal primary key field 'id'. Use an explicit set value.","rows":[{"id":600,"label":"a"}]}
shipped   {"answer":"ok:{\"id\":\"12\",\"label\":\"a\"}","rows":[{"id":1200,"label":"a"}]}
+ actual - expected

  {
+   answer: "QueryEngineError: Arithmetic updates are not portable for decimal primary key field 'id'. Use an explicit set value.",
-   answer: 'ok:{"id":"12","label":"a"}',
    rows: [
      {
+       id: 600,
-       id: 1200,
        label: 'a'
      }
    ]
  }


[32m- Expected[39m
[31m+ Received[39m

[2m  {[22m
[32m-   "answer": "ok:{\"id\":\"12\",\"label\":\"a\"}",[39m
[31m+   "answer": "QueryEngineError: Arithmetic updates are not portable for decimal primary key field 'id'. Use an explicit set value.",[39m
[2m    "rows": [[22m
[2m      {[22m
[32m-       "id": 1200,[39m
[31m+       "id": 600,[39m
[2m        "label": "a",[22m
[2m      },[22m
[2m    ],[22m
[2m  }[22m

 ❯ bothEngines tests/raptor3/g4/unit02/upsert-key-portability.test.ts:112:10
    110|   const candidate = await upsert(model, table, args, "candidate");
    111|   // biome-ignore lint/suspicious/noMisplacedAssertion: this helper is…
    112|   assert.deepEqual(
       |          ^
    113|     candidate,
    114|     shipped,
 ❯ tests/raptor3/g4/unit02/upsert-key-portability.test.ts:132:21

⎯⎯⎯⎯⎯⎯⎯⎯⎯⎯⎯⎯⎯⎯⎯⎯⎯⎯⎯⎯⎯⎯⎯⎯[2/5]⎯

 FAIL  |g4-unit02-author| tests/raptor3/g4/unit02/upsert-key-portability.test.ts > G4-02 — a scalar-only upsert carries no key-portability assertion > carries an int key divide-by-zero to the provider, as the shipped engine does
AssertionError: candidate {"answer":"QueryEngineError: Cannot divide primary key field 'id' by zero.","rows":[{"id":3,"label":"a"}]}
shipped   {"answer":"QueryError: Query execution failed","rows":[{"id":3,"label":"a"}]}
+ actual - expected

  {
+   answer: "QueryEngineError: Cannot divide primary key field 'id' by zero.",
-   answer: 'QueryError: Query execution failed',
    rows: [
      {
        id: 3,
        label: 'a'
      }


[32m- Expected[39m
[31m+ Received[39m

[33m@@ -1,7 +1,7 @@[39m
[2m  {[22m
[32m-   "answer": "QueryError: Query execution failed",[39m
[31m+   "answer": "QueryEngineError: Cannot divide primary key field 'id' by zero.",[39m
[2m    "rows": [[22m
[2m      {[22m
[2m        "id": 3,[22m
[2m        "label": "a",[22m
[2m      },[22m

 ❯ bothEngines tests/raptor3/g4/unit02/upsert-key-portability.test.ts:112:10
    110|   const candidate = await upsert(model, table, args, "candidate");
    111|   // biome-ignore lint/suspicious/noMisplacedAssertion: this helper is…
    112|   assert.deepEqual(
       |          ^
    113|     candidate,
    114|     shipped,
 ❯ tests/raptor3/g4/unit02/upsert-key-portability.test.ts:141:21

⎯⎯⎯⎯⎯⎯⎯⎯⎯⎯⎯⎯⎯⎯⎯⎯⎯⎯⎯⎯⎯⎯⎯⎯[3/5]⎯

 FAIL  |g4-unit02-author| tests/raptor3/g4/unit02/upsert-key-portability.test.ts > G4-02 — a scalar-only upsert carries no key-portability assertion > CREATES the missing row whose update names key arithmetic, as shipped does
AssertionError: candidate {"answer":"QueryEngineError: Arithmetic updates are not portable for number primary key field 'id'. Use an explicit set value.","rows":[{"id":6,"label":"a"}]}
shipped   {"answer":"ok:{\"id\":99,\"label\":\"new\"}","rows":[{"id":6,"label":"a"},{"id":99,"label":"new"}]}
+ actual - expected

  {
+   answer: "QueryEngineError: Arithmetic updates are not portable for number primary key field 'id'. Use an explicit set value.",
-   answer: 'ok:{"id":99,"label":"new"}',
    rows: [
      {
        id: 6,
        label: 'a'
      },
-     {
-       id: 99,
-       label: 'new'
-     }
    ]
  }


[32m- Expected[39m
[31m+ Received[39m

[2m  {[22m
[32m-   "answer": "ok:{\"id\":99,\"label\":\"new\"}",[39m
[31m+   "answer": "QueryEngineError: Arithmetic updates are not portable for number primary key field 'id'. Use an explicit set value.",[39m
[2m    "rows": [[22m
[2m      {[22m
[2m        "id": 6,[22m
[2m        "label": "a",[22m
[32m-     },[39m
[32m-     {[39m
[32m-       "id": 99,[39m
[32m-       "label": "new",[39m
[2m      },[22m
[2m    ],[22m
[2m  }[22m

 ❯ bothEngines tests/raptor3/g4/unit02/upsert-key-portability.test.ts:112:10
    110|   const candidate = await upsert(model, table, args, "candidate");
    111|   // biome-ignore lint/suspicious/noMisplacedAssertion: this helper is…
    112|   assert.deepEqual(
       |          ^
    113|     candidate,
    114|     shipped,
 ❯ tests/raptor3/g4/unit02/upsert-key-portability.test.ts:152:21

⎯⎯⎯⎯⎯⎯⎯⎯⎯⎯⎯⎯⎯⎯⎯⎯⎯⎯⎯⎯⎯⎯⎯⎯[4/5]⎯

 FAIL  |g4-unit02-author| tests/raptor3/g4/unit02/upsert-key-portability.test.ts > G4-02 — a relation-bearing upsert update DOES carry it > still CREATES the missing row, because the shipped assertion is found-arm
AssertionError: candidate {"answer":"QueryEngineError: Arithmetic updates are not portable for number primary key field 'id'. Use an explicit set value.","rows":[{"id":6,"label":"o"}]}
shipped   {"answer":"ok:{\"id\":99,\"label\":\"fresh\"}","rows":[{"id":6,"label":"o"},{"id":99,"label":"fresh"}]}
+ actual - expected

  {
+   answer: "QueryEngineError: Arithmetic updates are not portable for number primary key field 'id'. Use an explicit set value.",
-   answer: 'ok:{"id":99,"label":"fresh"}',
    rows: [
      {
        id: 6,
        label: 'o'
      },
-     {
-       id: 99,
-       label: 'fresh'
-     }
    ]
  }


[32m- Expected[39m
[31m+ Received[39m

[2m  {[22m
[32m-   "answer": "ok:{\"id\":99,\"label\":\"fresh\"}",[39m
[31m+   "answer": "QueryEngineError: Arithmetic updates are not portable for number primary key field 'id'. Use an explicit set value.",[39m
[2m    "rows": [[22m
[2m      {[22m
[2m        "id": 6,[22m
[2m        "label": "o",[22m
[32m-     },[39m
[32m-     {[39m
[32m-       "id": 99,[39m
[32m-       "label": "fresh",[39m
[2m      },[22m
[2m    ],[22m
[2m  }[22m

 ❯ bothEngines tests/raptor3/g4/unit02/upsert-key-portability.test.ts:112:10
    110|   const candidate = await upsert(model, table, args, "candidate");
    111|   // biome-ignore lint/suspicious/noMisplacedAssertion: this helper is…
    112|   assert.deepEqual(
       |          ^
    113|     candidate,
    114|     shipped,
 ❯ tests/raptor3/g4/unit02/upsert-key-portability.test.ts:187:21

⎯⎯⎯⎯⎯⎯⎯⎯⎯⎯⎯⎯⎯⎯⎯⎯⎯⎯⎯⎯⎯⎯⎯⎯[5/5]⎯


 Test Files  1 failed | 15 passed | 2 skipped (18)
      Tests  5 failed | 82 passed | 6 skipped (93)
   Start at  12:56:56
   Duration  4.53s (transform 1.66s, setup 25ms, collect 3.94s, tests 327ms, environment 0ms, prepare 41ms)

Vitest resources: 5.06s wall, 674.4 MiB peak sampled process-group RSS (sampled ceiling 1536 MiB). Teardown verified.
# restored identities:
999b3c8db7e70032a01313f64d0441e83c0f0c8de0913c0624a06e3ecd700777  src/query-engine/raptor3/shared/schema.ts
f4ecd7addff0719e931925275253159748d65e70f9cae741ae8175b06357b0ce  src/query-engine/raptor3/commands/commands.ts
