
 RUN  v3.1.4 /Users/arnaud/code/viborm

 ✓ |raptor3| tests/raptor3/transitions/conditional-upsert-commands.test.ts (11 tests) 107ms
 ✓ |raptor3| tests/raptor3/transitions/singular-lattice-commands.test.ts (58 tests) 256ms
 ✓ |raptor3| tests/raptor3/transitions/shared-key-suppliers-commands.test.ts (4 tests) 58ms
 ✓ |raptor3| tests/raptor3/transitions/junction-identity-commands.test.ts (2 tests) 130ms
 ✓ |raptor3| tests/raptor3/transitions/series-staleness-commands.test.ts (4 tests) 67ms
 ✓ |raptor3| tests/raptor3/transitions/mixed-key-transitions-commands.test.ts (8 tests) 87ms
 ✓ |raptor3| tests/raptor3/transitions/supplier-continuations-commands.test.ts (10 tests) 91ms
 ✓ |raptor3| tests/raptor3/transitions/membership-own-write-commands.test.ts (8 tests) 76ms
 ✓ |raptor3| tests/raptor3/transitions/staleness-commands.test.ts (3 tests) 46ms
 ✓ |raptor3| tests/raptor3/transitions/singular-commands.test.ts (20 tests) 119ms
 ✓ |raptor3| tests/raptor3/transitions/junctions-commands.test.ts (26 tests) 209ms
 ✓ |raptor3| tests/raptor3/transitions/variant-removals-commands.test.ts (14 tests) 103ms
 ✓ |raptor3| tests/raptor3/transitions/occupied-keys-commands.test.ts (8 tests) 100ms
 ✓ |raptor3| tests/raptor3/transitions/required-commands.test.ts (8 tests) 67ms
 ✓ |raptor3| tests/raptor3/transitions/keys-commands.test.ts (14 tests) 98ms
 ✓ |raptor3| tests/raptor3/transitions/own-write-commands.test.ts (18 tests) 118ms

 Test Files  16 passed (16)
      Tests  216 passed (216)
   Start at  12:17:54
   Duration  5.10s (transform 1.28s, setup 18ms, collect 3.19s, tests 1.73s, environment 0ms, prepare 27ms)

JSON report written to /var/folders/2c/xh5rx2d91wd_lk8rvnnhlr4m0000gn/T/viborm-raptor3-g0-ZcaAjZ/vitest.json
Vitest resources: 7.23s wall, 811.0 MiB peak sampled process-group RSS (sampled ceiling 1536 MiB). Teardown verified.
Raptor 3 g2-contracts contract gate verified. Evidence: /var/folders/2c/xh5rx2d91wd_lk8rvnnhlr4m0000gn/T/viborm-raptor3-g0-ZcaAjZ
