[test:all] extended-local shared-family shard 5/8 (14 suites)
 ❯ |extended-local| tests/contracts/public-client/batch-transaction.test.ts (70 tests | 3 failed) 1355ms
 ❯ |extended-local| tests/contracts/engine/query/nested-write-conformance-fk.test.ts (28 tests | 1 failed) 1123ms
 ✓ |extended-local| tests/contracts/public-client/official-cache-reads.test.ts (11 tests) 572ms
 ✓ |extended-local| tests/contracts/engine/query/decimal-list-surface.test.ts (41 tests) 697ms
 ❯ |extended-local| tests/contracts/engine/write/junction-create-many-routing.test.ts (9 tests | 4 failed) 705ms
 ❯ |extended-local| tests/contracts/engine/write/create-many-skip-depth.test.ts (6 tests | 2 failed) 575ms
 ✓ |extended-local| tests/contracts/engine/write/upsert-envelope-parse-boundary.test.ts (6 tests) 466ms
 ✓ |extended-local| tests/contracts/engine/query/relation-key-update-legality-occupied-to-many.test.ts (6 tests) 673ms
 ❯ |extended-local| tests/contracts/engine/write/nested-error-attribution.test.ts (6 tests | 1 failed) 481ms
 ✓ |extended-local| tests/contracts/engine/write/shared-pk-connect-or-create.test.ts (29 tests) 677ms
 ✓ |extended-local| tests/contracts/engine/write/parent-held-compound-edge.test.ts (16 tests) 565ms
 ✓ |extended-local| tests/contracts/engine/write/batch-updated-pk-dataflow-witness.test.ts (3 tests) 741ms
 ✓ |extended-local| tests/unit/cache/brand-token-keys.test.ts (4 tests) 523ms
 ✓ |extended-local| tests/unit/migrations/forward-fk-ordering.test.ts (1 test) 464ms
 FAIL  |extended-local| tests/contracts/public-client/batch-transaction.test.ts > $transaction with array (batch mode) > batch-only driver batches nested write operations atomically
 FAIL  |extended-local| tests/contracts/public-client/batch-transaction.test.ts > $transaction with array (batch mode) > batch-only shared parsing keeps exact partitions with insert ids
 FAIL  |extended-local| tests/contracts/public-client/batch-transaction.test.ts > $transaction([...]) guard attribution after rollback > batch-only: a premise the rollback does NOT restore is still at
 FAIL  |extended-local| tests/contracts/engine/query/nested-write-conformance-fk.test.ts > nested-write conformance: FK relations (tx vs batch) > createMany duplicate PK rolls back parent and prior ch
 FAIL  |extended-local| tests/contracts/engine/write/create-many-skip-depth.test.ts > X1b mechanism 3 — createMany skipDuplicates under a located update target > batch: skip keeps the fresh child un
 FAIL  |extended-local| tests/contracts/engine/write/create-many-skip-depth.test.ts > X1b mechanism 3 — createMany skipDuplicates under a fresh create at depth > batch: skip under a fresh create att
 FAIL  |extended-local| tests/contracts/engine/write/junction-create-many-routing.test.ts > residual F1 — junction skip disposition is row-local and ordered > a spelled scalar key links only when th
 FAIL  |extended-local| tests/contracts/engine/write/junction-create-many-routing.test.ts > residual F1 — junction skip disposition is row-local and ordered > a relation-bearing spelled duplicate su
 FAIL  |extended-local| tests/contracts/engine/write/junction-create-many-routing.test.ts > residual F1 — junction skip disposition is row-local and ordered > a scalar adopter plans after a relation
 FAIL  |extended-local| tests/contracts/engine/write/junction-create-many-routing.test.ts > residual F1 — unnameable indexes dominate an adoptable selector > a spelled key does not link when only a 
 FAIL  |extended-local| tests/contracts/engine/write/nested-error-attribution.test.ts > nested statement error attribution > a tree folded into ONE statement keeps the operation's model
 Test Files  5 failed | 9 passed (14)
      Tests  11 failed | 225 passed (236)
[test:all] extended-local shared-family shard 5/8 (14 suites): 13.90s wall, 2323.1 MiB peak sampled process-group RSS (sampled ceiling 2560 MiB, isolated live-PGlite provider). Teardown verified.
