
 RUN  v3.1.4 /Users/arnaud/code/viborm

 ✓ |raptor3| tests/raptor3/transitions/conditional-upsert-commands.test.ts (11 tests) 149ms
 ✓ |raptor3| tests/raptor3/transitions/singular-lattice-commands.test.ts (58 tests) 306ms
 ✓ |raptor3| tests/raptor3/transitions/shared-key-suppliers-commands.test.ts (4 tests) 75ms
 ✓ |raptor3| tests/raptor3/transitions/junction-identity-commands.test.ts (2 tests) 134ms
 ✓ |raptor3| tests/raptor3/transitions/series-staleness-commands.test.ts (4 tests) 70ms
 ✓ |raptor3| tests/raptor3/transitions/mixed-key-transitions-commands.test.ts (8 tests) 92ms
 ✓ |raptor3| tests/raptor3/transitions/supplier-continuations-commands.test.ts (10 tests) 88ms
 ✓ |raptor3| tests/raptor3/transitions/membership-own-write-commands.test.ts (8 tests) 85ms
 ✓ |raptor3| tests/raptor3/transitions/staleness-commands.test.ts (3 tests) 51ms
 ✓ |raptor3| tests/raptor3/transitions/singular-commands.test.ts (20 tests) 277ms
 ✓ |raptor3| tests/raptor3/transitions/junctions-commands.test.ts (26 tests) 338ms
 ✓ |raptor3| tests/raptor3/transitions/variant-removals-commands.test.ts (14 tests) 269ms
 ✓ |raptor3| tests/raptor3/transitions/occupied-keys-commands.test.ts (8 tests) 115ms
 ✓ |raptor3| tests/raptor3/transitions/required-commands.test.ts (8 tests) 62ms
 ✓ |raptor3| tests/raptor3/transitions/keys-commands.test.ts (14 tests) 117ms
 ✓ |raptor3| tests/raptor3/transitions/own-write-commands.test.ts (18 tests) 157ms

 Test Files  16 passed (16)
      Tests  216 passed (216)
   Start at  11:12:26
   Duration  5.65s (transform 1.05s, setup 25ms, collect 2.97s, tests 2.38s, environment 0ms, prepare 35ms)

JSON report written to /private/tmp/viborm-rq-gate-tmp/viborm-raptor3-g0-SGRPgX/vitest.json
Vitest resources: 7.52s wall, 693.9 MiB peak sampled process-group RSS (sampled ceiling 1536 MiB). Teardown verified.
Raptor 3 g2-contracts contract gate verified. Evidence: /private/tmp/viborm-rq-gate-tmp/viborm-raptor3-g0-SGRPgX
