
 RUN  v3.1.4 /Users/arnaud/code/viborm

 ✓ |coverage-raptor3| tests/raptor3/g4/parity/reference-representability.test.ts (26 tests) 124ms
 ✓ |coverage-raptor3| tests/raptor3/g4/parity/one-write-outcome-composition.test.ts (4 tests) 15ms
 ✓ |coverage-raptor3| tests/raptor3/g4/parity/transport-witnesses.test.ts (7 tests) 21ms
 ✓ |coverage-raptor3| tests/raptor3/g4/parity/upsert-array-route.test.ts (6 tests) 17ms
 ✓ |coverage-raptor3| tests/raptor3/g4/parity/prepared-set-predicates.test.ts (9 tests) 39ms
 ✓ |coverage-raptor3| tests/raptor3/g4/parity/published-key.test.ts (12 tests) 44ms
 ✓ |coverage-raptor3| tests/raptor3/g4/parity/singular-slot-transition.test.ts (10 tests) 33ms
 ✓ |coverage-raptor3| tests/raptor3/g4/parity/read-only-build-contract.test.ts (3 tests) 6ms
 ✓ |coverage-raptor3| tests/raptor3/g4/parity/suppressed-membership-target.test.ts (7 tests) 27ms
 ✓ |coverage-raptor3| tests/raptor3/g4/parity/series-member-premise.test.ts (4 tests) 17ms
 ✓ |raptor3| tests/raptor3/g4/parity/reference-representability.test.ts (26 tests) 136ms
 ✓ |raptor3| tests/raptor3/g4/parity/one-write-outcome-composition.test.ts (4 tests) 14ms
 ✓ |raptor3| tests/raptor3/g4/parity/transport-witnesses.test.ts (7 tests) 19ms
 ✓ |raptor3| tests/raptor3/g4/parity/upsert-array-route.test.ts (6 tests) 15ms
 ✓ |raptor3| tests/raptor3/g4/parity/prepared-set-predicates.test.ts (9 tests) 35ms
 ✓ |raptor3| tests/raptor3/g4/parity/published-key.test.ts (12 tests) 43ms
 ✓ |raptor3| tests/raptor3/g4/parity/singular-slot-transition.test.ts (10 tests) 33ms
 ✓ |raptor3| tests/raptor3/g4/parity/read-only-build-contract.test.ts (3 tests) 4ms
 ✓ |raptor3| tests/raptor3/g4/parity/suppressed-membership-target.test.ts (7 tests) 24ms
 ✓ |raptor3| tests/raptor3/g4/parity/series-member-premise.test.ts (4 tests) 19ms
 ✓ |extended-local| tests/raptor3/g4/parity/ordered-observation.test.ts (39 tests) 203ms

 Test Files  21 passed (21)
      Tests  215 passed (215)
   Start at  11:11:34
   Duration  7.03s (transform 3.00s, setup 33ms, collect 5.60s, tests 889ms, environment 0ms, prepare 80ms)

Vitest resources: 8.90s wall, 730.8 MiB peak sampled process-group RSS (sampled ceiling 1536 MiB). Teardown verified.
