
 RUN  v3.1.4 /Users/arnaud/code/viborm

(node:35151) DeprecationWarning: Calling client.query() when the client is already executing a query is deprecated and will be removed in pg@9.0. Use async/await or an external async flow control mechanism instead.
(Use `node --trace-deprecation ...` to show where the warning was created)
 ✓ |provider-pg| tests/providers/docker/pg-read-surface.test.ts (76 tests) 83322ms
   ✓ pg Driver > pg relation read/aggregate behavior > relation _count selection > select _count returns exact counts, including zero  1824ms
   ✓ pg Driver > pg relation read/aggregate behavior > relation _count selection > returns multiple counts with a long public relation name  1681ms
   ✓ pg Driver > pg relation read/aggregate behavior > relation _count selection > includes a long relation under its exact public name  1728ms
   ✓ pg Driver > pg relation read/aggregate behavior > relation _count selection > select _count on findUnique with zero relations  1572ms
   ✓ pg Driver > pg relation read/aggregate behavior > relation _count selection > filtered _count only counts rows matching the where  1690ms
   ✓ pg Driver > pg relation read/aggregate behavior > relation _count selection > _count alongside relation rows returns both  1881ms
   ✓ pg Driver > pg relation read/aggregate behavior > relation _count selection > _count inside include returns counts alongside relations  1845ms
   ✓ pg Driver > pg relation read/aggregate behavior > _count: true shorthand > select _count: true counts every to-many relation  1847ms
   ✓ pg Driver > pg relation read/aggregate behavior > _count: true shorthand > select _count: true equals the explicit object form  1710ms
   ✓ pg Driver > pg relation read/aggregate behavior > _count: true shorthand > include _count: true counts every to-many relation  1813ms
   ✓ pg Driver > pg relation read/aggregate behavior > _count: true shorthand > include _count: true sits alongside included relations  1427ms
   ✓ pg Driver > pg relation read/aggregate behavior > _count: true shorthand > _count: true on findUnique counts for the single row  1231ms
   ✓ pg Driver > pg relation read/aggregate behavior > _count: true shorthand > _count: true skips to-one relations (no list relation, no key)  1132ms
   ✓ pg Driver > pg relation read/aggregate behavior > _count: true shorthand > _count: true inside a nested include  1095ms
   ✓ pg Driver > pg relation read/aggregate behavior > relation orderBy > orderBy posts._count desc yields exact order  1083ms
   ✓ pg Driver > pg relation read/aggregate behavior > relation orderBy > orderBy posts._count asc yields exact order  1103ms
   ✓ pg Driver > pg relation read/aggregate behavior > relation orderBy > orderBy to-one relation scalar asc/desc  1089ms
   ✓ pg Driver > pg relation read/aggregate behavior > to-one relation filters > isNot with real conditions includes null-FK rows  1100ms
   ✓ pg Driver > pg relation read/aggregate behavior > to-one relation filters > findMany applies same-object is and isNot filters independent of key order  1049ms
   ✓ pg Driver > pg relation read/aggregate behavior > to-one relation filters > findMany combines null and object to-one filters  987ms
   ✓ pg Driver > pg relation read/aggregate behavior > to-many relation filters on the read path > findMany applies same-object some and none filters independent of key order  991ms
   ✓ pg Driver > pg relation read/aggregate behavior > to-many relation filters on the read path > findMany applies same-object some and every filters independent of key order  992ms
   ✓ pg Driver > pg relation read/aggregate behavior > to-many relation filters on the read path > every with an empty condition matches zero related rows  962ms
   ✓ pg Driver > pg relation read/aggregate behavior > to-many relation filters on the read path > every with an empty condition matches one related row  980ms
   ✓ pg Driver > pg relation read/aggregate behavior > to-many relation filters on the read path > every with an empty condition matches several related rows  963ms
   ✓ pg Driver > pg relation read/aggregate behavior > to-many relation filters on the read path > every matches vacuously for zero relations  993ms
   ✓ pg Driver > pg relation read/aggregate behavior > to-many relation filters on the read path > none excludes any user with a matching relation  967ms
   ✓ pg Driver > pg relation read/aggregate behavior > to-many relation filters on the read path > none with empty condition means zero relations  970ms
   ✓ pg Driver > pg nested relation orderBy behavior > orders root rows by a two-hop to-one chain  1002ms
   ✓ pg Driver > pg nested relation orderBy behavior > orders root rows by a three-hop to-one chain  1054ms
   ✓ pg Driver > pg nested relation orderBy behavior > runs the sorting docs three-hop author chain example  1023ms
   ✓ pg Driver > pg nested relation orderBy behavior > places null relation-chain rows according to explicit nulls  1078ms
   ✓ pg Driver > pg nested relation orderBy behavior > orders a self-relation chain by parent.parent.name  1017ms
   ✓ pg Driver > pg nested relation orderBy behavior > rejects ordering through a to-many relation mid-chain  1009ms
   ✓ pg Driver > pg nested relation orderBy behavior > combines nested orderBy with take, skip, and scalar tiebreakers  1076ms
   ✓ pg Driver > pg nested relation orderBy behavior > orders included to-many rows by a nested relation chain  1022ms
   ✓ pg Driver > pg omit > findMany drops exactly the omitted scalar  975ms
   ✓ pg Driver > pg omit > findUnique / findFirst honor omit  950ms
   ✓ pg Driver > pg omit > omit composes with include, and the relation keeps its own shape  968ms
   ✓ pg Driver > pg omit > nested omit reduces the relation payload only  991ms
   ✓ pg Driver > pg omit > omit at both levels applies independently  945ms
   ✓ pg Driver > pg omit > create / update / upsert / delete honor omit  982ms
   ✓ pg Driver > pg omit > create composes select with omit  943ms
   ✓ pg Driver > pg omit > a bulk write with omit returns the projected rows, not a count  947ms
   ✓ pg Driver > pg omit > a bulk write composes select with omit  967ms
   ✓ pg Driver > pg omit > a bulk write WITHOUT a projection still counts  953ms
   ✓ pg Driver > pg omit > select + omit returns the selected shape minus overlaps  944ms
   ✓ pg Driver > pg omit > an omit that hides every field is refused  952ms
   ✓ pg Driver > pg omit > a model-level omitted column never comes back  950ms
   ✓ pg Driver > pg omit > neither select nor omit can re-include it  961ms
   ✓ pg Driver > pg omit > a model-level omitted column cannot be selected through a relation  953ms
   ✓ pg Driver > pg omit > client-level omit hides the field on every read of that model  981ms
   ✓ pg Driver > pg omit > client-level omit reaches relation payloads  944ms
   ✓ pg Driver > pg omit > a local omit: { field: false } re-includes a globally hidden field  943ms
   ✓ pg Driver > pg omit > a local omit adds to the global one instead of replacing it  988ms
   ✓ pg Driver > pg omit > an explicit select overrides the client default before local omit subtracts  980ms
   ✓ pg Driver > pg omit > select + omit composes through a selected relation include and all omit layers  996ms
   ✓ pg Driver > pg omit > client-level omit does not turn a bulk write into a row-returning one  943ms
   ✓ pg Driver > pg omit > a client that configures nothing is unaffected  935ms
   ✓ pg Driver > pg bulk-write limit > deleteMany limit below the matching count removes exactly limit rows  956ms
   ✓ pg Driver > pg bulk-write limit > deleteMany limit equal to the matching count removes all of them  950ms
   ✓ pg Driver > pg bulk-write limit > deleteMany limit above the matching count is the uncapped delete  940ms
   ✓ pg Driver > pg bulk-write limit > deleteMany limit 0 removes nothing and reports count 0  935ms
   ✓ pg Driver > pg bulk-write limit > deleteMany limit without a where caps a whole-table delete  972ms
   ✓ pg Driver > pg bulk-write limit > updateMany limit below the matching count updates exactly limit rows  963ms
   ✓ pg Driver > pg bulk-write limit > updateMany limit at or above the matching count updates all of them  959ms
   ✓ pg Driver > pg bulk-write limit > updateMany limit 0 changes nothing and reports count 0  936ms
   ✓ pg Driver > pg bulk-write limit > updateMany limit composes with an arithmetic update  948ms
   ✓ pg Driver > pg bulk-write limit > updateMany limit composes with a relation filter  949ms
   ✓ pg Driver > pg bulk-write limit > deleteMany limit composes with a relation filter  947ms
   ✓ pg Driver > pg bulk-write limit > updateMany with select returns exactly the capped rows  952ms
   ✓ pg Driver > pg bulk-write limit > deleteMany with select returns exactly the capped rows  956ms
   ✓ pg Driver > pg bulk-write limit > a select-carrying bulk write with limit 0 returns an empty row set  958ms
   ✓ pg Driver > pg bulk-write limit > limit works on a model with a compound primary key  983ms
   ✓ pg Driver > pg bulk-write limit > limit 0 is the same no-op inside $transaction([...])  978ms
   ✓ pg Driver > pg bulk-write limit > a negative or fractional limit is rejected before any write  964ms

 Test Files  1 passed (1)
      Tests  76 passed (76)
   Start at  18:38:35
   Duration  86.10s (transform 1.71s, setup 19ms, collect 2.55s, tests 83.32s, environment 0ms, prepare 53ms)

Vitest resources: 88.76s wall, 511.5 MiB peak sampled process-group RSS (sampled ceiling 1536 MiB). Teardown verified.
