8f4a447c5908a82ae6e704d08e1536e65c4444cff09ee59f9c4f1bc102f217d3  scripts/credential-free-test-manifest.mjs
expected 8f4a447c5908a82ae6e704d08e1536e65c4444cff09ee59f9c4f1bc102f217d3
 scripts/credential-free-test-manifest.mjs | 48 +++++++++++++++++++++++++++++++
 1 file changed, 48 insertions(+)
EXTENDED_LOCAL_TESTS 251 g4 files: 0
✔ a verified G3 child corpus archives and restores byte-for-byte (18.728083ms)
✔ a child corpus archive carries the replay command of its own lane (3.737167ms)
✔ a failed G3 child archive leaves the raw corpus unchanged (3.360042ms)
✔ structural measurement qualification pins the exact Node runtime (0.56825ms)
✔ credential-free registration isolates native Raptor suites and retains local fixed suites (0.12375ms)
✔ CS-03 extension modes bind exact ranges, identities, cells, and replays (9.427708ms)
✔ CS-03 extension alternatives compare canonical recipes, schedules, and outcomes (15.508375ms)
✔ G2.5 admits its fixed unfiltered checkpoint without changing G2 campaigns (0.143042ms)
✔ G3 bulk series admits its exact fixed contract without filters (0.095792ms)
✔ G3 suppression retry admits its exact fixed contract without filters (0.100667ms)
✔ G3 transaction array admits its exact fixed contract without filters (0.076ms)
✔ G3 generated smoke admits its exact contract without filters (0.065208ms)
✔ G3 transport smoke admits its exact contract without filters (0.055666ms)
✔ G3 failure minimization admits its exact contract without filters (0.043125ms)
✔ G3 depth recurrence admits its exact fixed contract without filters (0.0365ms)
✔ G3 execution review admits its exact diagnostic contract (0.036958ms)
✔ G3 author execution regressions admit their exact fixed contract (0.041ms)
✔ g3-scope-failure admits its exact local fixed contract (0.042667ms)
✔ g3-bulk-result-boundary admits its exact local fixed contract (0.027042ms)
✔ G3 pg scope composition admits its exact native contract (0.040917ms)
✔ G3 mysql scope composition admits its exact native contract (0.024583ms)
✔ SQLite: G3 generated receipts fail closed when stale, missing, or corrupt (1.049667ms)
✔ scripted transport: G3 generated receipts fail closed when stale, missing, or corrupt (0.854583ms)
✔ g3-seeds binds the exact G3 range and batch boundary (0.252625ms)
✔ g3-transport-seeds binds the exact G3 range and batch boundary (0.089416ms)
✔ SQLite: G2 admits only the frozen range and unfiltered commands (0.228125ms)
✔ SQLite: unit receipts require every exact cell, replay and zero skips (1.537042ms)
✔ SQLite: unit quota claims must reach twenty percent in EACH profile (0.651333ms)
✔ scripted transport: G2 admits only the frozen range and unfiltered commands (0.184209ms)
✔ scripted transport: unit receipts require every exact cell, replay and zero skips (1.111208ms)
✔ scripted transport: unit quota claims must reach twenty percent in EACH profile (0.555125ms)
✔ SQLite: G3P-06 reserves exactly one new unfiltered batch (0.211084ms)
✔ SQLite: G3P-06 receipts bind every new profile/seed cell (0.361416ms)
✔ scripted transport: G3P-06 reserves exactly one new unfiltered batch (0.151583ms)
✔ scripted transport: G3P-06 receipts bind every new profile/seed cell (0.322708ms)
✔ G4 suites stay outside credential-free discovery while they are red (0.067083ms)
✔ G4 fixed modes admit their exact contract without filters (0.423458ms)
✔ G4 write lanes reuse the G3 campaign on fresh disjoint ranges (1.1835ms)
✔ G4 campaign modes bind the frozen disjoint ranges and their subjects (0.914875ms)
ℹ tests 39
ℹ suites 0
ℹ pass 39
ℹ fail 0
ℹ cancelled 0
ℹ skipped 0
ℹ todo 0
ℹ duration_ms 68.062
Node resources: 0.37s wall, 69.6 MiB peak sampled process-group RSS (sampled ceiling 1536 MiB). Teardown verified.
