{
  "formatVersion": 1,
  "source": "generated-corpus.json",
  "file": "generated-corpus.json.gz",
  "encoding": "gzip",
  "originalBytes": 64007271,
  "originalSha256": "2a4fe7e634080816f7cf1bc85160de90fd6378b6e8a41368a3249acf98bcf18e",
  "archiveBytes": 1289289,
  "receipt": "generated-corpus.archive.json",
  "restoreWorkingDirectory": "the directory containing generated-corpus.archive.json",
  "restoreCommand": "g3_corpus_restore_dir=$(mktemp -d); gzip -dc \"generated-corpus.json.gz\" > \"$g3_corpus_restore_dir/generated-corpus.json\"",
  "replayCommand": "cd \"/Users/arnaud/code/viborm/\"; node scripts/run-raptor3.mjs replay \"$g3_corpus_restore_dir/generated-corpus.json\""
}
2a4fe7e634080816f7cf1bc85160de90fd6378b6e8a41368a3249acf98bcf18e  /var/folders/2c/xh5rx2d91wd_lk8rvnnhlr4m0000gn/T/tmp.dzIekCuNNV/generated-corpus.json

 RUN  v3.1.4 /Users/arnaud/code/viborm

 ❯ |raptor3| tests/raptor3/gate.test.ts (1 test | 1 failed) 333ms
   × replays the saved corpus against its exact executed-source identity 333ms
     → Stale Raptor 3 evidence: executed source or runtime changed
+ actual - expected

  {
+   harness: '85895c70eab4da8e36ed91ad8059fc9a915af1c68566d79dc2ce3ad96d6029b9',
-   harness: 'd8ac2a498e55f77fed018d2a4855705f084d6bbed657fd80fadc0ddde8630c28',
    production: 'a830d71355aef8384db97df62d9d2efbd25b329a4cc6178907a3530e692b8760',
    runtime: {
      architecture: 'arm64',
      node: 'v24.21.0',
      platform: 'darwin',


⎯⎯⎯⎯⎯⎯⎯ Failed Tests 1 ⎯⎯⎯⎯⎯⎯⎯

 FAIL  |raptor3| tests/raptor3/gate.test.ts > replays the saved corpus against its exact executed-source identity
AssertionError: Stale Raptor 3 evidence: executed source or runtime changed
+ actual - expected

  {
+   harness: '85895c70eab4da8e36ed91ad8059fc9a915af1c68566d79dc2ce3ad96d6029b9',
-   harness: 'd8ac2a498e55f77fed018d2a4855705f084d6bbed657fd80fadc0ddde8630c28',
    production: 'a830d71355aef8384db97df62d9d2efbd25b329a4cc6178907a3530e692b8760',
    runtime: {
      architecture: 'arm64',
      node: 'v24.21.0',
      platform: 'darwin',


[32m- Expected[39m
[31m+ Received[39m

[33m@@ -1,7 +1,7 @@[39m
[2m  {[22m
[32m-   "harness": "d8ac2a498e55f77fed018d2a4855705f084d6bbed657fd80fadc0ddde8630c28",[39m
[31m+   "harness": "85895c70eab4da8e36ed91ad8059fc9a915af1c68566d79dc2ce3ad96d6029b9",[39m
[2m    "production": "a830d71355aef8384db97df62d9d2efbd25b329a4cc6178907a3530e692b8760",[22m
[2m    "runtime": {[22m
[2m      "architecture": "arm64",[22m
[2m      "node": "v24.21.0",[22m
[2m      "platform": "darwin",[22m

 ❯ assertRaptor3Identity scripts/raptor3-manifest.mjs:933:10
    931|   actual = captureRaptor3Identity()
    932| ) {
    933|   assert.deepEqual(
       |          ^
    934|     actual,
    935|     expected,
 ❯ tests/raptor3/gate.test.ts:134:5

⎯⎯⎯⎯⎯⎯⎯⎯⎯⎯⎯⎯⎯⎯⎯⎯⎯⎯⎯⎯⎯⎯⎯⎯[1/1]⎯


 Test Files  1 failed (1)
      Tests  1 failed (1)
   Start at  08:45:18
   Duration  3.14s (transform 1.63s, setup 15ms, collect 2.59s, tests 333ms, environment 0ms, prepare 62ms)

JSON report written to /var/folders/2c/xh5rx2d91wd_lk8rvnnhlr4m0000gn/T/viborm-raptor3-g0-bvnZml/vitest.json
Vitest resources: 6.68s wall, 664.1 MiB peak sampled process-group RSS (sampled ceiling 1536 MiB). Teardown verified.
Raptor 3 verification failed; diagnostics: /var/folders/2c/xh5rx2d91wd_lk8rvnnhlr4m0000gn/T/viborm-raptor3-g0-bvnZml
replay exit=1
