1e1d4736b05c8c926603475c09389a93a2345e74ae1c137c91b8acb91d20d2b6  /var/folders/2c/xh5rx2d91wd_lk8rvnnhlr4m0000gn/T/tmp.qbrgHDlyEi/generated-corpus.json

 RUN  v3.1.4 /Users/arnaud/code/viborm

 ❯ |raptor3| tests/raptor3/gate.test.ts (1 test | 1 failed) 109ms
   × replays the saved corpus against its exact executed-source identity 108ms
     → Stale Raptor 3 evidence: executed source or runtime changed
+ actual - expected

  {
+   harness: 'd8ac2a498e55f77fed018d2a4855705f084d6bbed657fd80fadc0ddde8630c28',
-   harness: 'eabbb53157aaddc943d59929ed5c7f40273fb78982ba7a80a863a8a94062af4d',
    production: 'a830d71355aef8384db97df62d9d2efbd25b329a4cc6178907a3530e692b8760',
    runtime: {
      architecture: 'arm64',
      node: 'v24.21.0',
      platform: 'darwin',


⎯⎯⎯⎯⎯⎯⎯ Failed Tests 1 ⎯⎯⎯⎯⎯⎯⎯

 FAIL  |raptor3| tests/raptor3/gate.test.ts > replays the saved corpus against its exact executed-source identity
AssertionError: Stale Raptor 3 evidence: executed source or runtime changed
+ actual - expected

  {
+   harness: 'd8ac2a498e55f77fed018d2a4855705f084d6bbed657fd80fadc0ddde8630c28',
-   harness: 'eabbb53157aaddc943d59929ed5c7f40273fb78982ba7a80a863a8a94062af4d',
    production: 'a830d71355aef8384db97df62d9d2efbd25b329a4cc6178907a3530e692b8760',
    runtime: {
      architecture: 'arm64',
      node: 'v24.21.0',
      platform: 'darwin',


[32m- Expected[39m
[31m+ Received[39m

[33m@@ -1,7 +1,7 @@[39m
[2m  {[22m
[32m-   "harness": "eabbb53157aaddc943d59929ed5c7f40273fb78982ba7a80a863a8a94062af4d",[39m
[31m+   "harness": "d8ac2a498e55f77fed018d2a4855705f084d6bbed657fd80fadc0ddde8630c28",[39m
[2m    "production": "a830d71355aef8384db97df62d9d2efbd25b329a4cc6178907a3530e692b8760",[22m
[2m    "runtime": {[22m
[2m      "architecture": "arm64",[22m
[2m      "node": "v24.21.0",[22m
[2m      "platform": "darwin",[22m

 ❯ assertRaptor3Identity scripts/raptor3-manifest.mjs:933:10
    931|   actual = captureRaptor3Identity()
    932| ) {
    933|   assert.deepEqual(
       |          ^
    934|     actual,
    935|     expected,
 ❯ tests/raptor3/gate.test.ts:134:5

⎯⎯⎯⎯⎯⎯⎯⎯⎯⎯⎯⎯⎯⎯⎯⎯⎯⎯⎯⎯⎯⎯⎯⎯[1/1]⎯


 Test Files  1 failed (1)
      Tests  1 failed (1)
   Start at  08:44:39
   Duration  2.00s (transform 1.16s, setup 9ms, collect 1.74s, tests 109ms, environment 0ms, prepare 33ms)

JSON report written to /var/folders/2c/xh5rx2d91wd_lk8rvnnhlr4m0000gn/T/viborm-raptor3-g0-Rpy7HG/vitest.json
Vitest resources: 4.06s wall, 525.3 MiB peak sampled process-group RSS (sampled ceiling 1536 MiB). Teardown verified.
Raptor 3 verification failed; diagnostics: /var/folders/2c/xh5rx2d91wd_lk8rvnnhlr4m0000gn/T/viborm-raptor3-g0-Rpy7HG
replay exit=1
