
 RUN  v3.1.4 /Users/arnaud/code/viborm

 ❯ |raptor3-live-provider| tests/raptor3/g4/native/read-envelope-native.test.ts (4 tests | 2 failed) 77ms
   × G4 native pg read envelope > g4-native-scalar-codec-round-trip 35ms
     → Driver "pg" returned a malformed date scalar for operation "findMany": the Date is invalid or not UTC midnight.
   ✓ G4 native pg read envelope > g4-native-string-mode-and-nulls-ordering 16ms
   ✓ G4 native pg read envelope > g4-native-cursor-pagination-and-aggregate-shapes 13ms
   × G4 native pg read envelope > g4-native-recursive-read-fit 12ms
     → Query execution failed

⎯⎯⎯⎯⎯⎯⎯ Failed Tests 2 ⎯⎯⎯⎯⎯⎯⎯

 FAIL  |raptor3-live-provider| tests/raptor3/g4/native/read-envelope-native.test.ts > G4 native pg read envelope > g4-native-scalar-codec-round-trip
QueryEngineError: Driver "pg" returned a malformed date scalar for operation "findMany": the Date is invalid or not UTC midnight.
⎯⎯⎯⎯⎯⎯⎯⎯⎯⎯⎯⎯⎯⎯⎯⎯⎯⎯⎯⎯⎯⎯⎯⎯[1/2]⎯

 FAIL  |raptor3-live-provider| tests/raptor3/g4/native/read-envelope-native.test.ts > G4 native pg read envelope > g4-native-recursive-read-fit
QueryError: Query execution failed
Caused by: Error: Underlying error details redacted
⎯⎯⎯⎯⎯⎯⎯⎯⎯⎯⎯⎯⎯⎯⎯⎯⎯⎯⎯⎯⎯⎯⎯⎯⎯⎯⎯⎯⎯⎯
Serialized Error: { code: '42883' }
⎯⎯⎯⎯⎯⎯⎯⎯⎯⎯⎯⎯⎯⎯⎯⎯⎯⎯⎯⎯⎯⎯⎯⎯[2/2]⎯


 Test Files  1 failed (1)
      Tests  2 failed | 2 passed (4)
   Start at  02:50:41
   Duration  1.77s (transform 1.02s, setup 8ms, collect 1.56s, tests 77ms, environment 0ms, prepare 32ms)

JSON report written to /var/folders/2c/xh5rx2d91wd_lk8rvnnhlr4m0000gn/T/viborm-raptor3-g0-6ZbPyV/vitest.json
Vitest resources: 3.78s wall, 514.7 MiB peak sampled process-group RSS (sampled ceiling 1536 MiB). Teardown verified.
Raptor 3 verification failed; diagnostics: /var/folders/2c/xh5rx2d91wd_lk8rvnnhlr4m0000gn/T/viborm-raptor3-g0-6ZbPyV
exit=1
