
> viborm@0.1.0 test:coverage:policy /Users/arnaud/code/viborm
> node scripts/run-node-safe.mjs 512 60000 scripts/coverage-policy.test.mjs && node scripts/run-node-safe.mjs 512 60000 scripts/bounded-process.test.mjs && node scripts/run-node-safe.mjs 512 60000 scripts/test-run-lock.test.mjs

✔ every TypeScript source has exactly one coverage owner (5.123083ms)
✔ subsystem configs derive includes and thresholds from the manifest (0.346709ms)
✔ waived sources remain owned and included (0.21925ms)
✔ test fixtures use the workspace alias instead of root-absolute imports (265.656ms)
✔ migration coverage admits every credential-free local contract (1.917333ms)
✔ migration core contracts open no database outside the named in-memory SQLite exception (18.014458ms)
✔ client coverage admits the core and audited deterministic contracts (0.620375ms)
✔ driver coverage isolates provider resources and admits only audited local providers (5.238125ms)
✔ query coverage admits every core contract exactly once (4.570167ms)
✔ write coverage admits the core and audited high-signal local contracts (4.349083ms)
✔ cache coverage admits every deterministic cache contract exactly once (1.333417ms)
ℹ tests 11
ℹ suites 0
ℹ pass 11
ℹ fail 0
ℹ cancelled 0
ℹ skipped 0
ℹ todo 0
ℹ duration_ms 313.18875
Node resources: 0.63s wall, 0.7 MiB peak sampled process-group RSS (sampled ceiling 1536 MiB). Teardown verified.
✔ fails closed where process-tree bounds cannot be verified (0.6745ms)
✔ process-group RSS sums every member and ignores other groups (0.17725ms)
✔ process-group teardown ignores zombie-only groups (0.079417ms)
✔ heap replacement preserves unrelated Node options (0.0905ms)
✔ RSS limit defaults to the project cap and is configurable (0.417375ms)
✔ the ordinary ceiling is 1536 MiB and may only ever be lowered (0.096125ms)
✔ no ordinary caller can reach the 2560 MiB PGlite allowance (0.179792ms)
✔ the allowlisted typecheck ceiling reaches 8192 MiB and stops there (0.095459ms)
✔ the allowlisted PGlite ceiling reaches 2560 MiB and stops there (0.087209ms)
✔ the resource line names the ceiling that was applied (0.641875ms)
✔ a bounded run reports the ceiling it enforced (253.237708ms)
✔ heap limits may be lowered but never raised above the caller cap (0.21175ms)
✔ Vitest arguments end with the enforced single-worker policy (0.078625ms)
RSS limit witness exceeded its 48 MiB sampled process-group RSS ceiling (ordinary project).
✔ the sampled RSS ceiling terminates the complete child group (742.146583ms)
RSS group teardown witness exceeded its 48 MiB sampled process-group RSS ceiling (ordinary project).
RSS group teardown witness exceeded its 48 MiB sampled process-group RSS ceiling (ordinary project).
RSS group teardown witness exceeded its 48 MiB sampled process-group RSS ceiling (ordinary project).
RSS group teardown witness exceeded its 48 MiB sampled process-group RSS ceiling (ordinary project).
RSS group teardown witness exceeded its 48 MiB sampled process-group RSS ceiling (ordinary project).
RSS group teardown witness exceeded its 48 MiB sampled process-group RSS ceiling (ordinary project).
RSS group teardown witness exceeded its 48 MiB sampled process-group RSS ceiling (ordinary project).
RSS group teardown witness exceeded its 48 MiB sampled process-group RSS ceiling (ordinary project).
✔ RSS teardown verifies a group whose leader and worker exit together (5852.06525ms)
✔ normal leader exit still tears down inherited descendants (486.445459ms)
ℹ tests 16
ℹ suites 0
ℹ pass 16
ℹ fail 0
ℹ cancelled 0
ℹ skipped 0
ℹ todo 0
ℹ duration_ms 7341.085792
Node resources: 7.68s wall, 61.1 MiB peak sampled process-group RSS (sampled ceiling 1536 MiB). Teardown verified.
✔ a bounded descendant inherits its ancestor's workspace lock (321.325208ms)
✔ parses complete process rows without truncating commands (0.377625ms)
✔ refuses malformed, duplicate, and incomplete process graphs (0.157208ms)
✔ excludes every direct, pnpm, and coverage-wrapper ancestor (0.124917ms)
✔ finds stale Vitest, TypeScript, tsdown, and Vitest worker processes (0.170833ms)
✔ does not confuse a sibling path with the current workspace (0.06375ms)
ℹ tests 6
ℹ suites 0
ℹ pass 6
ℹ fail 0
ℹ cancelled 0
ℹ skipped 0
ℹ todo 0
ℹ duration_ms 325.02275
Node resources: 0.62s wall, 0.5 MiB peak sampled process-group RSS (sampled ceiling 1536 MiB). Teardown verified.
