
 RUN  v3.1.4 /private/tmp/viborm-p1

 ✓ |raptor3| tests/raptor3/transitions/conditional-upsert-commands.test.ts (11 tests) 124ms
 ✓ |raptor3| tests/raptor3/transitions/singular-lattice-commands.test.ts (58 tests) 243ms
 ✓ |raptor3| tests/raptor3/transitions/shared-key-suppliers-commands.test.ts (4 tests) 62ms
 ✓ |raptor3| tests/raptor3/transitions/junction-identity-commands.test.ts (2 tests) 109ms
 ✓ |raptor3| tests/raptor3/transitions/series-staleness-commands.test.ts (4 tests) 64ms
 ✓ |raptor3| tests/raptor3/transitions/mixed-key-transitions-commands.test.ts (8 tests) 81ms
 ✓ |raptor3| tests/raptor3/transitions/supplier-continuations-commands.test.ts (10 tests) 81ms
 ✓ |raptor3| tests/raptor3/transitions/membership-own-write-commands.test.ts (8 tests) 65ms
 ✓ |raptor3| tests/raptor3/transitions/staleness-commands.test.ts (3 tests) 39ms
 ✓ |raptor3| tests/raptor3/transitions/singular-commands.test.ts (20 tests) 109ms
 ✓ |raptor3| tests/raptor3/transitions/junctions-commands.test.ts (26 tests) 202ms
 ✓ |raptor3| tests/raptor3/transitions/variant-removals-commands.test.ts (14 tests) 88ms
 ✓ |raptor3| tests/raptor3/transitions/occupied-keys-commands.test.ts (8 tests) 80ms
 ✓ |raptor3| tests/raptor3/transitions/required-commands.test.ts (8 tests) 52ms
 ✓ |raptor3| tests/raptor3/transitions/keys-commands.test.ts (14 tests) 92ms
 ✓ |raptor3| tests/raptor3/transitions/own-write-commands.test.ts (18 tests) 125ms

 Test Files  16 passed (16)
      Tests  216 passed (216)
   Start at  20:21:57
   Duration  4.43s (transform 1.11s, setup 23ms, collect 2.56s, tests 1.62s, environment 0ms, prepare 48ms)

JSON report written to /private/tmp/viborm-p1-tmp/viborm-raptor3-g0-fidUEJ/vitest.json
Vitest resources: 7.64s wall, 715.6 MiB peak sampled process-group RSS (sampled ceiling 1536 MiB). Teardown verified.
Raptor 3 g2-contracts contract gate verified. Evidence: /private/tmp/viborm-p1-tmp/viborm-raptor3-g0-fidUEJ
