
 RUN  v3.1.4 /Users/arnaud/code/viborm

 ❯ |raptor3| tests/raptor3/g4/route-transactions.test.ts (11 tests | 3 failed) 88ms
   ✓ G4-03 C13 candidate transactions, arrays and raw > LX-02/NS-05 one callback transaction commits, and a throw rolls every member back 31ms
   ✓ G4-03 C13 candidate transactions, arrays and raw > LX-02 a failed operation inside a callback transaction rolls back only itself 12ms
   ✓ G4-03 C13 candidate transactions, arrays and raw > LX-03 a nested transaction is a savepoint that keeps the outer effects 6ms
   ✓ G4-03 C13 candidate transactions, arrays and raw > LX-04 an array transaction keeps admission order, per-member results and atomicity 8ms
   ✓ G4-03 C13 candidate transactions, arrays and raw > LX-04 a batch-only driver packages candidate operations through the array owner 6ms
   × G4-03 C13 candidate transactions, arrays and raw > LX-04 DIVERGENCE PIN blocker B-1: an array transaction containing a read is refused on a batch-only driver 8ms
     → Expected values to be strictly equal:
+ actual - expected

+ 'ok:[[{"email":"read-array@example.test"}]]'
- 'TransactionError:Driver "sqlite3" does not support callback transactions and this transaction contains operations that cannot be batched atomically.'

   × G4-03 C13 candidate transactions, arrays and raw > LX-14 DIVERGENCE PIN blocker B-1: a statement-atomic write inside a callback transaction opens one extra observed region 6ms
     → Expected values to be strictly deep-equal:
+ actual - expected

  [
    'transaction:$transaction(callback)',
    'operation:create',
-   'savepoint:create',
    'statement:create',
-   'statement:create'
  ]

   × G4-03 C13 candidate transactions, arrays and raw > LX-02 DIVERGENCE PIN blocker B-1: a FAILING statement-atomic write inside a callback transaction poisons the caller's transaction on the shipped route and only its own member on the candidate route 4ms
     → Expected values to be strictly equal:
+ actual - expected

+ 'UniqueConstraintError'
- 'ok'

   ✓ G4-03 C13 candidate transactions, arrays and raw > RF-09 a callback transaction stays refused on a non-interactive transport 2ms
   ✓ G4-03 C13 candidate transactions, arrays and raw > LX-05/LX-06/NS-03 raw SQL bypasses the route entirely 2ms
   ✓ G4-03 C13 candidate transactions, arrays and raw > NS-05 two clients over one database keep their own bound drivers 3ms
 ❯ |raptor3| tests/raptor3/g4/route-lifecycle.test.ts (7 tests | 3 failed) 26ms
   ✓ G4-03 C13 candidate client lifecycle > LX-01 a model call is lazy and memoizes one preparation, value and failure 7ms
   ✓ G4-03 C13 candidate client lifecycle > LX-09/LX-11 request transforms run once, before admission, and default omit still applies 3ms
   ✓ G4-03 C13 candidate client lifecycle > LX-10 the extension chain keeps its order and its collision refusal 2ms
   × G4-03 C13 candidate client lifecycle > LX-12 a query interceptor owns proceed() and short-circuit; its input is the client payload (blocker B-1) 5ms
     → Expected values to be strictly deep-equal:
+ actual - expected

  [
    {
      select: {
        email: true
      },
      where: {
+       email: {
+         equals: 'intercepted@example.test'
+       }
-       email: 'intercepted@example.test'
      }
    }
  ]

   × G4-03 C13 candidate client lifecycle > LX-13 PENDING blocker B-4: statement transforms do not reach candidate statements 3ms
     → Expected values to be strictly deep-equal:
+ actual - expected

+ [
+   'INSERT',
+   'SELECT'
+ ]
- []

   × G4-03 C13 candidate client lifecycle > LX-14 operation units match; statement units PENDING blocker B-4 3ms
     → Expected values to be strictly deep-equal:
+ actual - expected

+ [
+   'statement:create',
+   'statement:findMany'
+ ]
- []

   ✓ G4-03 C13 candidate client lifecycle > LX-16/LX-17 lifecycle and introspection stay on the existing owners 2ms
 ❯ |raptor3| tests/raptor3/g4/route-cache.test.ts (6 tests | 1 failed) 14ms
   ✓ G4-03 C13 official cache over the candidate route > LX-08/NS-04 a committed candidate write publishes exactly one invalidation 5ms
   ✓ G4-03 C13 official cache over the candidate route > LX-08 a rolled-back candidate write publishes no invalidation 2ms
   ✓ G4-03 C13 official cache over the candidate route > LX-08 a transaction publishes its members' invalidations only after commit 1ms
   ✓ G4-03 C13 official cache over the candidate route > RF-10/LX-07 a cached read inside a transaction bypasses the cache entirely 1ms
   ✓ G4-03 C13 official cache over the candidate route > LX-07 a raw read is never a cached operation on either route 1ms
   × G4-03 C13 official cache over the candidate route > LX-07 PENDING blocker B-1: a cached read refuses at the candidate result codec 4ms
     → The validation function is expected to return "true". Received false

Caught error:

UnsupportedOperationError: The Raptor 3 route cannot encode a cached result for 'findMany' on model 'entry': the prepared read's leaves publish no scalar to compile a value codec from (g4/unit03/note.md FU.6 B-1c).
 ❯ |raptor3| tests/raptor3/g4/route-admission.test.ts (5 tests | 1 failed) 16ms
   ✓ G4-03 C13 candidate admission, results and refusals > one admitted input is evaluated exactly once, request transform first 5ms
   ✓ G4-03 C13 candidate admission, results and refusals > the same admission count as the shipped route for the same payload 4ms
   × G4-03 C13 candidate admission, results and refusals > an unsupported verb keeps the candidate's refusal and never falls back 3ms
     → The input did not match the regular expression /Raptor 3 G1 operation is not implemented/. Input:

'no refusal'

   ✓ G4-03 C13 candidate admission, results and refusals > results are fresh containers and errors keep their public identity 2ms
   ✓ G4-03 C13 candidate admission, results and refusals > a findUnique miss answers null on both routes 2ms

⎯⎯⎯⎯⎯⎯⎯ Failed Tests 8 ⎯⎯⎯⎯⎯⎯⎯

 FAIL  |raptor3| tests/raptor3/g4/route-admission.test.ts > G4-03 C13 candidate admission, results and refusals > an unsupported verb keeps the candidate's refusal and never falls back
AssertionError: The input did not match the regular expression /Raptor 3 G1 operation is not implemented/. Input:

'no refusal'


[32m- Expected:[39m 
/Raptor 3 G1 operation is not implemented/

[31m+ Received:[39m 
"no refusal"

 ❯ tests/raptor3/g4/route-admission.test.ts:159:14
    157|     }
    158|     for (const refusal of refusals) {
    159|       assert.match(refusal, UNIMPLEMENTED_VERB);
       |              ^
    160|     }
    161|     // No statement ran: the refusal precedes provider work and no shi…

⎯⎯⎯⎯⎯⎯⎯⎯⎯⎯⎯⎯⎯⎯⎯⎯⎯⎯⎯⎯⎯⎯⎯⎯[1/8]⎯

 FAIL  |raptor3| tests/raptor3/g4/route-cache.test.ts > G4-03 C13 official cache over the candidate route > LX-07 PENDING blocker B-1: a cached read refuses at the candidate result codec
AssertionError: The validation function is expected to return "true". Received false

Caught error:

UnsupportedOperationError: The Raptor 3 route cannot encode a cached result for 'findMany' on model 'entry': the prepared read's leaves publish no scalar to compile a value codec from (g4/unit03/note.md FU.6 B-1c).

[32m- Expected:[39m 
[Function anonymous]

[31m+ Received:[39m 
UnsupportedOperationError {
  "message": "The Raptor 3 route cannot encode a cached result for 'findMany' on model 'entry': the prepared read's leaves publish no scalar to compile a value codec from (g4/unit03/note.md FU.6 B-1c).",
  "code": "V8003",
  "originalCause": undefined,
  "meta": {
    "model": "entry",
    "operation": "findMany",
  },
  "timestamp": 2026-09-15T08:33:07.234Z,
  "name": "UnsupportedOperationError",
}

 ❯ tests/raptor3/g4/route-cache.test.ts:221:5
    219|     const cached = world.client.$withCache();
    220|     assert(cached);
    221|     await assert.rejects(
       |     ^
    222|       cached.entry.findMany({ select: { label: true } }),
    223|       (error: Error) =>

⎯⎯⎯⎯⎯⎯⎯⎯⎯⎯⎯⎯⎯⎯⎯⎯⎯⎯⎯⎯⎯⎯⎯⎯[2/8]⎯

 FAIL  |raptor3| tests/raptor3/g4/route-lifecycle.test.ts > G4-03 C13 candidate client lifecycle > LX-12 a query interceptor owns proceed() and short-circuit; its input is the client payload (blocker B-1)
AssertionError: Expected values to be strictly deep-equal:
+ actual - expected

  [
    {
      select: {
        email: true
      },
      where: {
+       email: {
+         equals: 'intercepted@example.test'
+       }
-       email: 'intercepted@example.test'
      }
    }
  ]


[32m- Expected[39m
[31m+ Received[39m

[33m@@ -2,9 +2,11 @@[39m
[2m    {[22m
[2m      "select": {[22m
[2m        "email": true,[22m
[2m      },[22m
[2m      "where": {[22m
[32m-       "email": "intercepted@example.test",[39m
[31m+       "email": {[39m
[31m+         "equals": "intercepted@example.test",[39m
[31m+       },[39m
[2m      },[22m
[2m    },[22m
[2m  ][22m

 ❯ tests/raptor3/g4/route-lifecycle.test.ts:354:12
    352|       },
    353|     ]);
    354|     assert.deepEqual(observations.candidate.seen, [
       |            ^
    355|       { select: { email: true }, where: { email: "intercepted@example.…
    356|     ]);

⎯⎯⎯⎯⎯⎯⎯⎯⎯⎯⎯⎯⎯⎯⎯⎯⎯⎯⎯⎯⎯⎯⎯⎯[3/8]⎯

 FAIL  |raptor3| tests/raptor3/g4/route-lifecycle.test.ts > G4-03 C13 candidate client lifecycle > LX-13 PENDING blocker B-4: statement transforms do not reach candidate statements
AssertionError: Expected values to be strictly deep-equal:
+ actual - expected

+ [
+   'INSERT',
+   'SELECT'
+ ]
- []


[32m- Expected[39m
[31m+ Received[39m

[32m- [][39m
[31m+ [[39m
[31m+   "INSERT",[39m
[31m+   "SELECT",[39m
[31m+ ][39m

 ❯ tests/raptor3/g4/route-lifecycle.test.ts:400:12
    398|     // when the requested context seam lands (note.md B-4) it fails he…
    399|     // becomes the real LX-13 oracle.
    400|     assert.deepEqual(observations.candidate.observed, []);
       |            ^
    401|   });
    402| 

⎯⎯⎯⎯⎯⎯⎯⎯⎯⎯⎯⎯⎯⎯⎯⎯⎯⎯⎯⎯⎯⎯⎯⎯[4/8]⎯

 FAIL  |raptor3| tests/raptor3/g4/route-lifecycle.test.ts > G4-03 C13 candidate client lifecycle > LX-14 operation units match; statement units PENDING blocker B-4
AssertionError: Expected values to be strictly deep-equal:
+ actual - expected

+ [
+   'statement:create',
+   'statement:findMany'
+ ]
- []


[32m- Expected[39m
[31m+ Received[39m

[32m- [][39m
[31m+ [[39m
[31m+   "statement:create",[39m
[31m+   "statement:findMany",[39m
[31m+ ][39m

 ❯ tests/raptor3/g4/route-lifecycle.test.ts:439:12
    437|     // savepoint units are driver-side observations that read the chai…
    438|     // execution context the candidate does not receive.
    439|     assert.deepEqual(
       |            ^
    440|       observations.candidate.units.filter(
    441|         (unit) => !unit.startsWith("operation:")

⎯⎯⎯⎯⎯⎯⎯⎯⎯⎯⎯⎯⎯⎯⎯⎯⎯⎯⎯⎯⎯⎯⎯⎯[5/8]⎯

 FAIL  |raptor3| tests/raptor3/g4/route-transactions.test.ts > G4-03 C13 candidate transactions, arrays and raw > LX-04 DIVERGENCE PIN blocker B-1: an array transaction containing a read is refused on a batch-only driver
AssertionError: Expected values to be strictly equal:
+ actual - expected

+ 'ok:[[{"email":"read-array@example.test"}]]'
- 'TransactionError:Driver "sqlite3" does not support callback transactions and this transaction contains operations that cannot be batched atomically.'


Expected: [32m"TransactionError:Driver "sqlite3" does not support callback transactions and this transaction contains operations that cannot be batched atomically."[39m
Received: [31m"ok:[[{"email":"read-array@example.test"}]]"[39m

 ❯ tests/raptor3/g4/route-transactions.test.ts:410:12
    408|       'ok:[[{"email":"read-array@example.test"}]]'
    409|     );
    410|     assert.equal(
       |            ^
    411|       observations.candidate.outcome,
    412|       `${TransactionError.name}:Driver "sqlite3" does not support call…

⎯⎯⎯⎯⎯⎯⎯⎯⎯⎯⎯⎯⎯⎯⎯⎯⎯⎯⎯⎯⎯⎯⎯⎯[6/8]⎯

 FAIL  |raptor3| tests/raptor3/g4/route-transactions.test.ts > G4-03 C13 candidate transactions, arrays and raw > LX-14 DIVERGENCE PIN blocker B-1: a statement-atomic write inside a callback transaction opens one extra observed region
AssertionError: Expected values to be strictly deep-equal:
+ actual - expected

  [
    'transaction:$transaction(callback)',
    'operation:create',
-   'savepoint:create',
    'statement:create',
-   'statement:create'
  ]


[32m- Expected[39m
[31m+ Received[39m

[2m  [[22m
[2m    "transaction:$transaction(callback)",[22m
[2m    "operation:create",[22m
[32m-   "savepoint:create",[39m
[32m-   "statement:create",[39m
[2m    "statement:create",[22m
[2m  ][22m

 ❯ tests/raptor3/g4/route-transactions.test.ts:468:12
    466|       "statement:create",
    467|     ]);
    468|     assert.deepEqual(observations.candidate.units, [
       |            ^
    469|       "transaction:$transaction(callback)",
    470|       "operation:create",

⎯⎯⎯⎯⎯⎯⎯⎯⎯⎯⎯⎯⎯⎯⎯⎯⎯⎯⎯⎯⎯⎯⎯⎯[7/8]⎯

 FAIL  |raptor3| tests/raptor3/g4/route-transactions.test.ts > G4-03 C13 candidate transactions, arrays and raw > LX-02 DIVERGENCE PIN blocker B-1: a FAILING statement-atomic write inside a callback transaction poisons the caller's transaction on the shipped route and only its own member on the candidate route
AssertionError: Expected values to be strictly equal:
+ actual - expected

+ 'UniqueConstraintError'
- 'ok'


Expected: [32m"ok"[39m
Received: [31m"UniqueConstraintError"[39m

 ❯ tests/raptor3/g4/route-transactions.test.ts:554:12
    552|     // CANDIDATE, today: only the member rolls back. The next operation
    553|     // succeeds, `$transaction` resolves, and both members commit.
    554|     assert.equal(observations.candidate.afterWrite, "ok");
       |            ^
    555|     assert.equal(observations.candidate.outer, undefined);
    556|     assert.deepEqual(observations.candidate.stored, [

⎯⎯⎯⎯⎯⎯⎯⎯⎯⎯⎯⎯⎯⎯⎯⎯⎯⎯⎯⎯⎯⎯⎯⎯[8/8]⎯


 Test Files  4 failed (4)
      Tests  8 failed | 21 passed (29)
   Start at  10:33:04
   Duration  3.13s (transform 1.59s, setup 12ms, collect 2.64s, tests 144ms, environment 0ms, prepare 66ms)

Vitest resources: 5.80s wall, 726.3 MiB peak sampled process-group RSS (sampled ceiling 1536 MiB). Teardown verified.
