
 RUN  v3.1.4 /Users/arnaud/code/viborm

 ❯ |raptor3| tests/raptor3/g4/route-admission.test.ts (6 tests | 1 failed) 57ms
   ✓ G4-03 C13 candidate admission, results and refusals > one admitted input is evaluated exactly once, request transform first 20ms
   ✓ G4-03 C13 candidate admission, results and refusals > the same admission count as the shipped route for the same payload 6ms
   × G4-03 C13 candidate admission, results and refusals > the payload published before proceed() is the ONE admission, on both routes 7ms
     → Expected values to be strictly deep-equal:
+ actual - expected

  [
    'value',
+   'value'
  ]

   ✓ G4-03 C13 candidate admission, results and refusals > every client verb is answered by the route and agrees with the shipped route 18ms
   ✓ G4-03 C13 candidate admission, results and refusals > results are fresh containers and errors keep their public identity 3ms
   ✓ G4-03 C13 candidate admission, results and refusals > a findUnique miss answers null on both routes 3ms

⎯⎯⎯⎯⎯⎯⎯ Failed Tests 1 ⎯⎯⎯⎯⎯⎯⎯

 FAIL  |raptor3| tests/raptor3/g4/route-admission.test.ts > G4-03 C13 candidate admission, results and refusals > the payload published before proceed() is the ONE admission, on both routes
AssertionError: Expected values to be strictly deep-equal:
+ actual - expected

  [
    'value',
+   'value'
  ]


[32m- Expected[39m
[31m+ Received[39m

[2m  [[22m
[2m    "value",[22m
[31m+   "value",[39m
[2m  ][22m

 ❯ tests/raptor3/g4/route-admission.test.ts:211:12
    209|     // One evaluation of the field transform on each route — a second …
    210|     // behind `preparedArgs` would push "value" twice here.
    211|     assert.deepEqual(candidate.admissions, ["value"]);
       |            ^
    212|     assert.deepEqual(candidate.admissions, shipped.admissions);
    213|     // And the payload the interceptor saw is the ADMITTED one on both…

⎯⎯⎯⎯⎯⎯⎯⎯⎯⎯⎯⎯⎯⎯⎯⎯⎯⎯⎯⎯⎯⎯⎯⎯[1/1]⎯


 Test Files  1 failed (1)
      Tests  1 failed | 5 passed (6)
   Start at  10:42:43
   Duration  2.52s (transform 1.46s, setup 11ms, collect 2.15s, tests 57ms, environment 0ms, prepare 36ms)

Vitest resources: 5.06s wall, 583.9 MiB peak sampled process-group RSS (sampled ceiling 1536 MiB). Teardown verified.
