
 RUN  v3.1.4 /Users/arnaud/code/viborm

 ❯ |raptor3| tests/raptor3/g4/route-admission.test.ts (7 tests | 1 failed) 57ms
   ✓ G4-03 C13 candidate admission, results and refusals > one admitted input is evaluated exactly once, request transform first 16ms
   ✓ G4-03 C13 candidate admission, results and refusals > the same admission count as the shipped route for the same payload 6ms
   ✓ G4-03 C13 candidate admission, results and refusals > the payload published before proceed() is the ONE admission, on both routes 5ms
   ✓ G4-03 C13 candidate admission, results and refusals > every client verb is answered by the route and agrees with the shipped route 18ms
   ✓ G4-03 C13 candidate admission, results and refusals > results are fresh containers and errors keep their public identity 3ms
   × G4-03 C13 candidate admission, results and refusals > B-3 the candidate admits through the schema registry the client handed it 4ms
     → the candidate never read the handed-over registry
   ✓ G4-03 C13 candidate admission, results and refusals > a findUnique miss answers null on both routes 5ms

⎯⎯⎯⎯⎯⎯⎯ Failed Tests 1 ⎯⎯⎯⎯⎯⎯⎯

 FAIL  |raptor3| tests/raptor3/g4/route-admission.test.ts > G4-03 C13 candidate admission, results and refusals > B-3 the candidate admits through the schema registry the client handed it
AssertionError: the candidate never read the handed-over registry

[32m- Expected[39m
[31m+ Received[39m

[32m- true[39m
[31m+ false[39m

 ❯ tests/raptor3/g4/route-admission.test.ts:415:5
    413| 
    414|     await client.note.create({ data: { slug: "resolved", title: "t" } …
    415|     assert(
       |     ^
    416|       reads.length > 0,
    417|       "the candidate never read the handed-over registry"

⎯⎯⎯⎯⎯⎯⎯⎯⎯⎯⎯⎯⎯⎯⎯⎯⎯⎯⎯⎯⎯⎯⎯⎯[1/1]⎯


 Test Files  1 failed (1)
      Tests  1 failed | 6 passed (7)
   Start at  10:43:43
   Duration  2.64s (transform 1.55s, setup 9ms, collect 2.31s, tests 57ms, environment 0ms, prepare 45ms)

Vitest resources: 5.12s wall, 575.9 MiB peak sampled process-group RSS (sampled ceiling 1536 MiB). Teardown verified.
