
 RUN  v3.1.4 /Users/arnaud/code/viborm

 ✓ |raptor3| tests/raptor3/transport-campaign.test.ts (1 test) 912ms
   ✓ completes the exact admitted transport seed batch  911ms

 Test Files  1 passed (1)
      Tests  1 passed (1)
   Start at  19:22:04
   Duration  2.48s (transform 994ms, setup 8ms, collect 1.45s, tests 912ms, environment 0ms, prepare 25ms)

JSON report written to /var/folders/2c/xh5rx2d91wd_lk8rvnnhlr4m0000gn/T/viborm-raptor3-g0-xv2iHy/vitest.json
Vitest resources: 4.30s wall, 683.8 MiB peak sampled process-group RSS (sampled ceiling 1536 MiB). Teardown verified.
Raptor 3 g2-transport-seed-batch contract gate verified. Evidence: /var/folders/2c/xh5rx2d91wd_lk8rvnnhlr4m0000gn/T/viborm-raptor3-g0-xv2iHy

 RUN  v3.1.4 /Users/arnaud/code/viborm

 ✓ |raptor3| tests/raptor3/transport-campaign.test.ts (1 test) 893ms
   ✓ completes the exact admitted transport seed batch  893ms

 Test Files  1 passed (1)
      Tests  1 passed (1)
   Start at  19:22:08
   Duration  2.44s (transform 950ms, setup 8ms, collect 1.42s, tests 893ms, environment 0ms, prepare 25ms)

JSON report written to /var/folders/2c/xh5rx2d91wd_lk8rvnnhlr4m0000gn/T/viborm-raptor3-g0-0ka79t/vitest.json
Vitest resources: 4.26s wall, 703.0 MiB peak sampled process-group RSS (sampled ceiling 1536 MiB). Teardown verified.
Raptor 3 g2-transport-seed-batch contract gate verified. Evidence: /var/folders/2c/xh5rx2d91wd_lk8rvnnhlr4m0000gn/T/viborm-raptor3-g0-0ka79t

 RUN  v3.1.4 /Users/arnaud/code/viborm

 ✓ |raptor3| tests/raptor3/transport-campaign.test.ts (1 test) 931ms
   ✓ completes the exact admitted transport seed batch  931ms

 Test Files  1 passed (1)
      Tests  1 passed (1)
   Start at  19:22:12
   Duration  2.50s (transform 991ms, setup 8ms, collect 1.44s, tests 931ms, environment 0ms, prepare 26ms)

JSON report written to /var/folders/2c/xh5rx2d91wd_lk8rvnnhlr4m0000gn/T/viborm-raptor3-g0-XYu2N3/vitest.json
Vitest resources: 4.30s wall, 699.9 MiB peak sampled process-group RSS (sampled ceiling 1536 MiB). Teardown verified.
Raptor 3 g2-transport-seed-batch contract gate verified. Evidence: /var/folders/2c/xh5rx2d91wd_lk8rvnnhlr4m0000gn/T/viborm-raptor3-g0-XYu2N3

 RUN  v3.1.4 /Users/arnaud/code/viborm

 ✓ |raptor3| tests/raptor3/transport-campaign.test.ts (1 test) 903ms
   ✓ completes the exact admitted transport seed batch  902ms

 Test Files  1 passed (1)
      Tests  1 passed (1)
   Start at  19:22:17
   Duration  2.46s (transform 987ms, setup 8ms, collect 1.43s, tests 903ms, environment 0ms, prepare 26ms)

JSON report written to /var/folders/2c/xh5rx2d91wd_lk8rvnnhlr4m0000gn/T/viborm-raptor3-g0-WMF3L9/vitest.json
Vitest resources: 4.28s wall, 700.9 MiB peak sampled process-group RSS (sampled ceiling 1536 MiB). Teardown verified.
Raptor 3 g2-transport-seed-batch contract gate verified. Evidence: /var/folders/2c/xh5rx2d91wd_lk8rvnnhlr4m0000gn/T/viborm-raptor3-g0-WMF3L9

 RUN  v3.1.4 /Users/arnaud/code/viborm

 ✓ |raptor3| tests/raptor3/transport-campaign.test.ts (1 test) 925ms
   ✓ completes the exact admitted transport seed batch  925ms

 Test Files  1 passed (1)
      Tests  1 passed (1)
   Start at  19:22:21
   Duration  2.52s (transform 963ms, setup 7ms, collect 1.40s, tests 925ms, environment 0ms, prepare 24ms)

JSON report written to /var/folders/2c/xh5rx2d91wd_lk8rvnnhlr4m0000gn/T/viborm-raptor3-g0-jDDzHL/vitest.json
Vitest resources: 4.37s wall, 695.9 MiB peak sampled process-group RSS (sampled ceiling 1536 MiB). Teardown verified.
Raptor 3 g2-transport-seed-batch contract gate verified. Evidence: /var/folders/2c/xh5rx2d91wd_lk8rvnnhlr4m0000gn/T/viborm-raptor3-g0-jDDzHL

 RUN  v3.1.4 /Users/arnaud/code/viborm

 ✓ |raptor3| tests/raptor3/transport-campaign.test.ts (1 test) 872ms
   ✓ completes the exact admitted transport seed batch  871ms

 Test Files  1 passed (1)
      Tests  1 passed (1)
   Start at  19:22:26
   Duration  2.41s (transform 975ms, setup 8ms, collect 1.41s, tests 872ms, environment 0ms, prepare 24ms)

JSON report written to /var/folders/2c/xh5rx2d91wd_lk8rvnnhlr4m0000gn/T/viborm-raptor3-g0-AfAj9N/vitest.json
Vitest resources: 4.22s wall, 689.7 MiB peak sampled process-group RSS (sampled ceiling 1536 MiB). Teardown verified.
Raptor 3 g2-transport-seed-batch contract gate verified. Evidence: /var/folders/2c/xh5rx2d91wd_lk8rvnnhlr4m0000gn/T/viborm-raptor3-g0-AfAj9N

 RUN  v3.1.4 /Users/arnaud/code/viborm

 ✓ |raptor3| tests/raptor3/transport-campaign.test.ts (1 test) 873ms
   ✓ completes the exact admitted transport seed batch  873ms

 Test Files  1 passed (1)
      Tests  1 passed (1)
   Start at  19:22:30
   Duration  2.37s (transform 952ms, setup 8ms, collect 1.37s, tests 873ms, environment 0ms, prepare 25ms)

JSON report written to /var/folders/2c/xh5rx2d91wd_lk8rvnnhlr4m0000gn/T/viborm-raptor3-g0-uXQZ1E/vitest.json
Vitest resources: 4.19s wall, 713.6 MiB peak sampled process-group RSS (sampled ceiling 1536 MiB). Teardown verified.
Raptor 3 g2-transport-seed-batch contract gate verified. Evidence: /var/folders/2c/xh5rx2d91wd_lk8rvnnhlr4m0000gn/T/viborm-raptor3-g0-uXQZ1E

 RUN  v3.1.4 /Users/arnaud/code/viborm

 ✓ |raptor3| tests/raptor3/transport-campaign.test.ts (1 test) 909ms
   ✓ completes the exact admitted transport seed batch  908ms

 Test Files  1 passed (1)
      Tests  1 passed (1)
   Start at  19:22:35
   Duration  2.42s (transform 957ms, setup 8ms, collect 1.39s, tests 909ms, environment 0ms, prepare 23ms)

JSON report written to /var/folders/2c/xh5rx2d91wd_lk8rvnnhlr4m0000gn/T/viborm-raptor3-g0-ZBX4DJ/vitest.json
Vitest resources: 4.23s wall, 687.0 MiB peak sampled process-group RSS (sampled ceiling 1536 MiB). Teardown verified.
Raptor 3 g2-transport-seed-batch contract gate verified. Evidence: /var/folders/2c/xh5rx2d91wd_lk8rvnnhlr4m0000gn/T/viborm-raptor3-g0-ZBX4DJ

 RUN  v3.1.4 /Users/arnaud/code/viborm

 ✓ |raptor3| tests/raptor3/transport-campaign.test.ts (1 test) 919ms
   ✓ completes the exact admitted transport seed batch  918ms

 Test Files  1 passed (1)
      Tests  1 passed (1)
   Start at  19:22:39
   Duration  2.45s (transform 964ms, setup 8ms, collect 1.41s, tests 919ms, environment 0ms, prepare 25ms)

JSON report written to /var/folders/2c/xh5rx2d91wd_lk8rvnnhlr4m0000gn/T/viborm-raptor3-g0-WPbOSi/vitest.json
Vitest resources: 4.27s wall, 695.9 MiB peak sampled process-group RSS (sampled ceiling 1536 MiB). Teardown verified.
Raptor 3 g2-transport-seed-batch contract gate verified. Evidence: /var/folders/2c/xh5rx2d91wd_lk8rvnnhlr4m0000gn/T/viborm-raptor3-g0-WPbOSi

 RUN  v3.1.4 /Users/arnaud/code/viborm

 ✓ |raptor3| tests/raptor3/transport-campaign.test.ts (1 test) 910ms
   ✓ completes the exact admitted transport seed batch  909ms

 Test Files  1 passed (1)
      Tests  1 passed (1)
   Start at  19:22:44
   Duration  2.50s (transform 961ms, setup 9ms, collect 1.40s, tests 910ms, environment 0ms, prepare 24ms)

JSON report written to /var/folders/2c/xh5rx2d91wd_lk8rvnnhlr4m0000gn/T/viborm-raptor3-g0-Xu957h/vitest.json
Vitest resources: 4.36s wall, 703.0 MiB peak sampled process-group RSS (sampled ceiling 1536 MiB). Teardown verified.
Raptor 3 g2-transport-seed-batch contract gate verified. Evidence: /var/folders/2c/xh5rx2d91wd_lk8rvnnhlr4m0000gn/T/viborm-raptor3-g0-Xu957h

 RUN  v3.1.4 /Users/arnaud/code/viborm

 ✓ |raptor3| tests/raptor3/transport-campaign.test.ts (1 test) 911ms
   ✓ completes the exact admitted transport seed batch  910ms

 Test Files  1 passed (1)
      Tests  1 passed (1)
   Start at  19:22:48
   Duration  2.44s (transform 959ms, setup 8ms, collect 1.39s, tests 911ms, environment 0ms, prepare 26ms)

JSON report written to /var/folders/2c/xh5rx2d91wd_lk8rvnnhlr4m0000gn/T/viborm-raptor3-g0-a9RmLy/vitest.json
Vitest resources: 4.24s wall, 689.5 MiB peak sampled process-group RSS (sampled ceiling 1536 MiB). Teardown verified.
Raptor 3 g2-transport-seed-batch contract gate verified. Evidence: /var/folders/2c/xh5rx2d91wd_lk8rvnnhlr4m0000gn/T/viborm-raptor3-g0-a9RmLy

 RUN  v3.1.4 /Users/arnaud/code/viborm

 ✓ |raptor3| tests/raptor3/transport-campaign.test.ts (1 test) 854ms
   ✓ completes the exact admitted transport seed batch  854ms

 Test Files  1 passed (1)
      Tests  1 passed (1)
   Start at  19:22:53
   Duration  2.46s (transform 978ms, setup 8ms, collect 1.41s, tests 854ms, environment 0ms, prepare 25ms)

JSON report written to /var/folders/2c/xh5rx2d91wd_lk8rvnnhlr4m0000gn/T/viborm-raptor3-g0-JqtEiH/vitest.json
Vitest resources: 4.31s wall, 704.7 MiB peak sampled process-group RSS (sampled ceiling 1536 MiB). Teardown verified.
Raptor 3 g2-transport-seed-batch contract gate verified. Evidence: /var/folders/2c/xh5rx2d91wd_lk8rvnnhlr4m0000gn/T/viborm-raptor3-g0-JqtEiH

 RUN  v3.1.4 /Users/arnaud/code/viborm

 ✓ |raptor3| tests/raptor3/transport-campaign.test.ts (1 test) 892ms
   ✓ completes the exact admitted transport seed batch  892ms

 Test Files  1 passed (1)
      Tests  1 passed (1)
   Start at  19:22:57
   Duration  2.42s (transform 973ms, setup 8ms, collect 1.41s, tests 892ms, environment 0ms, prepare 24ms)

JSON report written to /var/folders/2c/xh5rx2d91wd_lk8rvnnhlr4m0000gn/T/viborm-raptor3-g0-7WcsFS/vitest.json
Vitest resources: 4.24s wall, 697.8 MiB peak sampled process-group RSS (sampled ceiling 1536 MiB). Teardown verified.
Raptor 3 g2-transport-seed-batch contract gate verified. Evidence: /var/folders/2c/xh5rx2d91wd_lk8rvnnhlr4m0000gn/T/viborm-raptor3-g0-7WcsFS

 RUN  v3.1.4 /Users/arnaud/code/viborm

 ✓ |raptor3| tests/raptor3/transport-campaign.test.ts (1 test) 893ms
   ✓ completes the exact admitted transport seed batch  893ms

 Test Files  1 passed (1)
      Tests  1 passed (1)
   Start at  19:23:01
   Duration  2.40s (transform 953ms, setup 8ms, collect 1.37s, tests 893ms, environment 0ms, prepare 24ms)

JSON report written to /var/folders/2c/xh5rx2d91wd_lk8rvnnhlr4m0000gn/T/viborm-raptor3-g0-EwiFa7/vitest.json
Vitest resources: 4.20s wall, 707.2 MiB peak sampled process-group RSS (sampled ceiling 1536 MiB). Teardown verified.
Raptor 3 g2-transport-seed-batch contract gate verified. Evidence: /var/folders/2c/xh5rx2d91wd_lk8rvnnhlr4m0000gn/T/viborm-raptor3-g0-EwiFa7

 RUN  v3.1.4 /Users/arnaud/code/viborm

 ✓ |raptor3| tests/raptor3/transport-campaign.test.ts (1 test) 927ms
   ✓ completes the exact admitted transport seed batch  926ms

 Test Files  1 passed (1)
      Tests  1 passed (1)
   Start at  19:23:06
   Duration  2.46s (transform 978ms, setup 8ms, collect 1.41s, tests 927ms, environment 0ms, prepare 24ms)

JSON report written to /var/folders/2c/xh5rx2d91wd_lk8rvnnhlr4m0000gn/T/viborm-raptor3-g0-zC2oRg/vitest.json
Vitest resources: 4.27s wall, 698.6 MiB peak sampled process-group RSS (sampled ceiling 1536 MiB). Teardown verified.
Raptor 3 g2-transport-seed-batch contract gate verified. Evidence: /var/folders/2c/xh5rx2d91wd_lk8rvnnhlr4m0000gn/T/viborm-raptor3-g0-zC2oRg

 RUN  v3.1.4 /Users/arnaud/code/viborm

 ✓ |raptor3| tests/raptor3/transport-campaign.test.ts (1 test) 911ms
   ✓ completes the exact admitted transport seed batch  910ms

 Test Files  1 passed (1)
      Tests  1 passed (1)
   Start at  19:23:10
   Duration  2.45s (transform 987ms, setup 7ms, collect 1.42s, tests 911ms, environment 0ms, prepare 25ms)

JSON report written to /var/folders/2c/xh5rx2d91wd_lk8rvnnhlr4m0000gn/T/viborm-raptor3-g0-r2hFeP/vitest.json
Vitest resources: 4.24s wall, 689.4 MiB peak sampled process-group RSS (sampled ceiling 1536 MiB). Teardown verified.
Raptor 3 g2-transport-seed-batch contract gate verified. Evidence: /var/folders/2c/xh5rx2d91wd_lk8rvnnhlr4m0000gn/T/viborm-raptor3-g0-r2hFeP

 RUN  v3.1.4 /Users/arnaud/code/viborm

 ✓ |raptor3| tests/raptor3/transport-campaign.test.ts (1 test) 908ms
   ✓ completes the exact admitted transport seed batch  908ms

 Test Files  1 passed (1)
      Tests  1 passed (1)
   Start at  19:23:15
   Duration  2.45s (transform 974ms, setup 8ms, collect 1.41s, tests 908ms, environment 0ms, prepare 24ms)

JSON report written to /var/folders/2c/xh5rx2d91wd_lk8rvnnhlr4m0000gn/T/viborm-raptor3-g0-Ed843J/vitest.json
Vitest resources: 4.29s wall, 691.5 MiB peak sampled process-group RSS (sampled ceiling 1536 MiB). Teardown verified.
Raptor 3 g2-transport-seed-batch contract gate verified. Evidence: /var/folders/2c/xh5rx2d91wd_lk8rvnnhlr4m0000gn/T/viborm-raptor3-g0-Ed843J

 RUN  v3.1.4 /Users/arnaud/code/viborm

 ✓ |raptor3| tests/raptor3/transport-campaign.test.ts (1 test) 914ms
   ✓ completes the exact admitted transport seed batch  914ms

 Test Files  1 passed (1)
      Tests  1 passed (1)
   Start at  19:23:19
   Duration  2.57s (transform 978ms, setup 7ms, collect 1.44s, tests 914ms, environment 0ms, prepare 23ms)

JSON report written to /var/folders/2c/xh5rx2d91wd_lk8rvnnhlr4m0000gn/T/viborm-raptor3-g0-7WZSzg/vitest.json
Vitest resources: 4.40s wall, 737.0 MiB peak sampled process-group RSS (sampled ceiling 1536 MiB). Teardown verified.
Raptor 3 g2-transport-seed-batch contract gate verified. Evidence: /var/folders/2c/xh5rx2d91wd_lk8rvnnhlr4m0000gn/T/viborm-raptor3-g0-7WZSzg

 RUN  v3.1.4 /Users/arnaud/code/viborm

 ✓ |raptor3| tests/raptor3/transport-campaign.test.ts (1 test) 913ms
   ✓ completes the exact admitted transport seed batch  913ms

 Test Files  1 passed (1)
      Tests  1 passed (1)
   Start at  19:23:24
   Duration  2.41s (transform 948ms, setup 8ms, collect 1.37s, tests 913ms, environment 0ms, prepare 26ms)

JSON report written to /var/folders/2c/xh5rx2d91wd_lk8rvnnhlr4m0000gn/T/viborm-raptor3-g0-Psxq5y/vitest.json
Vitest resources: 4.21s wall, 704.7 MiB peak sampled process-group RSS (sampled ceiling 1536 MiB). Teardown verified.
Raptor 3 g2-transport-seed-batch contract gate verified. Evidence: /var/folders/2c/xh5rx2d91wd_lk8rvnnhlr4m0000gn/T/viborm-raptor3-g0-Psxq5y

 RUN  v3.1.4 /Users/arnaud/code/viborm

 ✓ |raptor3| tests/raptor3/transport-campaign.test.ts (1 test) 921ms
   ✓ completes the exact admitted transport seed batch  921ms

 Test Files  1 passed (1)
      Tests  1 passed (1)
   Start at  19:23:28
   Duration  2.46s (transform 967ms, setup 8ms, collect 1.41s, tests 921ms, environment 0ms, prepare 25ms)

JSON report written to /var/folders/2c/xh5rx2d91wd_lk8rvnnhlr4m0000gn/T/viborm-raptor3-g0-V4BlXn/vitest.json
Vitest resources: 4.27s wall, 716.1 MiB peak sampled process-group RSS (sampled ceiling 1536 MiB). Teardown verified.
Raptor 3 g2-transport-seed-batch contract gate verified. Evidence: /var/folders/2c/xh5rx2d91wd_lk8rvnnhlr4m0000gn/T/viborm-raptor3-g0-V4BlXn

 RUN  v3.1.4 /Users/arnaud/code/viborm

 ✓ |raptor3| tests/raptor3/transport-campaign.test.ts (1 test) 853ms
   ✓ completes the exact admitted transport seed batch  853ms

 Test Files  1 passed (1)
      Tests  1 passed (1)
   Start at  19:23:32
   Duration  2.39s (transform 981ms, setup 7ms, collect 1.41s, tests 853ms, environment 0ms, prepare 25ms)

JSON report written to /var/folders/2c/xh5rx2d91wd_lk8rvnnhlr4m0000gn/T/viborm-raptor3-g0-tfF0kv/vitest.json
Vitest resources: 4.21s wall, 718.1 MiB peak sampled process-group RSS (sampled ceiling 1536 MiB). Teardown verified.
Raptor 3 g2-transport-seed-batch contract gate verified. Evidence: /var/folders/2c/xh5rx2d91wd_lk8rvnnhlr4m0000gn/T/viborm-raptor3-g0-tfF0kv

 RUN  v3.1.4 /Users/arnaud/code/viborm

 ✓ |raptor3| tests/raptor3/transport-campaign.test.ts (1 test) 898ms
   ✓ completes the exact admitted transport seed batch  898ms

 Test Files  1 passed (1)
      Tests  1 passed (1)
   Start at  19:23:37
   Duration  2.41s (transform 959ms, setup 8ms, collect 1.39s, tests 898ms, environment 0ms, prepare 23ms)

JSON report written to /var/folders/2c/xh5rx2d91wd_lk8rvnnhlr4m0000gn/T/viborm-raptor3-g0-YRE0Dr/vitest.json
Vitest resources: 4.23s wall, 701.7 MiB peak sampled process-group RSS (sampled ceiling 1536 MiB). Teardown verified.
Raptor 3 g2-transport-seed-batch contract gate verified. Evidence: /var/folders/2c/xh5rx2d91wd_lk8rvnnhlr4m0000gn/T/viborm-raptor3-g0-YRE0Dr

 RUN  v3.1.4 /Users/arnaud/code/viborm

 ✓ |raptor3| tests/raptor3/transport-campaign.test.ts (1 test) 906ms
   ✓ completes the exact admitted transport seed batch  906ms

 Test Files  1 passed (1)
      Tests  1 passed (1)
   Start at  19:23:41
   Duration  2.46s (transform 991ms, setup 8ms, collect 1.43s, tests 906ms, environment 0ms, prepare 25ms)

JSON report written to /var/folders/2c/xh5rx2d91wd_lk8rvnnhlr4m0000gn/T/viborm-raptor3-g0-yxBof8/vitest.json
Vitest resources: 4.27s wall, 716.7 MiB peak sampled process-group RSS (sampled ceiling 1536 MiB). Teardown verified.
Raptor 3 g2-transport-seed-batch contract gate verified. Evidence: /var/folders/2c/xh5rx2d91wd_lk8rvnnhlr4m0000gn/T/viborm-raptor3-g0-yxBof8

 RUN  v3.1.4 /Users/arnaud/code/viborm

 ✓ |raptor3| tests/raptor3/transport-campaign.test.ts (1 test) 908ms
   ✓ completes the exact admitted transport seed batch  908ms

 Test Files  1 passed (1)
      Tests  1 passed (1)
   Start at  19:23:46
   Duration  2.45s (transform 962ms, setup 7ms, collect 1.42s, tests 908ms, environment 0ms, prepare 26ms)

JSON report written to /var/folders/2c/xh5rx2d91wd_lk8rvnnhlr4m0000gn/T/viborm-raptor3-g0-zGGoWn/vitest.json
Vitest resources: 4.28s wall, 705.0 MiB peak sampled process-group RSS (sampled ceiling 1536 MiB). Teardown verified.
Raptor 3 g2-transport-seed-batch contract gate verified. Evidence: /var/folders/2c/xh5rx2d91wd_lk8rvnnhlr4m0000gn/T/viborm-raptor3-g0-zGGoWn

 RUN  v3.1.4 /Users/arnaud/code/viborm

 ✓ |raptor3| tests/raptor3/transport-campaign.test.ts (1 test) 884ms
   ✓ completes the exact admitted transport seed batch  884ms

 Test Files  1 passed (1)
      Tests  1 passed (1)
   Start at  19:23:50
   Duration  2.39s (transform 951ms, setup 8ms, collect 1.38s, tests 884ms, environment 0ms, prepare 24ms)

JSON report written to /var/folders/2c/xh5rx2d91wd_lk8rvnnhlr4m0000gn/T/viborm-raptor3-g0-RBU1iE/vitest.json
Vitest resources: 4.18s wall, 697.0 MiB peak sampled process-group RSS (sampled ceiling 1536 MiB). Teardown verified.
Raptor 3 g2-transport-seed-batch contract gate verified. Evidence: /var/folders/2c/xh5rx2d91wd_lk8rvnnhlr4m0000gn/T/viborm-raptor3-g0-RBU1iE

 RUN  v3.1.4 /Users/arnaud/code/viborm

 ✓ |raptor3| tests/raptor3/transport-campaign.test.ts (1 test) 910ms
   ✓ completes the exact admitted transport seed batch  910ms

 Test Files  1 passed (1)
      Tests  1 passed (1)
   Start at  19:23:54
   Duration  2.42s (transform 952ms, setup 8ms, collect 1.38s, tests 910ms, environment 0ms, prepare 24ms)

JSON report written to /var/folders/2c/xh5rx2d91wd_lk8rvnnhlr4m0000gn/T/viborm-raptor3-g0-jss8RH/vitest.json
Vitest resources: 4.22s wall, 687.8 MiB peak sampled process-group RSS (sampled ceiling 1536 MiB). Teardown verified.
Raptor 3 g2-transport-seed-batch contract gate verified. Evidence: /var/folders/2c/xh5rx2d91wd_lk8rvnnhlr4m0000gn/T/viborm-raptor3-g0-jss8RH

 RUN  v3.1.4 /Users/arnaud/code/viborm

 ✓ |raptor3| tests/raptor3/transport-campaign.test.ts (1 test) 898ms
   ✓ completes the exact admitted transport seed batch  898ms

 Test Files  1 passed (1)
      Tests  1 passed (1)
   Start at  19:23:59
   Duration  2.60s (transform 1.01s, setup 11ms, collect 1.53s, tests 898ms, environment 0ms, prepare 26ms)

JSON report written to /var/folders/2c/xh5rx2d91wd_lk8rvnnhlr4m0000gn/T/viborm-raptor3-g0-2Vhug0/vitest.json
Vitest resources: 4.48s wall, 692.3 MiB peak sampled process-group RSS (sampled ceiling 1536 MiB). Teardown verified.
Raptor 3 g2-transport-seed-batch contract gate verified. Evidence: /var/folders/2c/xh5rx2d91wd_lk8rvnnhlr4m0000gn/T/viborm-raptor3-g0-2Vhug0

 RUN  v3.1.4 /Users/arnaud/code/viborm

 ✓ |raptor3| tests/raptor3/transport-campaign.test.ts (1 test) 901ms
   ✓ completes the exact admitted transport seed batch  901ms

 Test Files  1 passed (1)
      Tests  1 passed (1)
   Start at  19:24:04
   Duration  2.49s (transform 975ms, setup 7ms, collect 1.41s, tests 901ms, environment 0ms, prepare 24ms)

JSON report written to /var/folders/2c/xh5rx2d91wd_lk8rvnnhlr4m0000gn/T/viborm-raptor3-g0-BcbcyS/vitest.json
Vitest resources: 4.36s wall, 699.9 MiB peak sampled process-group RSS (sampled ceiling 1536 MiB). Teardown verified.
Raptor 3 g2-transport-seed-batch contract gate verified. Evidence: /var/folders/2c/xh5rx2d91wd_lk8rvnnhlr4m0000gn/T/viborm-raptor3-g0-BcbcyS

 RUN  v3.1.4 /Users/arnaud/code/viborm

 ✓ |raptor3| tests/raptor3/transport-campaign.test.ts (1 test) 861ms
   ✓ completes the exact admitted transport seed batch  861ms

 Test Files  1 passed (1)
      Tests  1 passed (1)
   Start at  19:24:08
   Duration  2.39s (transform 965ms, setup 10ms, collect 1.40s, tests 861ms, environment 0ms, prepare 25ms)

JSON report written to /var/folders/2c/xh5rx2d91wd_lk8rvnnhlr4m0000gn/T/viborm-raptor3-g0-dspkWI/vitest.json
Vitest resources: 4.19s wall, 710.3 MiB peak sampled process-group RSS (sampled ceiling 1536 MiB). Teardown verified.
Raptor 3 g2-transport-seed-batch contract gate verified. Evidence: /var/folders/2c/xh5rx2d91wd_lk8rvnnhlr4m0000gn/T/viborm-raptor3-g0-dspkWI

 RUN  v3.1.4 /Users/arnaud/code/viborm

 ✓ |raptor3| tests/raptor3/transport-campaign.test.ts (1 test) 902ms
   ✓ completes the exact admitted transport seed batch  901ms

 Test Files  1 passed (1)
      Tests  1 passed (1)
   Start at  19:24:12
   Duration  2.54s (transform 992ms, setup 7ms, collect 1.44s, tests 902ms, environment 0ms, prepare 25ms)

JSON report written to /var/folders/2c/xh5rx2d91wd_lk8rvnnhlr4m0000gn/T/viborm-raptor3-g0-lLA1eP/vitest.json
Vitest resources: 4.38s wall, 721.7 MiB peak sampled process-group RSS (sampled ceiling 1536 MiB). Teardown verified.
Raptor 3 g2-transport-seed-batch contract gate verified. Evidence: /var/folders/2c/xh5rx2d91wd_lk8rvnnhlr4m0000gn/T/viborm-raptor3-g0-lLA1eP

 RUN  v3.1.4 /Users/arnaud/code/viborm

 ✓ |raptor3| tests/raptor3/transport-campaign.test.ts (1 test) 928ms
   ✓ completes the exact admitted transport seed batch  928ms

 Test Files  1 passed (1)
      Tests  1 passed (1)
   Start at  19:24:17
   Duration  2.46s (transform 976ms, setup 9ms, collect 1.40s, tests 928ms, environment 0ms, prepare 26ms)

JSON report written to /var/folders/2c/xh5rx2d91wd_lk8rvnnhlr4m0000gn/T/viborm-raptor3-g0-cNZ4ib/vitest.json
Vitest resources: 4.27s wall, 712.5 MiB peak sampled process-group RSS (sampled ceiling 1536 MiB). Teardown verified.
Raptor 3 g2-transport-seed-batch contract gate verified. Evidence: /var/folders/2c/xh5rx2d91wd_lk8rvnnhlr4m0000gn/T/viborm-raptor3-g0-cNZ4ib

 RUN  v3.1.4 /Users/arnaud/code/viborm

 ✓ |raptor3| tests/raptor3/transport-campaign.test.ts (1 test) 855ms
   ✓ completes the exact admitted transport seed batch  855ms

 Test Files  1 passed (1)
      Tests  1 passed (1)
   Start at  19:24:21
   Duration  2.37s (transform 961ms, setup 7ms, collect 1.39s, tests 855ms, environment 0ms, prepare 25ms)

JSON report written to /var/folders/2c/xh5rx2d91wd_lk8rvnnhlr4m0000gn/T/viborm-raptor3-g0-ystDsn/vitest.json
Vitest resources: 4.19s wall, 701.1 MiB peak sampled process-group RSS (sampled ceiling 1536 MiB). Teardown verified.
Raptor 3 g2-transport-seed-batch contract gate verified. Evidence: /var/folders/2c/xh5rx2d91wd_lk8rvnnhlr4m0000gn/T/viborm-raptor3-g0-ystDsn

 RUN  v3.1.4 /Users/arnaud/code/viborm

 ✓ |raptor3| tests/raptor3/transport-campaign.test.ts (1 test) 920ms
   ✓ completes the exact admitted transport seed batch  920ms

 Test Files  1 passed (1)
      Tests  1 passed (1)
   Start at  19:24:26
   Duration  2.44s (transform 969ms, setup 8ms, collect 1.40s, tests 920ms, environment 0ms, prepare 25ms)

JSON report written to /var/folders/2c/xh5rx2d91wd_lk8rvnnhlr4m0000gn/T/viborm-raptor3-g0-YJFAi6/vitest.json
Vitest resources: 4.23s wall, 696.1 MiB peak sampled process-group RSS (sampled ceiling 1536 MiB). Teardown verified.
Raptor 3 g2-transport-seed-batch contract gate verified. Evidence: /var/folders/2c/xh5rx2d91wd_lk8rvnnhlr4m0000gn/T/viborm-raptor3-g0-YJFAi6

 RUN  v3.1.4 /Users/arnaud/code/viborm

 ✓ |raptor3| tests/raptor3/transport-campaign.test.ts (1 test) 927ms
   ✓ completes the exact admitted transport seed batch  927ms

 Test Files  1 passed (1)
      Tests  1 passed (1)
   Start at  19:24:30
   Duration  2.42s (transform 944ms, setup 8ms, collect 1.37s, tests 927ms, environment 0ms, prepare 24ms)

JSON report written to /var/folders/2c/xh5rx2d91wd_lk8rvnnhlr4m0000gn/T/viborm-raptor3-g0-QmHWr7/vitest.json
Vitest resources: 4.24s wall, 694.0 MiB peak sampled process-group RSS (sampled ceiling 1536 MiB). Teardown verified.
Raptor 3 g2-transport-seed-batch contract gate verified. Evidence: /var/folders/2c/xh5rx2d91wd_lk8rvnnhlr4m0000gn/T/viborm-raptor3-g0-QmHWr7

 RUN  v3.1.4 /Users/arnaud/code/viborm

 ✓ |raptor3| tests/raptor3/transport-campaign.test.ts (1 test) 902ms
   ✓ completes the exact admitted transport seed batch  902ms

 Test Files  1 passed (1)
      Tests  1 passed (1)
   Start at  19:24:35
   Duration  2.39s (transform 941ms, setup 7ms, collect 1.36s, tests 902ms, environment 0ms, prepare 25ms)

JSON report written to /var/folders/2c/xh5rx2d91wd_lk8rvnnhlr4m0000gn/T/viborm-raptor3-g0-jvJwgN/vitest.json
Vitest resources: 4.22s wall, 695.5 MiB peak sampled process-group RSS (sampled ceiling 1536 MiB). Teardown verified.
Raptor 3 g2-transport-seed-batch contract gate verified. Evidence: /var/folders/2c/xh5rx2d91wd_lk8rvnnhlr4m0000gn/T/viborm-raptor3-g0-jvJwgN

 RUN  v3.1.4 /Users/arnaud/code/viborm

 ✓ |raptor3| tests/raptor3/transport-campaign.test.ts (1 test) 891ms
   ✓ completes the exact admitted transport seed batch  891ms

 Test Files  1 passed (1)
      Tests  1 passed (1)
   Start at  19:24:39
   Duration  2.40s (transform 950ms, setup 8ms, collect 1.38s, tests 891ms, environment 0ms, prepare 24ms)

JSON report written to /var/folders/2c/xh5rx2d91wd_lk8rvnnhlr4m0000gn/T/viborm-raptor3-g0-LnGoaA/vitest.json
Vitest resources: 4.21s wall, 698.6 MiB peak sampled process-group RSS (sampled ceiling 1536 MiB). Teardown verified.
Raptor 3 g2-transport-seed-batch contract gate verified. Evidence: /var/folders/2c/xh5rx2d91wd_lk8rvnnhlr4m0000gn/T/viborm-raptor3-g0-LnGoaA

 RUN  v3.1.4 /Users/arnaud/code/viborm

 ✓ |raptor3| tests/raptor3/transport-campaign.test.ts (1 test) 900ms
   ✓ completes the exact admitted transport seed batch  900ms

 Test Files  1 passed (1)
      Tests  1 passed (1)
   Start at  19:24:43
   Duration  2.53s (transform 979ms, setup 8ms, collect 1.43s, tests 900ms, environment 0ms, prepare 24ms)

JSON report written to /var/folders/2c/xh5rx2d91wd_lk8rvnnhlr4m0000gn/T/viborm-raptor3-g0-jwmuyF/vitest.json
Vitest resources: 4.37s wall, 686.8 MiB peak sampled process-group RSS (sampled ceiling 1536 MiB). Teardown verified.
Raptor 3 g2-transport-seed-batch contract gate verified. Evidence: /var/folders/2c/xh5rx2d91wd_lk8rvnnhlr4m0000gn/T/viborm-raptor3-g0-jwmuyF

 RUN  v3.1.4 /Users/arnaud/code/viborm

 ✓ |raptor3| tests/raptor3/transport-campaign.test.ts (1 test) 947ms
   ✓ completes the exact admitted transport seed batch  946ms

 Test Files  1 passed (1)
      Tests  1 passed (1)
   Start at  19:24:48
   Duration  2.46s (transform 949ms, setup 9ms, collect 1.38s, tests 947ms, environment 0ms, prepare 25ms)

JSON report written to /var/folders/2c/xh5rx2d91wd_lk8rvnnhlr4m0000gn/T/viborm-raptor3-g0-cEFRv2/vitest.json
Vitest resources: 4.26s wall, 693.6 MiB peak sampled process-group RSS (sampled ceiling 1536 MiB). Teardown verified.
Raptor 3 g2-transport-seed-batch contract gate verified. Evidence: /var/folders/2c/xh5rx2d91wd_lk8rvnnhlr4m0000gn/T/viborm-raptor3-g0-cEFRv2

 RUN  v3.1.4 /Users/arnaud/code/viborm

 ✓ |raptor3| tests/raptor3/transport-campaign.test.ts (1 test) 902ms
   ✓ completes the exact admitted transport seed batch  901ms

 Test Files  1 passed (1)
      Tests  1 passed (1)
   Start at  19:24:52
   Duration  2.44s (transform 968ms, setup 8ms, collect 1.41s, tests 902ms, environment 0ms, prepare 24ms)

JSON report written to /var/folders/2c/xh5rx2d91wd_lk8rvnnhlr4m0000gn/T/viborm-raptor3-g0-HfuFU8/vitest.json
Vitest resources: 4.25s wall, 691.6 MiB peak sampled process-group RSS (sampled ceiling 1536 MiB). Teardown verified.
Raptor 3 g2-transport-seed-batch contract gate verified. Evidence: /var/folders/2c/xh5rx2d91wd_lk8rvnnhlr4m0000gn/T/viborm-raptor3-g0-HfuFU8

 RUN  v3.1.4 /Users/arnaud/code/viborm

 ✓ |raptor3| tests/raptor3/transport-campaign.test.ts (1 test) 902ms
   ✓ completes the exact admitted transport seed batch  901ms

 Test Files  1 passed (1)
      Tests  1 passed (1)
   Start at  19:24:57
   Duration  2.45s (transform 980ms, setup 9ms, collect 1.42s, tests 902ms, environment 0ms, prepare 25ms)

JSON report written to /var/folders/2c/xh5rx2d91wd_lk8rvnnhlr4m0000gn/T/viborm-raptor3-g0-JKNiyN/vitest.json
Vitest resources: 4.23s wall, 690.2 MiB peak sampled process-group RSS (sampled ceiling 1536 MiB). Teardown verified.
Raptor 3 g2-transport-seed-batch contract gate verified. Evidence: /var/folders/2c/xh5rx2d91wd_lk8rvnnhlr4m0000gn/T/viborm-raptor3-g0-JKNiyN

 RUN  v3.1.4 /Users/arnaud/code/viborm

 ✓ |raptor3| tests/raptor3/transport-campaign.test.ts (1 test) 1043ms
   ✓ completes the exact admitted transport seed batch  1043ms

 Test Files  1 passed (1)
      Tests  1 passed (1)
   Start at  19:25:01
   Duration  2.62s (transform 979ms, setup 8ms, collect 1.45s, tests 1.04s, environment 0ms, prepare 25ms)

JSON report written to /var/folders/2c/xh5rx2d91wd_lk8rvnnhlr4m0000gn/T/viborm-raptor3-g0-ChIh2p/vitest.json
Vitest resources: 4.43s wall, 697.6 MiB peak sampled process-group RSS (sampled ceiling 1536 MiB). Teardown verified.
Raptor 3 g2-transport-seed-batch contract gate verified. Evidence: /var/folders/2c/xh5rx2d91wd_lk8rvnnhlr4m0000gn/T/viborm-raptor3-g0-ChIh2p

 RUN  v3.1.4 /Users/arnaud/code/viborm

 ✓ |raptor3| tests/raptor3/transport-campaign.test.ts (1 test) 921ms
   ✓ completes the exact admitted transport seed batch  921ms

 Test Files  1 passed (1)
      Tests  1 passed (1)
   Start at  19:25:06
   Duration  2.42s (transform 945ms, setup 8ms, collect 1.38s, tests 921ms, environment 0ms, prepare 25ms)

JSON report written to /var/folders/2c/xh5rx2d91wd_lk8rvnnhlr4m0000gn/T/viborm-raptor3-g0-MbkLxP/vitest.json
Vitest resources: 4.25s wall, 702.3 MiB peak sampled process-group RSS (sampled ceiling 1536 MiB). Teardown verified.
Raptor 3 g2-transport-seed-batch contract gate verified. Evidence: /var/folders/2c/xh5rx2d91wd_lk8rvnnhlr4m0000gn/T/viborm-raptor3-g0-MbkLxP

 RUN  v3.1.4 /Users/arnaud/code/viborm

 ✓ |raptor3| tests/raptor3/transport-campaign.test.ts (1 test) 927ms
   ✓ completes the exact admitted transport seed batch  926ms

 Test Files  1 passed (1)
      Tests  1 passed (1)
   Start at  19:25:10
   Duration  2.44s (transform 959ms, setup 8ms, collect 1.38s, tests 927ms, environment 0ms, prepare 25ms)

JSON report written to /var/folders/2c/xh5rx2d91wd_lk8rvnnhlr4m0000gn/T/viborm-raptor3-g0-o7I9Zx/vitest.json
Vitest resources: 4.24s wall, 688.5 MiB peak sampled process-group RSS (sampled ceiling 1536 MiB). Teardown verified.
Raptor 3 g2-transport-seed-batch contract gate verified. Evidence: /var/folders/2c/xh5rx2d91wd_lk8rvnnhlr4m0000gn/T/viborm-raptor3-g0-o7I9Zx

 RUN  v3.1.4 /Users/arnaud/code/viborm

 ✓ |raptor3| tests/raptor3/transport-campaign.test.ts (1 test) 894ms
   ✓ completes the exact admitted transport seed batch  893ms

 Test Files  1 passed (1)
      Tests  1 passed (1)
   Start at  19:25:15
   Duration  2.47s (transform 997ms, setup 8ms, collect 1.45s, tests 894ms, environment 0ms, prepare 25ms)

JSON report written to /var/folders/2c/xh5rx2d91wd_lk8rvnnhlr4m0000gn/T/viborm-raptor3-g0-FJRmxW/vitest.json
Vitest resources: 4.49s wall, 680.5 MiB peak sampled process-group RSS (sampled ceiling 1536 MiB). Teardown verified.
Raptor 3 g2-transport-seed-batch contract gate verified. Evidence: /var/folders/2c/xh5rx2d91wd_lk8rvnnhlr4m0000gn/T/viborm-raptor3-g0-FJRmxW

 RUN  v3.1.4 /Users/arnaud/code/viborm

 ✓ |raptor3| tests/raptor3/transport-campaign.test.ts (1 test) 877ms
   ✓ completes the exact admitted transport seed batch  877ms

 Test Files  1 passed (1)
      Tests  1 passed (1)
   Start at  19:25:19
   Duration  2.49s (transform 998ms, setup 7ms, collect 1.49s, tests 877ms, environment 0ms, prepare 25ms)

JSON report written to /var/folders/2c/xh5rx2d91wd_lk8rvnnhlr4m0000gn/T/viborm-raptor3-g0-aKM1Av/vitest.json
Vitest resources: 4.32s wall, 709.2 MiB peak sampled process-group RSS (sampled ceiling 1536 MiB). Teardown verified.
Raptor 3 g2-transport-seed-batch contract gate verified. Evidence: /var/folders/2c/xh5rx2d91wd_lk8rvnnhlr4m0000gn/T/viborm-raptor3-g0-aKM1Av

 RUN  v3.1.4 /Users/arnaud/code/viborm

 ✓ |raptor3| tests/raptor3/transport-campaign.test.ts (1 test) 865ms
   ✓ completes the exact admitted transport seed batch  865ms

 Test Files  1 passed (1)
      Tests  1 passed (1)
   Start at  19:25:24
   Duration  2.36s (transform 950ms, setup 8ms, collect 1.37s, tests 865ms, environment 0ms, prepare 26ms)

JSON report written to /var/folders/2c/xh5rx2d91wd_lk8rvnnhlr4m0000gn/T/viborm-raptor3-g0-8x7FSp/vitest.json
Vitest resources: 4.17s wall, 701.6 MiB peak sampled process-group RSS (sampled ceiling 1536 MiB). Teardown verified.
Raptor 3 g2-transport-seed-batch contract gate verified. Evidence: /var/folders/2c/xh5rx2d91wd_lk8rvnnhlr4m0000gn/T/viborm-raptor3-g0-8x7FSp

 RUN  v3.1.4 /Users/arnaud/code/viborm

 ✓ |raptor3| tests/raptor3/transport-campaign.test.ts (1 test) 907ms
   ✓ completes the exact admitted transport seed batch  907ms

 Test Files  1 passed (1)
      Tests  1 passed (1)
   Start at  19:25:28
   Duration  2.42s (transform 964ms, setup 8ms, collect 1.39s, tests 907ms, environment 0ms, prepare 24ms)

JSON report written to /var/folders/2c/xh5rx2d91wd_lk8rvnnhlr4m0000gn/T/viborm-raptor3-g0-dj8q0P/vitest.json
Vitest resources: 4.23s wall, 689.6 MiB peak sampled process-group RSS (sampled ceiling 1536 MiB). Teardown verified.
Raptor 3 g2-transport-seed-batch contract gate verified. Evidence: /var/folders/2c/xh5rx2d91wd_lk8rvnnhlr4m0000gn/T/viborm-raptor3-g0-dj8q0P

 RUN  v3.1.4 /Users/arnaud/code/viborm

 ✓ |raptor3| tests/raptor3/transport-campaign.test.ts (1 test) 905ms
   ✓ completes the exact admitted transport seed batch  905ms

 Test Files  1 passed (1)
      Tests  1 passed (1)
   Start at  19:25:33
   Duration  2.45s (transform 977ms, setup 8ms, collect 1.42s, tests 905ms, environment 0ms, prepare 25ms)

JSON report written to /var/folders/2c/xh5rx2d91wd_lk8rvnnhlr4m0000gn/T/viborm-raptor3-g0-IKJUWt/vitest.json
Vitest resources: 4.46s wall, 701.7 MiB peak sampled process-group RSS (sampled ceiling 1536 MiB). Teardown verified.
Raptor 3 g2-transport-seed-batch contract gate verified. Evidence: /var/folders/2c/xh5rx2d91wd_lk8rvnnhlr4m0000gn/T/viborm-raptor3-g0-IKJUWt

 RUN  v3.1.4 /Users/arnaud/code/viborm

 ✓ |raptor3| tests/raptor3/transport-campaign.test.ts (1 test) 927ms
   ✓ completes the exact admitted transport seed batch  926ms

 Test Files  1 passed (1)
      Tests  1 passed (1)
   Start at  19:25:37
   Duration  2.46s (transform 970ms, setup 7ms, collect 1.40s, tests 927ms, environment 0ms, prepare 25ms)

JSON report written to /var/folders/2c/xh5rx2d91wd_lk8rvnnhlr4m0000gn/T/viborm-raptor3-g0-Sm3Ec1/vitest.json
Vitest resources: 4.25s wall, 708.3 MiB peak sampled process-group RSS (sampled ceiling 1536 MiB). Teardown verified.
Raptor 3 g2-transport-seed-batch contract gate verified. Evidence: /var/folders/2c/xh5rx2d91wd_lk8rvnnhlr4m0000gn/T/viborm-raptor3-g0-Sm3Ec1

 RUN  v3.1.4 /Users/arnaud/code/viborm

 ✓ |raptor3| tests/raptor3/transport-campaign.test.ts (1 test) 927ms
   ✓ completes the exact admitted transport seed batch  927ms

 Test Files  1 passed (1)
      Tests  1 passed (1)
   Start at  19:25:41
   Duration  2.55s (transform 1.00s, setup 7ms, collect 1.48s, tests 927ms, environment 0ms, prepare 26ms)

JSON report written to /var/folders/2c/xh5rx2d91wd_lk8rvnnhlr4m0000gn/T/viborm-raptor3-g0-vWOMuf/vitest.json
Vitest resources: 4.46s wall, 691.3 MiB peak sampled process-group RSS (sampled ceiling 1536 MiB). Teardown verified.
Raptor 3 g2-transport-seed-batch contract gate verified. Evidence: /var/folders/2c/xh5rx2d91wd_lk8rvnnhlr4m0000gn/T/viborm-raptor3-g0-vWOMuf
Raptor 3 g2-transport-seeds campaign verified (not the full milestone). Evidence: /var/folders/2c/xh5rx2d91wd_lk8rvnnhlr4m0000gn/T/viborm-raptor3-g2-transport-seeds-53jAy6
