
 RUN  v3.1.4 /Users/arnaud/code/viborm

 ✓ |raptor3| tests/raptor3/g3/generation/transport-campaign.test.ts (1 test) 2349ms
   ✓ executes one complete G3 transport seed batch  2349ms

 Test Files  1 passed (1)
      Tests  1 passed (1)
   Start at  19:40:01
   Duration  3.90s (transform 984ms, setup 8ms, collect 1.41s, tests 2.35s, environment 0ms, prepare 24ms)

JSON report written to /var/folders/2c/xh5rx2d91wd_lk8rvnnhlr4m0000gn/T/viborm-raptor3-g0-h0KEMf/vitest.json
Vitest resources: 5.73s wall, 1050.8 MiB peak sampled process-group RSS (sampled ceiling 1536 MiB). Teardown verified.
Raptor 3 g3-transport-seed-batch contract gate verified. Evidence: /var/folders/2c/xh5rx2d91wd_lk8rvnnhlr4m0000gn/T/viborm-raptor3-g0-h0KEMf

 RUN  v3.1.4 /Users/arnaud/code/viborm

 ✓ |raptor3| tests/raptor3/g3/generation/transport-campaign.test.ts (1 test) 2217ms
   ✓ executes one complete G3 transport seed batch  2217ms

 Test Files  1 passed (1)
      Tests  1 passed (1)
   Start at  19:40:08
   Duration  3.80s (transform 968ms, setup 7ms, collect 1.42s, tests 2.22s, environment 0ms, prepare 24ms)

JSON report written to /var/folders/2c/xh5rx2d91wd_lk8rvnnhlr4m0000gn/T/viborm-raptor3-g0-rD6TsU/vitest.json
Vitest resources: 5.69s wall, 964.8 MiB peak sampled process-group RSS (sampled ceiling 1536 MiB). Teardown verified.
Raptor 3 g3-transport-seed-batch contract gate verified. Evidence: /var/folders/2c/xh5rx2d91wd_lk8rvnnhlr4m0000gn/T/viborm-raptor3-g0-rD6TsU

 RUN  v3.1.4 /Users/arnaud/code/viborm

 ✓ |raptor3| tests/raptor3/g3/generation/transport-campaign.test.ts (1 test) 2083ms
   ✓ executes one complete G3 transport seed batch  2083ms

 Test Files  1 passed (1)
      Tests  1 passed (1)
   Start at  19:40:16
   Duration  3.67s (transform 976ms, setup 8ms, collect 1.42s, tests 2.08s, environment 0ms, prepare 24ms)

JSON report written to /var/folders/2c/xh5rx2d91wd_lk8rvnnhlr4m0000gn/T/viborm-raptor3-g0-udOh9H/vitest.json
Vitest resources: 5.57s wall, 782.0 MiB peak sampled process-group RSS (sampled ceiling 1536 MiB). Teardown verified.
Raptor 3 g3-transport-seed-batch contract gate verified. Evidence: /var/folders/2c/xh5rx2d91wd_lk8rvnnhlr4m0000gn/T/viborm-raptor3-g0-udOh9H

 RUN  v3.1.4 /Users/arnaud/code/viborm

 ✓ |raptor3| tests/raptor3/g3/generation/transport-campaign.test.ts (1 test) 2123ms
   ✓ executes one complete G3 transport seed batch  2122ms

 Test Files  1 passed (1)
      Tests  1 passed (1)
   Start at  19:40:23
   Duration  3.72s (transform 972ms, setup 8ms, collect 1.40s, tests 2.12s, environment 0ms, prepare 24ms)

JSON report written to /var/folders/2c/xh5rx2d91wd_lk8rvnnhlr4m0000gn/T/viborm-raptor3-g0-6Mkk3l/vitest.json
Vitest resources: 5.55s wall, 741.8 MiB peak sampled process-group RSS (sampled ceiling 1536 MiB). Teardown verified.
Raptor 3 g3-transport-seed-batch contract gate verified. Evidence: /var/folders/2c/xh5rx2d91wd_lk8rvnnhlr4m0000gn/T/viborm-raptor3-g0-6Mkk3l

 RUN  v3.1.4 /Users/arnaud/code/viborm

 ✓ |raptor3| tests/raptor3/g3/generation/transport-campaign.test.ts (1 test) 2062ms
   ✓ executes one complete G3 transport seed batch  2062ms

 Test Files  1 passed (1)
      Tests  1 passed (1)
   Start at  19:40:30
   Duration  3.70s (transform 990ms, setup 8ms, collect 1.43s, tests 2.06s, environment 0ms, prepare 23ms)

JSON report written to /var/folders/2c/xh5rx2d91wd_lk8rvnnhlr4m0000gn/T/viborm-raptor3-g0-EJDNSe/vitest.json
Vitest resources: 5.54s wall, 751.1 MiB peak sampled process-group RSS (sampled ceiling 1536 MiB). Teardown verified.
Raptor 3 g3-transport-seed-batch contract gate verified. Evidence: /var/folders/2c/xh5rx2d91wd_lk8rvnnhlr4m0000gn/T/viborm-raptor3-g0-EJDNSe

 RUN  v3.1.4 /Users/arnaud/code/viborm

 ✓ |raptor3| tests/raptor3/g3/generation/transport-campaign.test.ts (1 test) 2079ms
   ✓ executes one complete G3 transport seed batch  2078ms

 Test Files  1 passed (1)
      Tests  1 passed (1)
   Start at  19:40:36
   Duration  3.67s (transform 970ms, setup 9ms, collect 1.40s, tests 2.08s, environment 0ms, prepare 25ms)

JSON report written to /var/folders/2c/xh5rx2d91wd_lk8rvnnhlr4m0000gn/T/viborm-raptor3-g0-fMm46O/vitest.json
Vitest resources: 5.52s wall, 783.1 MiB peak sampled process-group RSS (sampled ceiling 1536 MiB). Teardown verified.
Raptor 3 g3-transport-seed-batch contract gate verified. Evidence: /var/folders/2c/xh5rx2d91wd_lk8rvnnhlr4m0000gn/T/viborm-raptor3-g0-fMm46O

 RUN  v3.1.4 /Users/arnaud/code/viborm

 ✓ |raptor3| tests/raptor3/g3/generation/transport-campaign.test.ts (1 test) 2113ms
   ✓ executes one complete G3 transport seed batch  2112ms

 Test Files  1 passed (1)
      Tests  1 passed (1)
   Start at  19:40:43
   Duration  3.73s (transform 980ms, setup 7ms, collect 1.44s, tests 2.11s, environment 0ms, prepare 24ms)

JSON report written to /var/folders/2c/xh5rx2d91wd_lk8rvnnhlr4m0000gn/T/viborm-raptor3-g0-Q1iz6X/vitest.json
Vitest resources: 5.63s wall, 701.1 MiB peak sampled process-group RSS (sampled ceiling 1536 MiB). Teardown verified.
Raptor 3 g3-transport-seed-batch contract gate verified. Evidence: /var/folders/2c/xh5rx2d91wd_lk8rvnnhlr4m0000gn/T/viborm-raptor3-g0-Q1iz6X

 RUN  v3.1.4 /Users/arnaud/code/viborm

 ✓ |raptor3| tests/raptor3/g3/generation/transport-campaign.test.ts (1 test) 1887ms
   ✓ executes one complete G3 transport seed batch  1887ms

 Test Files  1 passed (1)
      Tests  1 passed (1)
   Start at  19:40:50
   Duration  3.47s (transform 952ms, setup 8ms, collect 1.39s, tests 1.89s, environment 0ms, prepare 24ms)

JSON report written to /var/folders/2c/xh5rx2d91wd_lk8rvnnhlr4m0000gn/T/viborm-raptor3-g0-25rdGs/vitest.json
Vitest resources: 5.31s wall, 731.7 MiB peak sampled process-group RSS (sampled ceiling 1536 MiB). Teardown verified.
Raptor 3 g3-transport-seed-batch contract gate verified. Evidence: /var/folders/2c/xh5rx2d91wd_lk8rvnnhlr4m0000gn/T/viborm-raptor3-g0-25rdGs

 RUN  v3.1.4 /Users/arnaud/code/viborm

 ✓ |raptor3| tests/raptor3/g3/generation/transport-campaign.test.ts (1 test) 2001ms
   ✓ executes one complete G3 transport seed batch  2000ms

 Test Files  1 passed (1)
      Tests  1 passed (1)
   Start at  19:40:57
   Duration  3.56s (transform 977ms, setup 8ms, collect 1.43s, tests 2.00s, environment 0ms, prepare 26ms)

JSON report written to /var/folders/2c/xh5rx2d91wd_lk8rvnnhlr4m0000gn/T/viborm-raptor3-g0-hK2XbJ/vitest.json
Vitest resources: 5.49s wall, 861.8 MiB peak sampled process-group RSS (sampled ceiling 1536 MiB). Teardown verified.
Raptor 3 g3-transport-seed-batch contract gate verified. Evidence: /var/folders/2c/xh5rx2d91wd_lk8rvnnhlr4m0000gn/T/viborm-raptor3-g0-hK2XbJ

 RUN  v3.1.4 /Users/arnaud/code/viborm

 ✓ |raptor3| tests/raptor3/g3/generation/transport-campaign.test.ts (1 test) 1797ms
   ✓ executes one complete G3 transport seed batch  1796ms

 Test Files  1 passed (1)
      Tests  1 passed (1)
   Start at  19:41:04
   Duration  3.44s (transform 993ms, setup 7ms, collect 1.45s, tests 1.80s, environment 0ms, prepare 25ms)

JSON report written to /var/folders/2c/xh5rx2d91wd_lk8rvnnhlr4m0000gn/T/viborm-raptor3-g0-U47rsv/vitest.json
Vitest resources: 5.29s wall, 694.9 MiB peak sampled process-group RSS (sampled ceiling 1536 MiB). Teardown verified.
Raptor 3 g3-transport-seed-batch contract gate verified. Evidence: /var/folders/2c/xh5rx2d91wd_lk8rvnnhlr4m0000gn/T/viborm-raptor3-g0-U47rsv

 RUN  v3.1.4 /Users/arnaud/code/viborm

 ✓ |raptor3| tests/raptor3/g3/generation/transport-campaign.test.ts (1 test) 2515ms
   ✓ executes one complete G3 transport seed batch  2514ms

 Test Files  1 passed (1)
      Tests  1 passed (1)
   Start at  19:41:10
   Duration  4.10s (transform 959ms, setup 8ms, collect 1.39s, tests 2.51s, environment 0ms, prepare 25ms)

JSON report written to /var/folders/2c/xh5rx2d91wd_lk8rvnnhlr4m0000gn/T/viborm-raptor3-g0-gPsYZo/vitest.json
Vitest resources: 5.96s wall, 943.9 MiB peak sampled process-group RSS (sampled ceiling 1536 MiB). Teardown verified.
Raptor 3 g3-transport-seed-batch contract gate verified. Evidence: /var/folders/2c/xh5rx2d91wd_lk8rvnnhlr4m0000gn/T/viborm-raptor3-g0-gPsYZo

 RUN  v3.1.4 /Users/arnaud/code/viborm

 ✓ |raptor3| tests/raptor3/g3/generation/transport-campaign.test.ts (1 test) 2758ms
   ✓ executes one complete G3 transport seed batch  2757ms

 Test Files  1 passed (1)
      Tests  1 passed (1)
   Start at  19:41:18
   Duration  4.32s (transform 975ms, setup 8ms, collect 1.43s, tests 2.76s, environment 0ms, prepare 25ms)

JSON report written to /var/folders/2c/xh5rx2d91wd_lk8rvnnhlr4m0000gn/T/viborm-raptor3-g0-OGGZbl/vitest.json
Vitest resources: 6.15s wall, 958.6 MiB peak sampled process-group RSS (sampled ceiling 1536 MiB). Teardown verified.
Raptor 3 g3-transport-seed-batch contract gate verified. Evidence: /var/folders/2c/xh5rx2d91wd_lk8rvnnhlr4m0000gn/T/viborm-raptor3-g0-OGGZbl

 RUN  v3.1.4 /Users/arnaud/code/viborm

 ✓ |raptor3| tests/raptor3/g3/generation/transport-campaign.test.ts (1 test) 2240ms
   ✓ executes one complete G3 transport seed batch  2239ms

 Test Files  1 passed (1)
      Tests  1 passed (1)
   Start at  19:41:26
   Duration  3.85s (transform 963ms, setup 9ms, collect 1.41s, tests 2.24s, environment 0ms, prepare 25ms)

JSON report written to /var/folders/2c/xh5rx2d91wd_lk8rvnnhlr4m0000gn/T/viborm-raptor3-g0-sS6DLL/vitest.json
Vitest resources: 5.70s wall, 953.0 MiB peak sampled process-group RSS (sampled ceiling 1536 MiB). Teardown verified.
Raptor 3 g3-transport-seed-batch contract gate verified. Evidence: /var/folders/2c/xh5rx2d91wd_lk8rvnnhlr4m0000gn/T/viborm-raptor3-g0-sS6DLL

 RUN  v3.1.4 /Users/arnaud/code/viborm

 ✓ |raptor3| tests/raptor3/g3/generation/transport-campaign.test.ts (1 test) 2379ms
   ✓ executes one complete G3 transport seed batch  2378ms

 Test Files  1 passed (1)
      Tests  1 passed (1)
   Start at  19:41:33
   Duration  3.98s (transform 971ms, setup 8ms, collect 1.41s, tests 2.38s, environment 0ms, prepare 28ms)

JSON report written to /var/folders/2c/xh5rx2d91wd_lk8rvnnhlr4m0000gn/T/viborm-raptor3-g0-6P1UOs/vitest.json
Vitest resources: 5.87s wall, 714.8 MiB peak sampled process-group RSS (sampled ceiling 1536 MiB). Teardown verified.
Raptor 3 g3-transport-seed-batch contract gate verified. Evidence: /var/folders/2c/xh5rx2d91wd_lk8rvnnhlr4m0000gn/T/viborm-raptor3-g0-6P1UOs

 RUN  v3.1.4 /Users/arnaud/code/viborm

 ✓ |raptor3| tests/raptor3/g3/generation/transport-campaign.test.ts (1 test) 2605ms
   ✓ executes one complete G3 transport seed batch  2605ms

 Test Files  1 passed (1)
      Tests  1 passed (1)
   Start at  19:41:40
   Duration  4.22s (transform 985ms, setup 8ms, collect 1.42s, tests 2.61s, environment 0ms, prepare 24ms)

JSON report written to /var/folders/2c/xh5rx2d91wd_lk8rvnnhlr4m0000gn/T/viborm-raptor3-g0-swdY9b/vitest.json
Vitest resources: 6.06s wall, 755.0 MiB peak sampled process-group RSS (sampled ceiling 1536 MiB). Teardown verified.
Raptor 3 g3-transport-seed-batch contract gate verified. Evidence: /var/folders/2c/xh5rx2d91wd_lk8rvnnhlr4m0000gn/T/viborm-raptor3-g0-swdY9b

 RUN  v3.1.4 /Users/arnaud/code/viborm

 ✓ |raptor3| tests/raptor3/g3/generation/transport-campaign.test.ts (1 test) 1862ms
   ✓ executes one complete G3 transport seed batch  1861ms

 Test Files  1 passed (1)
      Tests  1 passed (1)
   Start at  19:41:48
   Duration  3.46s (transform 983ms, setup 7ms, collect 1.42s, tests 1.86s, environment 0ms, prepare 25ms)

JSON report written to /var/folders/2c/xh5rx2d91wd_lk8rvnnhlr4m0000gn/T/viborm-raptor3-g0-ZvYwH5/vitest.json
Vitest resources: 5.32s wall, 683.9 MiB peak sampled process-group RSS (sampled ceiling 1536 MiB). Teardown verified.
Raptor 3 g3-transport-seed-batch contract gate verified. Evidence: /var/folders/2c/xh5rx2d91wd_lk8rvnnhlr4m0000gn/T/viborm-raptor3-g0-ZvYwH5

 RUN  v3.1.4 /Users/arnaud/code/viborm

 ✓ |raptor3| tests/raptor3/g3/generation/transport-campaign.test.ts (1 test) 1925ms
   ✓ executes one complete G3 transport seed batch  1924ms

 Test Files  1 passed (1)
      Tests  1 passed (1)
   Start at  19:41:55
   Duration  3.47s (transform 982ms, setup 8ms, collect 1.42s, tests 1.92s, environment 0ms, prepare 26ms)

JSON report written to /var/folders/2c/xh5rx2d91wd_lk8rvnnhlr4m0000gn/T/viborm-raptor3-g0-IqdWW7/vitest.json
Vitest resources: 5.32s wall, 688.0 MiB peak sampled process-group RSS (sampled ceiling 1536 MiB). Teardown verified.
Raptor 3 g3-transport-seed-batch contract gate verified. Evidence: /var/folders/2c/xh5rx2d91wd_lk8rvnnhlr4m0000gn/T/viborm-raptor3-g0-IqdWW7

 RUN  v3.1.4 /Users/arnaud/code/viborm

 ✓ |raptor3| tests/raptor3/g3/generation/transport-campaign.test.ts (1 test) 1995ms
   ✓ executes one complete G3 transport seed batch  1994ms

 Test Files  1 passed (1)
      Tests  1 passed (1)
   Start at  19:42:01
   Duration  3.65s (transform 987ms, setup 8ms, collect 1.47s, tests 1.99s, environment 0ms, prepare 24ms)

JSON report written to /var/folders/2c/xh5rx2d91wd_lk8rvnnhlr4m0000gn/T/viborm-raptor3-g0-40BX3m/vitest.json
Vitest resources: 5.50s wall, 878.4 MiB peak sampled process-group RSS (sampled ceiling 1536 MiB). Teardown verified.
Raptor 3 g3-transport-seed-batch contract gate verified. Evidence: /var/folders/2c/xh5rx2d91wd_lk8rvnnhlr4m0000gn/T/viborm-raptor3-g0-40BX3m

 RUN  v3.1.4 /Users/arnaud/code/viborm

 ✓ |raptor3| tests/raptor3/g3/generation/transport-campaign.test.ts (1 test) 2112ms
   ✓ executes one complete G3 transport seed batch  2111ms

 Test Files  1 passed (1)
      Tests  1 passed (1)
   Start at  19:42:08
   Duration  3.74s (transform 971ms, setup 8ms, collect 1.44s, tests 2.11s, environment 0ms, prepare 25ms)

JSON report written to /var/folders/2c/xh5rx2d91wd_lk8rvnnhlr4m0000gn/T/viborm-raptor3-g0-rocQD2/vitest.json
Vitest resources: 5.59s wall, 711.3 MiB peak sampled process-group RSS (sampled ceiling 1536 MiB). Teardown verified.
Raptor 3 g3-transport-seed-batch contract gate verified. Evidence: /var/folders/2c/xh5rx2d91wd_lk8rvnnhlr4m0000gn/T/viborm-raptor3-g0-rocQD2

 RUN  v3.1.4 /Users/arnaud/code/viborm

 ✓ |raptor3| tests/raptor3/g3/generation/transport-campaign.test.ts (1 test) 2129ms
   ✓ executes one complete G3 transport seed batch  2128ms

 Test Files  1 passed (1)
      Tests  1 passed (1)
   Start at  19:42:15
   Duration  3.74s (transform 996ms, setup 8ms, collect 1.45s, tests 2.13s, environment 0ms, prepare 24ms)

JSON report written to /var/folders/2c/xh5rx2d91wd_lk8rvnnhlr4m0000gn/T/viborm-raptor3-g0-prQFdE/vitest.json
Vitest resources: 5.62s wall, 696.1 MiB peak sampled process-group RSS (sampled ceiling 1536 MiB). Teardown verified.
Raptor 3 g3-transport-seed-batch contract gate verified. Evidence: /var/folders/2c/xh5rx2d91wd_lk8rvnnhlr4m0000gn/T/viborm-raptor3-g0-prQFdE

 RUN  v3.1.4 /Users/arnaud/code/viborm

 ✓ |raptor3| tests/raptor3/g3/generation/transport-campaign.test.ts (1 test) 2419ms
   ✓ executes one complete G3 transport seed batch  2419ms

 Test Files  1 passed (1)
      Tests  1 passed (1)
   Start at  19:42:22
   Duration  4.06s (transform 1.00s, setup 7ms, collect 1.44s, tests 2.42s, environment 0ms, prepare 25ms)

JSON report written to /var/folders/2c/xh5rx2d91wd_lk8rvnnhlr4m0000gn/T/viborm-raptor3-g0-IdGfRw/vitest.json
Vitest resources: 5.90s wall, 973.9 MiB peak sampled process-group RSS (sampled ceiling 1536 MiB). Teardown verified.
Raptor 3 g3-transport-seed-batch contract gate verified. Evidence: /var/folders/2c/xh5rx2d91wd_lk8rvnnhlr4m0000gn/T/viborm-raptor3-g0-IdGfRw

 RUN  v3.1.4 /Users/arnaud/code/viborm

 ✓ |raptor3| tests/raptor3/g3/generation/transport-campaign.test.ts (1 test) 2456ms
   ✓ executes one complete G3 transport seed batch  2455ms

 Test Files  1 passed (1)
      Tests  1 passed (1)
   Start at  19:42:30
   Duration  4.04s (transform 961ms, setup 8ms, collect 1.39s, tests 2.46s, environment 0ms, prepare 25ms)

JSON report written to /var/folders/2c/xh5rx2d91wd_lk8rvnnhlr4m0000gn/T/viborm-raptor3-g0-N0w3jx/vitest.json
Vitest resources: 5.89s wall, 713.2 MiB peak sampled process-group RSS (sampled ceiling 1536 MiB). Teardown verified.
Raptor 3 g3-transport-seed-batch contract gate verified. Evidence: /var/folders/2c/xh5rx2d91wd_lk8rvnnhlr4m0000gn/T/viborm-raptor3-g0-N0w3jx

 RUN  v3.1.4 /Users/arnaud/code/viborm

 ✓ |raptor3| tests/raptor3/g3/generation/transport-campaign.test.ts (1 test) 2025ms
   ✓ executes one complete G3 transport seed batch  2025ms

 Test Files  1 passed (1)
      Tests  1 passed (1)
   Start at  19:42:37
   Duration  3.67s (transform 986ms, setup 8ms, collect 1.45s, tests 2.03s, environment 0ms, prepare 23ms)

JSON report written to /var/folders/2c/xh5rx2d91wd_lk8rvnnhlr4m0000gn/T/viborm-raptor3-g0-G0V6Uo/vitest.json
Vitest resources: 5.52s wall, 807.2 MiB peak sampled process-group RSS (sampled ceiling 1536 MiB). Teardown verified.
Raptor 3 g3-transport-seed-batch contract gate verified. Evidence: /var/folders/2c/xh5rx2d91wd_lk8rvnnhlr4m0000gn/T/viborm-raptor3-g0-G0V6Uo

 RUN  v3.1.4 /Users/arnaud/code/viborm

 ✓ |raptor3| tests/raptor3/g3/generation/transport-campaign.test.ts (1 test) 2159ms
   ✓ executes one complete G3 transport seed batch  2159ms

 Test Files  1 passed (1)
      Tests  1 passed (1)
   Start at  19:42:44
   Duration  3.74s (transform 961ms, setup 8ms, collect 1.42s, tests 2.16s, environment 0ms, prepare 24ms)

JSON report written to /var/folders/2c/xh5rx2d91wd_lk8rvnnhlr4m0000gn/T/viborm-raptor3-g0-6Y0Lgd/vitest.json
Vitest resources: 5.63s wall, 741.4 MiB peak sampled process-group RSS (sampled ceiling 1536 MiB). Teardown verified.
Raptor 3 g3-transport-seed-batch contract gate verified. Evidence: /var/folders/2c/xh5rx2d91wd_lk8rvnnhlr4m0000gn/T/viborm-raptor3-g0-6Y0Lgd

 RUN  v3.1.4 /Users/arnaud/code/viborm

 ✓ |raptor3| tests/raptor3/g3/generation/transport-campaign.test.ts (1 test) 2102ms
   ✓ executes one complete G3 transport seed batch  2102ms

 Test Files  1 passed (1)
      Tests  1 passed (1)
   Start at  19:42:51
   Duration  3.71s (transform 964ms, setup 7ms, collect 1.41s, tests 2.10s, environment 0ms, prepare 24ms)

JSON report written to /var/folders/2c/xh5rx2d91wd_lk8rvnnhlr4m0000gn/T/viborm-raptor3-g0-06Hitt/vitest.json
Vitest resources: 5.58s wall, 770.4 MiB peak sampled process-group RSS (sampled ceiling 1536 MiB). Teardown verified.
Raptor 3 g3-transport-seed-batch contract gate verified. Evidence: /var/folders/2c/xh5rx2d91wd_lk8rvnnhlr4m0000gn/T/viborm-raptor3-g0-06Hitt

 RUN  v3.1.4 /Users/arnaud/code/viborm

 ✓ |raptor3| tests/raptor3/g3/generation/transport-campaign.test.ts (1 test) 2141ms
   ✓ executes one complete G3 transport seed batch  2141ms

 Test Files  1 passed (1)
      Tests  1 passed (1)
   Start at  19:42:58
   Duration  3.75s (transform 991ms, setup 8ms, collect 1.42s, tests 2.14s, environment 0ms, prepare 25ms)

JSON report written to /var/folders/2c/xh5rx2d91wd_lk8rvnnhlr4m0000gn/T/viborm-raptor3-g0-av74QW/vitest.json
Vitest resources: 5.62s wall, 729.6 MiB peak sampled process-group RSS (sampled ceiling 1536 MiB). Teardown verified.
Raptor 3 g3-transport-seed-batch contract gate verified. Evidence: /var/folders/2c/xh5rx2d91wd_lk8rvnnhlr4m0000gn/T/viborm-raptor3-g0-av74QW

 RUN  v3.1.4 /Users/arnaud/code/viborm

 ✓ |raptor3| tests/raptor3/g3/generation/transport-campaign.test.ts (1 test) 1962ms
   ✓ executes one complete G3 transport seed batch  1961ms

 Test Files  1 passed (1)
      Tests  1 passed (1)
   Start at  19:43:05
   Duration  3.48s (transform 958ms, setup 7ms, collect 1.38s, tests 1.96s, environment 0ms, prepare 25ms)

JSON report written to /var/folders/2c/xh5rx2d91wd_lk8rvnnhlr4m0000gn/T/viborm-raptor3-g0-c2BK1c/vitest.json
Vitest resources: 5.31s wall, 743.0 MiB peak sampled process-group RSS (sampled ceiling 1536 MiB). Teardown verified.
Raptor 3 g3-transport-seed-batch contract gate verified. Evidence: /var/folders/2c/xh5rx2d91wd_lk8rvnnhlr4m0000gn/T/viborm-raptor3-g0-c2BK1c

 RUN  v3.1.4 /Users/arnaud/code/viborm

 ✓ |raptor3| tests/raptor3/g3/generation/transport-campaign.test.ts (1 test) 1689ms
   ✓ executes one complete G3 transport seed batch  1689ms

 Test Files  1 passed (1)
      Tests  1 passed (1)
   Start at  19:43:12
   Duration  3.33s (transform 993ms, setup 8ms, collect 1.46s, tests 1.69s, environment 0ms, prepare 26ms)

JSON report written to /var/folders/2c/xh5rx2d91wd_lk8rvnnhlr4m0000gn/T/viborm-raptor3-g0-C6RYHd/vitest.json
Vitest resources: 5.19s wall, 881.2 MiB peak sampled process-group RSS (sampled ceiling 1536 MiB). Teardown verified.
Raptor 3 g3-transport-seed-batch contract gate verified. Evidence: /var/folders/2c/xh5rx2d91wd_lk8rvnnhlr4m0000gn/T/viborm-raptor3-g0-C6RYHd

 RUN  v3.1.4 /Users/arnaud/code/viborm

 ✓ |raptor3| tests/raptor3/g3/generation/transport-campaign.test.ts (1 test) 2179ms
   ✓ executes one complete G3 transport seed batch  2179ms

 Test Files  1 passed (1)
      Tests  1 passed (1)
   Start at  19:43:18
   Duration  3.74s (transform 992ms, setup 8ms, collect 1.43s, tests 2.18s, environment 0ms, prepare 24ms)

JSON report written to /var/folders/2c/xh5rx2d91wd_lk8rvnnhlr4m0000gn/T/viborm-raptor3-g0-b4NyLD/vitest.json
Vitest resources: 5.65s wall, 937.4 MiB peak sampled process-group RSS (sampled ceiling 1536 MiB). Teardown verified.
Raptor 3 g3-transport-seed-batch contract gate verified. Evidence: /var/folders/2c/xh5rx2d91wd_lk8rvnnhlr4m0000gn/T/viborm-raptor3-g0-b4NyLD

 RUN  v3.1.4 /Users/arnaud/code/viborm

 ✓ |raptor3| tests/raptor3/g3/generation/transport-campaign.test.ts (1 test) 1719ms
   ✓ executes one complete G3 transport seed batch  1718ms

 Test Files  1 passed (1)
      Tests  1 passed (1)
   Start at  19:43:25
   Duration  3.34s (transform 991ms, setup 8ms, collect 1.45s, tests 1.72s, environment 0ms, prepare 25ms)

JSON report written to /var/folders/2c/xh5rx2d91wd_lk8rvnnhlr4m0000gn/T/viborm-raptor3-g0-VvMDBz/vitest.json
Vitest resources: 5.22s wall, 882.7 MiB peak sampled process-group RSS (sampled ceiling 1536 MiB). Teardown verified.
Raptor 3 g3-transport-seed-batch contract gate verified. Evidence: /var/folders/2c/xh5rx2d91wd_lk8rvnnhlr4m0000gn/T/viborm-raptor3-g0-VvMDBz

 RUN  v3.1.4 /Users/arnaud/code/viborm

 ✓ |raptor3| tests/raptor3/g3/generation/transport-campaign.test.ts (1 test) 2637ms
   ✓ executes one complete G3 transport seed batch  2637ms

 Test Files  1 passed (1)
      Tests  1 passed (1)
   Start at  19:43:32
   Duration  4.25s (transform 977ms, setup 7ms, collect 1.42s, tests 2.64s, environment 0ms, prepare 26ms)

JSON report written to /var/folders/2c/xh5rx2d91wd_lk8rvnnhlr4m0000gn/T/viborm-raptor3-g0-h6NgJT/vitest.json
Vitest resources: 6.13s wall, 861.6 MiB peak sampled process-group RSS (sampled ceiling 1536 MiB). Teardown verified.
Raptor 3 g3-transport-seed-batch contract gate verified. Evidence: /var/folders/2c/xh5rx2d91wd_lk8rvnnhlr4m0000gn/T/viborm-raptor3-g0-h6NgJT

 RUN  v3.1.4 /Users/arnaud/code/viborm

 ✓ |raptor3| tests/raptor3/g3/generation/transport-campaign.test.ts (1 test) 2630ms
   ✓ executes one complete G3 transport seed batch  2630ms

 Test Files  1 passed (1)
      Tests  1 passed (1)
   Start at  19:43:40
   Duration  4.30s (transform 975ms, setup 8ms, collect 1.50s, tests 2.63s, environment 0ms, prepare 25ms)

JSON report written to /var/folders/2c/xh5rx2d91wd_lk8rvnnhlr4m0000gn/T/viborm-raptor3-g0-W94UgW/vitest.json
Vitest resources: 6.19s wall, 963.1 MiB peak sampled process-group RSS (sampled ceiling 1536 MiB). Teardown verified.
Raptor 3 g3-transport-seed-batch contract gate verified. Evidence: /var/folders/2c/xh5rx2d91wd_lk8rvnnhlr4m0000gn/T/viborm-raptor3-g0-W94UgW

 RUN  v3.1.4 /Users/arnaud/code/viborm

 ✓ |raptor3| tests/raptor3/g3/generation/transport-campaign.test.ts (1 test) 2632ms
   ✓ executes one complete G3 transport seed batch  2632ms

 Test Files  1 passed (1)
      Tests  1 passed (1)
   Start at  19:43:48
   Duration  4.26s (transform 1.00s, setup 7ms, collect 1.45s, tests 2.63s, environment 0ms, prepare 23ms)

JSON report written to /var/folders/2c/xh5rx2d91wd_lk8rvnnhlr4m0000gn/T/viborm-raptor3-g0-NRqZGn/vitest.json
Vitest resources: 6.13s wall, 687.6 MiB peak sampled process-group RSS (sampled ceiling 1536 MiB). Teardown verified.
Raptor 3 g3-transport-seed-batch contract gate verified. Evidence: /var/folders/2c/xh5rx2d91wd_lk8rvnnhlr4m0000gn/T/viborm-raptor3-g0-NRqZGn

 RUN  v3.1.4 /Users/arnaud/code/viborm

 ✓ |raptor3| tests/raptor3/g3/generation/transport-campaign.test.ts (1 test) 2550ms
   ✓ executes one complete G3 transport seed batch  2550ms

 Test Files  1 passed (1)
      Tests  1 passed (1)
   Start at  19:43:56
   Duration  4.19s (transform 969ms, setup 7ms, collect 1.44s, tests 2.55s, environment 0ms, prepare 24ms)

JSON report written to /var/folders/2c/xh5rx2d91wd_lk8rvnnhlr4m0000gn/T/viborm-raptor3-g0-1dJwsg/vitest.json
Vitest resources: 6.04s wall, 910.6 MiB peak sampled process-group RSS (sampled ceiling 1536 MiB). Teardown verified.
Raptor 3 g3-transport-seed-batch contract gate verified. Evidence: /var/folders/2c/xh5rx2d91wd_lk8rvnnhlr4m0000gn/T/viborm-raptor3-g0-1dJwsg

 RUN  v3.1.4 /Users/arnaud/code/viborm

 ✓ |raptor3| tests/raptor3/g3/generation/transport-campaign.test.ts (1 test) 2636ms
   ✓ executes one complete G3 transport seed batch  2635ms

 Test Files  1 passed (1)
      Tests  1 passed (1)
   Start at  19:44:03
   Duration  4.21s (transform 979ms, setup 7ms, collect 1.41s, tests 2.64s, environment 0ms, prepare 25ms)

JSON report written to /var/folders/2c/xh5rx2d91wd_lk8rvnnhlr4m0000gn/T/viborm-raptor3-g0-Xi6awg/vitest.json
Vitest resources: 6.08s wall, 734.2 MiB peak sampled process-group RSS (sampled ceiling 1536 MiB). Teardown verified.
Raptor 3 g3-transport-seed-batch contract gate verified. Evidence: /var/folders/2c/xh5rx2d91wd_lk8rvnnhlr4m0000gn/T/viborm-raptor3-g0-Xi6awg

 RUN  v3.1.4 /Users/arnaud/code/viborm

 ✓ |raptor3| tests/raptor3/g3/generation/transport-campaign.test.ts (1 test) 2391ms
   ✓ executes one complete G3 transport seed batch  2391ms

 Test Files  1 passed (1)
      Tests  1 passed (1)
   Start at  19:44:11
   Duration  3.98s (transform 983ms, setup 8ms, collect 1.42s, tests 2.39s, environment 0ms, prepare 24ms)

JSON report written to /var/folders/2c/xh5rx2d91wd_lk8rvnnhlr4m0000gn/T/viborm-raptor3-g0-qs4TLi/vitest.json
Vitest resources: 5.87s wall, 727.3 MiB peak sampled process-group RSS (sampled ceiling 1536 MiB). Teardown verified.
Raptor 3 g3-transport-seed-batch contract gate verified. Evidence: /var/folders/2c/xh5rx2d91wd_lk8rvnnhlr4m0000gn/T/viborm-raptor3-g0-qs4TLi

 RUN  v3.1.4 /Users/arnaud/code/viborm

 ✓ |raptor3| tests/raptor3/g3/generation/transport-campaign.test.ts (1 test) 2047ms
   ✓ executes one complete G3 transport seed batch  2046ms

 Test Files  1 passed (1)
      Tests  1 passed (1)
   Start at  19:44:19
   Duration  3.66s (transform 975ms, setup 7ms, collect 1.41s, tests 2.05s, environment 0ms, prepare 25ms)

JSON report written to /var/folders/2c/xh5rx2d91wd_lk8rvnnhlr4m0000gn/T/viborm-raptor3-g0-fCYms2/vitest.json
Vitest resources: 5.49s wall, 879.1 MiB peak sampled process-group RSS (sampled ceiling 1536 MiB). Teardown verified.
Raptor 3 g3-transport-seed-batch contract gate verified. Evidence: /var/folders/2c/xh5rx2d91wd_lk8rvnnhlr4m0000gn/T/viborm-raptor3-g0-fCYms2

 RUN  v3.1.4 /Users/arnaud/code/viborm

 ✓ |raptor3| tests/raptor3/g3/generation/transport-campaign.test.ts (1 test) 1898ms
   ✓ executes one complete G3 transport seed batch  1898ms

 Test Files  1 passed (1)
      Tests  1 passed (1)
   Start at  19:44:25
   Duration  3.44s (transform 974ms, setup 8ms, collect 1.41s, tests 1.90s, environment 0ms, prepare 24ms)

JSON report written to /var/folders/2c/xh5rx2d91wd_lk8rvnnhlr4m0000gn/T/viborm-raptor3-g0-m0cHKn/vitest.json
Vitest resources: 5.26s wall, 757.0 MiB peak sampled process-group RSS (sampled ceiling 1536 MiB). Teardown verified.
Raptor 3 g3-transport-seed-batch contract gate verified. Evidence: /var/folders/2c/xh5rx2d91wd_lk8rvnnhlr4m0000gn/T/viborm-raptor3-g0-m0cHKn

 RUN  v3.1.4 /Users/arnaud/code/viborm

 ✓ |raptor3| tests/raptor3/g3/generation/transport-campaign.test.ts (1 test) 2066ms
   ✓ executes one complete G3 transport seed batch  2066ms

 Test Files  1 passed (1)
      Tests  1 passed (1)
   Start at  19:44:32
   Duration  3.60s (transform 965ms, setup 8ms, collect 1.40s, tests 2.07s, environment 0ms, prepare 27ms)

JSON report written to /var/folders/2c/xh5rx2d91wd_lk8rvnnhlr4m0000gn/T/viborm-raptor3-g0-Oq68FQ/vitest.json
Vitest resources: 5.41s wall, 915.6 MiB peak sampled process-group RSS (sampled ceiling 1536 MiB). Teardown verified.
Raptor 3 g3-transport-seed-batch contract gate verified. Evidence: /var/folders/2c/xh5rx2d91wd_lk8rvnnhlr4m0000gn/T/viborm-raptor3-g0-Oq68FQ

 RUN  v3.1.4 /Users/arnaud/code/viborm

 ✓ |raptor3| tests/raptor3/g3/generation/transport-campaign.test.ts (1 test) 2119ms
   ✓ executes one complete G3 transport seed batch  2119ms

 Test Files  1 passed (1)
      Tests  1 passed (1)
   Start at  19:44:39
   Duration  3.69s (transform 968ms, setup 8ms, collect 1.39s, tests 2.12s, environment 0ms, prepare 25ms)

JSON report written to /var/folders/2c/xh5rx2d91wd_lk8rvnnhlr4m0000gn/T/viborm-raptor3-g0-f1qNDu/vitest.json
Vitest resources: 5.54s wall, 745.1 MiB peak sampled process-group RSS (sampled ceiling 1536 MiB). Teardown verified.
Raptor 3 g3-transport-seed-batch contract gate verified. Evidence: /var/folders/2c/xh5rx2d91wd_lk8rvnnhlr4m0000gn/T/viborm-raptor3-g0-f1qNDu

 RUN  v3.1.4 /Users/arnaud/code/viborm

 ✓ |raptor3| tests/raptor3/g3/generation/transport-campaign.test.ts (1 test) 2684ms
   ✓ executes one complete G3 transport seed batch  2683ms

 Test Files  1 passed (1)
      Tests  1 passed (1)
   Start at  19:44:46
   Duration  4.30s (transform 991ms, setup 8ms, collect 1.43s, tests 2.68s, environment 0ms, prepare 26ms)

JSON report written to /var/folders/2c/xh5rx2d91wd_lk8rvnnhlr4m0000gn/T/viborm-raptor3-g0-MKDePr/vitest.json
Vitest resources: 6.18s wall, 972.0 MiB peak sampled process-group RSS (sampled ceiling 1536 MiB). Teardown verified.
Raptor 3 g3-transport-seed-batch contract gate verified. Evidence: /var/folders/2c/xh5rx2d91wd_lk8rvnnhlr4m0000gn/T/viborm-raptor3-g0-MKDePr

 RUN  v3.1.4 /Users/arnaud/code/viborm

 ✓ |raptor3| tests/raptor3/g3/generation/transport-campaign.test.ts (1 test) 2590ms
   ✓ executes one complete G3 transport seed batch  2590ms

 Test Files  1 passed (1)
      Tests  1 passed (1)
   Start at  19:44:54
   Duration  4.20s (transform 962ms, setup 8ms, collect 1.39s, tests 2.59s, environment 0ms, prepare 24ms)

JSON report written to /var/folders/2c/xh5rx2d91wd_lk8rvnnhlr4m0000gn/T/viborm-raptor3-g0-1dy4vp/vitest.json
Vitest resources: 6.03s wall, 866.5 MiB peak sampled process-group RSS (sampled ceiling 1536 MiB). Teardown verified.
Raptor 3 g3-transport-seed-batch contract gate verified. Evidence: /var/folders/2c/xh5rx2d91wd_lk8rvnnhlr4m0000gn/T/viborm-raptor3-g0-1dy4vp

 RUN  v3.1.4 /Users/arnaud/code/viborm

 ✓ |raptor3| tests/raptor3/g3/generation/transport-campaign.test.ts (1 test) 2189ms
   ✓ executes one complete G3 transport seed batch  2188ms

 Test Files  1 passed (1)
      Tests  1 passed (1)
   Start at  19:45:02
   Duration  3.83s (transform 986ms, setup 8ms, collect 1.42s, tests 2.19s, environment 0ms, prepare 24ms)

JSON report written to /var/folders/2c/xh5rx2d91wd_lk8rvnnhlr4m0000gn/T/viborm-raptor3-g0-0SZi4W/vitest.json
Vitest resources: 5.66s wall, 948.6 MiB peak sampled process-group RSS (sampled ceiling 1536 MiB). Teardown verified.
Raptor 3 g3-transport-seed-batch contract gate verified. Evidence: /var/folders/2c/xh5rx2d91wd_lk8rvnnhlr4m0000gn/T/viborm-raptor3-g0-0SZi4W

 RUN  v3.1.4 /Users/arnaud/code/viborm

 ✓ |raptor3| tests/raptor3/g3/generation/transport-campaign.test.ts (1 test) 2845ms
   ✓ executes one complete G3 transport seed batch  2845ms

 Test Files  1 passed (1)
      Tests  1 passed (1)
   Start at  19:45:09
   Duration  4.43s (transform 957ms, setup 8ms, collect 1.38s, tests 2.84s, environment 0ms, prepare 24ms)

JSON report written to /var/folders/2c/xh5rx2d91wd_lk8rvnnhlr4m0000gn/T/viborm-raptor3-g0-h6Z7wn/vitest.json
Vitest resources: 6.28s wall, 966.5 MiB peak sampled process-group RSS (sampled ceiling 1536 MiB). Teardown verified.
Raptor 3 g3-transport-seed-batch contract gate verified. Evidence: /var/folders/2c/xh5rx2d91wd_lk8rvnnhlr4m0000gn/T/viborm-raptor3-g0-h6Z7wn

 RUN  v3.1.4 /Users/arnaud/code/viborm

 ✓ |raptor3| tests/raptor3/g3/generation/transport-campaign.test.ts (1 test) 2665ms
   ✓ executes one complete G3 transport seed batch  2664ms

 Test Files  1 passed (1)
      Tests  1 passed (1)
   Start at  19:45:17
   Duration  4.32s (transform 997ms, setup 7ms, collect 1.46s, tests 2.66s, environment 0ms, prepare 25ms)

JSON report written to /var/folders/2c/xh5rx2d91wd_lk8rvnnhlr4m0000gn/T/viborm-raptor3-g0-agRQ3Z/vitest.json
Vitest resources: 6.18s wall, 969.8 MiB peak sampled process-group RSS (sampled ceiling 1536 MiB). Teardown verified.
Raptor 3 g3-transport-seed-batch contract gate verified. Evidence: /var/folders/2c/xh5rx2d91wd_lk8rvnnhlr4m0000gn/T/viborm-raptor3-g0-agRQ3Z

 RUN  v3.1.4 /Users/arnaud/code/viborm

 ✓ |raptor3| tests/raptor3/g3/generation/transport-campaign.test.ts (1 test) 2207ms
   ✓ executes one complete G3 transport seed batch  2207ms

 Test Files  1 passed (1)
      Tests  1 passed (1)
   Start at  19:45:25
   Duration  3.86s (transform 988ms, setup 8ms, collect 1.43s, tests 2.21s, environment 0ms, prepare 25ms)

JSON report written to /var/folders/2c/xh5rx2d91wd_lk8rvnnhlr4m0000gn/T/viborm-raptor3-g0-4Q7fIH/vitest.json
Vitest resources: 5.69s wall, 984.0 MiB peak sampled process-group RSS (sampled ceiling 1536 MiB). Teardown verified.
Raptor 3 g3-transport-seed-batch contract gate verified. Evidence: /var/folders/2c/xh5rx2d91wd_lk8rvnnhlr4m0000gn/T/viborm-raptor3-g0-4Q7fIH

 RUN  v3.1.4 /Users/arnaud/code/viborm

 ✓ |raptor3| tests/raptor3/g3/generation/transport-campaign.test.ts (1 test) 1760ms
   ✓ executes one complete G3 transport seed batch  1759ms

 Test Files  1 passed (1)
      Tests  1 passed (1)
   Start at  19:45:32
   Duration  3.40s (transform 992ms, setup 7ms, collect 1.44s, tests 1.76s, environment 0ms, prepare 24ms)

JSON report written to /var/folders/2c/xh5rx2d91wd_lk8rvnnhlr4m0000gn/T/viborm-raptor3-g0-spLx40/vitest.json
Vitest resources: 5.24s wall, 765.3 MiB peak sampled process-group RSS (sampled ceiling 1536 MiB). Teardown verified.
Raptor 3 g3-transport-seed-batch contract gate verified. Evidence: /var/folders/2c/xh5rx2d91wd_lk8rvnnhlr4m0000gn/T/viborm-raptor3-g0-spLx40

 RUN  v3.1.4 /Users/arnaud/code/viborm

 ✓ |raptor3| tests/raptor3/g3/generation/transport-campaign.test.ts (1 test) 1822ms
   ✓ executes one complete G3 transport seed batch  1821ms

 Test Files  1 passed (1)
      Tests  1 passed (1)
   Start at  19:45:39
   Duration  3.46s (transform 979ms, setup 8ms, collect 1.44s, tests 1.82s, environment 0ms, prepare 24ms)

JSON report written to /var/folders/2c/xh5rx2d91wd_lk8rvnnhlr4m0000gn/T/viborm-raptor3-g0-xBjIMz/vitest.json
Vitest resources: 5.31s wall, 709.0 MiB peak sampled process-group RSS (sampled ceiling 1536 MiB). Teardown verified.
Raptor 3 g3-transport-seed-batch contract gate verified. Evidence: /var/folders/2c/xh5rx2d91wd_lk8rvnnhlr4m0000gn/T/viborm-raptor3-g0-xBjIMz

 RUN  v3.1.4 /Users/arnaud/code/viborm

 ✓ |raptor3| tests/raptor3/g3/generation/transport-campaign.test.ts (1 test) 2083ms
   ✓ executes one complete G3 transport seed batch  2083ms

 Test Files  1 passed (1)
      Tests  1 passed (1)
   Start at  19:45:45
   Duration  3.66s (transform 977ms, setup 8ms, collect 1.42s, tests 2.08s, environment 0ms, prepare 24ms)

JSON report written to /var/folders/2c/xh5rx2d91wd_lk8rvnnhlr4m0000gn/T/viborm-raptor3-g0-7HSME2/vitest.json
Vitest resources: 5.54s wall, 754.5 MiB peak sampled process-group RSS (sampled ceiling 1536 MiB). Teardown verified.
Raptor 3 g3-transport-seed-batch contract gate verified. Evidence: /var/folders/2c/xh5rx2d91wd_lk8rvnnhlr4m0000gn/T/viborm-raptor3-g0-7HSME2

 RUN  v3.1.4 /Users/arnaud/code/viborm

 ✓ |raptor3| tests/raptor3/g3/generation/transport-campaign.test.ts (1 test) 1869ms
   ✓ executes one complete G3 transport seed batch  1869ms

 Test Files  1 passed (1)
      Tests  1 passed (1)
   Start at  19:45:52
   Duration  3.49s (transform 974ms, setup 7ms, collect 1.41s, tests 1.87s, environment 0ms, prepare 25ms)

JSON report written to /var/folders/2c/xh5rx2d91wd_lk8rvnnhlr4m0000gn/T/viborm-raptor3-g0-kg71Y3/vitest.json
Vitest resources: 5.32s wall, 698.8 MiB peak sampled process-group RSS (sampled ceiling 1536 MiB). Teardown verified.
Raptor 3 g3-transport-seed-batch contract gate verified. Evidence: /var/folders/2c/xh5rx2d91wd_lk8rvnnhlr4m0000gn/T/viborm-raptor3-g0-kg71Y3

 RUN  v3.1.4 /Users/arnaud/code/viborm

 ✓ |raptor3| tests/raptor3/g3/generation/transport-campaign.test.ts (1 test) 2163ms
   ✓ executes one complete G3 transport seed batch  2162ms

 Test Files  1 passed (1)
      Tests  1 passed (1)
   Start at  19:45:59
   Duration  3.77s (transform 977ms, setup 8ms, collect 1.41s, tests 2.16s, environment 0ms, prepare 24ms)

JSON report written to /var/folders/2c/xh5rx2d91wd_lk8rvnnhlr4m0000gn/T/viborm-raptor3-g0-GqJknj/vitest.json
Vitest resources: 5.62s wall, 715.5 MiB peak sampled process-group RSS (sampled ceiling 1536 MiB). Teardown verified.
Raptor 3 g3-transport-seed-batch contract gate verified. Evidence: /var/folders/2c/xh5rx2d91wd_lk8rvnnhlr4m0000gn/T/viborm-raptor3-g0-GqJknj

 RUN  v3.1.4 /Users/arnaud/code/viborm

 ✓ |raptor3| tests/raptor3/g3/generation/transport-campaign.test.ts (1 test) 2456ms
   ✓ executes one complete G3 transport seed batch  2455ms

 Test Files  1 passed (1)
      Tests  1 passed (1)
   Start at  19:46:06
   Duration  4.08s (transform 981ms, setup 8ms, collect 1.42s, tests 2.46s, environment 0ms, prepare 25ms)

JSON report written to /var/folders/2c/xh5rx2d91wd_lk8rvnnhlr4m0000gn/T/viborm-raptor3-g0-8cXrbu/vitest.json
Vitest resources: 5.92s wall, 972.4 MiB peak sampled process-group RSS (sampled ceiling 1536 MiB). Teardown verified.
Raptor 3 g3-transport-seed-batch contract gate verified. Evidence: /var/folders/2c/xh5rx2d91wd_lk8rvnnhlr4m0000gn/T/viborm-raptor3-g0-8cXrbu

 RUN  v3.1.4 /Users/arnaud/code/viborm

 ✓ |raptor3| tests/raptor3/g3/generation/transport-campaign.test.ts (1 test) 2527ms
   ✓ executes one complete G3 transport seed batch  2527ms

 Test Files  1 passed (1)
      Tests  1 passed (1)
   Start at  19:46:13
   Duration  4.13s (transform 982ms, setup 8ms, collect 1.43s, tests 2.53s, environment 0ms, prepare 24ms)

JSON report written to /var/folders/2c/xh5rx2d91wd_lk8rvnnhlr4m0000gn/T/viborm-raptor3-g0-1uMuic/vitest.json
Vitest resources: 6.01s wall, 1017.9 MiB peak sampled process-group RSS (sampled ceiling 1536 MiB). Teardown verified.
Raptor 3 g3-transport-seed-batch contract gate verified. Evidence: /var/folders/2c/xh5rx2d91wd_lk8rvnnhlr4m0000gn/T/viborm-raptor3-g0-1uMuic

 RUN  v3.1.4 /Users/arnaud/code/viborm

 ✓ |raptor3| tests/raptor3/g3/generation/transport-campaign.test.ts (1 test) 2253ms
   ✓ executes one complete G3 transport seed batch  2253ms

 Test Files  1 passed (1)
      Tests  1 passed (1)
   Start at  19:46:21
   Duration  3.86s (transform 976ms, setup 7ms, collect 1.41s, tests 2.25s, environment 0ms, prepare 24ms)

JSON report written to /var/folders/2c/xh5rx2d91wd_lk8rvnnhlr4m0000gn/T/viborm-raptor3-g0-9SGJMq/vitest.json
Vitest resources: 5.72s wall, 979.4 MiB peak sampled process-group RSS (sampled ceiling 1536 MiB). Teardown verified.
Raptor 3 g3-transport-seed-batch contract gate verified. Evidence: /var/folders/2c/xh5rx2d91wd_lk8rvnnhlr4m0000gn/T/viborm-raptor3-g0-9SGJMq

 RUN  v3.1.4 /Users/arnaud/code/viborm

 ✓ |raptor3| tests/raptor3/g3/generation/transport-campaign.test.ts (1 test) 2460ms
   ✓ executes one complete G3 transport seed batch  2460ms

 Test Files  1 passed (1)
      Tests  1 passed (1)
   Start at  19:46:28
   Duration  4.07s (transform 984ms, setup 8ms, collect 1.42s, tests 2.46s, environment 0ms, prepare 25ms)

JSON report written to /var/folders/2c/xh5rx2d91wd_lk8rvnnhlr4m0000gn/T/viborm-raptor3-g0-Y5AZWX/vitest.json
Vitest resources: 5.93s wall, 957.2 MiB peak sampled process-group RSS (sampled ceiling 1536 MiB). Teardown verified.
Raptor 3 g3-transport-seed-batch contract gate verified. Evidence: /var/folders/2c/xh5rx2d91wd_lk8rvnnhlr4m0000gn/T/viborm-raptor3-g0-Y5AZWX

 RUN  v3.1.4 /Users/arnaud/code/viborm

 ✓ |raptor3| tests/raptor3/g3/generation/transport-campaign.test.ts (1 test) 2295ms
   ✓ executes one complete G3 transport seed batch  2295ms

 Test Files  1 passed (1)
      Tests  1 passed (1)
   Start at  19:46:36
   Duration  3.93s (transform 982ms, setup 7ms, collect 1.42s, tests 2.30s, environment 0ms, prepare 24ms)

JSON report written to /var/folders/2c/xh5rx2d91wd_lk8rvnnhlr4m0000gn/T/viborm-raptor3-g0-4iwe3y/vitest.json
Vitest resources: 5.77s wall, 839.2 MiB peak sampled process-group RSS (sampled ceiling 1536 MiB). Teardown verified.
Raptor 3 g3-transport-seed-batch contract gate verified. Evidence: /var/folders/2c/xh5rx2d91wd_lk8rvnnhlr4m0000gn/T/viborm-raptor3-g0-4iwe3y

 RUN  v3.1.4 /Users/arnaud/code/viborm

 ✓ |raptor3| tests/raptor3/g3/generation/transport-campaign.test.ts (1 test) 2188ms
   ✓ executes one complete G3 transport seed batch  2187ms

 Test Files  1 passed (1)
      Tests  1 passed (1)
   Start at  19:46:43
   Duration  3.86s (transform 992ms, setup 7ms, collect 1.48s, tests 2.19s, environment 0ms, prepare 26ms)

JSON report written to /var/folders/2c/xh5rx2d91wd_lk8rvnnhlr4m0000gn/T/viborm-raptor3-g0-x6nuku/vitest.json
Vitest resources: 5.73s wall, 1001.5 MiB peak sampled process-group RSS (sampled ceiling 1536 MiB). Teardown verified.
Raptor 3 g3-transport-seed-batch contract gate verified. Evidence: /var/folders/2c/xh5rx2d91wd_lk8rvnnhlr4m0000gn/T/viborm-raptor3-g0-x6nuku

 RUN  v3.1.4 /Users/arnaud/code/viborm

 ✓ |raptor3| tests/raptor3/g3/generation/transport-campaign.test.ts (1 test) 1869ms
   ✓ executes one complete G3 transport seed batch  1868ms

 Test Files  1 passed (1)
      Tests  1 passed (1)
   Start at  19:46:50
   Duration  3.50s (transform 964ms, setup 8ms, collect 1.41s, tests 1.87s, environment 0ms, prepare 24ms)

JSON report written to /var/folders/2c/xh5rx2d91wd_lk8rvnnhlr4m0000gn/T/viborm-raptor3-g0-uQpz37/vitest.json
Vitest resources: 5.34s wall, 694.6 MiB peak sampled process-group RSS (sampled ceiling 1536 MiB). Teardown verified.
Raptor 3 g3-transport-seed-batch contract gate verified. Evidence: /var/folders/2c/xh5rx2d91wd_lk8rvnnhlr4m0000gn/T/viborm-raptor3-g0-uQpz37

 RUN  v3.1.4 /Users/arnaud/code/viborm

 ✓ |raptor3| tests/raptor3/g3/generation/transport-campaign.test.ts (1 test) 2136ms
   ✓ executes one complete G3 transport seed batch  2135ms

 Test Files  1 passed (1)
      Tests  1 passed (1)
   Start at  19:46:57
   Duration  3.65s (transform 965ms, setup 8ms, collect 1.39s, tests 2.14s, environment 0ms, prepare 26ms)

JSON report written to /var/folders/2c/xh5rx2d91wd_lk8rvnnhlr4m0000gn/T/viborm-raptor3-g0-kYeVSC/vitest.json
Vitest resources: 5.51s wall, 893.4 MiB peak sampled process-group RSS (sampled ceiling 1536 MiB). Teardown verified.
Raptor 3 g3-transport-seed-batch contract gate verified. Evidence: /var/folders/2c/xh5rx2d91wd_lk8rvnnhlr4m0000gn/T/viborm-raptor3-g0-kYeVSC

 RUN  v3.1.4 /Users/arnaud/code/viborm

 ✓ |raptor3| tests/raptor3/g3/generation/transport-campaign.test.ts (1 test) 1989ms
   ✓ executes one complete G3 transport seed batch  1988ms

 Test Files  1 passed (1)
      Tests  1 passed (1)
   Start at  19:47:04
   Duration  3.64s (transform 999ms, setup 9ms, collect 1.44s, tests 1.99s, environment 0ms, prepare 25ms)

JSON report written to /var/folders/2c/xh5rx2d91wd_lk8rvnnhlr4m0000gn/T/viborm-raptor3-g0-6zgohE/vitest.json
Vitest resources: 5.48s wall, 808.7 MiB peak sampled process-group RSS (sampled ceiling 1536 MiB). Teardown verified.
Raptor 3 g3-transport-seed-batch contract gate verified. Evidence: /var/folders/2c/xh5rx2d91wd_lk8rvnnhlr4m0000gn/T/viborm-raptor3-g0-6zgohE

 RUN  v3.1.4 /Users/arnaud/code/viborm

 ✓ |raptor3| tests/raptor3/g3/generation/transport-campaign.test.ts (1 test) 2540ms
   ✓ executes one complete G3 transport seed batch  2540ms

 Test Files  1 passed (1)
      Tests  1 passed (1)
   Start at  19:47:10
   Duration  4.15s (transform 974ms, setup 7ms, collect 1.41s, tests 2.54s, environment 0ms, prepare 25ms)

JSON report written to /var/folders/2c/xh5rx2d91wd_lk8rvnnhlr4m0000gn/T/viborm-raptor3-g0-Isz4Zd/vitest.json
Vitest resources: 6.01s wall, 1029.0 MiB peak sampled process-group RSS (sampled ceiling 1536 MiB). Teardown verified.
Raptor 3 g3-transport-seed-batch contract gate verified. Evidence: /var/folders/2c/xh5rx2d91wd_lk8rvnnhlr4m0000gn/T/viborm-raptor3-g0-Isz4Zd

 RUN  v3.1.4 /Users/arnaud/code/viborm

 ✓ |raptor3| tests/raptor3/g3/generation/transport-campaign.test.ts (1 test) 2638ms
   ✓ executes one complete G3 transport seed batch  2637ms

 Test Files  1 passed (1)
      Tests  1 passed (1)
   Start at  19:47:18
   Duration  4.21s (transform 977ms, setup 8ms, collect 1.42s, tests 2.64s, environment 0ms, prepare 26ms)

JSON report written to /var/folders/2c/xh5rx2d91wd_lk8rvnnhlr4m0000gn/T/viborm-raptor3-g0-yxLmEF/vitest.json
Vitest resources: 6.13s wall, 702.3 MiB peak sampled process-group RSS (sampled ceiling 1536 MiB). Teardown verified.
Raptor 3 g3-transport-seed-batch contract gate verified. Evidence: /var/folders/2c/xh5rx2d91wd_lk8rvnnhlr4m0000gn/T/viborm-raptor3-g0-yxLmEF

 RUN  v3.1.4 /Users/arnaud/code/viborm

 ✓ |raptor3| tests/raptor3/g3/generation/transport-campaign.test.ts (1 test) 2406ms
   ✓ executes one complete G3 transport seed batch  2406ms

 Test Files  1 passed (1)
      Tests  1 passed (1)
   Start at  19:47:26
   Duration  4.06s (transform 987ms, setup 8ms, collect 1.45s, tests 2.41s, environment 0ms, prepare 25ms)

JSON report written to /var/folders/2c/xh5rx2d91wd_lk8rvnnhlr4m0000gn/T/viborm-raptor3-g0-rYPQEX/vitest.json
Vitest resources: 5.91s wall, 931.7 MiB peak sampled process-group RSS (sampled ceiling 1536 MiB). Teardown verified.
Raptor 3 g3-transport-seed-batch contract gate verified. Evidence: /var/folders/2c/xh5rx2d91wd_lk8rvnnhlr4m0000gn/T/viborm-raptor3-g0-rYPQEX

 RUN  v3.1.4 /Users/arnaud/code/viborm

 ✓ |raptor3| tests/raptor3/g3/generation/transport-campaign.test.ts (1 test) 2569ms
   ✓ executes one complete G3 transport seed batch  2568ms

 Test Files  1 passed (1)
      Tests  1 passed (1)
   Start at  19:47:33
   Duration  4.19s (transform 963ms, setup 7ms, collect 1.41s, tests 2.57s, environment 0ms, prepare 24ms)

JSON report written to /var/folders/2c/xh5rx2d91wd_lk8rvnnhlr4m0000gn/T/viborm-raptor3-g0-JeJCDy/vitest.json
Vitest resources: 6.03s wall, 818.7 MiB peak sampled process-group RSS (sampled ceiling 1536 MiB). Teardown verified.
Raptor 3 g3-transport-seed-batch contract gate verified. Evidence: /var/folders/2c/xh5rx2d91wd_lk8rvnnhlr4m0000gn/T/viborm-raptor3-g0-JeJCDy

 RUN  v3.1.4 /Users/arnaud/code/viborm

 ✓ |raptor3| tests/raptor3/g3/generation/transport-campaign.test.ts (1 test) 2395ms
   ✓ executes one complete G3 transport seed batch  2395ms

 Test Files  1 passed (1)
      Tests  1 passed (1)
   Start at  19:47:41
   Duration  3.98s (transform 957ms, setup 7ms, collect 1.39s, tests 2.40s, environment 0ms, prepare 25ms)

JSON report written to /var/folders/2c/xh5rx2d91wd_lk8rvnnhlr4m0000gn/T/viborm-raptor3-g0-MrmS5a/vitest.json
Vitest resources: 5.84s wall, 717.1 MiB peak sampled process-group RSS (sampled ceiling 1536 MiB). Teardown verified.
Raptor 3 g3-transport-seed-batch contract gate verified. Evidence: /var/folders/2c/xh5rx2d91wd_lk8rvnnhlr4m0000gn/T/viborm-raptor3-g0-MrmS5a

 RUN  v3.1.4 /Users/arnaud/code/viborm

 ✓ |raptor3| tests/raptor3/g3/generation/transport-campaign.test.ts (1 test) 2338ms
   ✓ executes one complete G3 transport seed batch  2338ms

 Test Files  1 passed (1)
      Tests  1 passed (1)
   Start at  19:47:49
   Duration  3.88s (transform 955ms, setup 9ms, collect 1.38s, tests 2.34s, environment 0ms, prepare 25ms)

JSON report written to /var/folders/2c/xh5rx2d91wd_lk8rvnnhlr4m0000gn/T/viborm-raptor3-g0-Q0Zeon/vitest.json
Vitest resources: 5.77s wall, 823.5 MiB peak sampled process-group RSS (sampled ceiling 1536 MiB). Teardown verified.
Raptor 3 g3-transport-seed-batch contract gate verified. Evidence: /var/folders/2c/xh5rx2d91wd_lk8rvnnhlr4m0000gn/T/viborm-raptor3-g0-Q0Zeon

 RUN  v3.1.4 /Users/arnaud/code/viborm

 ✓ |raptor3| tests/raptor3/g3/generation/transport-campaign.test.ts (1 test) 2231ms
   ✓ executes one complete G3 transport seed batch  2231ms

 Test Files  1 passed (1)
      Tests  1 passed (1)
   Start at  19:47:56
   Duration  3.83s (transform 964ms, setup 7ms, collect 1.40s, tests 2.23s, environment 0ms, prepare 24ms)

JSON report written to /var/folders/2c/xh5rx2d91wd_lk8rvnnhlr4m0000gn/T/viborm-raptor3-g0-hpjmn0/vitest.json
Vitest resources: 5.67s wall, 912.2 MiB peak sampled process-group RSS (sampled ceiling 1536 MiB). Teardown verified.
Raptor 3 g3-transport-seed-batch contract gate verified. Evidence: /var/folders/2c/xh5rx2d91wd_lk8rvnnhlr4m0000gn/T/viborm-raptor3-g0-hpjmn0

 RUN  v3.1.4 /Users/arnaud/code/viborm

 ✓ |raptor3| tests/raptor3/g3/generation/transport-campaign.test.ts (1 test) 1688ms
   ✓ executes one complete G3 transport seed batch  1688ms

 Test Files  1 passed (1)
      Tests  1 passed (1)
   Start at  19:48:03
   Duration  3.31s (transform 985ms, setup 8ms, collect 1.43s, tests 1.69s, environment 0ms, prepare 25ms)

JSON report written to /var/folders/2c/xh5rx2d91wd_lk8rvnnhlr4m0000gn/T/viborm-raptor3-g0-qwk7xS/vitest.json
Vitest resources: 5.15s wall, 860.2 MiB peak sampled process-group RSS (sampled ceiling 1536 MiB). Teardown verified.
Raptor 3 g3-transport-seed-batch contract gate verified. Evidence: /var/folders/2c/xh5rx2d91wd_lk8rvnnhlr4m0000gn/T/viborm-raptor3-g0-qwk7xS

 RUN  v3.1.4 /Users/arnaud/code/viborm

 ✓ |raptor3| tests/raptor3/g3/generation/transport-campaign.test.ts (1 test) 1882ms
   ✓ executes one complete G3 transport seed batch  1882ms

 Test Files  1 passed (1)
      Tests  1 passed (1)
   Start at  19:48:09
   Duration  3.46s (transform 963ms, setup 8ms, collect 1.40s, tests 1.88s, environment 0ms, prepare 25ms)

JSON report written to /var/folders/2c/xh5rx2d91wd_lk8rvnnhlr4m0000gn/T/viborm-raptor3-g0-UTfjnQ/vitest.json
Vitest resources: 5.32s wall, 697.4 MiB peak sampled process-group RSS (sampled ceiling 1536 MiB). Teardown verified.
Raptor 3 g3-transport-seed-batch contract gate verified. Evidence: /var/folders/2c/xh5rx2d91wd_lk8rvnnhlr4m0000gn/T/viborm-raptor3-g0-UTfjnQ

 RUN  v3.1.4 /Users/arnaud/code/viborm

 ✓ |raptor3| tests/raptor3/g3/generation/transport-campaign.test.ts (1 test) 2031ms
   ✓ executes one complete G3 transport seed batch  2031ms

 Test Files  1 passed (1)
      Tests  1 passed (1)
   Start at  19:48:16
   Duration  3.63s (transform 968ms, setup 7ms, collect 1.40s, tests 2.03s, environment 0ms, prepare 24ms)

JSON report written to /var/folders/2c/xh5rx2d91wd_lk8rvnnhlr4m0000gn/T/viborm-raptor3-g0-0YzSBp/vitest.json
Vitest resources: 5.46s wall, 934.3 MiB peak sampled process-group RSS (sampled ceiling 1536 MiB). Teardown verified.
Raptor 3 g3-transport-seed-batch contract gate verified. Evidence: /var/folders/2c/xh5rx2d91wd_lk8rvnnhlr4m0000gn/T/viborm-raptor3-g0-0YzSBp

 RUN  v3.1.4 /Users/arnaud/code/viborm

 ✓ |raptor3| tests/raptor3/g3/generation/transport-campaign.test.ts (1 test) 1839ms
   ✓ executes one complete G3 transport seed batch  1838ms

 Test Files  1 passed (1)
      Tests  1 passed (1)
   Start at  19:48:23
   Duration  3.37s (transform 962ms, setup 8ms, collect 1.40s, tests 1.84s, environment 0ms, prepare 25ms)

JSON report written to /var/folders/2c/xh5rx2d91wd_lk8rvnnhlr4m0000gn/T/viborm-raptor3-g0-kOtdNv/vitest.json
Vitest resources: 5.20s wall, 907.8 MiB peak sampled process-group RSS (sampled ceiling 1536 MiB). Teardown verified.
Raptor 3 g3-transport-seed-batch contract gate verified. Evidence: /var/folders/2c/xh5rx2d91wd_lk8rvnnhlr4m0000gn/T/viborm-raptor3-g0-kOtdNv

 RUN  v3.1.4 /Users/arnaud/code/viborm

 ✓ |raptor3| tests/raptor3/g3/generation/transport-campaign.test.ts (1 test) 2314ms
   ✓ executes one complete G3 transport seed batch  2313ms

 Test Files  1 passed (1)
      Tests  1 passed (1)
   Start at  19:48:29
   Duration  3.92s (transform 974ms, setup 8ms, collect 1.41s, tests 2.31s, environment 0ms, prepare 25ms)

JSON report written to /var/folders/2c/xh5rx2d91wd_lk8rvnnhlr4m0000gn/T/viborm-raptor3-g0-J6vkKe/vitest.json
Vitest resources: 5.78s wall, 817.5 MiB peak sampled process-group RSS (sampled ceiling 1536 MiB). Teardown verified.
Raptor 3 g3-transport-seed-batch contract gate verified. Evidence: /var/folders/2c/xh5rx2d91wd_lk8rvnnhlr4m0000gn/T/viborm-raptor3-g0-J6vkKe

 RUN  v3.1.4 /Users/arnaud/code/viborm

 ✓ |raptor3| tests/raptor3/g3/generation/transport-campaign.test.ts (1 test) 2463ms
   ✓ executes one complete G3 transport seed batch  2462ms

 Test Files  1 passed (1)
      Tests  1 passed (1)
   Start at  19:48:37
   Duration  4.05s (transform 972ms, setup 8ms, collect 1.41s, tests 2.46s, environment 0ms, prepare 24ms)

JSON report written to /var/folders/2c/xh5rx2d91wd_lk8rvnnhlr4m0000gn/T/viborm-raptor3-g0-j65S18/vitest.json
Vitest resources: 5.92s wall, 937.8 MiB peak sampled process-group RSS (sampled ceiling 1536 MiB). Teardown verified.
Raptor 3 g3-transport-seed-batch contract gate verified. Evidence: /var/folders/2c/xh5rx2d91wd_lk8rvnnhlr4m0000gn/T/viborm-raptor3-g0-j65S18

 RUN  v3.1.4 /Users/arnaud/code/viborm

 ✓ |raptor3| tests/raptor3/g3/generation/transport-campaign.test.ts (1 test) 2433ms
   ✓ executes one complete G3 transport seed batch  2433ms

 Test Files  1 passed (1)
      Tests  1 passed (1)
   Start at  19:48:44
   Duration  3.99s (transform 967ms, setup 9ms, collect 1.42s, tests 2.43s, environment 0ms, prepare 25ms)

JSON report written to /var/folders/2c/xh5rx2d91wd_lk8rvnnhlr4m0000gn/T/viborm-raptor3-g0-CYojdq/vitest.json
Vitest resources: 5.90s wall, 966.0 MiB peak sampled process-group RSS (sampled ceiling 1536 MiB). Teardown verified.
Raptor 3 g3-transport-seed-batch contract gate verified. Evidence: /var/folders/2c/xh5rx2d91wd_lk8rvnnhlr4m0000gn/T/viborm-raptor3-g0-CYojdq

 RUN  v3.1.4 /Users/arnaud/code/viborm

 ✓ |raptor3| tests/raptor3/g3/generation/transport-campaign.test.ts (1 test) 2253ms
   ✓ executes one complete G3 transport seed batch  2253ms

 Test Files  1 passed (1)
      Tests  1 passed (1)
   Start at  19:48:52
   Duration  3.83s (transform 964ms, setup 7ms, collect 1.38s, tests 2.25s, environment 0ms, prepare 25ms)

JSON report written to /var/folders/2c/xh5rx2d91wd_lk8rvnnhlr4m0000gn/T/viborm-raptor3-g0-vVNgln/vitest.json
Vitest resources: 5.69s wall, 969.9 MiB peak sampled process-group RSS (sampled ceiling 1536 MiB). Teardown verified.
Raptor 3 g3-transport-seed-batch contract gate verified. Evidence: /var/folders/2c/xh5rx2d91wd_lk8rvnnhlr4m0000gn/T/viborm-raptor3-g0-vVNgln

 RUN  v3.1.4 /Users/arnaud/code/viborm

 ✓ |raptor3| tests/raptor3/g3/generation/transport-campaign.test.ts (1 test) 2818ms
   ✓ executes one complete G3 transport seed batch  2818ms

 Test Files  1 passed (1)
      Tests  1 passed (1)
   Start at  19:48:59
   Duration  4.43s (transform 973ms, setup 8ms, collect 1.40s, tests 2.82s, environment 0ms, prepare 23ms)

JSON report written to /var/folders/2c/xh5rx2d91wd_lk8rvnnhlr4m0000gn/T/viborm-raptor3-g0-Cwgze3/vitest.json
Vitest resources: 6.28s wall, 946.6 MiB peak sampled process-group RSS (sampled ceiling 1536 MiB). Teardown verified.
Raptor 3 g3-transport-seed-batch contract gate verified. Evidence: /var/folders/2c/xh5rx2d91wd_lk8rvnnhlr4m0000gn/T/viborm-raptor3-g0-Cwgze3

 RUN  v3.1.4 /Users/arnaud/code/viborm

 ✓ |raptor3| tests/raptor3/g3/generation/transport-campaign.test.ts (1 test) 2195ms
   ✓ executes one complete G3 transport seed batch  2194ms

 Test Files  1 passed (1)
      Tests  1 passed (1)
   Start at  19:49:07
   Duration  3.83s (transform 975ms, setup 8ms, collect 1.44s, tests 2.19s, environment 0ms, prepare 23ms)

JSON report written to /var/folders/2c/xh5rx2d91wd_lk8rvnnhlr4m0000gn/T/viborm-raptor3-g0-7c1pXx/vitest.json
Vitest resources: 5.69s wall, 926.9 MiB peak sampled process-group RSS (sampled ceiling 1536 MiB). Teardown verified.
Raptor 3 g3-transport-seed-batch contract gate verified. Evidence: /var/folders/2c/xh5rx2d91wd_lk8rvnnhlr4m0000gn/T/viborm-raptor3-g0-7c1pXx

 RUN  v3.1.4 /Users/arnaud/code/viborm

 ✓ |raptor3| tests/raptor3/g3/generation/transport-campaign.test.ts (1 test) 2304ms
   ✓ executes one complete G3 transport seed batch  2303ms

 Test Files  1 passed (1)
      Tests  1 passed (1)
   Start at  19:49:14
   Duration  3.89s (transform 971ms, setup 7ms, collect 1.40s, tests 2.30s, environment 0ms, prepare 25ms)

JSON report written to /var/folders/2c/xh5rx2d91wd_lk8rvnnhlr4m0000gn/T/viborm-raptor3-g0-b6XUIt/vitest.json
Vitest resources: 5.75s wall, 912.3 MiB peak sampled process-group RSS (sampled ceiling 1536 MiB). Teardown verified.
Raptor 3 g3-transport-seed-batch contract gate verified. Evidence: /var/folders/2c/xh5rx2d91wd_lk8rvnnhlr4m0000gn/T/viborm-raptor3-g0-b6XUIt

 RUN  v3.1.4 /Users/arnaud/code/viborm

 ✓ |raptor3| tests/raptor3/g3/generation/transport-campaign.test.ts (1 test) 1894ms
   ✓ executes one complete G3 transport seed batch  1894ms

 Test Files  1 passed (1)
      Tests  1 passed (1)
   Start at  19:49:22
   Duration  3.45s (transform 954ms, setup 8ms, collect 1.38s, tests 1.89s, environment 0ms, prepare 23ms)

JSON report written to /var/folders/2c/xh5rx2d91wd_lk8rvnnhlr4m0000gn/T/viborm-raptor3-g0-ZBpixu/vitest.json
Vitest resources: 5.31s wall, 699.2 MiB peak sampled process-group RSS (sampled ceiling 1536 MiB). Teardown verified.
Raptor 3 g3-transport-seed-batch contract gate verified. Evidence: /var/folders/2c/xh5rx2d91wd_lk8rvnnhlr4m0000gn/T/viborm-raptor3-g0-ZBpixu

 RUN  v3.1.4 /Users/arnaud/code/viborm

 ✓ |raptor3| tests/raptor3/g3/generation/transport-campaign.test.ts (1 test) 2041ms
   ✓ executes one complete G3 transport seed batch  2041ms

 Test Files  1 passed (1)
      Tests  1 passed (1)
   Start at  19:49:28
   Duration  3.60s (transform 993ms, setup 8ms, collect 1.42s, tests 2.04s, environment 0ms, prepare 25ms)

JSON report written to /var/folders/2c/xh5rx2d91wd_lk8rvnnhlr4m0000gn/T/viborm-raptor3-g0-Feh3bu/vitest.json
Vitest resources: 5.43s wall, 941.7 MiB peak sampled process-group RSS (sampled ceiling 1536 MiB). Teardown verified.
Raptor 3 g3-transport-seed-batch contract gate verified. Evidence: /var/folders/2c/xh5rx2d91wd_lk8rvnnhlr4m0000gn/T/viborm-raptor3-g0-Feh3bu

 RUN  v3.1.4 /Users/arnaud/code/viborm

 ✓ |raptor3| tests/raptor3/g3/generation/transport-campaign.test.ts (1 test) 1804ms
   ✓ executes one complete G3 transport seed batch  1804ms

 Test Files  1 passed (1)
      Tests  1 passed (1)
   Start at  19:49:35
   Duration  3.40s (transform 962ms, setup 7ms, collect 1.40s, tests 1.80s, environment 0ms, prepare 24ms)

JSON report written to /var/folders/2c/xh5rx2d91wd_lk8rvnnhlr4m0000gn/T/viborm-raptor3-g0-lesdJk/vitest.json
Vitest resources: 5.24s wall, 776.4 MiB peak sampled process-group RSS (sampled ceiling 1536 MiB). Teardown verified.
Raptor 3 g3-transport-seed-batch contract gate verified. Evidence: /var/folders/2c/xh5rx2d91wd_lk8rvnnhlr4m0000gn/T/viborm-raptor3-g0-lesdJk

 RUN  v3.1.4 /Users/arnaud/code/viborm

 ✓ |raptor3| tests/raptor3/g3/generation/transport-campaign.test.ts (1 test) 2601ms
   ✓ executes one complete G3 transport seed batch  2601ms

 Test Files  1 passed (1)
      Tests  1 passed (1)
   Start at  19:49:41
   Duration  4.24s (transform 990ms, setup 7ms, collect 1.44s, tests 2.60s, environment 0ms, prepare 25ms)

JSON report written to /var/folders/2c/xh5rx2d91wd_lk8rvnnhlr4m0000gn/T/viborm-raptor3-g0-JIOiGj/vitest.json
Vitest resources: 6.09s wall, 724.2 MiB peak sampled process-group RSS (sampled ceiling 1536 MiB). Teardown verified.
Raptor 3 g3-transport-seed-batch contract gate verified. Evidence: /var/folders/2c/xh5rx2d91wd_lk8rvnnhlr4m0000gn/T/viborm-raptor3-g0-JIOiGj

 RUN  v3.1.4 /Users/arnaud/code/viborm

 ✓ |raptor3| tests/raptor3/g3/generation/transport-campaign.test.ts (1 test) 2956ms
   ✓ executes one complete G3 transport seed batch  2956ms

 Test Files  1 passed (1)
      Tests  1 passed (1)
   Start at  19:49:49
   Duration  4.55s (transform 971ms, setup 10ms, collect 1.41s, tests 2.96s, environment 0ms, prepare 24ms)

JSON report written to /var/folders/2c/xh5rx2d91wd_lk8rvnnhlr4m0000gn/T/viborm-raptor3-g0-ALiBdY/vitest.json
Vitest resources: 6.40s wall, 961.2 MiB peak sampled process-group RSS (sampled ceiling 1536 MiB). Teardown verified.
Raptor 3 g3-transport-seed-batch contract gate verified. Evidence: /var/folders/2c/xh5rx2d91wd_lk8rvnnhlr4m0000gn/T/viborm-raptor3-g0-ALiBdY

 RUN  v3.1.4 /Users/arnaud/code/viborm

 ✓ |raptor3| tests/raptor3/g3/generation/transport-campaign.test.ts (1 test) 2643ms
   ✓ executes one complete G3 transport seed batch  2642ms

 Test Files  1 passed (1)
      Tests  1 passed (1)
   Start at  19:49:57
   Duration  4.17s (transform 963ms, setup 8ms, collect 1.39s, tests 2.64s, environment 0ms, prepare 25ms)

JSON report written to /var/folders/2c/xh5rx2d91wd_lk8rvnnhlr4m0000gn/T/viborm-raptor3-g0-Ecev88/vitest.json
Vitest resources: 5.99s wall, 993.6 MiB peak sampled process-group RSS (sampled ceiling 1536 MiB). Teardown verified.
Raptor 3 g3-transport-seed-batch contract gate verified. Evidence: /var/folders/2c/xh5rx2d91wd_lk8rvnnhlr4m0000gn/T/viborm-raptor3-g0-Ecev88

 RUN  v3.1.4 /Users/arnaud/code/viborm

 ✓ |raptor3| tests/raptor3/g3/generation/transport-campaign.test.ts (1 test) 3153ms
   ✓ executes one complete G3 transport seed batch  3153ms

 Test Files  1 passed (1)
      Tests  1 passed (1)
   Start at  19:50:05
   Duration  4.74s (transform 960ms, setup 7ms, collect 1.39s, tests 3.15s, environment 0ms, prepare 25ms)

JSON report written to /var/folders/2c/xh5rx2d91wd_lk8rvnnhlr4m0000gn/T/viborm-raptor3-g0-eFaaO9/vitest.json
Vitest resources: 6.59s wall, 858.5 MiB peak sampled process-group RSS (sampled ceiling 1536 MiB). Teardown verified.
Raptor 3 g3-transport-seed-batch contract gate verified. Evidence: /var/folders/2c/xh5rx2d91wd_lk8rvnnhlr4m0000gn/T/viborm-raptor3-g0-eFaaO9

 RUN  v3.1.4 /Users/arnaud/code/viborm

 ✓ |raptor3| tests/raptor3/g3/generation/transport-campaign.test.ts (1 test) 2416ms
   ✓ executes one complete G3 transport seed batch  2415ms

 Test Files  1 passed (1)
      Tests  1 passed (1)
   Start at  19:50:14
   Duration  3.97s (transform 961ms, setup 8ms, collect 1.40s, tests 2.42s, environment 0ms, prepare 25ms)

JSON report written to /var/folders/2c/xh5rx2d91wd_lk8rvnnhlr4m0000gn/T/viborm-raptor3-g0-0Flyjs/vitest.json
Vitest resources: 5.88s wall, 709.4 MiB peak sampled process-group RSS (sampled ceiling 1536 MiB). Teardown verified.
Raptor 3 g3-transport-seed-batch contract gate verified. Evidence: /var/folders/2c/xh5rx2d91wd_lk8rvnnhlr4m0000gn/T/viborm-raptor3-g0-0Flyjs

 RUN  v3.1.4 /Users/arnaud/code/viborm

 ✓ |raptor3| tests/raptor3/g3/generation/transport-campaign.test.ts (1 test) 2314ms
   ✓ executes one complete G3 transport seed batch  2313ms

 Test Files  1 passed (1)
      Tests  1 passed (1)
   Start at  19:50:21
   Duration  3.88s (transform 970ms, setup 7ms, collect 1.41s, tests 2.31s, environment 0ms, prepare 25ms)

JSON report written to /var/folders/2c/xh5rx2d91wd_lk8rvnnhlr4m0000gn/T/viborm-raptor3-g0-puXNLt/vitest.json
Vitest resources: 5.77s wall, 837.8 MiB peak sampled process-group RSS (sampled ceiling 1536 MiB). Teardown verified.
Raptor 3 g3-transport-seed-batch contract gate verified. Evidence: /var/folders/2c/xh5rx2d91wd_lk8rvnnhlr4m0000gn/T/viborm-raptor3-g0-puXNLt

 RUN  v3.1.4 /Users/arnaud/code/viborm

 ✓ |raptor3| tests/raptor3/g3/generation/transport-campaign.test.ts (1 test) 2208ms
   ✓ executes one complete G3 transport seed batch  2207ms

 Test Files  1 passed (1)
      Tests  1 passed (1)
   Start at  19:50:29
   Duration  3.83s (transform 972ms, setup 7ms, collect 1.41s, tests 2.21s, environment 0ms, prepare 24ms)

JSON report written to /var/folders/2c/xh5rx2d91wd_lk8rvnnhlr4m0000gn/T/viborm-raptor3-g0-BfqHst/vitest.json
Vitest resources: 5.67s wall, 908.3 MiB peak sampled process-group RSS (sampled ceiling 1536 MiB). Teardown verified.
Raptor 3 g3-transport-seed-batch contract gate verified. Evidence: /var/folders/2c/xh5rx2d91wd_lk8rvnnhlr4m0000gn/T/viborm-raptor3-g0-BfqHst

 RUN  v3.1.4 /Users/arnaud/code/viborm

 ✓ |raptor3| tests/raptor3/g3/generation/transport-campaign.test.ts (1 test) 2198ms
   ✓ executes one complete G3 transport seed batch  2198ms

 Test Files  1 passed (1)
      Tests  1 passed (1)
   Start at  19:50:36
   Duration  3.81s (transform 971ms, setup 7ms, collect 1.40s, tests 2.20s, environment 0ms, prepare 25ms)

JSON report written to /var/folders/2c/xh5rx2d91wd_lk8rvnnhlr4m0000gn/T/viborm-raptor3-g0-hZ1LiK/vitest.json
Vitest resources: 5.66s wall, 915.6 MiB peak sampled process-group RSS (sampled ceiling 1536 MiB). Teardown verified.
Raptor 3 g3-transport-seed-batch contract gate verified. Evidence: /var/folders/2c/xh5rx2d91wd_lk8rvnnhlr4m0000gn/T/viborm-raptor3-g0-hZ1LiK

 RUN  v3.1.4 /Users/arnaud/code/viborm

 ✓ |raptor3| tests/raptor3/g3/generation/transport-campaign.test.ts (1 test) 1797ms
   ✓ executes one complete G3 transport seed batch  1797ms

 Test Files  1 passed (1)
      Tests  1 passed (1)
   Start at  19:50:43
   Duration  3.41s (transform 989ms, setup 7ms, collect 1.43s, tests 1.80s, environment 0ms, prepare 25ms)

JSON report written to /var/folders/2c/xh5rx2d91wd_lk8rvnnhlr4m0000gn/T/viborm-raptor3-g0-sKawpp/vitest.json
Vitest resources: 5.27s wall, 703.1 MiB peak sampled process-group RSS (sampled ceiling 1536 MiB). Teardown verified.
Raptor 3 g3-transport-seed-batch contract gate verified. Evidence: /var/folders/2c/xh5rx2d91wd_lk8rvnnhlr4m0000gn/T/viborm-raptor3-g0-sKawpp

 RUN  v3.1.4 /Users/arnaud/code/viborm

 ✓ |raptor3| tests/raptor3/g3/generation/transport-campaign.test.ts (1 test) 1878ms
   ✓ executes one complete G3 transport seed batch  1878ms

 Test Files  1 passed (1)
      Tests  1 passed (1)
   Start at  19:50:49
   Duration  3.54s (transform 1.01s, setup 8ms, collect 1.45s, tests 1.88s, environment 0ms, prepare 24ms)

JSON report written to /var/folders/2c/xh5rx2d91wd_lk8rvnnhlr4m0000gn/T/viborm-raptor3-g0-SOE0ws/vitest.json
Vitest resources: 5.38s wall, 694.0 MiB peak sampled process-group RSS (sampled ceiling 1536 MiB). Teardown verified.
Raptor 3 g3-transport-seed-batch contract gate verified. Evidence: /var/folders/2c/xh5rx2d91wd_lk8rvnnhlr4m0000gn/T/viborm-raptor3-g0-SOE0ws

 RUN  v3.1.4 /Users/arnaud/code/viborm

 ✓ |raptor3| tests/raptor3/g3/generation/transport-campaign.test.ts (1 test) 2410ms
   ✓ executes one complete G3 transport seed batch  2410ms

 Test Files  1 passed (1)
      Tests  1 passed (1)
   Start at  19:50:56
   Duration  4.05s (transform 955ms, setup 8ms, collect 1.43s, tests 2.41s, environment 0ms, prepare 23ms)

JSON report written to /var/folders/2c/xh5rx2d91wd_lk8rvnnhlr4m0000gn/T/viborm-raptor3-g0-wdNS93/vitest.json
Vitest resources: 5.90s wall, 947.4 MiB peak sampled process-group RSS (sampled ceiling 1536 MiB). Teardown verified.
Raptor 3 g3-transport-seed-batch contract gate verified. Evidence: /var/folders/2c/xh5rx2d91wd_lk8rvnnhlr4m0000gn/T/viborm-raptor3-g0-wdNS93

 RUN  v3.1.4 /Users/arnaud/code/viborm

 ✓ |raptor3| tests/raptor3/g3/generation/transport-campaign.test.ts (1 test) 2467ms
   ✓ executes one complete G3 transport seed batch  2467ms

 Test Files  1 passed (1)
      Tests  1 passed (1)
   Start at  19:51:03
   Duration  3.99s (transform 966ms, setup 7ms, collect 1.39s, tests 2.47s, environment 0ms, prepare 24ms)

JSON report written to /var/folders/2c/xh5rx2d91wd_lk8rvnnhlr4m0000gn/T/viborm-raptor3-g0-Ed1Ory/vitest.json
Vitest resources: 5.82s wall, 729.0 MiB peak sampled process-group RSS (sampled ceiling 1536 MiB). Teardown verified.
Raptor 3 g3-transport-seed-batch contract gate verified. Evidence: /var/folders/2c/xh5rx2d91wd_lk8rvnnhlr4m0000gn/T/viborm-raptor3-g0-Ed1Ory

 RUN  v3.1.4 /Users/arnaud/code/viborm

 ✓ |raptor3| tests/raptor3/g3/generation/transport-campaign.test.ts (1 test) 2424ms
   ✓ executes one complete G3 transport seed batch  2423ms

 Test Files  1 passed (1)
      Tests  1 passed (1)
   Start at  19:51:11
   Duration  4.06s (transform 986ms, setup 8ms, collect 1.42s, tests 2.42s, environment 0ms, prepare 24ms)

JSON report written to /var/folders/2c/xh5rx2d91wd_lk8rvnnhlr4m0000gn/T/viborm-raptor3-g0-RQlTMR/vitest.json
Vitest resources: 5.90s wall, 921.4 MiB peak sampled process-group RSS (sampled ceiling 1536 MiB). Teardown verified.
Raptor 3 g3-transport-seed-batch contract gate verified. Evidence: /var/folders/2c/xh5rx2d91wd_lk8rvnnhlr4m0000gn/T/viborm-raptor3-g0-RQlTMR

 RUN  v3.1.4 /Users/arnaud/code/viborm

 ✓ |raptor3| tests/raptor3/g3/generation/transport-campaign.test.ts (1 test) 2691ms
   ✓ executes one complete G3 transport seed batch  2691ms

 Test Files  1 passed (1)
      Tests  1 passed (1)
   Start at  19:51:19
   Duration  4.30s (transform 963ms, setup 10ms, collect 1.39s, tests 2.69s, environment 0ms, prepare 31ms)

JSON report written to /var/folders/2c/xh5rx2d91wd_lk8rvnnhlr4m0000gn/T/viborm-raptor3-g0-5LYEUC/vitest.json
Vitest resources: 6.14s wall, 719.5 MiB peak sampled process-group RSS (sampled ceiling 1536 MiB). Teardown verified.
Raptor 3 g3-transport-seed-batch contract gate verified. Evidence: /var/folders/2c/xh5rx2d91wd_lk8rvnnhlr4m0000gn/T/viborm-raptor3-g0-5LYEUC

 RUN  v3.1.4 /Users/arnaud/code/viborm

 ✓ |raptor3| tests/raptor3/g3/generation/transport-campaign.test.ts (1 test) 2929ms
   ✓ executes one complete G3 transport seed batch  2928ms

 Test Files  1 passed (1)
      Tests  1 passed (1)
   Start at  19:51:27
   Duration  4.54s (transform 973ms, setup 7ms, collect 1.40s, tests 2.93s, environment 0ms, prepare 24ms)

JSON report written to /var/folders/2c/xh5rx2d91wd_lk8rvnnhlr4m0000gn/T/viborm-raptor3-g0-NWkL0F/vitest.json
Vitest resources: 6.38s wall, 743.9 MiB peak sampled process-group RSS (sampled ceiling 1536 MiB). Teardown verified.
Raptor 3 g3-transport-seed-batch contract gate verified. Evidence: /var/folders/2c/xh5rx2d91wd_lk8rvnnhlr4m0000gn/T/viborm-raptor3-g0-NWkL0F

 RUN  v3.1.4 /Users/arnaud/code/viborm

 ✓ |raptor3| tests/raptor3/g3/generation/transport-campaign.test.ts (1 test) 2163ms
   ✓ executes one complete G3 transport seed batch  2162ms

 Test Files  1 passed (1)
      Tests  1 passed (1)
   Start at  19:51:35
   Duration  3.75s (transform 959ms, setup 8ms, collect 1.40s, tests 2.16s, environment 0ms, prepare 24ms)

JSON report written to /var/folders/2c/xh5rx2d91wd_lk8rvnnhlr4m0000gn/T/viborm-raptor3-g0-iYDM7T/vitest.json
Vitest resources: 5.62s wall, 729.4 MiB peak sampled process-group RSS (sampled ceiling 1536 MiB). Teardown verified.
Raptor 3 g3-transport-seed-batch contract gate verified. Evidence: /var/folders/2c/xh5rx2d91wd_lk8rvnnhlr4m0000gn/T/viborm-raptor3-g0-iYDM7T

 RUN  v3.1.4 /Users/arnaud/code/viborm

 ✓ |raptor3| tests/raptor3/g3/generation/transport-campaign.test.ts (1 test) 1894ms
   ✓ executes one complete G3 transport seed batch  1894ms

 Test Files  1 passed (1)
      Tests  1 passed (1)
   Start at  19:51:42
   Duration  3.48s (transform 979ms, setup 8ms, collect 1.42s, tests 1.89s, environment 0ms, prepare 25ms)

JSON report written to /var/folders/2c/xh5rx2d91wd_lk8rvnnhlr4m0000gn/T/viborm-raptor3-g0-XIa2oL/vitest.json
Vitest resources: 5.38s wall, 693.3 MiB peak sampled process-group RSS (sampled ceiling 1536 MiB). Teardown verified.
Raptor 3 g3-transport-seed-batch contract gate verified. Evidence: /var/folders/2c/xh5rx2d91wd_lk8rvnnhlr4m0000gn/T/viborm-raptor3-g0-XIa2oL

 RUN  v3.1.4 /Users/arnaud/code/viborm

 ✓ |raptor3| tests/raptor3/g3/generation/transport-campaign.test.ts (1 test) 2020ms
   ✓ executes one complete G3 transport seed batch  2019ms

 Test Files  1 passed (1)
      Tests  1 passed (1)
   Start at  19:51:49
   Duration  3.63s (transform 963ms, setup 8ms, collect 1.42s, tests 2.02s, environment 0ms, prepare 25ms)

JSON report written to /var/folders/2c/xh5rx2d91wd_lk8rvnnhlr4m0000gn/T/viborm-raptor3-g0-mj5LiB/vitest.json
Vitest resources: 5.49s wall, 870.1 MiB peak sampled process-group RSS (sampled ceiling 1536 MiB). Teardown verified.
Raptor 3 g3-transport-seed-batch contract gate verified. Evidence: /var/folders/2c/xh5rx2d91wd_lk8rvnnhlr4m0000gn/T/viborm-raptor3-g0-mj5LiB

 RUN  v3.1.4 /Users/arnaud/code/viborm

 ✓ |raptor3| tests/raptor3/g3/generation/transport-campaign.test.ts (1 test) 2048ms
   ✓ executes one complete G3 transport seed batch  2048ms

 Test Files  1 passed (1)
      Tests  1 passed (1)
   Start at  19:51:55
   Duration  3.61s (transform 950ms, setup 8ms, collect 1.38s, tests 2.05s, environment 0ms, prepare 24ms)

JSON report written to /var/folders/2c/xh5rx2d91wd_lk8rvnnhlr4m0000gn/T/viborm-raptor3-g0-yW12Ko/vitest.json
Vitest resources: 5.47s wall, 974.2 MiB peak sampled process-group RSS (sampled ceiling 1536 MiB). Teardown verified.
Raptor 3 g3-transport-seed-batch contract gate verified. Evidence: /var/folders/2c/xh5rx2d91wd_lk8rvnnhlr4m0000gn/T/viborm-raptor3-g0-yW12Ko
Raptor 3 g3-transport-seeds campaign verified (not the full milestone). Evidence: /var/folders/2c/xh5rx2d91wd_lk8rvnnhlr4m0000gn/T/viborm-raptor3-g3-transport-seeds-pwxObF
