
 RUN  v3.1.4 /private/tmp/viborm-d35

 ❯ |layer-query-engine| tests/contracts/engine/query/parity-decoding.core.test.ts (10 tests | 1 failed) 19ms
   ✓ the decoder fails closed on a wrong provider row > a null _count carrier is a malformed row, not a null count 6ms
   ✓ the decoder fails closed on a wrong provider row > a relation that is not an array raises the public class 2ms
   ✓ the decoder fails closed on a wrong provider row > a document that is not a row raises the public class 1ms
   ✓ the driver result seam is reached (D-17) > the driver's own json rule decodes a top-level document 1ms
   ✓ the driver result seam is reached (D-17) > a driver rule that throws is a malformed value, not a raw SyntaxError 0ms
   × the driver result seam is reached (D-17) > the count and the exists answer are the decoder's, not the seam's (D-35) 5ms
     → promise rejected "QueryEngineError: Driver "scripted" retur… { …(4) }" instead of resolving
   ✓ the driver result seam is reached (D-17) > a JSON integer outside the safe range is refused, and a safe one is a number 1ms
   ✓ one physical vocabulary > a decimal carried inside a window stays TEXT 1ms
   ✓ one physical vocabulary > the cursor carrier has one home 1ms
   ✓ one physical vocabulary > the registered _distance collision sentence, in both orders 1ms

⎯⎯⎯⎯⎯⎯⎯ Failed Tests 1 ⎯⎯⎯⎯⎯⎯⎯

 FAIL  |layer-query-engine| tests/contracts/engine/query/parity-decoding.core.test.ts > the driver result seam is reached (D-17) > the count and the exists answer are the decoder's, not the seam's (D-35)
AssertionError: promise rejected "QueryEngineError: Driver "scripted" retur… { …(4) }" instead of resolving
 ❯ tests/contracts/engine/query/parity-decoding.core.test.ts:174:49
    172| 
    173|     const counted = scripted([{ "COUNT(*)": 2n }], sqliteResultParser);
    174|     await expect(counted.client.parent.count({})).resolves.toBe(2);
       |                                                 ^
    175|     await counted.client.$disconnect();
    176| 

Caused by: QueryEngineError: Driver "scripted" returned a malformed int scalar for operation "count": the value is absent.
⎯⎯⎯⎯⎯⎯⎯⎯⎯⎯⎯⎯⎯⎯⎯⎯⎯⎯⎯⎯⎯⎯⎯⎯⎯⎯⎯⎯⎯⎯
Serialized Error: { code: 'V9001', meta: { driver: 'scripted', operation: 'count', scalarType: 'int' }, timestamp: '2026-09-17T20:31:56.434Z' }
⎯⎯⎯⎯⎯⎯⎯⎯⎯⎯⎯⎯⎯⎯⎯⎯⎯⎯⎯⎯⎯⎯⎯⎯[1/1]⎯


 Test Files  1 failed (1)
      Tests  1 failed | 9 passed (10)
   Start at  22:31:55
   Duration  1.34s (transform 727ms, setup 10ms, collect 1.10s, tests 19ms, environment 0ms, prepare 36ms)

Vitest resources: 3.72s wall, 495.3 MiB peak sampled process-group RSS (sampled ceiling 1536 MiB). Teardown verified.
