
 RUN  v3.1.4 /private/tmp/viborm-d35

 ✓ |raptor3| tests/raptor3/transitions/membership-own-write-legacy.test.ts (8 tests) 85ms
 ✓ |raptor3| tests/raptor3/transitions/mixed-key-transitions-legacy.test.ts (8 tests) 85ms
 ✓ |raptor3| tests/raptor3/transitions/variant-removals-legacy.test.ts (14 tests) 82ms
 ✓ |raptor3| tests/raptor3/transitions/conditional-upsert-legacy.test.ts (11 tests) 76ms
 ✓ |raptor3| tests/raptor3/transitions/shared-key-suppliers-legacy.test.ts (4 tests) 48ms
 ✓ |raptor3| tests/raptor3/transitions/own-write-legacy.test.ts (18 tests) 45ms
 ✓ |raptor3| tests/raptor3/transitions/junction-identity-legacy.test.ts (2 tests) 64ms
 ✓ |raptor3| tests/raptor3/transitions/singular-legacy.test.ts (20 tests) 29ms
 ✓ |raptor3| tests/raptor3/transitions/junctions-legacy.test.ts (26 tests) 45ms
 ✓ |raptor3| tests/raptor3/transitions/required-legacy.test.ts (8 tests) 11ms
 ✓ |raptor3| tests/raptor3/transitions/series-staleness-legacy.test.ts (4 tests) 11ms
 ✓ |raptor3| tests/raptor3/transitions/keys-legacy.test.ts (14 tests) 17ms
 ✓ |raptor3| tests/raptor3/transitions/staleness-legacy.test.ts (3 tests) 7ms
 ✓ |raptor3| tests/raptor3/transitions/singular-lattice-legacy.test.ts (58 tests) 37ms
 ✓ |raptor3| tests/raptor3/transitions/supplier-continuations-legacy.test.ts (10 tests) 15ms
 ✓ |raptor3| tests/raptor3/transitions/occupied-keys-legacy.test.ts (8 tests) 14ms

 Test Files  16 passed (16)
      Tests  216 passed (216)
   Start at  22:29:35
   Duration  3.33s (transform 944ms, setup 20ms, collect 2.46s, tests 671ms, environment 0ms, prepare 34ms)

JSON report written to /private/tmp/viborm-d35-tmp/viborm-raptor3-g0-5Q8cDR/vitest.json
Vitest resources: 5.33s wall, 680.3 MiB peak sampled process-group RSS (sampled ceiling 1536 MiB). Teardown verified.
Raptor 3 g2-baseline contract gate verified. Evidence: /private/tmp/viborm-d35-tmp/viborm-raptor3-g0-5Q8cDR
