
 RUN  v3.1.4 /private/tmp/viborm-g4-lane-5

 ❯ |raptor3| tests/raptor3/g3/generation/sqlite-campaign.test.ts (1 test | 1 failed) 64ms
   × executes one complete G3 SQLite seed batch 63ms
     → Missing semantic cut g3-generated-bulk-provider-completed; observed outcome: {"kind":"success","value":[{"kind":"failure","failure":{"name":"TypeError","message":"(intermediate value).execute is not a function"}},{"kind":"failure","failure":{"name":"TypeError","message":"(intermediate value).execute is not a function"}},{"kind":"failure","failure":{"name":"TypeError","message":"(intermediate value).execute is not a function"}},{"kind":"failure","failure":{"name":"TypeError","message":"(intermediate value).execute is not a function"}}]}

⎯⎯⎯⎯⎯⎯⎯ Failed Tests 1 ⎯⎯⎯⎯⎯⎯⎯

 FAIL  |raptor3| tests/raptor3/g3/generation/sqlite-campaign.test.ts > executes one complete G3 SQLite seed batch
AssertionError: Missing semantic cut g3-generated-bulk-provider-completed; observed outcome: {"kind":"success","value":[{"kind":"failure","failure":{"name":"TypeError","message":"(intermediate value).execute is not a function"}},{"kind":"failure","failure":{"name":"TypeError","message":"(intermediate value).execute is not a function"}},{"kind":"failure","failure":{"name":"TypeError","message":"(intermediate value).execute is not a function"}},{"kind":"failure","failure":{"name":"TypeError","message":"(intermediate value).execute is not a function"}}]}

[32m- Expected[39m
[31m+ Received[39m

[32m- true[39m
[31m+ false[39m

 ❯ Object.assert tests/raptor3/harness/sqlite-world.ts:417:13
    415|           // Same-engine replay enters this same assertion owner.
    416|           for (const cut of fixture.requiredCuts)
    417|             assert(
       |             ^
    418|               observation.reachedCuts.includes(cut),
    419|               `Missing semantic cut ${cut}; observed outcome: ${JSON.s…
 ❯ verifyG3SQLiteCell tests/raptor3/g3/generation/sqlite-campaign.ts:54:17
 ❯ runG3SQLiteBatch tests/raptor3/g3/generation/sqlite-campaign.ts:144:22
 ❯ tests/raptor3/g3/generation/sqlite-campaign.test.ts:17:23

⎯⎯⎯⎯⎯⎯⎯⎯⎯⎯⎯⎯⎯⎯⎯⎯⎯⎯⎯⎯⎯⎯⎯⎯[1/1]⎯


 Test Files  1 failed (1)
      Tests  1 failed (1)
   Start at  12:31:34
   Duration  2.59s (transform 1.43s, setup 12ms, collect 2.14s, tests 64ms, environment 0ms, prepare 44ms)

JSON report written to /private/tmp/viborm-g4-lane-tmp-5/viborm-raptor3-g0-eOEyHW/vitest.json
Vitest resources: 5.81s wall, 567.1 MiB peak sampled process-group RSS (sampled ceiling 1536 MiB). Teardown verified.
Raptor 3 verification failed; diagnostics: /private/tmp/viborm-g4-lane-tmp-5/viborm-raptor3-g0-eOEyHW
