   × G4 regression review — neighbouring uncertain-outcome shapes > P1 a root update rejected before dispatch answers the shipped failure 33ms
   ✓ G4 regression review — neighbouring uncertain-outcome shapes > P2 a nested write inside a root create rejected before dispatch answers the shipped failure 9ms
   ✓ G4 regression review — neighbouring uncertain-outcome shapes > P3 an array member rejected before dispatch answers the shipped failure 5ms
   × G4 regression review — neighbouring uncertain-outcome shapes > P4 createMany rejected before dispatch publishes no progress on either engine 7ms
   × G4 regression review — neighbouring uncertain-outcome shapes > P5 updateMany rejected before dispatch publishes no progress on either engine 5ms
   × G4 regression review — neighbouring uncertain-outcome shapes > P6 deleteMany rejected before dispatch publishes no progress on either engine 3ms
   ✓ G4 regression review — neighbouring uncertain-outcome shapes > P7 an uncertain root create invalidates the cache on both routes 4ms
   × G4 regression review — neighbouring uncertain-outcome shapes > P8 a committed set window with a malformed result still publishes progress on the candidate only 3ms
   ✓ G4 regression review — neighbouring uncertain-outcome shapes > P9.1 a relation-bearing root create faulted after 1 dispatched statement(s) 4ms
   ✓ G4 regression review — neighbouring uncertain-outcome shapes > P9.2 a relation-bearing root create faulted after 2 dispatched statement(s) 5ms
   ✓ G4 regression review — neighbouring uncertain-outcome shapes > P9.3 a relation-bearing root create faulted after 3 dispatched statement(s) 4ms
 ✓ |raptor3-review-regression| tests/raptor3/g4/review/regression/seam-followup.review.test.ts (8 tests) 36ms
   ✓ G4-02 D-7 review — the lone statement once it reaches the provider > D1 root update matching no row, batch-only: same failure, same cache answer 7ms
   ✓ G4-02 D-7 review — the lone statement once it reaches the provider > D2 root update matching no row, transaction-capable: same failure, same cache answer 2ms
   × G4-02 D-7 review — the lone statement once it reaches the provider > D3 a lone statement that fails AFTER the provider ran it 4ms
   × G4-02 D-7 review — the lone statement once it reaches the provider > D4 a lone statement rejected by a unique violation invalidates on neither engine 3ms
   ✓ G4-02 D-7 review — the lone statement once it reaches the provider > D5 the G2.9 cut on a transaction-capable driver leaves the same state on both engines 2ms
   × G4-02 D-7 review — the lone statement once it reaches the provider > D6 the G2.9 cut on a batch-only driver leaves the same state on both engines 2ms
   × G4-02 D-7 review — the lone statement once it reaches the provider > D7 a one-statement createMany with skipDuplicates answers what shipped answers 2ms
   × G4-02 D-7 review — the lone statement once it reaches the provider > D8 a throwing cache listener never replaces the operation's own failure (uncertain arm) 2ms
   × G4-02 D-7 review — the lone statement once it reaches the provider > D9 a throwing cache listener beside a malformed committed result (committed arm) 2ms
   ✓ G4-02 D-7 review — the lone statement once it reaches the provider > D10 a lone deleteMany that matches nothing still ran, on both engines 2ms
⎯⎯⎯⎯⎯⎯ Failed Tests 11 ⎯⎯⎯⎯⎯⎯⎯
 Test Files  2 failed | 1 passed (3)
      Tests  11 failed | 18 passed (29)
