   ✓ G4-02 D-7 review — the lone statement once it reaches the provider > D1 root update matching no row, batch-only: same failure, same cache answer 24ms
   ✓ G4-02 D-7 review — the lone statement once it reaches the provider > D2 root update matching no row, transaction-capable: same failure, same cache answer 4ms
   ✓ G4-02 D-7 review — the lone statement once it reaches the provider > D3 a lone statement that fails AFTER the provider ran it 3ms
   ✓ G4-02 D-7 review — the lone statement once it reaches the provider > D4 a lone statement rejected by a unique violation invalidates on neither engine 2ms
   ✓ G4-02 D-7 review — the lone statement once it reaches the provider > D5 the G2.9 cut on a transaction-capable driver leaves the same state on both engines 2ms
   ✓ G4-02 D-7 review — the lone statement once it reaches the provider > D6 the G2.9 cut on a batch-only driver leaves the same state on both engines 1ms
   ✓ G4-02 D-7 review — the lone statement once it reaches the provider > D7 a one-statement createMany with skipDuplicates answers what shipped answers 4ms
   ✓ G4-02 D-7 review — the lone statement once it reaches the provider > D8 a throwing cache listener never replaces the operation's own failure (uncertain arm) 2ms
   × G4-02 D-7 review — the lone statement once it reaches the provider > D9 a throwing cache listener beside a malformed committed result (committed arm) 6ms
    "invalidations": 1,
    "invalidations": 1,
   × G4-02 D-7 review — the lone statement once it reaches the provider > D11 a multi-statement write inside its own region tells the cache nothing 4ms
     → D11 invalidations {
    "invalidations": 1,
    "invalidations": 0,
1 !== 0
   ✓ G4-02 D-7 review — the lone statement once it reaches the provider > D10 a lone deleteMany that matches nothing still ran, on both engines 2ms
⎯⎯⎯⎯⎯⎯⎯ Failed Tests 2 ⎯⎯⎯⎯⎯⎯⎯
    "invalidations": 1,
    "invalidations": 1,
