
 RUN  v3.1.4 /Users/arnaud/code/viborm

 ❯ |raptor3-live-provider| tests/raptor3/g4/native/read-envelope-native.test.ts (4 tests | 1 failed) 77ms
   ✓ G4 native pg read envelope > g4-native-scalar-codec-round-trip 30ms
   ✓ G4 native pg read envelope > g4-native-string-mode-and-nulls-ordering 14ms
   ✓ G4 native pg read envelope > g4-native-cursor-pagination-and-aggregate-shapes 14ms
   × G4 native pg read envelope > g4-native-recursive-read-fit 19ms
     → Query execution failed

⎯⎯⎯⎯⎯⎯⎯ Failed Tests 1 ⎯⎯⎯⎯⎯⎯⎯

 FAIL  |raptor3-live-provider| tests/raptor3/g4/native/read-envelope-native.test.ts > G4 native pg read envelope > g4-native-recursive-read-fit
QueryError: Query execution failed
Caused by: Error: Underlying error details redacted
⎯⎯⎯⎯⎯⎯⎯⎯⎯⎯⎯⎯⎯⎯⎯⎯⎯⎯⎯⎯⎯⎯⎯⎯⎯⎯⎯⎯⎯⎯
Serialized Error: { code: '42883' }
⎯⎯⎯⎯⎯⎯⎯⎯⎯⎯⎯⎯⎯⎯⎯⎯⎯⎯⎯⎯⎯⎯⎯⎯[1/1]⎯


 Test Files  1 failed (1)
      Tests  1 failed | 3 passed (4)
   Start at  04:53:42
   Duration  1.78s (transform 1.00s, setup 8ms, collect 1.49s, tests 77ms, environment 0ms, prepare 32ms)

JSON report written to /var/folders/2c/xh5rx2d91wd_lk8rvnnhlr4m0000gn/T/viborm-raptor3-g0-9BYfBJ/vitest.json
Vitest resources: 3.87s wall, 535.9 MiB peak sampled process-group RSS (sampled ceiling 1536 MiB). Teardown verified.
Raptor 3 verification failed; diagnostics: /var/folders/2c/xh5rx2d91wd_lk8rvnnhlr4m0000gn/T/viborm-raptor3-g0-9BYfBJ
