
> viborm@0.1.0 test:all /Users/arnaud/code/viborm
> node scripts/run-credential-free-tests.mjs --only 'Raptor 3 fixed'


[test:all] Raptor 3 fixed contracts, harness falsifiers and candidate comparison

 RUN  v3.1.4 /Users/arnaud/code/viborm

 ✓ |raptor3| tests/raptor3/post-prep/g29-member-dependency.test.ts (14 tests) 151ms
 ✓ |raptor3| tests/raptor3/g4/parity/reference-representability.test.ts (26 tests) 94ms
 ✓ |raptor3| tests/raptor3/core-structure/structural-reference.test.ts (10 tests) 27ms
 ✓ |raptor3| tests/raptor3/core-structure/member-scope.contract.test.ts (8 tests) 30ms
 ✓ |raptor3| tests/raptor3/g3/author-execution-regressions.test.ts (3 tests) 16ms
 ✓ |raptor3| tests/raptor3/prep/selector-dependencies.test.ts (11 tests) 58ms
 ✓ |raptor3| tests/raptor3/prep/recursive-read-fit.test.ts (6 tests) 8ms
 ✓ |raptor3| tests/raptor3/prep/suppression-replay.test.ts (5 tests) 25ms
 ✓ |raptor3| tests/raptor3/prep/variant-collection-order.test.ts (4 tests) 36ms
 ✓ |raptor3| tests/raptor3/gate.test.ts (8 tests) 104ms
 ✓ |raptor3| tests/raptor3/prep/set-preparation.test.ts (6 tests) 9ms
 ✓ |raptor3| tests/raptor3/post-prep/g29-dependency-choices.test.ts (10 tests) 33ms
 ✓ |raptor3| tests/raptor3/prep/g3p04-review-regressions.test.ts (5 tests) 17ms
 ✓ |raptor3| tests/raptor3/core-structure/repeated-occurrence-ownership.test.ts (5 tests) 3ms
 ✓ |raptor3| tests/raptor3/g4/parity/one-write-outcome-composition.test.ts (4 tests) 11ms
 ✓ |raptor3| tests/raptor3/g4/parity/captured-identity-domains.test.ts (18 tests) 57ms
 ✓ |raptor3| tests/raptor3/g4/parity/cascaded-current-identity.test.ts (21 tests) 61ms
 ✓ |raptor3| tests/raptor3/post-prep/g29-dependency-boundaries.test.ts (4 tests) 14ms
 ✓ |raptor3| tests/raptor3/core-structure/extension-a.contract.test.ts (6 tests) 14ms
 ✓ |raptor3| tests/raptor3/g4/parity/transport-witnesses.test.ts (7 tests) 15ms
 ✓ |raptor3| tests/raptor3/post-prep/projection-preparation.test.ts (4 tests) 5ms
 ✓ |raptor3| tests/raptor3/g4/parity/upsert-array-route.test.ts (6 tests) 13ms
 ✓ |raptor3| tests/raptor3/transport.test.ts (44 tests) 458ms
 ✓ |raptor3| tests/raptor3/g4/parity/exclusive-member-cardinality.test.ts (14 tests) 56ms
 ✓ |raptor3| tests/raptor3/g4/parity/prepared-set-predicates.test.ts (9 tests) 32ms
 ❯ |raptor3| tests/raptor3/post-prep/selector-preparation.test.ts (4 tests | 1 failed) 6ms
   ✓ post-G3 selector preparation > prepares mixed compound and relation facts without SQL or alias allocation 1ms
   ✓ post-G3 selector preparation > executes admitted mapped-int FieldRef equality and comparison predicates 1ms
   ✓ post-G3 selector preparation > refuses a cross-model FieldRef before provider execution 1ms
   × post-G3 selector preparation > reuses one upsert base selector across both prepared condition probes 3ms
     → Expected values to be strictly deep-equal:
+ actual - expected

  [
    'SELECT',
    'SELECT',
    'SELECT',
+   'SELECT',
+   'SELECT',
    'UPDATE',
    'SELECT'
  ]

 ✓ |raptor3| tests/raptor3/g3/scope-failure-contract.test.ts (2 tests) 7ms
 ✓ |raptor3| tests/raptor3/g4/parity/published-key.test.ts (12 tests) 43ms
 ✓ |raptor3| tests/raptor3/g4/parity/lax-to-one.test.ts (27 tests) 45ms
 ✓ |raptor3| tests/raptor3/ownership/commands.test.ts (6 tests) 5ms
 ✓ |raptor3| tests/raptor3/post-prep/history-analysis.test.ts (5 tests) 2ms
 ✓ |raptor3| tests/raptor3/g4/parity/fresh-member-placement.test.ts (16 tests) 68ms
 ✓ |raptor3| tests/raptor3/g3/transaction-array-contract.test.ts (4 tests) 9ms
 ✓ |raptor3| tests/raptor3/g4/parity/generated-key-reach.test.ts (7 tests) 14ms
 ✓ |raptor3| tests/raptor3/g4/parity/singular-slot-transition.test.ts (10 tests) 29ms
 ✓ |raptor3| tests/raptor3/g3/review-execution-boundaries.test.ts (6 tests) 14ms
 ✓ |raptor3| tests/raptor3/core-structure/extension-composition.contract.test.ts (4 tests) 16ms
 ✓ |raptor3| tests/raptor3/g4/parity/cacheable-read-vocabulary.test.ts (3 tests) 9ms
 ✓ |raptor3| tests/raptor3/post-prep/g29-result-progress.test.ts (2 tests) 4ms
 ✓ |raptor3| tests/raptor3/g4/parity/read-only-build-contract.test.ts (3 tests) 3ms
 ✓ |raptor3| tests/raptor3/g3/bulk-series-contract.test.ts (6 tests) 9ms
 ✓ |raptor3| tests/raptor3/g4/parity/member-boundary-packaging.test.ts (5 tests) 17ms
 ✓ |raptor3| tests/raptor3/g3/bulk-result-boundary.test.ts (5 tests) 9ms
 ✓ |raptor3| tests/raptor3/g4/parity/suppressed-membership-target.test.ts (7 tests) 22ms
 ✓ |raptor3| tests/raptor3/g3/suppression-retry-contract.test.ts (2 tests) 10ms
 ✓ |raptor3| tests/raptor3/g4/parity/correlated-membership.test.ts (5 tests) 12ms
 ✓ |raptor3| tests/raptor3/g4/parity/batch-captured-bulk.test.ts (7 tests) 17ms
 ✓ |raptor3| tests/raptor3/g3/generation/generated-smoke.test.ts (6 tests) 118ms
 ✓ |raptor3| tests/raptor3/g3/depth-recurrence-contract.test.ts (6 tests) 17ms
 ✓ |raptor3| tests/raptor3/core-structure/measurement/extension-recipes.selftest.test.ts (5 tests) 11ms
 ✓ |raptor3| tests/raptor3/g4/parity/batch-observed-publication.test.ts (10 tests) 24ms
 ✓ |raptor3| tests/raptor3/core-structure/extension-b.contract.test.ts (4 tests) 8ms
 ✓ |raptor3| tests/raptor3/polish/commands.test.ts (6 tests) 31ms
 ✓ |raptor3| tests/raptor3/post-prep/clearability-consumption.test.ts (4 tests) 14ms
 ✓ |raptor3| tests/raptor3/candidate-handoff.test.ts (6 tests) 8ms
 ✓ |raptor3| tests/raptor3/cleanup-failure.test.ts (2 tests) 22ms
 ✓ |raptor3| tests/raptor3/g3/generation/generated-transport-smoke.test.ts (1 test) 76ms
 ✓ |raptor3| tests/raptor3/g4/parity/blind-premise-attribution.test.ts (1 test) 6ms
 ✓ |raptor3| tests/raptor3/g4/parity/combinator-named-scalar.test.ts (4 tests) 12ms
 ✓ |raptor3| tests/raptor3/generated-gate.test.ts (3 tests) 32ms
 ✓ |raptor3| tests/raptor3/g4/parity/series-member-premise.test.ts (4 tests) 16ms
 ✓ |raptor3| tests/raptor3/post-prep/schema-view-reuse.test.ts (1 test) 1ms
 ✓ |raptor3| tests/raptor3/g4/parity/increment-key-width.test.ts (1 test) 4ms
 ✓ |raptor3| tests/raptor3/candidate-pagination.test.ts (4 tests) 5ms
 ✓ |raptor3| tests/raptor3/candidate.test.ts (24 tests) 123ms
 ✓ |raptor3| tests/raptor3/expanded/lifetime-commands.test.ts (16 tests) 36ms
 ✓ |raptor3| tests/raptor3/core-structure/measurement/extension-campaign.selftest.test.ts (42 tests) 196ms
 ✓ |raptor3| tests/raptor3/candidate-ordering.test.ts (2 tests) 18ms
 ✓ |raptor3| tests/raptor3/transitions/conditional-upsert-commands.test.ts (11 tests) 52ms
 ✓ |raptor3| tests/raptor3/transitions/singular-lattice-commands.test.ts (58 tests) 167ms
 ✓ |raptor3| tests/raptor3/transitions/shared-key-suppliers-commands.test.ts (4 tests) 27ms
 ✓ |raptor3| tests/raptor3/transitions/junction-identity-commands.test.ts (2 tests) 20ms
 ✓ |raptor3| tests/raptor3/transitions/series-staleness-commands.test.ts (4 tests) 40ms
 ✓ |raptor3| tests/raptor3/transitions/mixed-key-transitions-commands.test.ts (8 tests) 54ms
 ✓ |raptor3| tests/raptor3/transitions/supplier-continuations-commands.test.ts (10 tests) 59ms
 ✓ |raptor3| tests/raptor3/transitions/membership-own-write-commands.test.ts (8 tests) 41ms
 ✓ |raptor3| tests/raptor3/transitions/staleness-commands.test.ts (3 tests) 19ms
 ✓ |raptor3| tests/raptor3/transitions/singular-commands.test.ts (20 tests) 81ms
 ✓ |raptor3| tests/raptor3/transitions/junctions-commands.test.ts (26 tests) 169ms
 ✓ |raptor3| tests/raptor3/transitions/variant-removals-commands.test.ts (14 tests) 60ms
 ✓ |raptor3| tests/raptor3/transitions/occupied-keys-commands.test.ts (8 tests) 60ms
 ✓ |raptor3| tests/raptor3/transitions/required-commands.test.ts (8 tests) 30ms
 ✓ |raptor3| tests/raptor3/transitions/keys-commands.test.ts (14 tests) 70ms
 ✓ |raptor3| tests/raptor3/transitions/own-write-commands.test.ts (18 tests) 96ms
 ✓ |raptor3| tests/raptor3/expanded/compound-falsifier.test.ts (1 test) 1ms
 ✓ |raptor3| tests/raptor3/expanded/commands.test.ts (82 tests) 118ms
 ✓ |raptor3| tests/raptor3/expanded/variant-identity-commands.test.ts (42 tests) 80ms
 ✓ |raptor3| tests/raptor3/fixed.test.ts (24 tests) 28ms
 ✓ |raptor3| tests/raptor3/generated-smoke.test.ts (32 tests) 146ms

⎯⎯⎯⎯⎯⎯⎯ Failed Tests 1 ⎯⎯⎯⎯⎯⎯⎯

 FAIL  |raptor3| tests/raptor3/post-prep/selector-preparation.test.ts > post-G3 selector preparation > reuses one upsert base selector across both prepared condition probes
AssertionError: Expected values to be strictly deep-equal:
+ actual - expected

  [
    'SELECT',
    'SELECT',
    'SELECT',
+   'SELECT',
+   'SELECT',
    'UPDATE',
    'SELECT'
  ]


[32m- Expected[39m
[31m+ Received[39m

[2m  [[22m
[2m    "SELECT",[22m
[2m    "SELECT",[22m
[2m    "SELECT",[22m
[31m+   "SELECT",[39m
[31m+   "SELECT",[39m
[2m    "UPDATE",[22m
[2m    "SELECT",[22m
[2m  ][22m

 ❯ tests/raptor3/post-prep/selector-preparation.test.ts:323:14
    321|       );
    322| 
    323|       assert.deepEqual(
       |              ^
    324|         driver.statements.map((statement) => statement.match(/^\w+/)?.…
    325|         ["SELECT", "SELECT", "SELECT", "UPDATE", "SELECT"]

⎯⎯⎯⎯⎯⎯⎯⎯⎯⎯⎯⎯⎯⎯⎯⎯⎯⎯⎯⎯⎯⎯⎯⎯[1/1]⎯


 Test Files  1 failed | 88 passed (89)
      Tests  1 failed | 954 passed (955)
   Start at  20:58:50
   Duration  10.49s (transform 1.42s, setup 60ms, collect 6.11s, tests 3.92s, environment 0ms, prepare 32ms)

Vitest resources: 12.31s wall, 859.4 MiB peak sampled process-group RSS (sampled ceiling 1536 MiB). Teardown verified.
[test:all] Raptor 3 fixed contracts, harness falsifiers and candidate comparison: 12.89s wall, 60.9 MiB peak sampled process-group RSS (sampled ceiling 1536 MiB, ordinary project). Teardown verified.
 ELIFECYCLE  Command failed with exit code 1.
