
 RUN  v3.1.4 /Users/arnaud/code/viborm

 ✓ |extended-local| tests/raptor3/g4/parity/integration-staleness.test.ts (5 tests) 49ms
 ✓ |extended-local| tests/raptor3/g4/parity/json-read-schema.test.ts (7 tests) 16ms
 ✓ |extended-local| tests/raptor3/g4/parity/lane-x-set-mutations.test.ts (10 tests) 41ms
 ✓ |extended-local| tests/raptor3/g4/parity/integration-membership-race.test.ts (3 tests) 15ms
 ✓ |extended-local| tests/raptor3/g4/parity/lane-x-route-seam.test.ts (3 tests) 2ms
 ✓ |coverage-raptor3| tests/raptor3/g4/parity/lax-to-one.test.ts (27 tests) 71ms
 ✓ |coverage-raptor3| tests/raptor3/g4/parity/fresh-member-placement.test.ts (16 tests) 79ms
 ✓ |coverage-raptor3| tests/raptor3/g4/parity/generated-key-reach.test.ts (7 tests) 13ms
 ✓ |coverage-raptor3| tests/raptor3/g4/parity/member-boundary-packaging.test.ts (5 tests) 18ms
 ✓ |coverage-raptor3| tests/raptor3/g4/parity/increment-key-width.test.ts (1 test) 4ms
 ✓ |raptor3| tests/raptor3/g4/parity/lax-to-one.test.ts (27 tests) 70ms
 ✓ |raptor3| tests/raptor3/g4/parity/fresh-member-placement.test.ts (16 tests) 77ms
 ✓ |raptor3| tests/raptor3/g4/parity/generated-key-reach.test.ts (7 tests) 15ms
 ✓ |raptor3| tests/raptor3/g4/parity/member-boundary-packaging.test.ts (5 tests) 25ms
 ✓ |raptor3| tests/raptor3/g4/parity/increment-key-width.test.ts (1 test) 4ms

 Test Files  15 passed (15)
      Tests  140 passed (140)
   Start at  20:59:10
   Duration  5.06s (transform 2.22s, setup 26ms, collect 3.91s, tests 499ms, environment 0ms, prepare 75ms)

Vitest resources: 6.80s wall, 724.7 MiB peak sampled process-group RSS (sampled ceiling 1536 MiB). Teardown verified.
