
 RUN  v3.1.4 /Users/arnaud/code/viborm

 ✓ |extended-local| tests/raptor3/g4/parity/driver-result-parser.test.ts (6 tests) 31ms
 ✓ |coverage-raptor3| tests/raptor3/g4/parity/captured-identity-domains.test.ts (18 tests) 83ms
 ✓ |coverage-raptor3| tests/raptor3/g4/parity/cascaded-current-identity.test.ts (21 tests) 80ms
 ✓ |coverage-raptor3| tests/raptor3/g4/parity/exclusive-member-cardinality.test.ts (14 tests) 57ms
 ✓ |coverage-raptor3| tests/raptor3/g4/parity/cacheable-read-vocabulary.test.ts (3 tests) 8ms
 ✓ |coverage-raptor3| tests/raptor3/g4/parity/correlated-membership.test.ts (5 tests) 15ms
 ✓ |coverage-raptor3| tests/raptor3/g4/parity/batch-captured-bulk.test.ts (7 tests) 16ms
 ✓ |coverage-raptor3| tests/raptor3/g4/parity/batch-observed-publication.test.ts (10 tests) 22ms
 ✓ |coverage-raptor3| tests/raptor3/g4/parity/blind-premise-attribution.test.ts (1 test) 5ms
 ✓ |coverage-raptor3| tests/raptor3/g4/parity/combinator-named-scalar.test.ts (4 tests) 11ms
 ✓ |raptor3| tests/raptor3/g4/parity/captured-identity-domains.test.ts (18 tests) 85ms
 ✓ |raptor3| tests/raptor3/g4/parity/cascaded-current-identity.test.ts (21 tests) 79ms
 ✓ |raptor3| tests/raptor3/g4/parity/exclusive-member-cardinality.test.ts (14 tests) 56ms
 ✓ |raptor3| tests/raptor3/g4/parity/cacheable-read-vocabulary.test.ts (3 tests) 9ms
 ✓ |raptor3| tests/raptor3/g4/parity/correlated-membership.test.ts (5 tests) 14ms
 ✓ |raptor3| tests/raptor3/g4/parity/batch-captured-bulk.test.ts (7 tests) 16ms
 ✓ |raptor3| tests/raptor3/g4/parity/batch-observed-publication.test.ts (10 tests) 21ms
 ✓ |raptor3| tests/raptor3/g4/parity/blind-premise-attribution.test.ts (1 test) 5ms
 ✓ |raptor3| tests/raptor3/g4/parity/combinator-named-scalar.test.ts (4 tests) 12ms

 Test Files  19 passed (19)
      Tests  172 passed (172)
   Start at  20:59:02
   Duration  5.40s (transform 2.33s, setup 29ms, collect 4.23s, tests 626ms, environment 0ms, prepare 73ms)

Vitest resources: 7.12s wall, 738.3 MiB peak sampled process-group RSS (sampled ceiling 1536 MiB). Teardown verified.
