
 RUN  v3.1.4 /Users/arnaud/code/viborm

 ✓ |raptor3| tests/raptor3/transitions/conditional-upsert-commands.test.ts (11 tests) 153ms
 ✓ |raptor3| tests/raptor3/transitions/singular-lattice-commands.test.ts (58 tests) 318ms
 ✓ |raptor3| tests/raptor3/transitions/shared-key-suppliers-commands.test.ts (4 tests) 65ms
 ✓ |raptor3| tests/raptor3/transitions/junction-identity-commands.test.ts (2 tests) 145ms
 ✓ |raptor3| tests/raptor3/transitions/series-staleness-commands.test.ts (4 tests) 73ms
 ✓ |raptor3| tests/raptor3/transitions/mixed-key-transitions-commands.test.ts (8 tests) 101ms
 ✓ |raptor3| tests/raptor3/transitions/supplier-continuations-commands.test.ts (10 tests) 110ms
 ✓ |raptor3| tests/raptor3/transitions/membership-own-write-commands.test.ts (8 tests) 82ms
 ✓ |raptor3| tests/raptor3/transitions/staleness-commands.test.ts (3 tests) 51ms
 ✓ |raptor3| tests/raptor3/transitions/singular-commands.test.ts (20 tests) 139ms
 ✓ |raptor3| tests/raptor3/transitions/junctions-commands.test.ts (26 tests) 252ms
 ✓ |raptor3| tests/raptor3/transitions/variant-removals-commands.test.ts (14 tests) 108ms
 ✓ |raptor3| tests/raptor3/transitions/occupied-keys-commands.test.ts (8 tests) 100ms
 ✓ |raptor3| tests/raptor3/transitions/required-commands.test.ts (8 tests) 84ms
 ✓ |raptor3| tests/raptor3/transitions/keys-commands.test.ts (14 tests) 154ms
 ✓ |raptor3| tests/raptor3/transitions/own-write-commands.test.ts (18 tests) 128ms

 Test Files  16 passed (16)
      Tests  216 passed (216)
   Start at  09:37:34
   Duration  6.01s (transform 1.54s, setup 19ms, collect 3.74s, tests 2.06s, environment 0ms, prepare 29ms)

JSON report written to /var/folders/2c/xh5rx2d91wd_lk8rvnnhlr4m0000gn/T/viborm-raptor3-g0-s11LfS/vitest.json
Vitest resources: 8.18s wall, 820.9 MiB peak sampled process-group RSS (sampled ceiling 1536 MiB). Teardown verified.
Raptor 3 g2-contracts contract gate verified. Evidence: /var/folders/2c/xh5rx2d91wd_lk8rvnnhlr4m0000gn/T/viborm-raptor3-g0-s11LfS
