
 RUN  v3.1.4 /Users/arnaud/code/viborm

 ✓ |raptor3| tests/raptor3/post-prep/g29-member-dependency.test.ts (14 tests) 106ms
 ✓ |raptor3| tests/raptor3/post-prep/g29-dependency-choices.test.ts (10 tests) 49ms
 ✓ |raptor3| tests/raptor3/post-prep/g29-dependency-boundaries.test.ts (4 tests) 17ms
 ✓ |raptor3| tests/raptor3/post-prep/projection-preparation.test.ts (4 tests) 6ms
 ✓ |raptor3| tests/raptor3/post-prep/selector-preparation.test.ts (4 tests) 7ms
 ✓ |raptor3| tests/raptor3/post-prep/history-analysis.test.ts (5 tests) 4ms
 ✓ |raptor3| tests/raptor3/post-prep/g29-result-progress.test.ts (2 tests) 5ms
 ✓ |raptor3| tests/raptor3/post-prep/clearability-consumption.test.ts (4 tests) 28ms
 ✓ |raptor3| tests/raptor3/post-prep/schema-view-reuse.test.ts (1 test) 1ms
 ✓ |raptor3-provider| tests/raptor3/post-prep/g29-result-progress-pglite.test.ts (1 test) 809ms
   ✓ G2.9 generated-result continuation progress [commands] > preserves malformed generated-id translation after one committed segment  808ms

⎯⎯⎯⎯⎯⎯ Failed Suites 1 ⎯⎯⎯⎯⎯⎯⎯

 FAIL  |raptor3-live-provider| tests/raptor3/post-prep/native-g29-member-dependency.test.ts [ tests/raptor3/post-prep/native-g29-member-dependency.test.ts ]
AssertionError: Required live provider is pg or mysql

[32m- Expected[39m
[31m+ Received[39m

[32m- true[39m
[31m+ false[39m

 ❯ tests/raptor3/transitions/live-world.ts:31:1
     29| 
     30| const provider = process.env.VIBORM_RAPTOR3_PROVIDER;
     31| assert(
       | ^
     32|   provider === "pg" || provider === "mysql",
     33|   "Required live provider is pg or mysql"
 ❯ tests/raptor3/post-prep/native-g29-member-dependency.test.ts:7:1

⎯⎯⎯⎯⎯⎯⎯⎯⎯⎯⎯⎯⎯⎯⎯⎯⎯⎯⎯⎯⎯⎯⎯⎯[1/1]⎯


 Test Files  1 failed | 10 passed (11)
      Tests  49 passed (49)
   Start at  09:38:58
   Duration  8.43s (transform 4.04s, setup 30ms, collect 4.87s, tests 1.03s, environment 0ms, prepare 92ms)

Vitest resources: 10.82s wall, 1446.2 MiB peak sampled process-group RSS (sampled ceiling 1536 MiB). Teardown verified.
