
 RUN  v3.1.4 /Users/arnaud/code/viborm

 ✓ |raptor3| tests/raptor3/prep/recursive-read-fit.test.ts (6 tests) 42ms
 ✓ |raptor3| tests/raptor3/prep/suppression-replay.test.ts (5 tests) 82ms
 ✓ |raptor3| tests/raptor3/prep/selector-dependencies.test.ts (11 tests) 117ms
 ✓ |raptor3| tests/raptor3/prep/g3p04-review-regressions.test.ts (5 tests) 26ms
 ✓ |raptor3| tests/raptor3/prep/set-preparation.test.ts (6 tests) 14ms
 ✓ |raptor3| tests/raptor3/prep/variant-collection-order.test.ts (4 tests) 62ms

⎯⎯⎯⎯⎯⎯ Failed Suites 4 ⎯⎯⎯⎯⎯⎯⎯

 FAIL  |raptor3-live-provider| tests/raptor3/prep/native-clearability-ownership.test.ts [ tests/raptor3/prep/native-clearability-ownership.test.ts ]
AssertionError: Required live provider is pg or mysql

[32m- Expected[39m
[31m+ Received[39m

[32m- true[39m
[31m+ false[39m

 ❯ tests/raptor3/transitions/live-world.ts:31:1
     29| 
     30| const provider = process.env.VIBORM_RAPTOR3_PROVIDER;
     31| assert(
       | ^
     32|   provider === "pg" || provider === "mysql",
     33|   "Required live provider is pg or mysql"
 ❯ tests/raptor3/prep/native-clearability-ownership.test.ts:6:1

⎯⎯⎯⎯⎯⎯⎯⎯⎯⎯⎯⎯⎯⎯⎯⎯⎯⎯⎯⎯⎯⎯⎯⎯[1/4]⎯

 FAIL  |raptor3-live-provider| tests/raptor3/prep/native-constraint-ownership.test.ts [ tests/raptor3/prep/native-constraint-ownership.test.ts ]
AssertionError: Required live provider is pg or mysql

[32m- Expected[39m
[31m+ Received[39m

[32m- true[39m
[31m+ false[39m

 ❯ tests/raptor3/transitions/live-world.ts:31:1
     29| 
     30| const provider = process.env.VIBORM_RAPTOR3_PROVIDER;
     31| assert(
       | ^
     32|   provider === "pg" || provider === "mysql",
     33|   "Required live provider is pg or mysql"
 ❯ tests/raptor3/prep/native-constraint-ownership.test.ts:14:1

⎯⎯⎯⎯⎯⎯⎯⎯⎯⎯⎯⎯⎯⎯⎯⎯⎯⎯⎯⎯⎯⎯⎯⎯[2/4]⎯

 FAIL  |raptor3-live-provider| tests/raptor3/prep/native-set-preparation.test.ts [ tests/raptor3/prep/native-set-preparation.test.ts ]
AssertionError: Required live provider is pg or mysql

[32m- Expected[39m
[31m+ Received[39m

[32m- true[39m
[31m+ false[39m

 ❯ tests/raptor3/transitions/live-world.ts:31:1
     29| 
     30| const provider = process.env.VIBORM_RAPTOR3_PROVIDER;
     31| assert(
       | ^
     32|   provider === "pg" || provider === "mysql",
     33|   "Required live provider is pg or mysql"
 ❯ tests/raptor3/prep/native-set-preparation.test.ts:10:1

⎯⎯⎯⎯⎯⎯⎯⎯⎯⎯⎯⎯⎯⎯⎯⎯⎯⎯⎯⎯⎯⎯⎯⎯[3/4]⎯

 FAIL  |raptor3-live-provider| tests/raptor3/prep/native-suppression-replay.test.ts [ tests/raptor3/prep/native-suppression-replay.test.ts ]
AssertionError: Required live provider is pg or mysql

[32m- Expected[39m
[31m+ Received[39m

[32m- true[39m
[31m+ false[39m

 ❯ tests/raptor3/transitions/live-world.ts:31:1
     29| 
     30| const provider = process.env.VIBORM_RAPTOR3_PROVIDER;
     31| assert(
       | ^
     32|   provider === "pg" || provider === "mysql",
     33|   "Required live provider is pg or mysql"
 ❯ tests/raptor3/prep/native-suppression-replay.test.ts:18:1

⎯⎯⎯⎯⎯⎯⎯⎯⎯⎯⎯⎯⎯⎯⎯⎯⎯⎯⎯⎯⎯⎯⎯⎯[4/4]⎯


 Test Files  4 failed | 6 passed (10)
      Tests  37 passed (37)
   Start at  09:39:18
   Duration  6.50s (transform 3.20s, setup 24ms, collect 3.46s, tests 343ms, environment 0ms, prepare 68ms)

Vitest resources: 9.00s wall, 699.4 MiB peak sampled process-group RSS (sampled ceiling 1536 MiB). Teardown verified.
