
 RUN  v3.1.4 /Users/arnaud/code/viborm

 ❯ |raptor3| tests/raptor3/gate.test.ts (1 test | 1 failed) 65ms
   × replays the saved corpus against its exact executed-source identity 64ms
     → Stale Raptor 3 evidence: executed source or runtime changed
+ actual - expected

  {
+   harness: '838a1e1bb2080e863f5decb56ce90c5218da1e1a341532c21d5b0e04453bc6c5',
+   production: 'e2d5bcb2201641372941c2c1fa6e648f52429fb3ca8ce948678baa80a31b589f',
-   harness: '3d9977876d5b8c0c80aec1ea6902f34b39ea80ab52e07e7242a287312dd2b922',
-   production: 'fe544577cbc3c6747806f4b6a178ffe284d52d7ac3b5dd87fcd39adc2c3d54da',
    runtime: {
      architecture: 'arm64',
      node: 'v24.21.0',
      platform: 'darwin',
      sqliteDriver: '12.6.0',


⎯⎯⎯⎯⎯⎯⎯ Failed Tests 1 ⎯⎯⎯⎯⎯⎯⎯

 FAIL  |raptor3| tests/raptor3/gate.test.ts > replays the saved corpus against its exact executed-source identity
AssertionError: Stale Raptor 3 evidence: executed source or runtime changed
+ actual - expected

  {
+   harness: '838a1e1bb2080e863f5decb56ce90c5218da1e1a341532c21d5b0e04453bc6c5',
+   production: 'e2d5bcb2201641372941c2c1fa6e648f52429fb3ca8ce948678baa80a31b589f',
-   harness: '3d9977876d5b8c0c80aec1ea6902f34b39ea80ab52e07e7242a287312dd2b922',
-   production: 'fe544577cbc3c6747806f4b6a178ffe284d52d7ac3b5dd87fcd39adc2c3d54da',
    runtime: {
      architecture: 'arm64',
      node: 'v24.21.0',
      platform: 'darwin',
      sqliteDriver: '12.6.0',


[32m- Expected[39m
[31m+ Received[39m

[33m@@ -1,8 +1,8 @@[39m
[2m  {[22m
[32m-   "harness": "3d9977876d5b8c0c80aec1ea6902f34b39ea80ab52e07e7242a287312dd2b922",[39m
[32m-   "production": "fe544577cbc3c6747806f4b6a178ffe284d52d7ac3b5dd87fcd39adc2c3d54da",[39m
[31m+   "harness": "838a1e1bb2080e863f5decb56ce90c5218da1e1a341532c21d5b0e04453bc6c5",[39m
[31m+   "production": "e2d5bcb2201641372941c2c1fa6e648f52429fb3ca8ce948678baa80a31b589f",[39m
[2m    "runtime": {[22m
[2m      "architecture": "arm64",[22m
[2m      "node": "v24.21.0",[22m
[2m      "platform": "darwin",[22m
[2m      "sqliteDriver": "12.6.0",[22m

 ❯ assertRaptor3Identity scripts/raptor3-manifest.mjs:973:10
    971|   actual = captureRaptor3Identity()
    972| ) {
    973|   assert.deepEqual(
       |          ^
    974|     actual,
    975|     expected,
 ❯ tests/raptor3/gate.test.ts:134:5

⎯⎯⎯⎯⎯⎯⎯⎯⎯⎯⎯⎯⎯⎯⎯⎯⎯⎯⎯⎯⎯⎯⎯⎯[1/1]⎯


 Test Files  1 failed (1)
      Tests  1 failed (1)
   Start at  20:47:02
   Duration  5.63s (transform 2.02s, setup 17ms, collect 3.08s, tests 65ms, environment 0ms, prepare 59ms)

JSON report written to /var/folders/2c/xh5rx2d91wd_lk8rvnnhlr4m0000gn/T/viborm-raptor3-g0-Dl4kZq/vitest.json
Vitest resources: 13.85s wall, 517.6 MiB peak sampled process-group RSS (sampled ceiling 1536 MiB). Teardown verified.
Raptor 3 verification failed; diagnostics: /var/folders/2c/xh5rx2d91wd_lk8rvnnhlr4m0000gn/T/viborm-raptor3-g0-Dl4kZq
