
 RUN  v3.1.4 /Users/arnaud/code/viborm

 ✓ |raptor3| tests/raptor3/transitions/conditional-upsert-commands.test.ts (11 tests) 145ms
 ✓ |raptor3| tests/raptor3/transitions/singular-lattice-commands.test.ts (58 tests) 268ms
 ✓ |raptor3| tests/raptor3/transitions/shared-key-suppliers-commands.test.ts (4 tests) 63ms
 ✓ |raptor3| tests/raptor3/transitions/junction-identity-commands.test.ts (2 tests) 144ms
 ✓ |raptor3| tests/raptor3/transitions/series-staleness-commands.test.ts (4 tests) 66ms
 ✓ |raptor3| tests/raptor3/transitions/mixed-key-transitions-commands.test.ts (8 tests) 95ms
 ✓ |raptor3| tests/raptor3/transitions/supplier-continuations-commands.test.ts (10 tests) 100ms
 ✓ |raptor3| tests/raptor3/transitions/membership-own-write-commands.test.ts (8 tests) 76ms
 ✓ |raptor3| tests/raptor3/transitions/staleness-commands.test.ts (3 tests) 48ms
 ✓ |raptor3| tests/raptor3/transitions/singular-commands.test.ts (20 tests) 138ms
 ✓ |raptor3| tests/raptor3/transitions/junctions-commands.test.ts (26 tests) 247ms
 ✓ |raptor3| tests/raptor3/transitions/variant-removals-commands.test.ts (14 tests) 112ms
 ✓ |raptor3| tests/raptor3/transitions/occupied-keys-commands.test.ts (8 tests) 119ms
 ✓ |raptor3| tests/raptor3/transitions/required-commands.test.ts (8 tests) 73ms
 ✓ |raptor3| tests/raptor3/transitions/keys-commands.test.ts (14 tests) 110ms
 ✓ |raptor3| tests/raptor3/transitions/own-write-commands.test.ts (18 tests) 138ms

 Test Files  16 passed (16)
      Tests  216 passed (216)
   Start at  00:38:38
   Duration  6.13s (transform 1.72s, setup 21ms, collect 3.97s, tests 1.94s, environment 0ms, prepare 39ms)

JSON report written to /var/folders/2c/xh5rx2d91wd_lk8rvnnhlr4m0000gn/T/viborm-raptor3-g0-nhzo6A/vitest.json
Vitest resources: 8.62s wall, 770.7 MiB peak sampled process-group RSS (sampled ceiling 1536 MiB). Teardown verified.
Raptor 3 g2-contracts contract gate verified. Evidence: /var/folders/2c/xh5rx2d91wd_lk8rvnnhlr4m0000gn/T/viborm-raptor3-g0-nhzo6A
