
 RUN  v3.1.4 /Users/arnaud/code/viborm

 ✓ |raptor3| tests/raptor3/transport-campaign.test.ts (1 test) 1989ms
   ✓ completes the exact admitted transport seed batch  1988ms

 Test Files  1 passed (1)
      Tests  1 passed (1)
   Start at  20:15:02
   Duration  4.71s (transform 1.54s, setup 11ms, collect 2.36s, tests 1.99s, environment 0ms, prepare 43ms)

JSON report written to /var/folders/2c/xh5rx2d91wd_lk8rvnnhlr4m0000gn/T/viborm-raptor3-g0-hZUdU4/vitest.json
Vitest resources: 7.16s wall, 666.8 MiB peak sampled process-group RSS (sampled ceiling 1536 MiB). Teardown verified.
Raptor 3 g2-transport-seed-batch contract gate verified. Evidence: /var/folders/2c/xh5rx2d91wd_lk8rvnnhlr4m0000gn/T/viborm-raptor3-g0-hZUdU4

 RUN  v3.1.4 /Users/arnaud/code/viborm

 ✓ |raptor3| tests/raptor3/transport-campaign.test.ts (1 test) 2400ms
   ✓ completes the exact admitted transport seed batch  2399ms

 Test Files  1 passed (1)
      Tests  1 passed (1)
   Start at  20:15:10
   Duration  5.85s (transform 2.11s, setup 13ms, collect 3.18s, tests 2.40s, environment 0ms, prepare 52ms)

JSON report written to /var/folders/2c/xh5rx2d91wd_lk8rvnnhlr4m0000gn/T/viborm-raptor3-g0-fgxiVv/vitest.json
Vitest resources: 9.08s wall, 702.0 MiB peak sampled process-group RSS (sampled ceiling 1536 MiB). Teardown verified.
Raptor 3 g2-transport-seed-batch contract gate verified. Evidence: /var/folders/2c/xh5rx2d91wd_lk8rvnnhlr4m0000gn/T/viborm-raptor3-g0-fgxiVv

 RUN  v3.1.4 /Users/arnaud/code/viborm

 ✓ |raptor3| tests/raptor3/transport-campaign.test.ts (1 test) 1944ms
   ✓ completes the exact admitted transport seed batch  1944ms

 Test Files  1 passed (1)
      Tests  1 passed (1)
   Start at  20:15:20
   Duration  5.59s (transform 2.16s, setup 14ms, collect 3.39s, tests 1.94s, environment 0ms, prepare 59ms)

JSON report written to /var/folders/2c/xh5rx2d91wd_lk8rvnnhlr4m0000gn/T/viborm-raptor3-g0-Ve7sst/vitest.json
Vitest resources: 9.12s wall, 641.8 MiB peak sampled process-group RSS (sampled ceiling 1536 MiB). Teardown verified.
Raptor 3 g2-transport-seed-batch contract gate verified. Evidence: /var/folders/2c/xh5rx2d91wd_lk8rvnnhlr4m0000gn/T/viborm-raptor3-g0-Ve7sst

 RUN  v3.1.4 /Users/arnaud/code/viborm

 ✓ |raptor3| tests/raptor3/transport-campaign.test.ts (1 test) 2341ms
   ✓ completes the exact admitted transport seed batch  2340ms

 Test Files  1 passed (1)
      Tests  1 passed (1)
   Start at  20:15:29
   Duration  5.34s (transform 1.78s, setup 14ms, collect 2.68s, tests 2.34s, environment 0ms, prepare 60ms)

JSON report written to /var/folders/2c/xh5rx2d91wd_lk8rvnnhlr4m0000gn/T/viborm-raptor3-g0-ryh6ax/vitest.json
Vitest resources: 8.78s wall, 686.5 MiB peak sampled process-group RSS (sampled ceiling 1536 MiB). Teardown verified.
Raptor 3 g2-transport-seed-batch contract gate verified. Evidence: /var/folders/2c/xh5rx2d91wd_lk8rvnnhlr4m0000gn/T/viborm-raptor3-g0-ryh6ax

 RUN  v3.1.4 /Users/arnaud/code/viborm

 ✓ |raptor3| tests/raptor3/transport-campaign.test.ts (1 test) 7299ms
   ✓ completes the exact admitted transport seed batch  7297ms

 Test Files  1 passed (1)
      Tests  1 passed (1)
   Start at  20:15:43
   Duration  46.73s (transform 24.51s, setup 47ms, collect 38.12s, tests 7.30s, environment 0ms, prepare 199ms)

JSON report written to /var/folders/2c/xh5rx2d91wd_lk8rvnnhlr4m0000gn/T/viborm-raptor3-g0-mq9eis/vitest.json
Vitest resources: 55.27s wall, 448.7 MiB peak sampled process-group RSS (sampled ceiling 1536 MiB). Teardown verified.
Raptor 3 g2-transport-seed-batch contract gate verified. Evidence: /var/folders/2c/xh5rx2d91wd_lk8rvnnhlr4m0000gn/T/viborm-raptor3-g0-mq9eis

 RUN  v3.1.4 /Users/arnaud/code/viborm

 ✓ |raptor3| tests/raptor3/transport-campaign.test.ts (1 test) 2432ms
   ✓ completes the exact admitted transport seed batch  2431ms

 Test Files  1 passed (1)
      Tests  1 passed (1)
   Start at  20:16:39
   Duration  10.49s (transform 4.83s, setup 29ms, collect 7.37s, tests 2.43s, environment 0ms, prepare 267ms)

JSON report written to /var/folders/2c/xh5rx2d91wd_lk8rvnnhlr4m0000gn/T/viborm-raptor3-g0-7AzYQm/vitest.json
Vitest resources: 19.30s wall, 623.6 MiB peak sampled process-group RSS (sampled ceiling 1536 MiB). Teardown verified.
Raptor 3 g2-transport-seed-batch contract gate verified. Evidence: /var/folders/2c/xh5rx2d91wd_lk8rvnnhlr4m0000gn/T/viborm-raptor3-g0-7AzYQm

 RUN  v3.1.4 /Users/arnaud/code/viborm

 ✓ |raptor3| tests/raptor3/transport-campaign.test.ts (1 test) 2422ms
   ✓ completes the exact admitted transport seed batch  2422ms

 Test Files  1 passed (1)
      Tests  1 passed (1)
   Start at  20:16:54
   Duration  5.67s (transform 1.96s, setup 14ms, collect 2.94s, tests 2.42s, environment 0ms, prepare 54ms)

JSON report written to /var/folders/2c/xh5rx2d91wd_lk8rvnnhlr4m0000gn/T/viborm-raptor3-g0-qwHw9F/vitest.json
Vitest resources: 9.90s wall, 690.0 MiB peak sampled process-group RSS (sampled ceiling 1536 MiB). Teardown verified.
Raptor 3 g2-transport-seed-batch contract gate verified. Evidence: /var/folders/2c/xh5rx2d91wd_lk8rvnnhlr4m0000gn/T/viborm-raptor3-g0-qwHw9F

 RUN  v3.1.4 /Users/arnaud/code/viborm

 ✓ |raptor3| tests/raptor3/transport-campaign.test.ts (1 test) 1353ms
   ✓ completes the exact admitted transport seed batch  1352ms

 Test Files  1 passed (1)
      Tests  1 passed (1)
   Start at  20:17:05
   Duration  5.85s (transform 2.68s, setup 18ms, collect 4.07s, tests 1.35s, environment 0ms, prepare 71ms)

JSON report written to /var/folders/2c/xh5rx2d91wd_lk8rvnnhlr4m0000gn/T/viborm-raptor3-g0-uKIln9/vitest.json
Vitest resources: 10.49s wall, 684.5 MiB peak sampled process-group RSS (sampled ceiling 1536 MiB). Teardown verified.
Raptor 3 g2-transport-seed-batch contract gate verified. Evidence: /var/folders/2c/xh5rx2d91wd_lk8rvnnhlr4m0000gn/T/viborm-raptor3-g0-uKIln9

 RUN  v3.1.4 /Users/arnaud/code/viborm

 ✓ |raptor3| tests/raptor3/transport-campaign.test.ts (1 test) 2816ms
   ✓ completes the exact admitted transport seed batch  2815ms

 Test Files  1 passed (1)
      Tests  1 passed (1)
   Start at  20:17:16
   Duration  6.61s (transform 2.10s, setup 34ms, collect 3.23s, tests 2.82s, environment 0ms, prepare 100ms)

JSON report written to /var/folders/2c/xh5rx2d91wd_lk8rvnnhlr4m0000gn/T/viborm-raptor3-g0-uhuUdd/vitest.json
Vitest resources: 11.61s wall, 653.1 MiB peak sampled process-group RSS (sampled ceiling 1536 MiB). Teardown verified.
Raptor 3 g2-transport-seed-batch contract gate verified. Evidence: /var/folders/2c/xh5rx2d91wd_lk8rvnnhlr4m0000gn/T/viborm-raptor3-g0-uhuUdd

 RUN  v3.1.4 /Users/arnaud/code/viborm

 ✓ |raptor3| tests/raptor3/transport-campaign.test.ts (1 test) 2377ms
   ✓ completes the exact admitted transport seed batch  2376ms

 Test Files  1 passed (1)
      Tests  1 passed (1)
   Start at  20:17:27
   Duration  5.62s (transform 1.95s, setup 14ms, collect 2.98s, tests 2.38s, environment 0ms, prepare 70ms)

JSON report written to /var/folders/2c/xh5rx2d91wd_lk8rvnnhlr4m0000gn/T/viborm-raptor3-g0-WtJCMh/vitest.json
Vitest resources: 9.51s wall, 704.4 MiB peak sampled process-group RSS (sampled ceiling 1536 MiB). Teardown verified.
Raptor 3 g2-transport-seed-batch contract gate verified. Evidence: /var/folders/2c/xh5rx2d91wd_lk8rvnnhlr4m0000gn/T/viborm-raptor3-g0-WtJCMh

 RUN  v3.1.4 /Users/arnaud/code/viborm

 ✓ |raptor3| tests/raptor3/transport-campaign.test.ts (1 test) 1606ms
   ✓ completes the exact admitted transport seed batch  1606ms

 Test Files  1 passed (1)
      Tests  1 passed (1)
   Start at  20:17:36
   Duration  4.34s (transform 1.53s, setup 23ms, collect 2.39s, tests 1.61s, environment 0ms, prepare 139ms)

JSON report written to /var/folders/2c/xh5rx2d91wd_lk8rvnnhlr4m0000gn/T/viborm-raptor3-g0-g0fqxI/vitest.json
Vitest resources: 7.69s wall, 676.7 MiB peak sampled process-group RSS (sampled ceiling 1536 MiB). Teardown verified.
Raptor 3 g2-transport-seed-batch contract gate verified. Evidence: /var/folders/2c/xh5rx2d91wd_lk8rvnnhlr4m0000gn/T/viborm-raptor3-g0-g0fqxI

 RUN  v3.1.4 /Users/arnaud/code/viborm

 ✓ |raptor3| tests/raptor3/transport-campaign.test.ts (1 test) 1396ms
   ✓ completes the exact admitted transport seed batch  1396ms

 Test Files  1 passed (1)
      Tests  1 passed (1)
   Start at  20:17:43
   Duration  3.96s (transform 1.60s, setup 10ms, collect 2.39s, tests 1.40s, environment 0ms, prepare 35ms)

JSON report written to /var/folders/2c/xh5rx2d91wd_lk8rvnnhlr4m0000gn/T/viborm-raptor3-g0-iZ3AfS/vitest.json
Vitest resources: 6.28s wall, 690.2 MiB peak sampled process-group RSS (sampled ceiling 1536 MiB). Teardown verified.
Raptor 3 g2-transport-seed-batch contract gate verified. Evidence: /var/folders/2c/xh5rx2d91wd_lk8rvnnhlr4m0000gn/T/viborm-raptor3-g0-iZ3AfS

 RUN  v3.1.4 /Users/arnaud/code/viborm

 ✓ |raptor3| tests/raptor3/transport-campaign.test.ts (1 test) 1325ms
   ✓ completes the exact admitted transport seed batch  1324ms

 Test Files  1 passed (1)
      Tests  1 passed (1)
   Start at  20:17:50
   Duration  3.79s (transform 1.48s, setup 10ms, collect 2.22s, tests 1.32s, environment 0ms, prepare 30ms)

JSON report written to /var/folders/2c/xh5rx2d91wd_lk8rvnnhlr4m0000gn/T/viborm-raptor3-g0-u32NWu/vitest.json
Vitest resources: 6.15s wall, 693.0 MiB peak sampled process-group RSS (sampled ceiling 1536 MiB). Teardown verified.
Raptor 3 g2-transport-seed-batch contract gate verified. Evidence: /var/folders/2c/xh5rx2d91wd_lk8rvnnhlr4m0000gn/T/viborm-raptor3-g0-u32NWu

 RUN  v3.1.4 /Users/arnaud/code/viborm

 ✓ |raptor3| tests/raptor3/transport-campaign.test.ts (1 test) 1358ms
   ✓ completes the exact admitted transport seed batch  1358ms

 Test Files  1 passed (1)
      Tests  1 passed (1)
   Start at  20:17:56
   Duration  3.73s (transform 1.46s, setup 11ms, collect 2.21s, tests 1.36s, environment 0ms, prepare 30ms)

JSON report written to /var/folders/2c/xh5rx2d91wd_lk8rvnnhlr4m0000gn/T/viborm-raptor3-g0-yKBlta/vitest.json
Vitest resources: 6.07s wall, 702.7 MiB peak sampled process-group RSS (sampled ceiling 1536 MiB). Teardown verified.
Raptor 3 g2-transport-seed-batch contract gate verified. Evidence: /var/folders/2c/xh5rx2d91wd_lk8rvnnhlr4m0000gn/T/viborm-raptor3-g0-yKBlta

 RUN  v3.1.4 /Users/arnaud/code/viborm

 ✓ |raptor3| tests/raptor3/transport-campaign.test.ts (1 test) 1207ms
   ✓ completes the exact admitted transport seed batch  1206ms

 Test Files  1 passed (1)
      Tests  1 passed (1)
   Start at  20:18:02
   Duration  3.21s (transform 1.24s, setup 9ms, collect 1.86s, tests 1.21s, environment 0ms, prepare 30ms)

JSON report written to /var/folders/2c/xh5rx2d91wd_lk8rvnnhlr4m0000gn/T/viborm-raptor3-g0-f03CwZ/vitest.json
Vitest resources: 5.51s wall, 699.0 MiB peak sampled process-group RSS (sampled ceiling 1536 MiB). Teardown verified.
Raptor 3 g2-transport-seed-batch contract gate verified. Evidence: /var/folders/2c/xh5rx2d91wd_lk8rvnnhlr4m0000gn/T/viborm-raptor3-g0-f03CwZ

 RUN  v3.1.4 /Users/arnaud/code/viborm

 ✓ |raptor3| tests/raptor3/transport-campaign.test.ts (1 test) 1278ms
   ✓ completes the exact admitted transport seed batch  1277ms

 Test Files  1 passed (1)
      Tests  1 passed (1)
   Start at  20:18:08
   Duration  3.63s (transform 1.44s, setup 11ms, collect 2.19s, tests 1.28s, environment 0ms, prepare 33ms)

JSON report written to /var/folders/2c/xh5rx2d91wd_lk8rvnnhlr4m0000gn/T/viborm-raptor3-g0-4MYkrj/vitest.json
Vitest resources: 5.90s wall, 700.5 MiB peak sampled process-group RSS (sampled ceiling 1536 MiB). Teardown verified.
Raptor 3 g2-transport-seed-batch contract gate verified. Evidence: /var/folders/2c/xh5rx2d91wd_lk8rvnnhlr4m0000gn/T/viborm-raptor3-g0-4MYkrj

 RUN  v3.1.4 /Users/arnaud/code/viborm

 ✓ |raptor3| tests/raptor3/transport-campaign.test.ts (1 test) 1303ms
   ✓ completes the exact admitted transport seed batch  1302ms

 Test Files  1 passed (1)
      Tests  1 passed (1)
   Start at  20:18:15
   Duration  3.77s (transform 1.49s, setup 12ms, collect 2.27s, tests 1.30s, environment 0ms, prepare 36ms)

JSON report written to /var/folders/2c/xh5rx2d91wd_lk8rvnnhlr4m0000gn/T/viborm-raptor3-g0-2NTONe/vitest.json
Vitest resources: 7.46s wall, 704.3 MiB peak sampled process-group RSS (sampled ceiling 1536 MiB). Teardown verified.
Raptor 3 g2-transport-seed-batch contract gate verified. Evidence: /var/folders/2c/xh5rx2d91wd_lk8rvnnhlr4m0000gn/T/viborm-raptor3-g0-2NTONe

 RUN  v3.1.4 /Users/arnaud/code/viborm

 ✓ |raptor3| tests/raptor3/transport-campaign.test.ts (1 test) 1479ms
   ✓ completes the exact admitted transport seed batch  1478ms

 Test Files  1 passed (1)
      Tests  1 passed (1)
   Start at  20:18:24
   Duration  4.16s (transform 1.58s, setup 13ms, collect 2.39s, tests 1.48s, environment 0ms, prepare 48ms)

JSON report written to /var/folders/2c/xh5rx2d91wd_lk8rvnnhlr4m0000gn/T/viborm-raptor3-g0-X95FyK/vitest.json
Vitest resources: 8.67s wall, 654.7 MiB peak sampled process-group RSS (sampled ceiling 1536 MiB). Teardown verified.
Raptor 3 g2-transport-seed-batch contract gate verified. Evidence: /var/folders/2c/xh5rx2d91wd_lk8rvnnhlr4m0000gn/T/viborm-raptor3-g0-X95FyK

 RUN  v3.1.4 /Users/arnaud/code/viborm

 ✓ |raptor3| tests/raptor3/transport-campaign.test.ts (1 test) 1688ms
   ✓ completes the exact admitted transport seed batch  1687ms

 Test Files  1 passed (1)
      Tests  1 passed (1)
   Start at  20:18:32
   Duration  4.06s (transform 1.45s, setup 12ms, collect 2.19s, tests 1.69s, environment 0ms, prepare 36ms)

JSON report written to /var/folders/2c/xh5rx2d91wd_lk8rvnnhlr4m0000gn/T/viborm-raptor3-g0-YtLdrS/vitest.json
Vitest resources: 7.43s wall, 695.3 MiB peak sampled process-group RSS (sampled ceiling 1536 MiB). Teardown verified.
Raptor 3 g2-transport-seed-batch contract gate verified. Evidence: /var/folders/2c/xh5rx2d91wd_lk8rvnnhlr4m0000gn/T/viborm-raptor3-g0-YtLdrS

 RUN  v3.1.4 /Users/arnaud/code/viborm

 ✓ |raptor3| tests/raptor3/transport-campaign.test.ts (1 test) 2787ms
   ✓ completes the exact admitted transport seed batch  2786ms

 Test Files  1 passed (1)
      Tests  1 passed (1)
   Start at  20:18:40
   Duration  7.88s (transform 3.25s, setup 21ms, collect 4.87s, tests 2.79s, environment 0ms, prepare 54ms)

JSON report written to /var/folders/2c/xh5rx2d91wd_lk8rvnnhlr4m0000gn/T/viborm-raptor3-g0-7IeK41/vitest.json
Vitest resources: 11.68s wall, 647.6 MiB peak sampled process-group RSS (sampled ceiling 1536 MiB). Teardown verified.
Raptor 3 g2-transport-seed-batch contract gate verified. Evidence: /var/folders/2c/xh5rx2d91wd_lk8rvnnhlr4m0000gn/T/viborm-raptor3-g0-7IeK41

 RUN  v3.1.4 /Users/arnaud/code/viborm

 ✓ |raptor3| tests/raptor3/transport-campaign.test.ts (1 test) 2796ms
   ✓ completes the exact admitted transport seed batch  2795ms

 Test Files  1 passed (1)
      Tests  1 passed (1)
   Start at  20:18:54
   Duration  12.08s (transform 5.58s, setup 20ms, collect 8.72s, tests 2.80s, environment 0ms, prepare 87ms)

JSON report written to /var/folders/2c/xh5rx2d91wd_lk8rvnnhlr4m0000gn/T/viborm-raptor3-g0-JoXt5a/vitest.json
Vitest resources: 17.92s wall, 582.3 MiB peak sampled process-group RSS (sampled ceiling 1536 MiB). Teardown verified.
Raptor 3 g2-transport-seed-batch contract gate verified. Evidence: /var/folders/2c/xh5rx2d91wd_lk8rvnnhlr4m0000gn/T/viborm-raptor3-g0-JoXt5a

 RUN  v3.1.4 /Users/arnaud/code/viborm

 ✓ |raptor3| tests/raptor3/transport-campaign.test.ts (1 test) 2208ms
   ✓ completes the exact admitted transport seed batch  2207ms

 Test Files  1 passed (1)
      Tests  1 passed (1)
   Start at  20:19:10
   Duration  5.11s (transform 1.76s, setup 13ms, collect 2.69s, tests 2.21s, environment 0ms, prepare 44ms)

JSON report written to /var/folders/2c/xh5rx2d91wd_lk8rvnnhlr4m0000gn/T/viborm-raptor3-g0-lf4877/vitest.json
Vitest resources: 8.62s wall, 657.8 MiB peak sampled process-group RSS (sampled ceiling 1536 MiB). Teardown verified.
Raptor 3 g2-transport-seed-batch contract gate verified. Evidence: /var/folders/2c/xh5rx2d91wd_lk8rvnnhlr4m0000gn/T/viborm-raptor3-g0-lf4877

 RUN  v3.1.4 /Users/arnaud/code/viborm

 ✓ |raptor3| tests/raptor3/transport-campaign.test.ts (1 test) 6227ms
   ✓ completes the exact admitted transport seed batch  6227ms

 Test Files  1 passed (1)
      Tests  1 passed (1)
   Start at  20:19:19
   Duration  9.69s (transform 1.99s, setup 11ms, collect 3.02s, tests 6.23s, environment 0ms, prepare 45ms)

JSON report written to /var/folders/2c/xh5rx2d91wd_lk8rvnnhlr4m0000gn/T/viborm-raptor3-g0-fZpq9c/vitest.json
Vitest resources: 13.39s wall, 568.3 MiB peak sampled process-group RSS (sampled ceiling 1536 MiB). Teardown verified.
Raptor 3 g2-transport-seed-batch contract gate verified. Evidence: /var/folders/2c/xh5rx2d91wd_lk8rvnnhlr4m0000gn/T/viborm-raptor3-g0-fZpq9c

 RUN  v3.1.4 /Users/arnaud/code/viborm

 ✓ |raptor3| tests/raptor3/transport-campaign.test.ts (1 test) 3026ms
   ✓ completes the exact admitted transport seed batch  3025ms

 Test Files  1 passed (1)
      Tests  1 passed (1)
   Start at  20:19:34
   Duration  7.26s (transform 2.48s, setup 16ms, collect 3.87s, tests 3.03s, environment 0ms, prepare 84ms)

JSON report written to /var/folders/2c/xh5rx2d91wd_lk8rvnnhlr4m0000gn/T/viborm-raptor3-g0-N253ci/vitest.json
Vitest resources: 12.06s wall, 648.5 MiB peak sampled process-group RSS (sampled ceiling 1536 MiB). Teardown verified.
Raptor 3 g2-transport-seed-batch contract gate verified. Evidence: /var/folders/2c/xh5rx2d91wd_lk8rvnnhlr4m0000gn/T/viborm-raptor3-g0-N253ci

 RUN  v3.1.4 /Users/arnaud/code/viborm

 ✓ |raptor3| tests/raptor3/transport-campaign.test.ts (1 test) 1940ms
   ✓ completes the exact admitted transport seed batch  1939ms

 Test Files  1 passed (1)
      Tests  1 passed (1)
   Start at  20:19:45
   Duration  5.66s (transform 2.33s, setup 14ms, collect 3.49s, tests 1.94s, environment 0ms, prepare 60ms)

JSON report written to /var/folders/2c/xh5rx2d91wd_lk8rvnnhlr4m0000gn/T/viborm-raptor3-g0-QlVid6/vitest.json
Vitest resources: 9.52s wall, 700.4 MiB peak sampled process-group RSS (sampled ceiling 1536 MiB). Teardown verified.
Raptor 3 g2-transport-seed-batch contract gate verified. Evidence: /var/folders/2c/xh5rx2d91wd_lk8rvnnhlr4m0000gn/T/viborm-raptor3-g0-QlVid6

 RUN  v3.1.4 /Users/arnaud/code/viborm

 ✓ |raptor3| tests/raptor3/transport-campaign.test.ts (1 test) 2985ms
   ✓ completes the exact admitted transport seed batch  2984ms

 Test Files  1 passed (1)
      Tests  1 passed (1)
   Start at  20:19:54
   Duration  8.03s (transform 3.29s, setup 12ms, collect 4.83s, tests 2.99s, environment 0ms, prepare 50ms)

JSON report written to /var/folders/2c/xh5rx2d91wd_lk8rvnnhlr4m0000gn/T/viborm-raptor3-g0-r23RcM/vitest.json
Vitest resources: 11.13s wall, 608.5 MiB peak sampled process-group RSS (sampled ceiling 1536 MiB). Teardown verified.
Raptor 3 g2-transport-seed-batch contract gate verified. Evidence: /var/folders/2c/xh5rx2d91wd_lk8rvnnhlr4m0000gn/T/viborm-raptor3-g0-r23RcM

 RUN  v3.1.4 /Users/arnaud/code/viborm

 ✓ |raptor3| tests/raptor3/transport-campaign.test.ts (1 test) 2135ms
   ✓ completes the exact admitted transport seed batch  2134ms

 Test Files  1 passed (1)
      Tests  1 passed (1)
   Start at  20:20:07
   Duration  6.52s (transform 2.61s, setup 18ms, collect 4.08s, tests 2.14s, environment 0ms, prepare 67ms)

JSON report written to /var/folders/2c/xh5rx2d91wd_lk8rvnnhlr4m0000gn/T/viborm-raptor3-g0-zI2AZ6/vitest.json
Vitest resources: 10.80s wall, 681.4 MiB peak sampled process-group RSS (sampled ceiling 1536 MiB). Teardown verified.
Raptor 3 g2-transport-seed-batch contract gate verified. Evidence: /var/folders/2c/xh5rx2d91wd_lk8rvnnhlr4m0000gn/T/viborm-raptor3-g0-zI2AZ6

 RUN  v3.1.4 /Users/arnaud/code/viborm

 ✓ |raptor3| tests/raptor3/transport-campaign.test.ts (1 test) 1538ms
   ✓ completes the exact admitted transport seed batch  1537ms

 Test Files  1 passed (1)
      Tests  1 passed (1)
   Start at  20:20:19
   Duration  4.63s (transform 1.84s, setup 18ms, collect 2.80s, tests 1.54s, environment 0ms, prepare 56ms)

JSON report written to /var/folders/2c/xh5rx2d91wd_lk8rvnnhlr4m0000gn/T/viborm-raptor3-g0-eB01uP/vitest.json
Vitest resources: 9.09s wall, 657.1 MiB peak sampled process-group RSS (sampled ceiling 1536 MiB). Teardown verified.
Raptor 3 g2-transport-seed-batch contract gate verified. Evidence: /var/folders/2c/xh5rx2d91wd_lk8rvnnhlr4m0000gn/T/viborm-raptor3-g0-eB01uP

 RUN  v3.1.4 /Users/arnaud/code/viborm

 ✓ |raptor3| tests/raptor3/transport-campaign.test.ts (1 test) 1228ms
   ✓ completes the exact admitted transport seed batch  1227ms

 Test Files  1 passed (1)
      Tests  1 passed (1)
   Start at  20:20:27
   Duration  3.57s (transform 1.39s, setup 11ms, collect 2.13s, tests 1.23s, environment 0ms, prepare 42ms)

JSON report written to /var/folders/2c/xh5rx2d91wd_lk8rvnnhlr4m0000gn/T/viborm-raptor3-g0-wUbM1k/vitest.json
Vitest resources: 7.03s wall, 683.0 MiB peak sampled process-group RSS (sampled ceiling 1536 MiB). Teardown verified.
Raptor 3 g2-transport-seed-batch contract gate verified. Evidence: /var/folders/2c/xh5rx2d91wd_lk8rvnnhlr4m0000gn/T/viborm-raptor3-g0-wUbM1k

 RUN  v3.1.4 /Users/arnaud/code/viborm

 ✓ |raptor3| tests/raptor3/transport-campaign.test.ts (1 test) 1870ms
   ✓ completes the exact admitted transport seed batch  1869ms

 Test Files  1 passed (1)
      Tests  1 passed (1)
   Start at  20:20:35
   Duration  5.34s (transform 2.09s, setup 15ms, collect 3.22s, tests 1.87s, environment 0ms, prepare 60ms)

JSON report written to /var/folders/2c/xh5rx2d91wd_lk8rvnnhlr4m0000gn/T/viborm-raptor3-g0-rr70QO/vitest.json
Vitest resources: 9.06s wall, 618.4 MiB peak sampled process-group RSS (sampled ceiling 1536 MiB). Teardown verified.
Raptor 3 g2-transport-seed-batch contract gate verified. Evidence: /var/folders/2c/xh5rx2d91wd_lk8rvnnhlr4m0000gn/T/viborm-raptor3-g0-rr70QO

 RUN  v3.1.4 /Users/arnaud/code/viborm

 ✓ |raptor3| tests/raptor3/transport-campaign.test.ts (1 test) 1505ms
   ✓ completes the exact admitted transport seed batch  1504ms

 Test Files  1 passed (1)
      Tests  1 passed (1)
   Start at  20:20:43
   Duration  4.78s (transform 2.00s, setup 18ms, collect 2.99s, tests 1.51s, environment 0ms, prepare 82ms)

JSON report written to /var/folders/2c/xh5rx2d91wd_lk8rvnnhlr4m0000gn/T/viborm-raptor3-g0-lgzJbe/vitest.json
Vitest resources: 7.79s wall, 678.7 MiB peak sampled process-group RSS (sampled ceiling 1536 MiB). Teardown verified.
Raptor 3 g2-transport-seed-batch contract gate verified. Evidence: /var/folders/2c/xh5rx2d91wd_lk8rvnnhlr4m0000gn/T/viborm-raptor3-g0-lgzJbe

 RUN  v3.1.4 /Users/arnaud/code/viborm

 ✓ |raptor3| tests/raptor3/transport-campaign.test.ts (1 test) 1443ms
   ✓ completes the exact admitted transport seed batch  1443ms

 Test Files  1 passed (1)
      Tests  1 passed (1)
   Start at  20:20:51
   Duration  3.98s (transform 1.57s, setup 12ms, collect 2.35s, tests 1.44s, environment 0ms, prepare 39ms)

JSON report written to /var/folders/2c/xh5rx2d91wd_lk8rvnnhlr4m0000gn/T/viborm-raptor3-g0-rPayC3/vitest.json
Vitest resources: 6.51s wall, 698.7 MiB peak sampled process-group RSS (sampled ceiling 1536 MiB). Teardown verified.
Raptor 3 g2-transport-seed-batch contract gate verified. Evidence: /var/folders/2c/xh5rx2d91wd_lk8rvnnhlr4m0000gn/T/viborm-raptor3-g0-rPayC3

 RUN  v3.1.4 /Users/arnaud/code/viborm

 ✓ |raptor3| tests/raptor3/transport-campaign.test.ts (1 test) 1358ms
   ✓ completes the exact admitted transport seed batch  1357ms

 Test Files  1 passed (1)
      Tests  1 passed (1)
   Start at  20:20:58
   Duration  3.76s (transform 1.49s, setup 10ms, collect 2.23s, tests 1.36s, environment 0ms, prepare 34ms)

JSON report written to /var/folders/2c/xh5rx2d91wd_lk8rvnnhlr4m0000gn/T/viborm-raptor3-g0-SmFw9b/vitest.json
Vitest resources: 6.40s wall, 690.5 MiB peak sampled process-group RSS (sampled ceiling 1536 MiB). Teardown verified.
Raptor 3 g2-transport-seed-batch contract gate verified. Evidence: /var/folders/2c/xh5rx2d91wd_lk8rvnnhlr4m0000gn/T/viborm-raptor3-g0-SmFw9b

 RUN  v3.1.4 /Users/arnaud/code/viborm

 ✓ |raptor3| tests/raptor3/transport-campaign.test.ts (1 test) 1467ms
   ✓ completes the exact admitted transport seed batch  1466ms

 Test Files  1 passed (1)
      Tests  1 passed (1)
   Start at  20:21:04
   Duration  3.82s (transform 1.45s, setup 10ms, collect 2.18s, tests 1.47s, environment 0ms, prepare 32ms)

JSON report written to /var/folders/2c/xh5rx2d91wd_lk8rvnnhlr4m0000gn/T/viborm-raptor3-g0-R4snVF/vitest.json
Vitest resources: 6.27s wall, 696.8 MiB peak sampled process-group RSS (sampled ceiling 1536 MiB). Teardown verified.
Raptor 3 g2-transport-seed-batch contract gate verified. Evidence: /var/folders/2c/xh5rx2d91wd_lk8rvnnhlr4m0000gn/T/viborm-raptor3-g0-R4snVF

 RUN  v3.1.4 /Users/arnaud/code/viborm

 ✓ |raptor3| tests/raptor3/transport-campaign.test.ts (1 test) 1266ms
   ✓ completes the exact admitted transport seed batch  1265ms

 Test Files  1 passed (1)
      Tests  1 passed (1)
   Start at  20:21:11
   Duration  3.61s (transform 1.45s, setup 11ms, collect 2.18s, tests 1.27s, environment 0ms, prepare 33ms)

JSON report written to /var/folders/2c/xh5rx2d91wd_lk8rvnnhlr4m0000gn/T/viborm-raptor3-g0-sc8Lhl/vitest.json
Vitest resources: 6.19s wall, 708.1 MiB peak sampled process-group RSS (sampled ceiling 1536 MiB). Teardown verified.
Raptor 3 g2-transport-seed-batch contract gate verified. Evidence: /var/folders/2c/xh5rx2d91wd_lk8rvnnhlr4m0000gn/T/viborm-raptor3-g0-sc8Lhl

 RUN  v3.1.4 /Users/arnaud/code/viborm

 ✓ |raptor3| tests/raptor3/transport-campaign.test.ts (1 test) 1695ms
   ✓ completes the exact admitted transport seed batch  1694ms

 Test Files  1 passed (1)
      Tests  1 passed (1)
   Start at  20:21:17
   Duration  4.10s (transform 1.48s, setup 11ms, collect 2.23s, tests 1.70s, environment 0ms, prepare 31ms)

JSON report written to /var/folders/2c/xh5rx2d91wd_lk8rvnnhlr4m0000gn/T/viborm-raptor3-g0-DTvMeQ/vitest.json
Vitest resources: 6.59s wall, 694.7 MiB peak sampled process-group RSS (sampled ceiling 1536 MiB). Teardown verified.
Raptor 3 g2-transport-seed-batch contract gate verified. Evidence: /var/folders/2c/xh5rx2d91wd_lk8rvnnhlr4m0000gn/T/viborm-raptor3-g0-DTvMeQ

 RUN  v3.1.4 /Users/arnaud/code/viborm

 ✓ |raptor3| tests/raptor3/transport-campaign.test.ts (1 test) 1290ms
   ✓ completes the exact admitted transport seed batch  1289ms

 Test Files  1 passed (1)
      Tests  1 passed (1)
   Start at  20:21:24
   Duration  3.39s (transform 1.28s, setup 11ms, collect 1.93s, tests 1.29s, environment 0ms, prepare 32ms)

JSON report written to /var/folders/2c/xh5rx2d91wd_lk8rvnnhlr4m0000gn/T/viborm-raptor3-g0-KZMO7h/vitest.json
Vitest resources: 5.98s wall, 687.0 MiB peak sampled process-group RSS (sampled ceiling 1536 MiB). Teardown verified.
Raptor 3 g2-transport-seed-batch contract gate verified. Evidence: /var/folders/2c/xh5rx2d91wd_lk8rvnnhlr4m0000gn/T/viborm-raptor3-g0-KZMO7h

 RUN  v3.1.4 /Users/arnaud/code/viborm

 ✓ |raptor3| tests/raptor3/transport-campaign.test.ts (1 test) 1430ms
   ✓ completes the exact admitted transport seed batch  1430ms

 Test Files  1 passed (1)
      Tests  1 passed (1)
   Start at  20:21:30
   Duration  5.23s (transform 2.32s, setup 10ms, collect 3.53s, tests 1.43s, environment 0ms, prepare 36ms)

JSON report written to /var/folders/2c/xh5rx2d91wd_lk8rvnnhlr4m0000gn/T/viborm-raptor3-g0-dzIfux/vitest.json
Vitest resources: 7.59s wall, 688.0 MiB peak sampled process-group RSS (sampled ceiling 1536 MiB). Teardown verified.
Raptor 3 g2-transport-seed-batch contract gate verified. Evidence: /var/folders/2c/xh5rx2d91wd_lk8rvnnhlr4m0000gn/T/viborm-raptor3-g0-dzIfux

 RUN  v3.1.4 /Users/arnaud/code/viborm

 ✓ |raptor3| tests/raptor3/transport-campaign.test.ts (1 test) 1903ms
   ✓ completes the exact admitted transport seed batch  1903ms

 Test Files  1 passed (1)
      Tests  1 passed (1)
   Start at  20:21:39
   Duration  4.70s (transform 1.67s, setup 11ms, collect 2.51s, tests 1.90s, environment 0ms, prepare 37ms)

JSON report written to /var/folders/2c/xh5rx2d91wd_lk8rvnnhlr4m0000gn/T/viborm-raptor3-g0-cRbt3P/vitest.json
Vitest resources: 7.84s wall, 683.7 MiB peak sampled process-group RSS (sampled ceiling 1536 MiB). Teardown verified.
Raptor 3 g2-transport-seed-batch contract gate verified. Evidence: /var/folders/2c/xh5rx2d91wd_lk8rvnnhlr4m0000gn/T/viborm-raptor3-g0-cRbt3P

 RUN  v3.1.4 /Users/arnaud/code/viborm

 ✓ |raptor3| tests/raptor3/transport-campaign.test.ts (1 test) 1668ms
   ✓ completes the exact admitted transport seed batch  1667ms

 Test Files  1 passed (1)
      Tests  1 passed (1)
   Start at  20:21:47
   Duration  4.52s (transform 1.70s, setup 13ms, collect 2.58s, tests 1.67s, environment 0ms, prepare 41ms)

JSON report written to /var/folders/2c/xh5rx2d91wd_lk8rvnnhlr4m0000gn/T/viborm-raptor3-g0-l482IH/vitest.json
Vitest resources: 8.19s wall, 688.3 MiB peak sampled process-group RSS (sampled ceiling 1536 MiB). Teardown verified.
Raptor 3 g2-transport-seed-batch contract gate verified. Evidence: /var/folders/2c/xh5rx2d91wd_lk8rvnnhlr4m0000gn/T/viborm-raptor3-g0-l482IH

 RUN  v3.1.4 /Users/arnaud/code/viborm

 ✓ |raptor3| tests/raptor3/transport-campaign.test.ts (1 test) 2215ms
   ✓ completes the exact admitted transport seed batch  2214ms

 Test Files  1 passed (1)
      Tests  1 passed (1)
   Start at  20:21:55
   Duration  4.87s (transform 1.64s, setup 14ms, collect 2.48s, tests 2.22s, environment 0ms, prepare 34ms)

JSON report written to /var/folders/2c/xh5rx2d91wd_lk8rvnnhlr4m0000gn/T/viborm-raptor3-g0-D6XVsD/vitest.json
Vitest resources: 7.59s wall, 652.4 MiB peak sampled process-group RSS (sampled ceiling 1536 MiB). Teardown verified.
Raptor 3 g2-transport-seed-batch contract gate verified. Evidence: /var/folders/2c/xh5rx2d91wd_lk8rvnnhlr4m0000gn/T/viborm-raptor3-g0-D6XVsD

 RUN  v3.1.4 /Users/arnaud/code/viborm

 ✓ |raptor3| tests/raptor3/transport-campaign.test.ts (1 test) 1596ms
   ✓ completes the exact admitted transport seed batch  1595ms

 Test Files  1 passed (1)
      Tests  1 passed (1)
   Start at  20:22:03
   Duration  4.19s (transform 1.57s, setup 11ms, collect 2.37s, tests 1.60s, environment 0ms, prepare 33ms)

JSON report written to /var/folders/2c/xh5rx2d91wd_lk8rvnnhlr4m0000gn/T/viborm-raptor3-g0-NpY8g3/vitest.json
Vitest resources: 6.85s wall, 706.0 MiB peak sampled process-group RSS (sampled ceiling 1536 MiB). Teardown verified.
Raptor 3 g2-transport-seed-batch contract gate verified. Evidence: /var/folders/2c/xh5rx2d91wd_lk8rvnnhlr4m0000gn/T/viborm-raptor3-g0-NpY8g3

 RUN  v3.1.4 /Users/arnaud/code/viborm

 ✓ |raptor3| tests/raptor3/transport-campaign.test.ts (1 test) 1530ms
   ✓ completes the exact admitted transport seed batch  1529ms

 Test Files  1 passed (1)
      Tests  1 passed (1)
   Start at  20:22:11
   Duration  4.57s (transform 1.80s, setup 14ms, collect 2.73s, tests 1.53s, environment 0ms, prepare 60ms)

JSON report written to /var/folders/2c/xh5rx2d91wd_lk8rvnnhlr4m0000gn/T/viborm-raptor3-g0-dzCauN/vitest.json
Vitest resources: 8.43s wall, 656.7 MiB peak sampled process-group RSS (sampled ceiling 1536 MiB). Teardown verified.
Raptor 3 g2-transport-seed-batch contract gate verified. Evidence: /var/folders/2c/xh5rx2d91wd_lk8rvnnhlr4m0000gn/T/viborm-raptor3-g0-dzCauN

 RUN  v3.1.4 /Users/arnaud/code/viborm

 ✓ |raptor3| tests/raptor3/transport-campaign.test.ts (1 test) 4232ms
   ✓ completes the exact admitted transport seed batch  4230ms

 Test Files  1 passed (1)
      Tests  1 passed (1)
   Start at  20:22:25
   Duration  9.22s (transform 3.01s, setup 41ms, collect 4.47s, tests 4.23s, environment 0ms, prepare 159ms)

JSON report written to /var/folders/2c/xh5rx2d91wd_lk8rvnnhlr4m0000gn/T/viborm-raptor3-g0-AsiM7B/vitest.json
Vitest resources: 18.22s wall, 696.8 MiB peak sampled process-group RSS (sampled ceiling 1536 MiB). Teardown verified.
Raptor 3 g2-transport-seed-batch contract gate verified. Evidence: /var/folders/2c/xh5rx2d91wd_lk8rvnnhlr4m0000gn/T/viborm-raptor3-g0-AsiM7B

 RUN  v3.1.4 /Users/arnaud/code/viborm

 ✓ |raptor3| tests/raptor3/transport-campaign.test.ts (1 test) 2378ms
   ✓ completes the exact admitted transport seed batch  2377ms

 Test Files  1 passed (1)
      Tests  1 passed (1)
   Start at  20:22:42
   Duration  13.72s (transform 6.67s, setup 26ms, collect 10.55s, tests 2.38s, environment 0ms, prepare 225ms)

JSON report written to /var/folders/2c/xh5rx2d91wd_lk8rvnnhlr4m0000gn/T/viborm-raptor3-g0-A59xsV/vitest.json
Vitest resources: 21.70s wall, 609.0 MiB peak sampled process-group RSS (sampled ceiling 1536 MiB). Teardown verified.
Raptor 3 g2-transport-seed-batch contract gate verified. Evidence: /var/folders/2c/xh5rx2d91wd_lk8rvnnhlr4m0000gn/T/viborm-raptor3-g0-A59xsV

 RUN  v3.1.4 /Users/arnaud/code/viborm

 ✓ |raptor3| tests/raptor3/transport-campaign.test.ts (1 test) 1941ms
   ✓ completes the exact admitted transport seed batch  1940ms

 Test Files  1 passed (1)
      Tests  1 passed (1)
   Start at  20:23:01
   Duration  5.01s (transform 1.79s, setup 14ms, collect 2.82s, tests 1.94s, environment 0ms, prepare 53ms)

JSON report written to /var/folders/2c/xh5rx2d91wd_lk8rvnnhlr4m0000gn/T/viborm-raptor3-g0-6bgvW8/vitest.json
Vitest resources: 9.24s wall, 634.8 MiB peak sampled process-group RSS (sampled ceiling 1536 MiB). Teardown verified.
Raptor 3 g2-transport-seed-batch contract gate verified. Evidence: /var/folders/2c/xh5rx2d91wd_lk8rvnnhlr4m0000gn/T/viborm-raptor3-g0-6bgvW8

 RUN  v3.1.4 /Users/arnaud/code/viborm

 ✓ |raptor3| tests/raptor3/transport-campaign.test.ts (1 test) 1248ms
   ✓ completes the exact admitted transport seed batch  1247ms

 Test Files  1 passed (1)
      Tests  1 passed (1)
   Start at  20:23:09
   Duration  3.53s (transform 1.40s, setup 12ms, collect 2.11s, tests 1.25s, environment 0ms, prepare 34ms)

JSON report written to /var/folders/2c/xh5rx2d91wd_lk8rvnnhlr4m0000gn/T/viborm-raptor3-g0-Fe5cZb/vitest.json
Vitest resources: 6.25s wall, 706.3 MiB peak sampled process-group RSS (sampled ceiling 1536 MiB). Teardown verified.
Raptor 3 g2-transport-seed-batch contract gate verified. Evidence: /var/folders/2c/xh5rx2d91wd_lk8rvnnhlr4m0000gn/T/viborm-raptor3-g0-Fe5cZb

 RUN  v3.1.4 /Users/arnaud/code/viborm

 ✓ |raptor3| tests/raptor3/transport-campaign.test.ts (1 test) 1324ms
   ✓ completes the exact admitted transport seed batch  1323ms

 Test Files  1 passed (1)
      Tests  1 passed (1)
   Start at  20:23:16
   Duration  3.60s (transform 1.36s, setup 10ms, collect 2.06s, tests 1.32s, environment 0ms, prepare 34ms)

JSON report written to /var/folders/2c/xh5rx2d91wd_lk8rvnnhlr4m0000gn/T/viborm-raptor3-g0-MZxkga/vitest.json
Vitest resources: 6.27s wall, 690.0 MiB peak sampled process-group RSS (sampled ceiling 1536 MiB). Teardown verified.
Raptor 3 g2-transport-seed-batch contract gate verified. Evidence: /var/folders/2c/xh5rx2d91wd_lk8rvnnhlr4m0000gn/T/viborm-raptor3-g0-MZxkga

 RUN  v3.1.4 /Users/arnaud/code/viborm

 ✓ |raptor3| tests/raptor3/transport-campaign.test.ts (1 test) 1192ms
   ✓ completes the exact admitted transport seed batch  1192ms

 Test Files  1 passed (1)
      Tests  1 passed (1)
   Start at  20:23:21
   Duration  3.56s (transform 1.39s, setup 9ms, collect 2.17s, tests 1.19s, environment 0ms, prepare 26ms)

JSON report written to /var/folders/2c/xh5rx2d91wd_lk8rvnnhlr4m0000gn/T/viborm-raptor3-g0-xrVnHX/vitest.json
Vitest resources: 5.69s wall, 641.5 MiB peak sampled process-group RSS (sampled ceiling 1536 MiB). Teardown verified.
Raptor 3 g2-transport-seed-batch contract gate verified. Evidence: /var/folders/2c/xh5rx2d91wd_lk8rvnnhlr4m0000gn/T/viborm-raptor3-g0-xrVnHX

 RUN  v3.1.4 /Users/arnaud/code/viborm

 ✓ |raptor3| tests/raptor3/transport-campaign.test.ts (1 test) 1234ms
   ✓ completes the exact admitted transport seed batch  1233ms

 Test Files  1 passed (1)
      Tests  1 passed (1)
   Start at  20:23:27
   Duration  3.50s (transform 1.39s, setup 9ms, collect 2.12s, tests 1.23s, environment 0ms, prepare 29ms)

JSON report written to /var/folders/2c/xh5rx2d91wd_lk8rvnnhlr4m0000gn/T/viborm-raptor3-g0-at66RK/vitest.json
Vitest resources: 5.52s wall, 692.7 MiB peak sampled process-group RSS (sampled ceiling 1536 MiB). Teardown verified.
Raptor 3 g2-transport-seed-batch contract gate verified. Evidence: /var/folders/2c/xh5rx2d91wd_lk8rvnnhlr4m0000gn/T/viborm-raptor3-g0-at66RK
Raptor 3 g2-transport-seeds campaign verified (not the full milestone). Evidence: /var/folders/2c/xh5rx2d91wd_lk8rvnnhlr4m0000gn/T/viborm-raptor3-g2-transport-seeds-RwFhtP
