
[test:all] raptor3-provider: tests/raptor3/expanded/produced-commands.test.ts

 RUN  v3.1.4 /Users/arnaud/code/viborm

 ✓ |raptor3-provider| tests/raptor3/expanded/produced-commands.test.ts (3 tests) 1138ms

 Test Files  1 passed (1)
      Tests  3 passed (3)
   Start at  21:18:16
   Duration  2.82s (transform 1.01s, setup 11ms, collect 1.50s, tests 1.14s, environment 0ms, prepare 37ms)

[test:all] raptor3-provider: tests/raptor3/expanded/produced-commands.test.ts: 5.02s wall, 1345.6 MiB peak sampled process-group RSS (sampled ceiling 2560 MiB, isolated live-PGlite provider). Teardown verified.

[test:all] raptor3-provider: tests/raptor3/expanded/batch-produced-commands.test.ts

 RUN  v3.1.4 /Users/arnaud/code/viborm

 ✓ |raptor3-provider| tests/raptor3/expanded/batch-produced-commands.test.ts (2 tests) 736ms

 Test Files  1 passed (1)
      Tests  2 passed (2)
   Start at  21:18:20
   Duration  2.33s (transform 943ms, setup 9ms, collect 1.45s, tests 736ms, environment 0ms, prepare 28ms)

[test:all] raptor3-provider: tests/raptor3/expanded/batch-produced-commands.test.ts: 4.35s wall, 1422.6 MiB peak sampled process-group RSS (sampled ceiling 2560 MiB, isolated live-PGlite provider). Teardown verified.

[test:all] raptor3-provider: tests/raptor3/post-prep/g29-result-progress-pglite.test.ts

 RUN  v3.1.4 /Users/arnaud/code/viborm

 ✓ |raptor3-provider| tests/raptor3/post-prep/g29-result-progress-pglite.test.ts (1 test) 659ms
   ✓ G2.9 generated-result progress [commands] > preserves malformed generated-id translation on the statement the fold uses  658ms

 Test Files  1 passed (1)
      Tests  1 passed (1)
   Start at  21:18:25
   Duration  2.23s (transform 870ms, setup 10ms, collect 1.31s, tests 659ms, environment 0ms, prepare 24ms)

[test:all] raptor3-provider: tests/raptor3/post-prep/g29-result-progress-pglite.test.ts: 4.29s wall, 1452.8 MiB peak sampled process-group RSS (sampled ceiling 2560 MiB, isolated live-PGlite provider). Teardown verified.

[test:all] raptor3-provider: tests/raptor3/expanded/produced-legacy.test.ts

 RUN  v3.1.4 /Users/arnaud/code/viborm

 ✓ |raptor3-provider| tests/raptor3/expanded/produced-legacy.test.ts (3 tests) 755ms

 Test Files  1 passed (1)
      Tests  3 passed (3)
   Start at  21:18:29
   Duration  2.26s (transform 894ms, setup 9ms, collect 1.37s, tests 755ms, environment 0ms, prepare 26ms)

[test:all] raptor3-provider: tests/raptor3/expanded/produced-legacy.test.ts: 4.34s wall, 1452.0 MiB peak sampled process-group RSS (sampled ceiling 2560 MiB, isolated live-PGlite provider). Teardown verified.

[test:all] raptor3-provider: tests/raptor3/expanded/batch-produced-legacy.test.ts

 RUN  v3.1.4 /Users/arnaud/code/viborm

 ✓ |raptor3-provider| tests/raptor3/expanded/batch-produced-legacy.test.ts (2 tests) 711ms

 Test Files  1 passed (1)
      Tests  2 passed (2)
   Start at  21:18:33
   Duration  2.40s (transform 962ms, setup 10ms, collect 1.48s, tests 711ms, environment 0ms, prepare 27ms)

[test:all] raptor3-provider: tests/raptor3/expanded/batch-produced-legacy.test.ts: 4.50s wall, 1440.3 MiB peak sampled process-group RSS (sampled ceiling 2560 MiB, isolated live-PGlite provider). Teardown verified.
EXIT=0
