
[test:all] Raptor 3 fixed contracts, harness falsifiers and candidate comparison

 RUN  v3.1.4 /Users/arnaud/code/viborm

 ✓ |raptor3| tests/raptor3/post-prep/g29-member-dependency.test.ts (14 tests) 87ms
 ✓ |raptor3| tests/raptor3/core-structure/member-scope.contract.test.ts (8 tests) 33ms
 ✓ |raptor3| tests/raptor3/g3/author-execution-regressions.test.ts (3 tests) 19ms
 ✓ |raptor3| tests/raptor3/core-structure/structural-reference.test.ts (10 tests) 28ms
 ✓ |raptor3| tests/raptor3/prep/recursive-read-fit.test.ts (6 tests) 15ms
 ✓ |raptor3| tests/raptor3/prep/suppression-replay.test.ts (5 tests) 43ms
 ✓ |raptor3| tests/raptor3/post-prep/g29-dependency-choices.test.ts (10 tests) 48ms
 ✓ |raptor3| tests/raptor3/gate.test.ts (8 tests) 206ms
 ✓ |raptor3| tests/raptor3/prep/selector-dependencies.test.ts (11 tests) 62ms
 ✓ |raptor3| tests/raptor3/prep/g3p04-review-regressions.test.ts (5 tests) 17ms
 ✓ |raptor3| tests/raptor3/prep/set-preparation.test.ts (6 tests) 8ms
 ✓ |raptor3| tests/raptor3/core-structure/repeated-occurrence-ownership.test.ts (5 tests) 5ms
 ✓ |raptor3| tests/raptor3/prep/variant-collection-order.test.ts (4 tests) 36ms
 ✓ |raptor3| tests/raptor3/post-prep/g29-dependency-boundaries.test.ts (4 tests) 15ms
 ✓ |raptor3| tests/raptor3/ownership/commands.test.ts (6 tests) 5ms
 ✓ |raptor3| tests/raptor3/post-prep/projection-preparation.test.ts (4 tests) 7ms
 ✓ |raptor3| tests/raptor3/transport.test.ts (44 tests) 554ms
 ✓ |raptor3| tests/raptor3/post-prep/selector-preparation.test.ts (4 tests) 6ms
 ✓ |raptor3| tests/raptor3/g3/scope-failure-contract.test.ts (2 tests) 10ms
 ✓ |raptor3| tests/raptor3/core-structure/extension-a.contract.test.ts (6 tests) 19ms
 ✓ |raptor3| tests/raptor3/g3/transaction-array-contract.test.ts (4 tests) 10ms
 ✓ |raptor3| tests/raptor3/post-prep/history-analysis.test.ts (5 tests) 3ms
 ✓ |raptor3| tests/raptor3/g3/review-execution-boundaries.test.ts (6 tests) 18ms
 ✓ |raptor3| tests/raptor3/core-structure/extension-composition.contract.test.ts (4 tests) 16ms
 ✓ |raptor3| tests/raptor3/post-prep/g29-result-progress.test.ts (2 tests) 4ms
 ✓ |raptor3| tests/raptor3/g3/bulk-series-contract.test.ts (6 tests) 12ms
 ✓ |raptor3| tests/raptor3/g3/bulk-result-boundary.test.ts (5 tests) 10ms
 ✓ |raptor3| tests/raptor3/g3/suppression-retry-contract.test.ts (2 tests) 13ms
 ✓ |raptor3| tests/raptor3/g3/generation/generated-smoke.test.ts (6 tests) 136ms
 ✓ |raptor3| tests/raptor3/g3/depth-recurrence-contract.test.ts (6 tests) 22ms
 ✓ |raptor3| tests/raptor3/core-structure/measurement/extension-recipes.selftest.test.ts (5 tests) 19ms
 ✓ |raptor3| tests/raptor3/core-structure/extension-b.contract.test.ts (4 tests) 9ms
 ✓ |raptor3| tests/raptor3/polish/commands.test.ts (6 tests) 35ms
 ✓ |raptor3| tests/raptor3/post-prep/clearability-consumption.test.ts (4 tests) 16ms
 ✓ |raptor3| tests/raptor3/candidate-handoff.test.ts (6 tests) 8ms
 ✓ |raptor3| tests/raptor3/cleanup-failure.test.ts (2 tests) 26ms
 ✓ |raptor3| tests/raptor3/g3/generation/generated-transport-smoke.test.ts (1 test) 87ms
 ❯ |raptor3| tests/raptor3/candidate.test.ts (48 tests | 8 failed) 333ms
   ✓ Raptor 3 G1-01: commands > sqlite-interactive > s1-parent-found 9ms
   ✓ Raptor 3 G1-01: commands > sqlite-interactive > s1-parent-missing 9ms
   ✓ Raptor 3 G1-01: commands > sqlite-interactive > s1-parent-rollback 8ms
   ✓ Raptor 3 G1-01: commands > sqlite-interactive > s1-child-found 6ms
   ✓ Raptor 3 G1-01: commands > sqlite-interactive > s1-child-missing 6ms
   ✓ Raptor 3 G1-01: commands > sqlite-interactive > s1-child-rollback 11ms
   × Raptor 3 G1-01: commands > sqlite-interactive > s2-distinct-defaults 4ms
     → Expected values to be strictly deep-equal:
+ actual - expected
... Skipped lines

  [
    {
      name: 'ticket.id',
      value: 'ticket-1'
    },
...
    },
-   {
-     name: 'ticket.id',
-     value: 'ticket-4'
-   },
-   {
-     name: 'ticket.id',
-     value: 'ticket-5'
-   }
  ]

   × Raptor 3 G1-01: commands > sqlite-interactive > s2-changed-dependency 4ms
     → Expected values to be strictly deep-equal:
+ actual - expected
... Skipped lines

  [
    {
      name: 'target.id',
      value: 1
    },
...
      name: 'target.id',
-     value: 1
-   },
-   {
-     name: 'target.id',
      value: 2
    }
  ]

   ✓ Raptor 3 G1-01: commands > sqlite-interactive > s3-grouped 2ms
   ✓ Raptor 3 G1-01: commands > sqlite-interactive > s3-empty 1ms
   ✓ Raptor 3 G1-01: commands > sqlite-interactive > s4-parent-pages 3ms
   ✓ Raptor 3 G1-01: commands > sqlite-interactive > s4-shared-occurrences 3ms
   ✓ Raptor 3 G1-01: commands > sqlite-atomic-batch > s1-parent-found 5ms
   ✓ Raptor 3 G1-01: commands > sqlite-atomic-batch > s1-parent-missing 5ms
   ✓ Raptor 3 G1-01: commands > sqlite-atomic-batch > s1-parent-rollback 6ms
   ✓ Raptor 3 G1-01: commands > sqlite-atomic-batch > s1-child-found 6ms
   ✓ Raptor 3 G1-01: commands > sqlite-atomic-batch > s1-child-missing 6ms
   ✓ Raptor 3 G1-01: commands > sqlite-atomic-batch > s1-child-rollback 13ms
   × Raptor 3 G1-01: commands > sqlite-atomic-batch > s2-distinct-defaults 3ms
     → Expected values to be strictly deep-equal:
+ actual - expected
... Skipped lines

  [
    {
      name: 'ticket.id',
      value: 'ticket-1'
    },
...
    },
-   {
-     name: 'ticket.id',
-     value: 'ticket-4'
-   },
-   {
-     name: 'ticket.id',
-     value: 'ticket-5'
-   }
  ]

   × Raptor 3 G1-01: commands > sqlite-atomic-batch > s2-changed-dependency 3ms
     → Expected values to be strictly deep-equal:
+ actual - expected
... Skipped lines

  [
    {
      name: 'target.id',
      value: 1
    },
...
      name: 'target.id',
-     value: 1
-   },
-   {
-     name: 'target.id',
      value: 2
    }
  ]

   ✓ Raptor 3 G1-01: commands > sqlite-atomic-batch > s3-grouped 2ms
   ✓ Raptor 3 G1-01: commands > sqlite-atomic-batch > s3-empty 1ms
   ✓ Raptor 3 G1-01: commands > sqlite-atomic-batch > s4-parent-pages 2ms
   ✓ Raptor 3 G1-01: commands > sqlite-atomic-batch > s4-shared-occurrences 2ms
   ✓ Raptor 3 G1-01: program > sqlite-interactive > s1-parent-found 6ms
   ✓ Raptor 3 G1-01: program > sqlite-interactive > s1-parent-missing 6ms
   ✓ Raptor 3 G1-01: program > sqlite-interactive > s1-parent-rollback 8ms
   ✓ Raptor 3 G1-01: program > sqlite-interactive > s1-child-found 13ms
   ✓ Raptor 3 G1-01: program > sqlite-interactive > s1-child-missing 13ms
   ✓ Raptor 3 G1-01: program > sqlite-interactive > s1-child-rollback 9ms
   × Raptor 3 G1-01: program > sqlite-interactive > s2-distinct-defaults 6ms
     → Expected values to be strictly deep-equal:
+ actual - expected
... Skipped lines

  [
    {
      name: 'ticket.id',
      value: 'ticket-1'
    },
...
    },
-   {
-     name: 'ticket.id',
-     value: 'ticket-4'
-   },
-   {
-     name: 'ticket.id',
-     value: 'ticket-5'
-   }
  ]

   × Raptor 3 G1-01: program > sqlite-interactive > s2-changed-dependency 4ms
     → Expected values to be strictly deep-equal:
+ actual - expected
... Skipped lines

  [
    {
      name: 'target.id',
      value: 1
    },
...
      name: 'target.id',
-     value: 1
-   },
-   {
-     name: 'target.id',
      value: 2
    }
  ]

   ✓ Raptor 3 G1-01: program > sqlite-interactive > s3-grouped 11ms
   ✓ Raptor 3 G1-01: program > sqlite-interactive > s3-empty 40ms
   ✓ Raptor 3 G1-01: program > sqlite-interactive > s4-parent-pages 4ms
   ✓ Raptor 3 G1-01: program > sqlite-interactive > s4-shared-occurrences 4ms
   ✓ Raptor 3 G1-01: program > sqlite-atomic-batch > s1-parent-found 11ms
   ✓ Raptor 3 G1-01: program > sqlite-atomic-batch > s1-parent-missing 7ms
   ✓ Raptor 3 G1-01: program > sqlite-atomic-batch > s1-parent-rollback 26ms
   ✓ Raptor 3 G1-01: program > sqlite-atomic-batch > s1-child-found 10ms
   ✓ Raptor 3 G1-01: program > sqlite-atomic-batch > s1-child-missing 7ms
   ✓ Raptor 3 G1-01: program > sqlite-atomic-batch > s1-child-rollback 7ms
   × Raptor 3 G1-01: program > sqlite-atomic-batch > s2-distinct-defaults 2ms
     → Expected values to be strictly deep-equal:
+ actual - expected
... Skipped lines

  [
    {
      name: 'ticket.id',
      value: 'ticket-1'
    },
...
    },
-   {
-     name: 'ticket.id',
-     value: 'ticket-4'
-   },
-   {
-     name: 'ticket.id',
-     value: 'ticket-5'
-   }
  ]

   × Raptor 3 G1-01: program > sqlite-atomic-batch > s2-changed-dependency 2ms
     → Expected values to be strictly deep-equal:
+ actual - expected
... Skipped lines

  [
    {
      name: 'target.id',
      value: 1
    },
...
      name: 'target.id',
-     value: 1
-   },
-   {
-     name: 'target.id',
      value: 2
    }
  ]

   ✓ Raptor 3 G1-01: program > sqlite-atomic-batch > s3-grouped 3ms
   ✓ Raptor 3 G1-01: program > sqlite-atomic-batch > s3-empty 1ms
   ✓ Raptor 3 G1-01: program > sqlite-atomic-batch > s4-parent-pages 3ms
   ✓ Raptor 3 G1-01: program > sqlite-atomic-batch > s4-shared-occurrences 8ms
 ✓ |raptor3| tests/raptor3/generated-gate.test.ts (3 tests) 35ms
 ✓ |raptor3| tests/raptor3/candidate-pagination.test.ts (8 tests) 7ms
 ✓ |raptor3| tests/raptor3/post-prep/schema-view-reuse.test.ts (1 test) 1ms
 ❯ |raptor3| tests/raptor3/expanded/lifetime-commands.test.ts (16 tests | 2 failed) 30ms
   ✓ G1 legality and engine lifetimes: commands sqlite-interactive > g1-upsert-illegal-update-selected 4ms
   ✓ G1 legality and engine lifetimes: commands sqlite-interactive > g1-upsert-illegal-update-untaken 2ms
   ✓ G1 legality and engine lifetimes: commands sqlite-interactive > g1-upsert-invalid-create-untaken 1ms
   ✓ G1 legality and engine lifetimes: commands sqlite-interactive > g1-upsert-invalid-update-untaken 1ms
   ✓ G1 legality and engine lifetimes: commands sqlite-interactive > g1-upsert-invalid-nested-update-untaken 1ms
   × G1 legality and engine lifetimes: commands sqlite-interactive > g1-upsert-nested-admission-publication 1ms
     → Expected values to be strictly deep-equal:
+ actual - expected

  [
    {
      name: 'author.name.transform',
      value: 'Changed-1'
    },
-   {
-     name: 'author.name.transform',
-     value: 'Changed-2'
-   }
  ]

   ✓ G1 legality and engine lifetimes: commands sqlite-interactive > g1-reuse-after-rollback 5ms
   ✓ G1 legality and engine lifetimes: commands sqlite-interactive > g1-concurrent-queued-creates 2ms
   ✓ G1 legality and engine lifetimes: commands sqlite-atomic-batch > g1-upsert-illegal-update-selected 1ms
   ✓ G1 legality and engine lifetimes: commands sqlite-atomic-batch > g1-upsert-illegal-update-untaken 2ms
   ✓ G1 legality and engine lifetimes: commands sqlite-atomic-batch > g1-upsert-invalid-create-untaken 1ms
   ✓ G1 legality and engine lifetimes: commands sqlite-atomic-batch > g1-upsert-invalid-update-untaken 1ms
   ✓ G1 legality and engine lifetimes: commands sqlite-atomic-batch > g1-upsert-invalid-nested-update-untaken 1ms
   × G1 legality and engine lifetimes: commands sqlite-atomic-batch > g1-upsert-nested-admission-publication 1ms
     → Expected values to be strictly deep-equal:
+ actual - expected

  [
    {
      name: 'author.name.transform',
      value: 'Changed-1'
    },
-   {
-     name: 'author.name.transform',
-     value: 'Changed-2'
-   }
  ]

   ✓ G1 legality and engine lifetimes: commands sqlite-atomic-batch > g1-reuse-after-rollback 4ms
   ✓ G1 legality and engine lifetimes: commands sqlite-atomic-batch > g1-concurrent-queued-creates 2ms
 ❯ |raptor3| tests/raptor3/candidate-ordering.test.ts (4 tests | 4 failed) 23ms
   × Raptor 3 relation key order: commands > sqlite-interactive 9ms
     → Expected values to be strictly deep-equal:
+ actual - expected
... Skipped lines

  [
    {
      name: 'target.id',
      value: 1
    },
...
      name: 'target.id',
-     value: 1
-   },
-   {
-     name: 'target.id',
      value: 2
    }
  ]

   × Raptor 3 relation key order: commands > sqlite-atomic-batch 4ms
     → Expected values to be strictly deep-equal:
+ actual - expected
... Skipped lines

  [
    {
      name: 'target.id',
      value: 1
    },
...
      name: 'target.id',
-     value: 1
-   },
-   {
-     name: 'target.id',
      value: 2
    }
  ]

   × Raptor 3 relation key order: program > sqlite-interactive 5ms
     → Expected values to be strictly deep-equal:
+ actual - expected
... Skipped lines

  [
    {
      name: 'target.id',
      value: 1
    },
...
      name: 'target.id',
-     value: 1
-   },
-   {
-     name: 'target.id',
      value: 2
    }
  ]

   × Raptor 3 relation key order: program > sqlite-atomic-batch 4ms
     → Expected values to be strictly deep-equal:
+ actual - expected
... Skipped lines

  [
    {
      name: 'target.id',
      value: 1
    },
...
      name: 'target.id',
-     value: 1
-   },
-   {
-     name: 'target.id',
      value: 2
    }
  ]

 ✓ |raptor3| tests/raptor3/core-structure/measurement/extension-campaign.selftest.test.ts (42 tests) 298ms
 ✓ |raptor3| tests/raptor3/transitions/conditional-upsert-commands.test.ts (11 tests) 71ms
 ✓ |raptor3| tests/raptor3/transitions/singular-lattice-commands.test.ts (58 tests) 193ms
 ✓ |raptor3| tests/raptor3/transitions/shared-key-suppliers-commands.test.ts (4 tests) 28ms
 ✓ |raptor3| tests/raptor3/transitions/junction-identity-commands.test.ts (2 tests) 22ms
 ✓ |raptor3| tests/raptor3/transitions/series-staleness-commands.test.ts (4 tests) 43ms
 ✓ |raptor3| tests/raptor3/transitions/mixed-key-transitions-commands.test.ts (8 tests) 60ms
 ✓ |raptor3| tests/raptor3/transitions/supplier-continuations-commands.test.ts (10 tests) 65ms
 ✓ |raptor3| tests/raptor3/transitions/membership-own-write-commands.test.ts (8 tests) 39ms
 ✓ |raptor3| tests/raptor3/transitions/staleness-commands.test.ts (3 tests) 25ms
 ✓ |raptor3| tests/raptor3/transitions/singular-commands.test.ts (20 tests) 91ms
 ✓ |raptor3| tests/raptor3/transitions/junctions-commands.test.ts (26 tests) 180ms
 ✓ |raptor3| tests/raptor3/transitions/variant-removals-commands.test.ts (14 tests) 74ms
 ✓ |raptor3| tests/raptor3/transitions/occupied-keys-commands.test.ts (8 tests) 69ms
 ✓ |raptor3| tests/raptor3/transitions/required-commands.test.ts (8 tests) 36ms
 ✓ |raptor3| tests/raptor3/transitions/keys-commands.test.ts (14 tests) 77ms
 ✓ |raptor3| tests/raptor3/transitions/own-write-commands.test.ts (18 tests) 79ms
 ✓ |raptor3| tests/raptor3/expanded/compound-falsifier.test.ts (1 test) 1ms
 ✓ |raptor3| tests/raptor3/expanded/commands.test.ts (82 tests) 140ms
 ✓ |raptor3| tests/raptor3/expanded/variant-identity-commands.test.ts (42 tests) 94ms
 ❯ |raptor3| tests/raptor3/fixed.test.ts (24 tests | 4 failed) 34ms
   ✓ Raptor 3 G0 fixed contracts: sqlite-interactive > s1-parent-found 4ms
   ✓ Raptor 3 G0 fixed contracts: sqlite-interactive > s1-parent-missing 2ms
   ✓ Raptor 3 G0 fixed contracts: sqlite-interactive > s1-parent-rollback 2ms
   ✓ Raptor 3 G0 fixed contracts: sqlite-interactive > s1-child-found 2ms
   ✓ Raptor 3 G0 fixed contracts: sqlite-interactive > s1-child-missing 2ms
   ✓ Raptor 3 G0 fixed contracts: sqlite-interactive > s1-child-rollback 2ms
   × Raptor 3 G0 fixed contracts: sqlite-interactive > s2-distinct-defaults 2ms
     → Expected values to be strictly deep-equal:
+ actual - expected
... Skipped lines

  [
    {
      name: 'ticket.id',
      value: 'ticket-1'
    },
...
    },
-   {
-     name: 'ticket.id',
-     value: 'ticket-4'
-   },
-   {
-     name: 'ticket.id',
-     value: 'ticket-5'
-   }
  ]

   × Raptor 3 G0 fixed contracts: sqlite-interactive > s2-changed-dependency 2ms
     → Expected values to be strictly deep-equal:
+ actual - expected
... Skipped lines

  [
    {
      name: 'target.id',
      value: 1
    },
...
      name: 'target.id',
-     value: 1
-   },
-   {
-     name: 'target.id',
      value: 2
    }
  ]

   ✓ Raptor 3 G0 fixed contracts: sqlite-interactive > s3-grouped 1ms
   ✓ Raptor 3 G0 fixed contracts: sqlite-interactive > s3-empty 0ms
   ✓ Raptor 3 G0 fixed contracts: sqlite-interactive > s4-parent-pages 1ms
   ✓ Raptor 3 G0 fixed contracts: sqlite-interactive > s4-shared-occurrences 1ms
   ✓ Raptor 3 G0 fixed contracts: sqlite-atomic-batch > s1-parent-found 1ms
   ✓ Raptor 3 G0 fixed contracts: sqlite-atomic-batch > s1-parent-missing 2ms
   ✓ Raptor 3 G0 fixed contracts: sqlite-atomic-batch > s1-parent-rollback 2ms
   ✓ Raptor 3 G0 fixed contracts: sqlite-atomic-batch > s1-child-found 1ms
   ✓ Raptor 3 G0 fixed contracts: sqlite-atomic-batch > s1-child-missing 2ms
   ✓ Raptor 3 G0 fixed contracts: sqlite-atomic-batch > s1-child-rollback 2ms
   × Raptor 3 G0 fixed contracts: sqlite-atomic-batch > s2-distinct-defaults 1ms
     → Expected values to be strictly deep-equal:
+ actual - expected
... Skipped lines

  [
    {
      name: 'ticket.id',
      value: 'ticket-1'
    },
...
    },
-   {
-     name: 'ticket.id',
-     value: 'ticket-4'
-   },
-   {
-     name: 'ticket.id',
-     value: 'ticket-5'
-   }
  ]

   × Raptor 3 G0 fixed contracts: sqlite-atomic-batch > s2-changed-dependency 2ms
     → Expected values to be strictly deep-equal:
+ actual - expected
... Skipped lines

  [
    {
      name: 'target.id',
      value: 1
    },
...
      name: 'target.id',
-     value: 1
-   },
-   {
-     name: 'target.id',
      value: 2
    }
  ]

   ✓ Raptor 3 G0 fixed contracts: sqlite-atomic-batch > s3-grouped 0ms
   ✓ Raptor 3 G0 fixed contracts: sqlite-atomic-batch > s3-empty 0ms
   ✓ Raptor 3 G0 fixed contracts: sqlite-atomic-batch > s4-parent-pages 1ms
   ✓ Raptor 3 G0 fixed contracts: sqlite-atomic-batch > s4-shared-occurrences 1ms
 ✓ |raptor3| tests/raptor3/generated-smoke.test.ts (32 tests) 163ms

⎯⎯⎯⎯⎯⎯ Failed Tests 18 ⎯⎯⎯⎯⎯⎯⎯

 FAIL  |raptor3| tests/raptor3/candidate-ordering.test.ts > Raptor 3 relation key order: commands > sqlite-interactive
 FAIL  |raptor3| tests/raptor3/candidate-ordering.test.ts > Raptor 3 relation key order: commands > sqlite-atomic-batch
 FAIL  |raptor3| tests/raptor3/candidate-ordering.test.ts > Raptor 3 relation key order: program > sqlite-interactive
 FAIL  |raptor3| tests/raptor3/candidate-ordering.test.ts > Raptor 3 relation key order: program > sqlite-atomic-batch
AssertionError: Expected values to be strictly deep-equal:
+ actual - expected
... Skipped lines

  [
    {
      name: 'target.id',
      value: 1
    },
...
      name: 'target.id',
-     value: 1
-   },
-   {
-     name: 'target.id',
      value: 2
    }
  ]


[32m- Expected[39m
[31m+ Received[39m

[33m@@ -7,12 +7,8 @@[39m
[2m      "name": "target.id",[22m
[2m      "value": 1,[22m
[2m    },[22m
[2m    {[22m
[2m      "name": "target.id",[22m
[32m-     "value": 1,[39m
[32m-   },[39m
[32m-   {[39m
[32m-     "name": "target.id",[39m
[2m      "value": 2,[22m
[2m    },[22m
[2m  ][22m

 ❯ Object.assert tests/raptor3/scenarios/contracts/instances.ts:362:16
    360|           "Nested operation 'set' on relation 'targets' depends on an …
    361|         );
    362|         assert.deepEqual(observation.defaults, [
       |                ^
    363|           { name: "target.id", value: 1 },
    364|           { name: "target.id", value: 1 },
 ❯ Object.assert tests/raptor3/harness/sqlite-world.ts:421:19
 ❯ verifyG0Pair tests/raptor3/harness/replay.ts:249:20
 ❯ tests/raptor3/candidate-ordering.test.ts:61:7

⎯⎯⎯⎯⎯⎯⎯⎯⎯⎯⎯⎯⎯⎯⎯⎯⎯⎯⎯⎯⎯⎯⎯[1/18]⎯

 FAIL  |raptor3| tests/raptor3/candidate.test.ts > Raptor 3 G1-01: commands > sqlite-interactive > s2-distinct-defaults
 FAIL  |raptor3| tests/raptor3/candidate.test.ts > Raptor 3 G1-01: commands > sqlite-atomic-batch > s2-distinct-defaults
 FAIL  |raptor3| tests/raptor3/candidate.test.ts > Raptor 3 G1-01: program > sqlite-interactive > s2-distinct-defaults
 FAIL  |raptor3| tests/raptor3/candidate.test.ts > Raptor 3 G1-01: program > sqlite-atomic-batch > s2-distinct-defaults
AssertionError: Expected values to be strictly deep-equal:
+ actual - expected
... Skipped lines

  [
    {
      name: 'ticket.id',
      value: 'ticket-1'
    },
...
    },
-   {
-     name: 'ticket.id',
-     value: 'ticket-4'
-   },
-   {
-     name: 'ticket.id',
-     value: 'ticket-5'
-   }
  ]


[32m- Expected[39m
[31m+ Received[39m

[33m@@ -9,14 +9,6 @@[39m
[2m    },[22m
[2m    {[22m
[2m      "name": "ticket.id",[22m
[2m      "value": "ticket-3",[22m
[2m    },[22m
[32m-   {[39m
[32m-     "name": "ticket.id",[39m
[32m-     "value": "ticket-4",[39m
[32m-   },[39m
[32m-   {[39m
[32m-     "name": "ticket.id",[39m
[32m-     "value": "ticket-5",[39m
[32m-   },[39m
[2m  ][22m

 ❯ Object.assert tests/raptor3/scenarios/contracts/instances.ts:182:16
    180|         // The envelope and each captured occurrence admit once in Rap…
    181|         // Keep the old duplicate relation evaluations visible in its …
    182|         assert.deepEqual(observation.defaults, [
       |                ^
    183|           { name: "ticket.id", value: "ticket-1" },
    184|           { name: "ticket.id", value: "ticket-2" },
 ❯ Object.assert tests/raptor3/harness/sqlite-world.ts:421:19
 ❯ verifyInstanceAdmissionPair tests/raptor3/scenarios/contracts/instances.ts:64:20
 ❯ tests/raptor3/candidate.test.ts:71:13

⎯⎯⎯⎯⎯⎯⎯⎯⎯⎯⎯⎯⎯⎯⎯⎯⎯⎯⎯⎯⎯⎯⎯[2/18]⎯

 FAIL  |raptor3| tests/raptor3/candidate.test.ts > Raptor 3 G1-01: commands > sqlite-interactive > s2-changed-dependency
 FAIL  |raptor3| tests/raptor3/candidate.test.ts > Raptor 3 G1-01: commands > sqlite-atomic-batch > s2-changed-dependency
 FAIL  |raptor3| tests/raptor3/candidate.test.ts > Raptor 3 G1-01: program > sqlite-interactive > s2-changed-dependency
 FAIL  |raptor3| tests/raptor3/candidate.test.ts > Raptor 3 G1-01: program > sqlite-atomic-batch > s2-changed-dependency
AssertionError: Expected values to be strictly deep-equal:
+ actual - expected
... Skipped lines

  [
    {
      name: 'target.id',
      value: 1
    },
...
      name: 'target.id',
-     value: 1
-   },
-   {
-     name: 'target.id',
      value: 2
    }
  ]


[32m- Expected[39m
[31m+ Received[39m

[33m@@ -7,12 +7,8 @@[39m
[2m      "name": "target.id",[22m
[2m      "value": 1,[22m
[2m    },[22m
[2m    {[22m
[2m      "name": "target.id",[22m
[32m-     "value": 1,[39m
[32m-   },[39m
[32m-   {[39m
[32m-     "name": "target.id",[39m
[2m      "value": 2,[22m
[2m    },[22m
[2m  ][22m

 ❯ Object.assert tests/raptor3/scenarios/contracts/instances.ts:362:16
    360|           "Nested operation 'set' on relation 'targets' depends on an …
    361|         );
    362|         assert.deepEqual(observation.defaults, [
       |                ^
    363|           { name: "target.id", value: 1 },
    364|           { name: "target.id", value: 1 },
 ❯ Object.assert tests/raptor3/harness/sqlite-world.ts:421:19
 ❯ verifyInstanceAdmissionPair tests/raptor3/scenarios/contracts/instances.ts:64:20
 ❯ tests/raptor3/candidate.test.ts:71:13

⎯⎯⎯⎯⎯⎯⎯⎯⎯⎯⎯⎯⎯⎯⎯⎯⎯⎯⎯⎯⎯⎯⎯[3/18]⎯

 FAIL  |raptor3| tests/raptor3/fixed.test.ts > Raptor 3 G0 fixed contracts: sqlite-interactive > s2-distinct-defaults
 FAIL  |raptor3| tests/raptor3/fixed.test.ts > Raptor 3 G0 fixed contracts: sqlite-atomic-batch > s2-distinct-defaults
AssertionError: Expected values to be strictly deep-equal:
+ actual - expected
... Skipped lines

  [
    {
      name: 'ticket.id',
      value: 'ticket-1'
    },
...
    },
-   {
-     name: 'ticket.id',
-     value: 'ticket-4'
-   },
-   {
-     name: 'ticket.id',
-     value: 'ticket-5'
-   }
  ]


[32m- Expected[39m
[31m+ Received[39m

[33m@@ -9,14 +9,6 @@[39m
[2m    },[22m
[2m    {[22m
[2m      "name": "ticket.id",[22m
[2m      "value": "ticket-3",[22m
[2m    },[22m
[32m-   {[39m
[32m-     "name": "ticket.id",[39m
[32m-     "value": "ticket-4",[39m
[32m-   },[39m
[32m-   {[39m
[32m-     "name": "ticket.id",[39m
[32m-     "value": "ticket-5",[39m
[32m-   },[39m
[2m  ][22m

 ❯ Object.assert tests/raptor3/scenarios/contracts/instances.ts:182:16
    180|         // The envelope and each captured occurrence admit once in Rap…
    181|         // Keep the old duplicate relation evaluations visible in its …
    182|         assert.deepEqual(observation.defaults, [
       |                ^
    183|           { name: "ticket.id", value: "ticket-1" },
    184|           { name: "ticket.id", value: "ticket-2" },
 ❯ Object.assert tests/raptor3/harness/sqlite-world.ts:421:19
 ❯ tests/raptor3/fixed.test.ts:10:21

⎯⎯⎯⎯⎯⎯⎯⎯⎯⎯⎯⎯⎯⎯⎯⎯⎯⎯⎯⎯⎯⎯⎯[4/18]⎯

 FAIL  |raptor3| tests/raptor3/fixed.test.ts > Raptor 3 G0 fixed contracts: sqlite-interactive > s2-changed-dependency
 FAIL  |raptor3| tests/raptor3/fixed.test.ts > Raptor 3 G0 fixed contracts: sqlite-atomic-batch > s2-changed-dependency
AssertionError: Expected values to be strictly deep-equal:
+ actual - expected
... Skipped lines

  [
    {
      name: 'target.id',
      value: 1
    },
...
      name: 'target.id',
-     value: 1
-   },
-   {
-     name: 'target.id',
      value: 2
    }
  ]


[32m- Expected[39m
[31m+ Received[39m

[33m@@ -7,12 +7,8 @@[39m
[2m      "name": "target.id",[22m
[2m      "value": 1,[22m
[2m    },[22m
[2m    {[22m
[2m      "name": "target.id",[22m
[32m-     "value": 1,[39m
[32m-   },[39m
[32m-   {[39m
[32m-     "name": "target.id",[39m
[2m      "value": 2,[22m
[2m    },[22m
[2m  ][22m

 ❯ Object.assert tests/raptor3/scenarios/contracts/instances.ts:362:16
    360|           "Nested operation 'set' on relation 'targets' depends on an …
    361|         );
    362|         assert.deepEqual(observation.defaults, [
       |                ^
    363|           { name: "target.id", value: 1 },
    364|           { name: "target.id", value: 1 },
 ❯ Object.assert tests/raptor3/harness/sqlite-world.ts:421:19
 ❯ tests/raptor3/fixed.test.ts:10:21

⎯⎯⎯⎯⎯⎯⎯⎯⎯⎯⎯⎯⎯⎯⎯⎯⎯⎯⎯⎯⎯⎯⎯[5/18]⎯

 FAIL  |raptor3| tests/raptor3/expanded/lifetime-commands.test.ts > G1 legality and engine lifetimes: commands sqlite-interactive > g1-upsert-nested-admission-publication
 FAIL  |raptor3| tests/raptor3/expanded/lifetime-commands.test.ts > G1 legality and engine lifetimes: commands sqlite-atomic-batch > g1-upsert-nested-admission-publication
AssertionError: Expected values to be strictly deep-equal:
+ actual - expected

  [
    {
      name: 'author.name.transform',
      value: 'Changed-1'
    },
-   {
-     name: 'author.name.transform',
-     value: 'Changed-2'
-   }
  ]


[32m- Expected[39m
[31m+ Received[39m

[2m  [[22m
[2m    {[22m
[2m      "name": "author.name.transform",[22m
[2m      "value": "Changed-1",[22m
[2m    },[22m
[32m-   {[39m
[32m-     "name": "author.name.transform",[39m
[32m-     "value": "Changed-2",[39m
[32m-   },[39m
[2m  ][22m

 ❯ Object.assert tests/raptor3/expanded/upsert-legality.ts:155:18
    153|                 : initial
    154|           );
    155|           assert.deepEqual(
       |                  ^
    156|             observation.defaults,
    157|             transformedUpdate
 ❯ Object.assert tests/raptor3/harness/sqlite-world.ts:421:19
 ❯ tests/raptor3/expanded/lifetime-commands.test.ts:38:24

⎯⎯⎯⎯⎯⎯⎯⎯⎯⎯⎯⎯⎯⎯⎯⎯⎯⎯⎯⎯⎯⎯⎯[6/18]⎯


 Test Files  4 failed | 61 passed (65)
      Tests  18 failed | 740 passed (758)
   Start at  21:17:56
   Duration  11.18s (transform 1.64s, setup 68ms, collect 6.57s, tests 3.98s, environment 0ms, prepare 52ms)

Vitest resources: 13.78s wall, 807.8 MiB peak sampled process-group RSS (sampled ceiling 1536 MiB). Teardown verified.
[test:all] Raptor 3 fixed contracts, harness falsifiers and candidate comparison: 14.13s wall, 56.4 MiB peak sampled process-group RSS (sampled ceiling 1536 MiB, ordinary project). Teardown verified.
EXIT=1
