
 RUN  v3.1.4 /private/tmp/viborm-r2c

stdout | tests/providers/docker/mysql2-concurrency-policy.test.ts > MySQL2 concurrency policy > an eligible unique-key race > a rejection on a constraint the selector does NOT name is not a lost race
DIAG-OWNERSHIP [
 "SELECT `q0`.`id` AS `id`, `q0`.`name` AS `name`, `q0`.`slug` AS `slug`, `q0`.`count` AS `count` FROM `raptor3_g2`.`r2c_policy_tags` AS `q0` WHERE `q0`.`name` = ? ORDER BY `q0`.`id` ASC LIMIT 1",
 "INSERT INTO `raptor3_g2`.`r2c_policy_tags` (`id`, `name`, `slug`, `count`) VALUES (?, ?, ?, ?)",
 "SELECT `q0`.`id` AS `id`, `q0`.`name` AS `name`, `q0`.`slug` AS `slug`, `q0`.`count` AS `count` FROM `raptor3_g2`.`r2c_policy_tags` AS `q0` WHERE `q0`.`name` = ? ORDER BY `q0`.`id` ASC LIMIT 1",
 "INSERT INTO `raptor3_g2`.`r2c_policy_tags` (`id`, `name`, `slug`, `count`) VALUES (?, ?, ?, ?)"
]

stdout | tests/providers/docker/mysql2-concurrency-policy.test.ts > MySQL2 concurrency policy > a native deadlock > the victim fails visibly, commits nothing, and leaves the survivor correct
DIAG-DEADLOCK AggregateError [90mundefined[39m [{"n":"TransactionError","m":"Transaction deadlock detected","c":"V5003"},{"n":"QueryError","m":"Query execution failed","c":"V2001"},{"n":"QueryError","m":"Query execution failed","c":"V2001"}]

stdout | tests/providers/docker/mysql2-concurrency-policy.test.ts > MySQL2 concurrency policy > borrowed execution > a lost race inside the caller's transaction is the caller's to handle
DIAG-BORROWED [
 "SAVEPOINT sp_37688093295544e3add38fc824488084",
 "SELECT `q0`.`id` AS `id`, `q0`.`name` AS `name`, `q0`.`slug` AS `slug`, `q0`.`count` AS `count` FROM `raptor3_g2`.`r2c_policy_tags` AS `q0` WHERE `q0`.`name` = ? ORDER BY `q0`.`id` ASC LIMIT 1",
 "INSERT INTO `raptor3_g2`.`r2c_policy_tags` (`id`, `name`, `slug`, `count`) VALUES (?, ?, ?, ?)",
 "ROLLBACK TO SAVEPOINT sp_37688093295544e3add38fc824488084",
 "RELEASE SAVEPOINT sp_37688093295544e3add38fc824488084"
]

 ✓ |provider-mysql2| tests/providers/docker/mysql2-concurrency-policy.test.ts (6 tests) 15654ms
   ✓ MySQL2 concurrency policy > a native deadlock > the same two transactions in the SAME order both succeed  15112ms

 Test Files  1 passed (1)
      Tests  6 passed (6)
   Start at  10:34:46
   Duration  17.89s (transform 1.39s, setup 11ms, collect 2.09s, tests 15.65s, environment 0ms, prepare 38ms)

Vitest resources: 19.93s wall, 484.0 MiB peak sampled process-group RSS (sampled ceiling 1536 MiB). Teardown verified.
