##### src/query-engine/raptor3/commands/relation-body.ts
--- BASE ---
   1 src/query-engine/raptor3/commands/relation-body.ts format
--- NOW ---
   1 src/query-engine/raptor3/commands/relation-body.ts format
##### src/query-engine/raptor3/shared/query.ts
--- BASE ---
   1 src/query-engine/raptor3/shared/query.ts format
--- NOW ---
   1 src/query-engine/raptor3/shared/query.ts format
##### src/migrations/drivers/mysql/introspect.ts
--- BASE ---
--- NOW ---
##### tests/providers/docker/mysql2-concurrency-policy.test.ts
--- BASE ---
--- NOW ---
##### tests/providers/docker/pg-captured-set-concurrency.test.ts
--- BASE ---
--- NOW ---
##### tests/providers/docker/mysql2-schema-attestation.test.ts
--- BASE ---
--- NOW ---
##### tests/contracts/drivers/behaviors/create-many-return-fold-behavior.ts
--- BASE ---
--- NOW ---
