
 RUN  v3.1.4 /private/tmp/viborm-rint

(node:67786) DeprecationWarning: Calling client.query() when the client is already executing a query is deprecated and will be removed in pg@9.0. Use async/await or an external async flow control mechanism instead.
(Use `node --trace-deprecation ...` to show where the warning was created)
 ❯ |provider-pg| tests/providers/docker/pg-captured-set-concurrency.test.ts (17 tests | 5 failed) 2240ms
   ✓ pg Driver captured-set consumption-time contract > consumer 1: a root selected bulk mutation over a captured set > default native route: nothing is captured, and the statement removes exactly the rows it still matches 157ms
   ✓ pg Driver captured-set consumption-time contract > consumer 1: a root selected bulk mutation over a captured set > interactive route: FOR UPDATE makes the capture see B's committed change, and the row that stopped matching is not deleted 127ms
   × pg Driver captured-set consumption-time contract > consumer 1: a root selected bulk mutation over a captured set > batch route, lock held: the captured row that stopped matching survives the write, and the shortfall is the cardinality sentence 132ms
     → expected 'undefined' to contain 'deleteMany selected-row cardinality c…'
   × pg Driver captured-set consumption-time contract > consumer 1: a root selected bulk mutation over a captured set > batch route: a captured row that stops matching between the last premise and the first write is not deleted, and the effects that committed are reported 99ms
     → expected 'undefined' to contain 'deleteMany selected-row cardinality c…'
   × pg Driver captured-set consumption-time contract > consumer 1: a root selected bulk mutation over a captured set > batch route: a root UPDATE in the same window leaves the row that stopped matching untouched, and never reaches its non-RETURNING read-back 109ms
     → expected 'undefined' to contain 'updateMany selected-row cardinality c…'
   × pg Driver captured-set consumption-time contract > consumer 1: a root selected bulk mutation over a captured set > batch route: an undisturbed captured UPDATE succeeds, publishing the rows its non-RETURNING read-back produced 98ms
     → expected 'UPDATE "public"."fcpg_notes" SET "lab…' to contain '"active"'
   ✓ pg Driver captured-set consumption-time contract > consumer 1: a root selected bulk mutation over a captured set > batch route: a row that joins the selection between the last premise and the first write is not deleted, and nothing aborts 98ms
   ✓ pg Driver captured-set consumption-time contract > consumer 1: a root selected bulk mutation over a captured set > batch route: a LIMITED capture claims no complement, and a newly eligible row outside its slice is not mutated 177ms
   × pg Driver captured-set consumption-time contract > consumer 1: a root selected bulk mutation over a captured set > batch route: a COMPOUND captured identity is carried completely, and only the row that still matches is deleted 385ms
     → expected 'undefined' to contain 'deleteMany selected-row cardinality c…'
   ✓ pg Driver captured-set consumption-time contract > consumer 1: a root selected bulk mutation over a captured set > batch route: a captured row removed before the premises aborts the unit with the registered sentence and writes nothing 95ms
   ✓ pg Driver captured-set consumption-time contract > consumer 1: a root selected bulk mutation over a captured set > control: a truly irrelevant concurrent change in the same window changes nothing 91ms
   ✓ pg Driver captured-set consumption-time contract > consumer 2: a nested captured deleteMany under a membership > batch route: a member added before the unit's premises aborts the complement raceably and the retry converges 154ms
   ✓ pg Driver captured-set consumption-time contract > consumer 2: a nested captured deleteMany under a membership > batch route: a member added after that boundary stays outside the captured worklist 137ms
   ✓ pg Driver captured-set consumption-time contract > consumer 2: a nested captured deleteMany under a membership > batch route: the initial filter selected the worklist and is not re-asked at each member's own write 103ms
   ✓ pg Driver captured-set consumption-time contract > consumer 2: a nested captured deleteMany under a membership > batch route: a member whose required membership was reassigned is not deleted for the parent that no longer holds it 102ms
   ✓ pg Driver captured-set consumption-time contract > consumer 2: a nested captured deleteMany under a membership > default native route: an earlier member's own write does not invalidate the worklist a sibling was selected into 76ms
   ✓ pg Driver captured-set consumption-time contract > consumer 2: a nested captured deleteMany under a membership > control: a truly irrelevant concurrent change in the same window changes nothing 88ms

⎯⎯⎯⎯⎯⎯⎯ Failed Tests 5 ⎯⎯⎯⎯⎯⎯⎯

 FAIL  |provider-pg| tests/providers/docker/pg-captured-set-concurrency.test.ts > pg Driver captured-set consumption-time contract > consumer 1: a root selected bulk mutation over a captured set > batch route, lock held: the captured row that stopped matching survives the write, and the shortfall is the cardinality sentence
AssertionError: expected 'undefined' to contain 'deleteMany selected-row cardinality c…'

Expected: [32m"deleteMany selected-row cardinality changed during its locked mutation."[39m
Received: [31m"undefined"[39m

 ❯ tests/providers/docker/pg-captured-set-concurrency.test.ts:651:41
    649|         // rows it did not reach are the cardinality error — not a pub…
    650|         // success over the captured set.
    651|         expect(messageOf(result.error)).toContain(CHANGED("deleteMany"…
       |                                         ^
    652|         expect(result.value).toBeUndefined();
    653|         // Commit is the other fact: this batch ACKNOWLEDGED, so what …

⎯⎯⎯⎯⎯⎯⎯⎯⎯⎯⎯⎯⎯⎯⎯⎯⎯⎯⎯⎯⎯⎯⎯⎯[1/5]⎯

 FAIL  |provider-pg| tests/providers/docker/pg-captured-set-concurrency.test.ts > pg Driver captured-set consumption-time contract > consumer 1: a root selected bulk mutation over a captured set > batch route: a captured row that stops matching between the last premise and the first write is not deleted, and the effects that committed are reported
AssertionError: expected 'undefined' to contain 'deleteMany selected-row cardinality c…'

Expected: [32m"deleteMany selected-row cardinality changed during its locked mutation."[39m
Received: [31m"undefined"[39m

 ❯ tests/providers/docker/pg-captured-set-concurrency.test.ts:711:35
    709|         // position, and the WRITE re-tested the selector at its own. …
    710|         // deleted; n2, which still matched, is — and the batch acknow…
    711|         expect(messageOf(raised)).toContain(CHANGED("deleteMany"));
       |                                   ^
    712|         expect(await noteIds(seeder)).toEqual(["n1", "n3"]);
    713|         expect(progressOf(raised)).toMatchObject({

⎯⎯⎯⎯⎯⎯⎯⎯⎯⎯⎯⎯⎯⎯⎯⎯⎯⎯⎯⎯⎯⎯⎯⎯[2/5]⎯

 FAIL  |provider-pg| tests/providers/docker/pg-captured-set-concurrency.test.ts > pg Driver captured-set consumption-time contract > consumer 1: a root selected bulk mutation over a captured set > batch route: a root UPDATE in the same window leaves the row that stopped matching untouched, and never reaches its non-RETURNING read-back
AssertionError: expected 'undefined' to contain 'updateMany selected-row cardinality c…'

Expected: [32m"u[7mpdateMany selected-row cardinality changed during its locked mutation.[27m"[39m
Received: [31m"u[7mndefined[27m"[39m

 ❯ tests/providers/docker/pg-captured-set-concurrency.test.ts:756:35
    754| 
    755|         expect(driver.shape).toEqual([4, 3]);
    756|         expect(messageOf(raised)).toContain(CHANGED("updateMany"));
       |                                   ^
    757|         // Both facts, measured: n1 keeps its label (the SET never rea…
    758|         // and n2 has the committed one. The selected form's read-back…

⎯⎯⎯⎯⎯⎯⎯⎯⎯⎯⎯⎯⎯⎯⎯⎯⎯⎯⎯⎯⎯⎯⎯⎯[3/5]⎯

 FAIL  |provider-pg| tests/providers/docker/pg-captured-set-concurrency.test.ts > pg Driver captured-set consumption-time contract > consumer 1: a root selected bulk mutation over a captured set > batch route: an undisturbed captured UPDATE succeeds, publishing the rows its non-RETURNING read-back produced
AssertionError: expected 'UPDATE "public"."fcpg_notes" SET "lab…' to contain '"active"'

Expected: [32m""active""[39m
Received: [31m"UPDATE "public"."fcpg_notes" SET "label" = $1 WHERE ("fcpg_notes"."id" = $2 OR "fcpg_notes"."id" = $3)"[39m

 ❯ tests/providers/docker/pg-captured-set-concurrency.test.ts:811:23
    809|         const write = driver.statements[writeIndex] ?? "";
    810|         expect(write).toContain('"id"');
    811|         expect(write).toContain('"active"');
       |                       ^
    812|         // And the read-back is a statement of its own, behind that wr…
    813|         expect(

⎯⎯⎯⎯⎯⎯⎯⎯⎯⎯⎯⎯⎯⎯⎯⎯⎯⎯⎯⎯⎯⎯⎯⎯[4/5]⎯

 FAIL  |provider-pg| tests/providers/docker/pg-captured-set-concurrency.test.ts > pg Driver captured-set consumption-time contract > consumer 1: a root selected bulk mutation over a captured set > batch route: a COMPOUND captured identity is carried completely, and only the row that still matches is deleted
AssertionError: expected 'undefined' to contain 'deleteMany selected-row cardinality c…'

Expected: [32m"deleteMany selected-row cardinality changed during its locked mutation."[39m
Received: [31m"undefined"[39m

 ❯ tests/providers/docker/pg-captured-set-concurrency.test.ts:944:35
    942| 
    943|         expect(driver.shape).toEqual([4, 3]);
    944|         expect(messageOf(raised)).toContain(CHANGED("deleteMany"));
       |                                   ^
    945|         // t1/a stopped matching and survives with BOTH key components…
    946|         // t1/b still matched and was deleted; t2/a was never in the s…

⎯⎯⎯⎯⎯⎯⎯⎯⎯⎯⎯⎯⎯⎯⎯⎯⎯⎯⎯⎯⎯⎯⎯⎯[5/5]⎯


 Test Files  1 failed (1)
      Tests  5 failed | 12 passed (17)
   Start at  12:38:03
   Duration  3.77s (transform 937ms, setup 8ms, collect 1.39s, tests 2.24s, environment 0ms, prepare 34ms)

Vitest resources: 5.49s wall, 532.7 MiB peak sampled process-group RSS (sampled ceiling 1536 MiB). Teardown verified.
