
> viborm@0.1.0 test:coverage:policy /Users/arnaud/code/viborm
> node scripts/run-node-safe.mjs 512 60000 scripts/coverage-policy.test.mjs && node scripts/run-node-safe.mjs 512 60000 scripts/bounded-process.test.mjs && node scripts/run-node-safe.mjs 512 60000 scripts/test-run-lock.test.mjs

✔ every TypeScript source has exactly one coverage owner (13.23225ms)
✔ subsystem configs derive includes and thresholds from the manifest (0.245125ms)
✔ waived sources remain owned and included (0.146042ms)
✔ test fixtures use the workspace alias instead of root-absolute imports (259.642875ms)
✔ migration coverage admits every credential-free local contract (2.877917ms)
✔ migration core contracts open no database outside the named in-memory SQLite exception (16.759792ms)
✔ client coverage admits the core and audited deterministic contracts (0.259042ms)
✔ driver coverage isolates provider resources and admits only audited local providers (4.442542ms)
✔ query coverage admits every core contract exactly once (7.699125ms)
✔ write coverage admits the core and audited high-signal local contracts (4.268584ms)
✔ cache coverage admits every deterministic cache contract exactly once (1.907375ms)
ℹ tests 11
ℹ suites 0
ℹ pass 11
ℹ fail 0
ℹ cancelled 0
ℹ skipped 0
ℹ todo 0
ℹ duration_ms 315.512416
Node resources: 0.66s wall, 64.3 MiB peak sampled process-group RSS (sampled ceiling 1536 MiB). Teardown verified.
✔ fails closed where process-tree bounds cannot be verified (1.536667ms)
✔ process-group RSS sums every member and ignores other groups (0.223958ms)
✔ process-group teardown ignores zombie-only groups (0.089083ms)
✔ heap replacement preserves unrelated Node options (0.098791ms)
✔ RSS limit defaults to the project cap and is configurable (0.445625ms)
✔ the ordinary ceiling is 1536 MiB and may only ever be lowered (0.097083ms)
✔ no ordinary caller can reach the 2560 MiB PGlite allowance (0.188917ms)
✔ the allowlisted typecheck ceiling reaches 8192 MiB and stops there (0.080042ms)
✔ the allowlisted PGlite ceiling reaches 2560 MiB and stops there (0.090792ms)
✔ the resource line names the ceiling that was applied (0.156291ms)
✔ a bounded run reports the ceiling it enforced (254.214334ms)
✔ heap limits may be lowered but never raised above the caller cap (0.182333ms)
✔ Vitest arguments end with the enforced single-worker policy (0.04625ms)
RSS limit witness exceeded its 48 MiB sampled process-group RSS ceiling (ordinary project).
✔ the sampled RSS ceiling terminates the complete child group (780.4275ms)
RSS group teardown witness exceeded its 48 MiB sampled process-group RSS ceiling (ordinary project).
RSS group teardown witness exceeded its 48 MiB sampled process-group RSS ceiling (ordinary project).
RSS group teardown witness exceeded its 48 MiB sampled process-group RSS ceiling (ordinary project).
RSS group teardown witness exceeded its 48 MiB sampled process-group RSS ceiling (ordinary project).
RSS group teardown witness exceeded its 48 MiB sampled process-group RSS ceiling (ordinary project).
RSS group teardown witness exceeded its 48 MiB sampled process-group RSS ceiling (ordinary project).
RSS group teardown witness exceeded its 48 MiB sampled process-group RSS ceiling (ordinary project).
RSS group teardown witness exceeded its 48 MiB sampled process-group RSS ceiling (ordinary project).
✔ RSS teardown verifies a group whose leader and worker exit together (6472.73675ms)
✔ normal leader exit still tears down inherited descendants (575.715792ms)
ℹ tests 16
ℹ suites 0
ℹ pass 16
ℹ fail 0
ℹ cancelled 0
ℹ skipped 0
ℹ todo 0
ℹ duration_ms 8094.577541
Node resources: 8.45s wall, 60.4 MiB peak sampled process-group RSS (sampled ceiling 1536 MiB). Teardown verified.
✔ a bounded descendant inherits its ancestor's workspace lock (391.378667ms)
✔ parses complete process rows without truncating commands (0.887292ms)
✔ refuses malformed, duplicate, and incomplete process graphs (0.313833ms)
✔ excludes every direct, pnpm, and coverage-wrapper ancestor (0.321125ms)
✔ finds stale Vitest, TypeScript, tsdown, and Vitest worker processes (0.255625ms)
✔ does not confuse a sibling path with the current workspace (0.070583ms)
ℹ tests 6
ℹ suites 0
ℹ pass 6
ℹ fail 0
ℹ cancelled 0
ℹ skipped 0
ℹ todo 0
ℹ duration_ms 397.607375
Node resources: 0.71s wall, 0.6 MiB peak sampled process-group RSS (sampled ceiling 1536 MiB). Teardown verified.
