
[test:all] raptor3-provider: tests/raptor3/expanded/produced-commands.test.ts

 RUN  v3.1.4 /Users/arnaud/code/viborm

 ✓ |raptor3-provider| tests/raptor3/expanded/produced-commands.test.ts (3 tests) 752ms

 Test Files  1 passed (1)
      Tests  3 passed (3)
   Start at  20:06:42
   Duration  2.40s (transform 1.00s, setup 8ms, collect 1.43s, tests 752ms, environment 0ms, prepare 25ms)

[test:all] raptor3-provider: tests/raptor3/expanded/produced-commands.test.ts: 4.27s wall, 1525.6 MiB peak sampled process-group RSS (sampled ceiling 2560 MiB, isolated live-PGlite provider). Teardown verified.

[test:all] raptor3-provider: tests/raptor3/expanded/batch-produced-commands.test.ts

 RUN  v3.1.4 /Users/arnaud/code/viborm

 ✓ |raptor3-provider| tests/raptor3/expanded/batch-produced-commands.test.ts (2 tests) 641ms

 Test Files  1 passed (1)
      Tests  2 passed (2)
   Start at  20:06:46
   Duration  2.23s (transform 1.01s, setup 8ms, collect 1.45s, tests 641ms, environment 0ms, prepare 27ms)

[test:all] raptor3-provider: tests/raptor3/expanded/batch-produced-commands.test.ts: 4.02s wall, 1516.0 MiB peak sampled process-group RSS (sampled ceiling 2560 MiB, isolated live-PGlite provider). Teardown verified.

[test:all] raptor3-provider: tests/raptor3/post-prep/g29-result-progress-pglite.test.ts

 RUN  v3.1.4 /Users/arnaud/code/viborm

 ✓ |raptor3-provider| tests/raptor3/post-prep/g29-result-progress-pglite.test.ts (1 test) 607ms
   ✓ G2.9 generated-result continuation progress [commands] > preserves malformed generated-id translation after one committed segment  606ms

 Test Files  1 passed (1)
      Tests  1 passed (1)
   Start at  20:06:50
   Duration  2.17s (transform 996ms, setup 8ms, collect 1.42s, tests 607ms, environment 0ms, prepare 26ms)

[test:all] raptor3-provider: tests/raptor3/post-prep/g29-result-progress-pglite.test.ts: 3.95s wall, 1508.6 MiB peak sampled process-group RSS (sampled ceiling 2560 MiB, isolated live-PGlite provider). Teardown verified.

[test:all] raptor3-provider: tests/raptor3/expanded/produced-legacy.test.ts

 RUN  v3.1.4 /Users/arnaud/code/viborm

 ✓ |raptor3-provider| tests/raptor3/expanded/produced-legacy.test.ts (3 tests) 659ms

 Test Files  1 passed (1)
      Tests  3 passed (3)
   Start at  20:06:54
   Duration  2.16s (transform 939ms, setup 8ms, collect 1.37s, tests 659ms, environment 0ms, prepare 24ms)

[test:all] raptor3-provider: tests/raptor3/expanded/produced-legacy.test.ts: 3.95s wall, 1544.8 MiB peak sampled process-group RSS (sampled ceiling 2560 MiB, isolated live-PGlite provider). Teardown verified.

[test:all] raptor3-provider: tests/raptor3/expanded/batch-produced-legacy.test.ts

 RUN  v3.1.4 /Users/arnaud/code/viborm

 ✓ |raptor3-provider| tests/raptor3/expanded/batch-produced-legacy.test.ts (2 tests) 642ms

 Test Files  1 passed (1)
      Tests  2 passed (2)
   Start at  20:06:58
   Duration  2.19s (transform 984ms, setup 8ms, collect 1.41s, tests 642ms, environment 0ms, prepare 25ms)

[test:all] raptor3-provider: tests/raptor3/expanded/batch-produced-legacy.test.ts: 3.96s wall, 1544.0 MiB peak sampled process-group RSS (sampled ceiling 2560 MiB, isolated live-PGlite provider). Teardown verified.
