src/query-engine/pattern/pack.ts(1443,36): error TS2345: Argument of type 'VariantCarrierSlot' is not assignable to parameter of type 'VariantJunctionCarrierSlot'.
  Type 'VariantRowCarrierSlot' is not assignable to type 'VariantJunctionCarrierSlot'.
    The types of 'edge.kind' are incompatible between these types.
      Type '"variantRowCarrier"' is not assignable to type '"variantJunctionCarrier"'.
src/query-engine/pattern/pack.ts(2633,58): error TS2345: Argument of type 'VariantCarrierSlot' is not assignable to parameter of type 'VariantJunctionCarrierSlot'.
  Type 'VariantRowCarrierSlot' is not assignable to type 'VariantJunctionCarrierSlot'.
    The types of 'edge.kind' are incompatible between these types.
      Type '"variantRowCarrier"' is not assignable to type '"variantJunctionCarrier"'.
tests/raptor3/g4/codec-schema.ts(36,22): error TS4104: The type 'readonly ["ACTIVE", "PAUSED", "DONE"]' is 'readonly' and cannot be assigned to the mutable type 'string[]'.
tests/raptor3/g4/codec-schema.ts(48,24): error TS4104: The type 'readonly ["ACTIVE", "PAUSED", "DONE"]' is 'readonly' and cannot be assigned to the mutable type 'string[]'.
tests/raptor3/g4/generation/world.ts(49,22): error TS4104: The type 'readonly ["ACTIVE", "PAUSED", "DONE"]' is 'readonly' and cannot be assigned to the mutable type 'string[]'.
tests/raptor3/g4/lifecycle-events.test.ts(70,28): error TS2339: Property 'findMany' does not exist on type 'never'.
tests/raptor3/g4/lifecycle-events.test.ts(82,25): error TS2339: Property 'findMany' does not exist on type 'never'.
tests/raptor3/g4/lifecycle-events.test.ts(92,34): error TS2339: Property 'findMany' does not exist on type 'never'.
tests/raptor3/g4/lifecycle-events.test.ts(111,43): error TS2339: Property 'findMany' does not exist on type 'never'.
tests/raptor3/g4/lifecycle-events.test.ts(114,16): error TS2339: Property 'findMany' does not exist on type 'never'.
tests/raptor3/g4/lifecycle-events.test.ts(122,48): error TS2339: Property 'findMany' does not exist on type 'never'.
tests/raptor3/g4/lifecycle-events.test.ts(127,16): error TS2339: Property 'findMany' does not exist on type 'never'.
tests/raptor3/g4/lifecycle-events.test.ts(135,28): error TS2339: Property 'findMany' does not exist on type 'never'.
tests/raptor3/g4/lifecycle-events.test.ts(156,16): error TS2339: Property 'findMany' does not exist on type 'never'.
tests/raptor3/g4/read-recursive-fit.test.ts(157,5): error TS2322: Type 'VibORMClient<{ schema: { node: Model<UpdateState<UpdateState<UpdateState<ModelState, { shape: { tenant: StringScalar<UpdateState<{ type: "string"; nullable: boolean; array: boolean; hasDefault: boolean; isId: boolean; isUnique: boolean; default: undefined; ... 6 more ...; base: StringSchema<...>; }, { ...; }>>; ... ...' is not assignable to type 'VibORMClient<VibORMConfig<Schema>, EmptyClientExtensionState>'.
  Type 'VibORMClient<{ schema: { node: Model<UpdateState<UpdateState<UpdateState<ModelState, { shape: { tenant: StringScalar<UpdateState<{ type: "string"; nullable: boolean; array: boolean; hasDefault: boolean; isId: boolean; isUnique: boolean; default: undefined; ... 6 more ...; base: StringSchema<...>; }, { ...; }>>; ... ...' is not assignable to type 'ExtensionModelClient<VibORMConfig<Schema>, EmptyClientExtensionState>'.
    Index signature for type 'string' is missing in type 'VibORMClient<{ schema: { node: Model<UpdateState<UpdateState<UpdateState<ModelState, { shape: { tenant: StringScalar<UpdateState<{ type: "string"; nullable: boolean; array: boolean; hasDefault: boolean; isId: boolean; isUnique: boolean; default: undefined; ... 6 more ...; base: StringSchema<...>; }, { ...; }>>; ... ...'.
tests/raptor3/g4/route-admission.test.ts(103,11): error TS2322: Type '({ input }: { readonly model: "note"; readonly operation: "create"; readonly input: Readonly<RequestTransformInput<"create", RequireKeys<Partial<InferInputShape<{ data: CreateSchema<Model<UpdateState<UpdateState<ModelState, { shape: { id: IntScalar<UpdateState<UpdateState<{ type: "int"; nullable: boolean; array: boo...' is not assignable to type '(context: { readonly model: "note"; readonly operation: "create"; readonly input: Readonly<RequestTransformInput<"create", RequireKeys<Partial<InferInputShape<{ data: CreateSchema<Model<UpdateState<UpdateState<ModelState, { shape: { id: IntScalar<UpdateState<UpdateState<{ type: "int"; nullable: boolean; array: boole...'.
  Type '{ data: { title: string; }; }' is not assignable to type 'RequestTransformPatch<"create", RequireKeys<Partial<InferInputShape<{ data: CreateSchema<Model<UpdateState<UpdateState<ModelState, { shape: { id: IntScalar<UpdateState<UpdateState<{ type: "int"; nullable: boolean; array: boolean; hasDefault: boolean; isId: boolean; isUnique: boolean; default: undefined; ... 6 more ....'.
    Type '{ data: { title: string; }; }' is not assignable to type 'Partial<RequestTransformInput<"create", RequireKeys<Partial<InferInputShape<{ data: CreateSchema<Model<UpdateState<UpdateState<ModelState, { shape: { id: IntScalar<UpdateState<UpdateState<{ type: "int"; nullable: boolean; array: boolean; hasDefault: boolean; isId: boolean; isUnique: boolean; default: undefined; ... ...'.
      Types of property 'data' are incompatible.
        Type '{ title: string; }' is not assignable to type 'RequireKeys<Partial<InferInputShape<ComputeEntries<GetScalarsSchemas<Model<UpdateState<UpdateState<ModelState, { shape: { id: IntScalar<UpdateState<UpdateState<{ type: "int"; nullable: boolean; array: boolean; hasDefault: boolean; isId: boolean; isUnique: boolean; default: undefined; autoGenerate: undefined; ... 5 m...'.
          Property 'slug' is missing in type '{ title: string; }' but required in type '{ slug: string; title: string; }'.
tests/raptor3/g4/route-lifecycle.test.ts(176,15): error TS2322: Type '({ input }: { readonly model: "author"; readonly operation: "create"; readonly input: Readonly<RequestTransformInput<"create", RequireKeys<Partial<InferInputShape<{ data: CreateSchema<Model<UpdateState<UpdateState<ModelState, { shape: { id: IntScalar<UpdateState<UpdateState<{ type: "int"; nullable: boolean; array: b...' is not assignable to type '(context: { readonly model: "author"; readonly operation: "create"; readonly input: Readonly<RequestTransformInput<"create", RequireKeys<Partial<InferInputShape<{ data: CreateSchema<Model<UpdateState<UpdateState<ModelState, { shape: { id: IntScalar<UpdateState<UpdateState<{ type: "int"; nullable: boolean; array: boo...'.
  Type '{ data: { name: string; }; }' is not assignable to type 'RequestTransformPatch<"create", RequireKeys<Partial<InferInputShape<{ data: CreateSchema<Model<UpdateState<UpdateState<ModelState, { shape: { id: IntScalar<UpdateState<UpdateState<{ type: "int"; nullable: boolean; array: boolean; hasDefault: boolean; isId: boolean; isUnique: boolean; default: undefined; ... 6 more ....'.
    Type '{ data: { name: string; }; }' is not assignable to type 'Partial<RequestTransformInput<"create", RequireKeys<Partial<InferInputShape<{ data: CreateSchema<Model<UpdateState<UpdateState<ModelState, { shape: { id: IntScalar<UpdateState<UpdateState<{ type: "int"; nullable: boolean; array: boolean; hasDefault: boolean; isId: boolean; isUnique: boolean; default: undefined; ... ...'.
      Types of property 'data' are incompatible.
        Type '{ name: string; }' is not assignable to type 'RequireKeys<Partial<InferInputShape<ComputeEntries<GetScalarsSchemas<Model<UpdateState<UpdateState<ModelState, { shape: { id: IntScalar<UpdateState<UpdateState<{ type: "int"; nullable: boolean; array: boolean; hasDefault: boolean; isId: boolean; isUnique: boolean; default: undefined; autoGenerate: undefined; ... 5 m...'.
          Property 'email' is missing in type '{ name: string; }' but required in type '{ email: string; name: string; }'.
tests/raptor3/g4/route-lifecycle.test.ts(238,33): error TS2353: Object literal may only specify known properties, and '$probe' does not exist in type '(scope: ExtensionClientScope<{ driver: WitnessDriver; schema: { author: Model<UpdateState<UpdateState<ModelState, { shape: { id: IntScalar<UpdateState<UpdateState<{ type: "int"; nullable: boolean; array: boolean; hasDefault: boolean; isId: boolean; ... 8 more ...; base: IntegerSchema<...>; }, { ...; }>, { ...; }>>; ...'.
tests/raptor3/g4/route-lifecycle.test.ts(239,33): error TS2353: Object literal may only specify known properties, and '$probe' does not exist in type '(scope: ExtensionClientScope<{ driver: WitnessDriver; schema: { author: Model<UpdateState<UpdateState<ModelState, { shape: { id: IntScalar<UpdateState<UpdateState<{ type: "int"; nullable: boolean; array: boolean; hasDefault: boolean; isId: boolean; ... 8 more ...; base: IntegerSchema<...>; }, { ...; }>, { ...; }>>; ...'.
tests/raptor3/g4/route-lifecycle.test.ts(258,19): error TS2322: Type '<Arg extends Partial<InferInputShape<{ where: WhereSchema<Model<UpdateState<UpdateState<ModelState, { shape: { id: IntScalar<UpdateState<UpdateState<{ type: "int"; nullable: boolean; array: boolean; hasDefault: boolean; isId: boolean; isUnique: boolean; default: undefined; ... 6 more ...; base: IntegerSchema<...>; }...' is not assignable to type '<Arg extends Exclude<OperationPayload<"findMany", Model<UpdateState<UpdateState<ModelState, { shape: { id: IntScalar<UpdateState<UpdateState<{ type: "int"; nullable: boolean; array: boolean; hasDefault: boolean; isId: boolean; isUnique: boolean; default: undefined; autoGenerate: undefined; ... 5 more ...; base: Inte...'.
  Type 'Promise<unknown[]>' is not assignable to type 'Promise<Prettify<InferSelectInclude<UpdateState<UpdateState<ModelState, { shape: { id: IntScalar<UpdateState<UpdateState<{ type: "int"; nullable: boolean; array: boolean; hasDefault: boolean; isId: boolean; isUnique: boolean; default: undefined; autoGenerate: undefined; ... 5 more ...; base: IntegerSchema<...>; }, {...'.
    Type 'unknown[]' is not assignable to type 'Prettify<InferSelectInclude<UpdateState<UpdateState<ModelState, { shape: { id: IntScalar<UpdateState<UpdateState<{ type: "int"; nullable: boolean; array: boolean; hasDefault: boolean; isId: boolean; isUnique: boolean; default: undefined; autoGenerate: undefined; ... 5 more ...; base: IntegerSchema<...>; }, { ...; }>...'.
      Type 'unknown' is not assignable to type 'Prettify<InferSelectInclude<UpdateState<UpdateState<ModelState, { shape: { id: IntScalar<UpdateState<UpdateState<{ type: "int"; nullable: boolean; array: boolean; hasDefault: boolean; isId: boolean; isUnique: boolean; default: undefined; autoGenerate: undefined; ... 5 more ...; base: IntegerSchema<...>; }, { ...; }>...'.
tests/raptor3/g4/route-lifecycle.test.ts(263,13): error TS2322: Type '() => { shortCircuited: boolean; }' is not assignable to type '<Arg extends Exclude<OperationPayload<"findUnique", Model<UpdateState<UpdateState<ModelState, { shape: { id: IntScalar<UpdateState<UpdateState<{ type: "int"; nullable: boolean; array: boolean; hasDefault: boolean; isId: boolean; isUnique: boolean; default: undefined; ... 6 more ...; base: IntegerSchema<...>; }, { .....'.
  Type '{ shortCircuited: boolean; }' is missing the following properties from type 'Promise<Prettify<InferSelectInclude<UpdateState<UpdateState<ModelState, { shape: { id: IntScalar<UpdateState<UpdateState<{ type: "int"; nullable: boolean; array: boolean; hasDefault: boolean; isId: boolean; isUnique: boolean; default: undefined; autoGenerate: undefined; ... 5 more ...; base: IntegerSchema<...>; }, {...': then, catch, [Symbol.toStringTag], finally
tests/raptor3/g4/route-lifecycle.test.ts(266,13): error TS2322: Type '<Arg extends RequireKeys<Partial<InferInputShape<{ where: WhereUniqueExtendedSchema<Model<UpdateState<UpdateState<ModelState, { shape: { id: IntScalar<UpdateState<UpdateState<{ type: "int"; nullable: boolean; array: boolean; hasDefault: boolean; isId: boolean; isUnique: boolean; default: undefined; ... 6 more ...; b...' is not assignable to type '<Arg extends Exclude<OperationPayload<"update", Model<UpdateState<UpdateState<ModelState, { shape: { id: IntScalar<UpdateState<UpdateState<{ type: "int"; nullable: boolean; array: boolean; hasDefault: boolean; isId: boolean; isUnique: boolean; default: undefined; autoGenerate: undefined; ... 5 more ...; base: Intege...'.
  Type '{ neverProceeded: boolean; }' is missing the following properties from type 'Promise<Prettify<InferSelectInclude<UpdateState<UpdateState<ModelState, { shape: { id: IntScalar<UpdateState<UpdateState<{ type: "int"; nullable: boolean; array: boolean; hasDefault: boolean; isId: boolean; isUnique: boolean; default: undefined; autoGenerate: undefined; ... 5 more ...; base: IntegerSchema<...>; }, {...': then, catch, [Symbol.toStringTag], finally
tests/raptor3/g4/witness-world.ts(119,58): error TS2345: Argument of type 'string' is not assignable to parameter of type 'Operations'.
tests/raptor3/g4/witness-world.ts(135,58): error TS2345: Argument of type 'string' is not assignable to parameter of type 'Operations'.
tests/raptor3/g4/witness-world.ts(188,36): error TS2345: Argument of type 'string' is not assignable to parameter of type 'Operations'.
tests/raptor3/g4/witness-world.ts(213,55): error TS2345: Argument of type 'string' is not assignable to parameter of type 'Operations'.
TypeScript (whole estate, native): 8.10s wall, 5661.2 MiB peak sampled process-group RSS (sampled ceiling 8192 MiB, whole-estate native typecheck). Teardown verified.
