
 RUN  v3.1.4 /Users/arnaud/code/viborm

 ❯ |raptor3| tests/raptor3/gate.test.ts (1 test | 1 failed) 36ms
   × replays the saved corpus against its exact executed-source identity 35ms
     → Stale Raptor 3 evidence: executed source or runtime changed
+ actual - expected

  {
+   harness: '31c2883fd742dbea69896430543a85a9eace96719b9f24f9358593b54ff3a66a',
+   production: '2e92354bafaaccb7cab5f54041992b552664a7865fb69370be70ebccb63a1975',
-   harness: '3d9977876d5b8c0c80aec1ea6902f34b39ea80ab52e07e7242a287312dd2b922',
-   production: 'fe544577cbc3c6747806f4b6a178ffe284d52d7ac3b5dd87fcd39adc2c3d54da',
    runtime: {
      architecture: 'arm64',
      node: 'v24.21.0',
      platform: 'darwin',
      sqliteDriver: '12.6.0',


⎯⎯⎯⎯⎯⎯⎯ Failed Tests 1 ⎯⎯⎯⎯⎯⎯⎯

 FAIL  |raptor3| tests/raptor3/gate.test.ts > replays the saved corpus against its exact executed-source identity
AssertionError: Stale Raptor 3 evidence: executed source or runtime changed
+ actual - expected

  {
+   harness: '31c2883fd742dbea69896430543a85a9eace96719b9f24f9358593b54ff3a66a',
+   production: '2e92354bafaaccb7cab5f54041992b552664a7865fb69370be70ebccb63a1975',
-   harness: '3d9977876d5b8c0c80aec1ea6902f34b39ea80ab52e07e7242a287312dd2b922',
-   production: 'fe544577cbc3c6747806f4b6a178ffe284d52d7ac3b5dd87fcd39adc2c3d54da',
    runtime: {
      architecture: 'arm64',
      node: 'v24.21.0',
      platform: 'darwin',
      sqliteDriver: '12.6.0',


[32m- Expected[39m
[31m+ Received[39m

[33m@@ -1,8 +1,8 @@[39m
[2m  {[22m
[32m-   "harness": "3d9977876d5b8c0c80aec1ea6902f34b39ea80ab52e07e7242a287312dd2b922",[39m
[32m-   "production": "fe544577cbc3c6747806f4b6a178ffe284d52d7ac3b5dd87fcd39adc2c3d54da",[39m
[31m+   "harness": "31c2883fd742dbea69896430543a85a9eace96719b9f24f9358593b54ff3a66a",[39m
[31m+   "production": "2e92354bafaaccb7cab5f54041992b552664a7865fb69370be70ebccb63a1975",[39m
[2m    "runtime": {[22m
[2m      "architecture": "arm64",[22m
[2m      "node": "v24.21.0",[22m
[2m      "platform": "darwin",[22m
[2m      "sqliteDriver": "12.6.0",[22m

 ❯ assertRaptor3Identity scripts/raptor3-manifest.mjs:976:10
    974|   actual = captureRaptor3Identity()
    975| ) {
    976|   assert.deepEqual(
       |          ^
    977|     actual,
    978|     expected,
 ❯ tests/raptor3/gate.test.ts:134:5

⎯⎯⎯⎯⎯⎯⎯⎯⎯⎯⎯⎯⎯⎯⎯⎯⎯⎯⎯⎯⎯⎯⎯⎯[1/1]⎯


 Test Files  1 failed (1)
      Tests  1 failed (1)
   Start at  14:06:12
   Duration  2.10s (transform 1.28s, setup 9ms, collect 1.92s, tests 36ms, environment 0ms, prepare 26ms)

JSON report written to /var/folders/2c/xh5rx2d91wd_lk8rvnnhlr4m0000gn/T/viborm-raptor3-g0-0cQns7/vitest.json
Vitest resources: 4.19s wall, 538.0 MiB peak sampled process-group RSS (sampled ceiling 1536 MiB). Teardown verified.
Raptor 3 verification failed; diagnostics: /var/folders/2c/xh5rx2d91wd_lk8rvnnhlr4m0000gn/T/viborm-raptor3-g0-0cQns7
