
 RUN  v3.1.4 /Users/arnaud/code/viborm

 ❯ |raptor3| tests/raptor3/gate.test.ts (1 test | 1 failed) 31ms
   × replays the saved corpus against its exact executed-source identity 30ms
     → Stale Raptor 3 evidence: executed source or runtime changed
+ actual - expected

  {
+   harness: 'd9b7c1653a76234a000ff49cc79cd530bd752e9adb2f0977d30bbe74d0c8ff56',
+   production: 'fce8ec0cd32c839c5517a383d92f003e090e72cb8110b8ec0e08e1f7664d6904',
-   harness: '112e82f710c639c31d69ca3cb3395338d26d81a4a04bb2bed9b1ce947120c1e0',
-   production: '509869f4df577a29820f26514f6bdb7750f5e5c32591722c004aab8e1d40c4c9',
    runtime: {
      architecture: 'arm64',
      node: 'v24.21.0',
      platform: 'darwin',
      sqliteDriver: '12.6.0',


⎯⎯⎯⎯⎯⎯⎯ Failed Tests 1 ⎯⎯⎯⎯⎯⎯⎯

 FAIL  |raptor3| tests/raptor3/gate.test.ts > replays the saved corpus against its exact executed-source identity
AssertionError: Stale Raptor 3 evidence: executed source or runtime changed
+ actual - expected

  {
+   harness: 'd9b7c1653a76234a000ff49cc79cd530bd752e9adb2f0977d30bbe74d0c8ff56',
+   production: 'fce8ec0cd32c839c5517a383d92f003e090e72cb8110b8ec0e08e1f7664d6904',
-   harness: '112e82f710c639c31d69ca3cb3395338d26d81a4a04bb2bed9b1ce947120c1e0',
-   production: '509869f4df577a29820f26514f6bdb7750f5e5c32591722c004aab8e1d40c4c9',
    runtime: {
      architecture: 'arm64',
      node: 'v24.21.0',
      platform: 'darwin',
      sqliteDriver: '12.6.0',


[32m- Expected[39m
[31m+ Received[39m

[33m@@ -1,8 +1,8 @@[39m
[2m  {[22m
[32m-   "harness": "112e82f710c639c31d69ca3cb3395338d26d81a4a04bb2bed9b1ce947120c1e0",[39m
[32m-   "production": "509869f4df577a29820f26514f6bdb7750f5e5c32591722c004aab8e1d40c4c9",[39m
[31m+   "harness": "d9b7c1653a76234a000ff49cc79cd530bd752e9adb2f0977d30bbe74d0c8ff56",[39m
[31m+   "production": "fce8ec0cd32c839c5517a383d92f003e090e72cb8110b8ec0e08e1f7664d6904",[39m
[2m    "runtime": {[22m
[2m      "architecture": "arm64",[22m
[2m      "node": "v24.21.0",[22m
[2m      "platform": "darwin",[22m
[2m      "sqliteDriver": "12.6.0",[22m

 ❯ assertRaptor3Identity scripts/raptor3-manifest.mjs:975:10
    973|   actual = captureRaptor3Identity()
    974| ) {
    975|   assert.deepEqual(
       |          ^
    976|     actual,
    977|     expected,
 ❯ tests/raptor3/gate.test.ts:134:5

⎯⎯⎯⎯⎯⎯⎯⎯⎯⎯⎯⎯⎯⎯⎯⎯⎯⎯⎯⎯⎯⎯⎯⎯[1/1]⎯


 Test Files  1 failed (1)
      Tests  1 failed (1)
   Start at  03:08:27
   Duration  1.84s (transform 1.13s, setup 9ms, collect 1.67s, tests 31ms, environment 0ms, prepare 26ms)

JSON report written to /var/folders/2c/xh5rx2d91wd_lk8rvnnhlr4m0000gn/T/viborm-raptor3-g0-NsSlJp/vitest.json
Vitest resources: 3.81s wall, 537.3 MiB peak sampled process-group RSS (sampled ceiling 1536 MiB). Teardown verified.
Raptor 3 verification failed; diagnostics: /var/folders/2c/xh5rx2d91wd_lk8rvnnhlr4m0000gn/T/viborm-raptor3-g0-NsSlJp
