
 RUN  v3.1.4 /Users/arnaud/code/viborm

 ❯ |raptor3| tests/raptor3/gate.test.ts (1 test | 1 failed) 32ms
   × replays the saved corpus against its exact executed-source identity 32ms
     → Stale Raptor 3 evidence: executed source or runtime changed
+ actual - expected

  {
+   harness: '1d4d913c4f686d7aa0871dde7f8af2c6049a674db2595c54a52b7f66491f2f9e',
+   production: '312cde34932cdb4d70ccad60bb002d0c0a438865bd18e165c38b4a572ebff640',
-   harness: '112e82f710c639c31d69ca3cb3395338d26d81a4a04bb2bed9b1ce947120c1e0',
-   production: '509869f4df577a29820f26514f6bdb7750f5e5c32591722c004aab8e1d40c4c9',
    runtime: {
      architecture: 'arm64',
      node: 'v24.21.0',
      platform: 'darwin',
      sqliteDriver: '12.6.0',


⎯⎯⎯⎯⎯⎯⎯ Failed Tests 1 ⎯⎯⎯⎯⎯⎯⎯

 FAIL  |raptor3| tests/raptor3/gate.test.ts > replays the saved corpus against its exact executed-source identity
AssertionError: Stale Raptor 3 evidence: executed source or runtime changed
+ actual - expected

  {
+   harness: '1d4d913c4f686d7aa0871dde7f8af2c6049a674db2595c54a52b7f66491f2f9e',
+   production: '312cde34932cdb4d70ccad60bb002d0c0a438865bd18e165c38b4a572ebff640',
-   harness: '112e82f710c639c31d69ca3cb3395338d26d81a4a04bb2bed9b1ce947120c1e0',
-   production: '509869f4df577a29820f26514f6bdb7750f5e5c32591722c004aab8e1d40c4c9',
    runtime: {
      architecture: 'arm64',
      node: 'v24.21.0',
      platform: 'darwin',
      sqliteDriver: '12.6.0',


[32m- Expected[39m
[31m+ Received[39m

[33m@@ -1,8 +1,8 @@[39m
[2m  {[22m
[32m-   "harness": "112e82f710c639c31d69ca3cb3395338d26d81a4a04bb2bed9b1ce947120c1e0",[39m
[32m-   "production": "509869f4df577a29820f26514f6bdb7750f5e5c32591722c004aab8e1d40c4c9",[39m
[31m+   "harness": "1d4d913c4f686d7aa0871dde7f8af2c6049a674db2595c54a52b7f66491f2f9e",[39m
[31m+   "production": "312cde34932cdb4d70ccad60bb002d0c0a438865bd18e165c38b4a572ebff640",[39m
[2m    "runtime": {[22m
[2m      "architecture": "arm64",[22m
[2m      "node": "v24.21.0",[22m
[2m      "platform": "darwin",[22m
[2m      "sqliteDriver": "12.6.0",[22m

 ❯ assertRaptor3Identity scripts/raptor3-manifest.mjs:977:10
    975|   actual = captureRaptor3Identity()
    976| ) {
    977|   assert.deepEqual(
       |          ^
    978|     actual,
    979|     expected,
 ❯ tests/raptor3/gate.test.ts:134:5

⎯⎯⎯⎯⎯⎯⎯⎯⎯⎯⎯⎯⎯⎯⎯⎯⎯⎯⎯⎯⎯⎯⎯⎯[1/1]⎯


 Test Files  1 failed (1)
      Tests  1 failed (1)
   Start at  20:04:31
   Duration  2.17s (transform 1.30s, setup 10ms, collect 1.97s, tests 32ms, environment 0ms, prepare 30ms)

JSON report written to /var/folders/2c/xh5rx2d91wd_lk8rvnnhlr4m0000gn/T/viborm-raptor3-g0-PSfNoC/vitest.json
Vitest resources: 4.29s wall, 531.8 MiB peak sampled process-group RSS (sampled ceiling 1536 MiB). Teardown verified.
Raptor 3 verification failed; diagnostics: /var/folders/2c/xh5rx2d91wd_lk8rvnnhlr4m0000gn/T/viborm-raptor3-g0-PSfNoC
