
 RUN  v3.1.4 /Users/arnaud/code/viborm

 ✓ |raptor3| tests/raptor3/g3/generation/transport-campaign.test.ts (1 test) 2506ms
   ✓ executes one complete G3 transport seed batch  2506ms

 Test Files  1 passed (1)
      Tests  1 passed (1)
   Start at  17:20:28
   Duration  4.09s (transform 1.01s, setup 8ms, collect 1.46s, tests 2.51s, environment 0ms, prepare 25ms)

JSON report written to /var/folders/2c/xh5rx2d91wd_lk8rvnnhlr4m0000gn/T/viborm-raptor3-g0-Qbhzp2/vitest.json
Vitest resources: 5.90s wall, 909.4 MiB peak sampled process-group RSS (sampled ceiling 1536 MiB). Teardown verified.
Raptor 3 g3-transport-seed-batch contract gate verified. Evidence: /var/folders/2c/xh5rx2d91wd_lk8rvnnhlr4m0000gn/T/viborm-raptor3-g0-Qbhzp2

 RUN  v3.1.4 /Users/arnaud/code/viborm

 ✓ |raptor3| tests/raptor3/g3/generation/transport-campaign.test.ts (1 test) 2458ms
   ✓ executes one complete G3 transport seed batch  2457ms

 Test Files  1 passed (1)
      Tests  1 passed (1)
   Start at  17:20:36
   Duration  4.28s (transform 1.15s, setup 8ms, collect 1.69s, tests 2.46s, environment 0ms, prepare 26ms)

JSON report written to /var/folders/2c/xh5rx2d91wd_lk8rvnnhlr4m0000gn/T/viborm-raptor3-g0-MDFleU/vitest.json
Vitest resources: 6.32s wall, 702.3 MiB peak sampled process-group RSS (sampled ceiling 1536 MiB). Teardown verified.
Raptor 3 g3-transport-seed-batch contract gate verified. Evidence: /var/folders/2c/xh5rx2d91wd_lk8rvnnhlr4m0000gn/T/viborm-raptor3-g0-MDFleU

 RUN  v3.1.4 /Users/arnaud/code/viborm

 ✓ |raptor3| tests/raptor3/g3/generation/transport-campaign.test.ts (1 test) 2285ms
   ✓ executes one complete G3 transport seed batch  2285ms

 Test Files  1 passed (1)
      Tests  1 passed (1)
   Start at  17:20:44
   Duration  4.13s (transform 1.16s, setup 8ms, collect 1.70s, tests 2.29s, environment 0ms, prepare 27ms)

JSON report written to /var/folders/2c/xh5rx2d91wd_lk8rvnnhlr4m0000gn/T/viborm-raptor3-g0-wCTbxm/vitest.json
Vitest resources: 6.20s wall, 938.0 MiB peak sampled process-group RSS (sampled ceiling 1536 MiB). Teardown verified.
Raptor 3 g3-transport-seed-batch contract gate verified. Evidence: /var/folders/2c/xh5rx2d91wd_lk8rvnnhlr4m0000gn/T/viborm-raptor3-g0-wCTbxm

 RUN  v3.1.4 /Users/arnaud/code/viborm

 ✓ |raptor3| tests/raptor3/g3/generation/transport-campaign.test.ts (1 test) 2092ms
   ✓ executes one complete G3 transport seed batch  2091ms

 Test Files  1 passed (1)
      Tests  1 passed (1)
   Start at  17:20:52
   Duration  3.75s (transform 1.03s, setup 8ms, collect 1.51s, tests 2.09s, environment 0ms, prepare 28ms)

JSON report written to /var/folders/2c/xh5rx2d91wd_lk8rvnnhlr4m0000gn/T/viborm-raptor3-g0-LbOxJH/vitest.json
Vitest resources: 5.76s wall, 845.9 MiB peak sampled process-group RSS (sampled ceiling 1536 MiB). Teardown verified.
Raptor 3 g3-transport-seed-batch contract gate verified. Evidence: /var/folders/2c/xh5rx2d91wd_lk8rvnnhlr4m0000gn/T/viborm-raptor3-g0-LbOxJH

 RUN  v3.1.4 /Users/arnaud/code/viborm

 ✓ |raptor3| tests/raptor3/g3/generation/transport-campaign.test.ts (1 test) 2049ms
   ✓ executes one complete G3 transport seed batch  2049ms

 Test Files  1 passed (1)
      Tests  1 passed (1)
   Start at  17:20:59
   Duration  3.72s (transform 1.02s, setup 8ms, collect 1.49s, tests 2.05s, environment 0ms, prepare 25ms)

JSON report written to /var/folders/2c/xh5rx2d91wd_lk8rvnnhlr4m0000gn/T/viborm-raptor3-g0-5cP6DV/vitest.json
Vitest resources: 5.59s wall, 700.5 MiB peak sampled process-group RSS (sampled ceiling 1536 MiB). Teardown verified.
Raptor 3 g3-transport-seed-batch contract gate verified. Evidence: /var/folders/2c/xh5rx2d91wd_lk8rvnnhlr4m0000gn/T/viborm-raptor3-g0-5cP6DV

 RUN  v3.1.4 /Users/arnaud/code/viborm

 ✓ |raptor3| tests/raptor3/g3/generation/transport-campaign.test.ts (1 test) 1939ms
   ✓ executes one complete G3 transport seed batch  1938ms

 Test Files  1 passed (1)
      Tests  1 passed (1)
   Start at  17:21:06
   Duration  3.57s (transform 977ms, setup 7ms, collect 1.43s, tests 1.94s, environment 0ms, prepare 24ms)

JSON report written to /var/folders/2c/xh5rx2d91wd_lk8rvnnhlr4m0000gn/T/viborm-raptor3-g0-JScR7v/vitest.json
Vitest resources: 5.42s wall, 979.4 MiB peak sampled process-group RSS (sampled ceiling 1536 MiB). Teardown verified.
Raptor 3 g3-transport-seed-batch contract gate verified. Evidence: /var/folders/2c/xh5rx2d91wd_lk8rvnnhlr4m0000gn/T/viborm-raptor3-g0-JScR7v

 RUN  v3.1.4 /Users/arnaud/code/viborm

 ✓ |raptor3| tests/raptor3/g3/generation/transport-campaign.test.ts (1 test) 2114ms
   ✓ executes one complete G3 transport seed batch  2113ms

 Test Files  1 passed (1)
      Tests  1 passed (1)
   Start at  17:21:13
   Duration  3.76s (transform 1.01s, setup 7ms, collect 1.46s, tests 2.11s, environment 0ms, prepare 24ms)

JSON report written to /var/folders/2c/xh5rx2d91wd_lk8rvnnhlr4m0000gn/T/viborm-raptor3-g0-DbKj6F/vitest.json
Vitest resources: 5.62s wall, 693.8 MiB peak sampled process-group RSS (sampled ceiling 1536 MiB). Teardown verified.
Raptor 3 g3-transport-seed-batch contract gate verified. Evidence: /var/folders/2c/xh5rx2d91wd_lk8rvnnhlr4m0000gn/T/viborm-raptor3-g0-DbKj6F

 RUN  v3.1.4 /Users/arnaud/code/viborm

 ✓ |raptor3| tests/raptor3/g3/generation/transport-campaign.test.ts (1 test) 1875ms
   ✓ executes one complete G3 transport seed batch  1875ms

 Test Files  1 passed (1)
      Tests  1 passed (1)
   Start at  17:21:20
   Duration  3.54s (transform 999ms, setup 7ms, collect 1.45s, tests 1.88s, environment 0ms, prepare 24ms)

JSON report written to /var/folders/2c/xh5rx2d91wd_lk8rvnnhlr4m0000gn/T/viborm-raptor3-g0-KhEw76/vitest.json
Vitest resources: 5.39s wall, 906.6 MiB peak sampled process-group RSS (sampled ceiling 1536 MiB). Teardown verified.
Raptor 3 g3-transport-seed-batch contract gate verified. Evidence: /var/folders/2c/xh5rx2d91wd_lk8rvnnhlr4m0000gn/T/viborm-raptor3-g0-KhEw76

 RUN  v3.1.4 /Users/arnaud/code/viborm

 ✓ |raptor3| tests/raptor3/g3/generation/transport-campaign.test.ts (1 test) 1941ms
   ✓ executes one complete G3 transport seed batch  1941ms

 Test Files  1 passed (1)
      Tests  1 passed (1)
   Start at  17:21:26
   Duration  3.63s (transform 1.04s, setup 8ms, collect 1.52s, tests 1.94s, environment 0ms, prepare 24ms)

JSON report written to /var/folders/2c/xh5rx2d91wd_lk8rvnnhlr4m0000gn/T/viborm-raptor3-g0-Hv46Sd/vitest.json
Vitest resources: 5.51s wall, 748.9 MiB peak sampled process-group RSS (sampled ceiling 1536 MiB). Teardown verified.
Raptor 3 g3-transport-seed-batch contract gate verified. Evidence: /var/folders/2c/xh5rx2d91wd_lk8rvnnhlr4m0000gn/T/viborm-raptor3-g0-Hv46Sd

 RUN  v3.1.4 /Users/arnaud/code/viborm

 ✓ |raptor3| tests/raptor3/g3/generation/transport-campaign.test.ts (1 test) 1791ms
   ✓ executes one complete G3 transport seed batch  1791ms

 Test Files  1 passed (1)
      Tests  1 passed (1)
   Start at  17:21:33
   Duration  3.54s (transform 1.10s, setup 8ms, collect 1.61s, tests 1.79s, environment 0ms, prepare 29ms)

JSON report written to /var/folders/2c/xh5rx2d91wd_lk8rvnnhlr4m0000gn/T/viborm-raptor3-g0-pXK2xR/vitest.json
Vitest resources: 5.49s wall, 746.2 MiB peak sampled process-group RSS (sampled ceiling 1536 MiB). Teardown verified.
Raptor 3 g3-transport-seed-batch contract gate verified. Evidence: /var/folders/2c/xh5rx2d91wd_lk8rvnnhlr4m0000gn/T/viborm-raptor3-g0-pXK2xR

 RUN  v3.1.4 /Users/arnaud/code/viborm

 ✓ |raptor3| tests/raptor3/g3/generation/transport-campaign.test.ts (1 test) 2668ms
   ✓ executes one complete G3 transport seed batch  2667ms

 Test Files  1 passed (1)
      Tests  1 passed (1)
   Start at  17:21:40
   Duration  4.42s (transform 1.05s, setup 8ms, collect 1.56s, tests 2.67s, environment 0ms, prepare 24ms)

JSON report written to /var/folders/2c/xh5rx2d91wd_lk8rvnnhlr4m0000gn/T/viborm-raptor3-g0-hnYlkK/vitest.json
Vitest resources: 6.54s wall, 901.8 MiB peak sampled process-group RSS (sampled ceiling 1536 MiB). Teardown verified.
Raptor 3 g3-transport-seed-batch contract gate verified. Evidence: /var/folders/2c/xh5rx2d91wd_lk8rvnnhlr4m0000gn/T/viborm-raptor3-g0-hnYlkK

 RUN  v3.1.4 /Users/arnaud/code/viborm

 ✓ |raptor3| tests/raptor3/g3/generation/transport-campaign.test.ts (1 test) 2784ms
   ✓ executes one complete G3 transport seed batch  2783ms

 Test Files  1 passed (1)
      Tests  1 passed (1)
   Start at  17:21:48
   Duration  4.47s (transform 979ms, setup 7ms, collect 1.56s, tests 2.78s, environment 0ms, prepare 26ms)

JSON report written to /var/folders/2c/xh5rx2d91wd_lk8rvnnhlr4m0000gn/T/viborm-raptor3-g0-JDlgQ6/vitest.json
Vitest resources: 6.42s wall, 928.1 MiB peak sampled process-group RSS (sampled ceiling 1536 MiB). Teardown verified.
Raptor 3 g3-transport-seed-batch contract gate verified. Evidence: /var/folders/2c/xh5rx2d91wd_lk8rvnnhlr4m0000gn/T/viborm-raptor3-g0-JDlgQ6

 RUN  v3.1.4 /Users/arnaud/code/viborm

 ✓ |raptor3| tests/raptor3/g3/generation/transport-campaign.test.ts (1 test) 2424ms
   ✓ executes one complete G3 transport seed batch  2423ms

 Test Files  1 passed (1)
      Tests  1 passed (1)
   Start at  17:21:56
   Duration  4.12s (transform 1.02s, setup 7ms, collect 1.49s, tests 2.42s, environment 0ms, prepare 26ms)

JSON report written to /var/folders/2c/xh5rx2d91wd_lk8rvnnhlr4m0000gn/T/viborm-raptor3-g0-LgD5S6/vitest.json
Vitest resources: 5.97s wall, 961.3 MiB peak sampled process-group RSS (sampled ceiling 1536 MiB). Teardown verified.
Raptor 3 g3-transport-seed-batch contract gate verified. Evidence: /var/folders/2c/xh5rx2d91wd_lk8rvnnhlr4m0000gn/T/viborm-raptor3-g0-LgD5S6

 RUN  v3.1.4 /Users/arnaud/code/viborm

 ✓ |raptor3| tests/raptor3/g3/generation/transport-campaign.test.ts (1 test) 2374ms
   ✓ executes one complete G3 transport seed batch  2373ms

 Test Files  1 passed (1)
      Tests  1 passed (1)
   Start at  17:22:04
   Duration  3.96s (transform 968ms, setup 8ms, collect 1.40s, tests 2.37s, environment 0ms, prepare 24ms)

JSON report written to /var/folders/2c/xh5rx2d91wd_lk8rvnnhlr4m0000gn/T/viborm-raptor3-g0-JWNrjS/vitest.json
Vitest resources: 5.82s wall, 704.5 MiB peak sampled process-group RSS (sampled ceiling 1536 MiB). Teardown verified.
Raptor 3 g3-transport-seed-batch contract gate verified. Evidence: /var/folders/2c/xh5rx2d91wd_lk8rvnnhlr4m0000gn/T/viborm-raptor3-g0-JWNrjS

 RUN  v3.1.4 /Users/arnaud/code/viborm

 ✓ |raptor3| tests/raptor3/g3/generation/transport-campaign.test.ts (1 test) 2610ms
   ✓ executes one complete G3 transport seed batch  2609ms

 Test Files  1 passed (1)
      Tests  1 passed (1)
   Start at  17:22:11
   Duration  4.26s (transform 1.00s, setup 7ms, collect 1.47s, tests 2.61s, environment 0ms, prepare 24ms)

JSON report written to /var/folders/2c/xh5rx2d91wd_lk8rvnnhlr4m0000gn/T/viborm-raptor3-g0-1G0NaN/vitest.json
Vitest resources: 6.13s wall, 702.8 MiB peak sampled process-group RSS (sampled ceiling 1536 MiB). Teardown verified.
Raptor 3 g3-transport-seed-batch contract gate verified. Evidence: /var/folders/2c/xh5rx2d91wd_lk8rvnnhlr4m0000gn/T/viborm-raptor3-g0-1G0NaN

 RUN  v3.1.4 /Users/arnaud/code/viborm

 ✓ |raptor3| tests/raptor3/g3/generation/transport-campaign.test.ts (1 test) 1885ms
   ✓ executes one complete G3 transport seed batch  1885ms

 Test Files  1 passed (1)
      Tests  1 passed (1)
   Start at  17:22:19
   Duration  3.52s (transform 1.00s, setup 7ms, collect 1.46s, tests 1.89s, environment 0ms, prepare 24ms)

JSON report written to /var/folders/2c/xh5rx2d91wd_lk8rvnnhlr4m0000gn/T/viborm-raptor3-g0-X34Gti/vitest.json
Vitest resources: 5.38s wall, 734.2 MiB peak sampled process-group RSS (sampled ceiling 1536 MiB). Teardown verified.
Raptor 3 g3-transport-seed-batch contract gate verified. Evidence: /var/folders/2c/xh5rx2d91wd_lk8rvnnhlr4m0000gn/T/viborm-raptor3-g0-X34Gti

 RUN  v3.1.4 /Users/arnaud/code/viborm

 ✓ |raptor3| tests/raptor3/g3/generation/transport-campaign.test.ts (1 test) 1849ms
   ✓ executes one complete G3 transport seed batch  1848ms

 Test Files  1 passed (1)
      Tests  1 passed (1)
   Start at  17:22:26
   Duration  3.40s (transform 979ms, setup 7ms, collect 1.42s, tests 1.85s, environment 0ms, prepare 24ms)

JSON report written to /var/folders/2c/xh5rx2d91wd_lk8rvnnhlr4m0000gn/T/viborm-raptor3-g0-OOlgN1/vitest.json
Vitest resources: 5.23s wall, 717.9 MiB peak sampled process-group RSS (sampled ceiling 1536 MiB). Teardown verified.
Raptor 3 g3-transport-seed-batch contract gate verified. Evidence: /var/folders/2c/xh5rx2d91wd_lk8rvnnhlr4m0000gn/T/viborm-raptor3-g0-OOlgN1

 RUN  v3.1.4 /Users/arnaud/code/viborm

 ✓ |raptor3| tests/raptor3/g3/generation/transport-campaign.test.ts (1 test) 2200ms
   ✓ executes one complete G3 transport seed batch  2200ms

 Test Files  1 passed (1)
      Tests  1 passed (1)
   Start at  17:22:32
   Duration  3.84s (transform 981ms, setup 7ms, collect 1.42s, tests 2.20s, environment 0ms, prepare 24ms)

JSON report written to /var/folders/2c/xh5rx2d91wd_lk8rvnnhlr4m0000gn/T/viborm-raptor3-g0-eDq5N5/vitest.json
Vitest resources: 5.67s wall, 941.6 MiB peak sampled process-group RSS (sampled ceiling 1536 MiB). Teardown verified.
Raptor 3 g3-transport-seed-batch contract gate verified. Evidence: /var/folders/2c/xh5rx2d91wd_lk8rvnnhlr4m0000gn/T/viborm-raptor3-g0-eDq5N5

 RUN  v3.1.4 /Users/arnaud/code/viborm

 ✓ |raptor3| tests/raptor3/g3/generation/transport-campaign.test.ts (1 test) 2114ms
   ✓ executes one complete G3 transport seed batch  2114ms

 Test Files  1 passed (1)
      Tests  1 passed (1)
   Start at  17:22:39
   Duration  3.78s (transform 1.01s, setup 8ms, collect 1.46s, tests 2.11s, environment 0ms, prepare 25ms)

JSON report written to /var/folders/2c/xh5rx2d91wd_lk8rvnnhlr4m0000gn/T/viborm-raptor3-g0-VYfdFk/vitest.json
Vitest resources: 5.64s wall, 691.2 MiB peak sampled process-group RSS (sampled ceiling 1536 MiB). Teardown verified.
Raptor 3 g3-transport-seed-batch contract gate verified. Evidence: /var/folders/2c/xh5rx2d91wd_lk8rvnnhlr4m0000gn/T/viborm-raptor3-g0-VYfdFk

 RUN  v3.1.4 /Users/arnaud/code/viborm

 ✓ |raptor3| tests/raptor3/g3/generation/transport-campaign.test.ts (1 test) 2150ms
   ✓ executes one complete G3 transport seed batch  2150ms

 Test Files  1 passed (1)
      Tests  1 passed (1)
   Start at  17:22:47
   Duration  3.72s (transform 985ms, setup 7ms, collect 1.44s, tests 2.15s, environment 0ms, prepare 25ms)

JSON report written to /var/folders/2c/xh5rx2d91wd_lk8rvnnhlr4m0000gn/T/viborm-raptor3-g0-4q4RA9/vitest.json
Vitest resources: 5.67s wall, 886.4 MiB peak sampled process-group RSS (sampled ceiling 1536 MiB). Teardown verified.
Raptor 3 g3-transport-seed-batch contract gate verified. Evidence: /var/folders/2c/xh5rx2d91wd_lk8rvnnhlr4m0000gn/T/viborm-raptor3-g0-4q4RA9

 RUN  v3.1.4 /Users/arnaud/code/viborm

 ✓ |raptor3| tests/raptor3/g3/generation/transport-campaign.test.ts (1 test) 2203ms
   ✓ executes one complete G3 transport seed batch  2202ms

 Test Files  1 passed (1)
      Tests  1 passed (1)
   Start at  17:22:54
   Duration  3.78s (transform 979ms, setup 7ms, collect 1.42s, tests 2.20s, environment 0ms, prepare 24ms)

JSON report written to /var/folders/2c/xh5rx2d91wd_lk8rvnnhlr4m0000gn/T/viborm-raptor3-g0-FbV3JD/vitest.json
Vitest resources: 5.67s wall, 963.8 MiB peak sampled process-group RSS (sampled ceiling 1536 MiB). Teardown verified.
Raptor 3 g3-transport-seed-batch contract gate verified. Evidence: /var/folders/2c/xh5rx2d91wd_lk8rvnnhlr4m0000gn/T/viborm-raptor3-g0-FbV3JD

 RUN  v3.1.4 /Users/arnaud/code/viborm

 ✓ |raptor3| tests/raptor3/g3/generation/transport-campaign.test.ts (1 test) 2523ms
   ✓ executes one complete G3 transport seed batch  2522ms

 Test Files  1 passed (1)
      Tests  1 passed (1)
   Start at  17:23:01
   Duration  4.07s (transform 974ms, setup 8ms, collect 1.41s, tests 2.52s, environment 0ms, prepare 25ms)

JSON report written to /var/folders/2c/xh5rx2d91wd_lk8rvnnhlr4m0000gn/T/viborm-raptor3-g0-Ni3mWl/vitest.json
Vitest resources: 5.89s wall, 717.1 MiB peak sampled process-group RSS (sampled ceiling 1536 MiB). Teardown verified.
Raptor 3 g3-transport-seed-batch contract gate verified. Evidence: /var/folders/2c/xh5rx2d91wd_lk8rvnnhlr4m0000gn/T/viborm-raptor3-g0-Ni3mWl

 RUN  v3.1.4 /Users/arnaud/code/viborm

 ✓ |raptor3| tests/raptor3/g3/generation/transport-campaign.test.ts (1 test) 2080ms
   ✓ executes one complete G3 transport seed batch  2080ms

 Test Files  1 passed (1)
      Tests  1 passed (1)
   Start at  17:23:08
   Duration  3.74s (transform 978ms, setup 9ms, collect 1.44s, tests 2.08s, environment 0ms, prepare 25ms)

JSON report written to /var/folders/2c/xh5rx2d91wd_lk8rvnnhlr4m0000gn/T/viborm-raptor3-g0-Zezcak/vitest.json
Vitest resources: 5.58s wall, 721.8 MiB peak sampled process-group RSS (sampled ceiling 1536 MiB). Teardown verified.
Raptor 3 g3-transport-seed-batch contract gate verified. Evidence: /var/folders/2c/xh5rx2d91wd_lk8rvnnhlr4m0000gn/T/viborm-raptor3-g0-Zezcak

 RUN  v3.1.4 /Users/arnaud/code/viborm

 ✓ |raptor3| tests/raptor3/g3/generation/transport-campaign.test.ts (1 test) 2154ms
   ✓ executes one complete G3 transport seed batch  2153ms

 Test Files  1 passed (1)
      Tests  1 passed (1)
   Start at  17:23:15
   Duration  3.78s (transform 1.01s, setup 7ms, collect 1.48s, tests 2.15s, environment 0ms, prepare 26ms)

JSON report written to /var/folders/2c/xh5rx2d91wd_lk8rvnnhlr4m0000gn/T/viborm-raptor3-g0-8Q4Iew/vitest.json
Vitest resources: 5.68s wall, 926.9 MiB peak sampled process-group RSS (sampled ceiling 1536 MiB). Teardown verified.
Raptor 3 g3-transport-seed-batch contract gate verified. Evidence: /var/folders/2c/xh5rx2d91wd_lk8rvnnhlr4m0000gn/T/viborm-raptor3-g0-8Q4Iew

 RUN  v3.1.4 /Users/arnaud/code/viborm

 ✓ |raptor3| tests/raptor3/g3/generation/transport-campaign.test.ts (1 test) 2072ms
   ✓ executes one complete G3 transport seed batch  2072ms

 Test Files  1 passed (1)
      Tests  1 passed (1)
   Start at  17:23:23
   Duration  3.70s (transform 1.00s, setup 8ms, collect 1.44s, tests 2.07s, environment 0ms, prepare 24ms)

JSON report written to /var/folders/2c/xh5rx2d91wd_lk8rvnnhlr4m0000gn/T/viborm-raptor3-g0-ec9o6t/vitest.json
Vitest resources: 5.57s wall, 727.8 MiB peak sampled process-group RSS (sampled ceiling 1536 MiB). Teardown verified.
Raptor 3 g3-transport-seed-batch contract gate verified. Evidence: /var/folders/2c/xh5rx2d91wd_lk8rvnnhlr4m0000gn/T/viborm-raptor3-g0-ec9o6t

 RUN  v3.1.4 /Users/arnaud/code/viborm

 ✓ |raptor3| tests/raptor3/g3/generation/transport-campaign.test.ts (1 test) 2028ms
   ✓ executes one complete G3 transport seed batch  2028ms

 Test Files  1 passed (1)
      Tests  1 passed (1)
   Start at  17:23:30
   Duration  3.65s (transform 986ms, setup 8ms, collect 1.43s, tests 2.03s, environment 0ms, prepare 23ms)

JSON report written to /var/folders/2c/xh5rx2d91wd_lk8rvnnhlr4m0000gn/T/viborm-raptor3-g0-55BGsy/vitest.json
Vitest resources: 5.51s wall, 769.6 MiB peak sampled process-group RSS (sampled ceiling 1536 MiB). Teardown verified.
Raptor 3 g3-transport-seed-batch contract gate verified. Evidence: /var/folders/2c/xh5rx2d91wd_lk8rvnnhlr4m0000gn/T/viborm-raptor3-g0-55BGsy

 RUN  v3.1.4 /Users/arnaud/code/viborm

 ✓ |raptor3| tests/raptor3/g3/generation/transport-campaign.test.ts (1 test) 1978ms
   ✓ executes one complete G3 transport seed batch  1977ms

 Test Files  1 passed (1)
      Tests  1 passed (1)
   Start at  17:23:37
   Duration  4.80s (transform 1.79s, setup 7ms, collect 2.67s, tests 1.98s, environment 0ms, prepare 25ms)

JSON report written to /var/folders/2c/xh5rx2d91wd_lk8rvnnhlr4m0000gn/T/viborm-raptor3-g0-8ZpFvD/vitest.json
Vitest resources: 6.69s wall, 970.4 MiB peak sampled process-group RSS (sampled ceiling 1536 MiB). Teardown verified.
Raptor 3 g3-transport-seed-batch contract gate verified. Evidence: /var/folders/2c/xh5rx2d91wd_lk8rvnnhlr4m0000gn/T/viborm-raptor3-g0-8ZpFvD

 RUN  v3.1.4 /Users/arnaud/code/viborm

 ✓ |raptor3| tests/raptor3/g3/generation/transport-campaign.test.ts (1 test) 1678ms
   ✓ executes one complete G3 transport seed batch  1677ms

 Test Files  1 passed (1)
      Tests  1 passed (1)
   Start at  17:23:45
   Duration  3.36s (transform 1.05s, setup 8ms, collect 1.54s, tests 1.68s, environment 0ms, prepare 27ms)

JSON report written to /var/folders/2c/xh5rx2d91wd_lk8rvnnhlr4m0000gn/T/viborm-raptor3-g0-va4GSI/vitest.json
Vitest resources: 5.56s wall, 693.4 MiB peak sampled process-group RSS (sampled ceiling 1536 MiB). Teardown verified.
Raptor 3 g3-transport-seed-batch contract gate verified. Evidence: /var/folders/2c/xh5rx2d91wd_lk8rvnnhlr4m0000gn/T/viborm-raptor3-g0-va4GSI

 RUN  v3.1.4 /Users/arnaud/code/viborm

 ✓ |raptor3| tests/raptor3/g3/generation/transport-campaign.test.ts (1 test) 2249ms
   ✓ executes one complete G3 transport seed batch  2248ms

 Test Files  1 passed (1)
      Tests  1 passed (1)
   Start at  17:23:51
   Duration  4.07s (transform 1.13s, setup 8ms, collect 1.68s, tests 2.25s, environment 0ms, prepare 26ms)

JSON report written to /var/folders/2c/xh5rx2d91wd_lk8rvnnhlr4m0000gn/T/viborm-raptor3-g0-2WdnIu/vitest.json
Vitest resources: 6.02s wall, 744.9 MiB peak sampled process-group RSS (sampled ceiling 1536 MiB). Teardown verified.
Raptor 3 g3-transport-seed-batch contract gate verified. Evidence: /var/folders/2c/xh5rx2d91wd_lk8rvnnhlr4m0000gn/T/viborm-raptor3-g0-2WdnIu

 RUN  v3.1.4 /Users/arnaud/code/viborm

 ✓ |raptor3| tests/raptor3/g3/generation/transport-campaign.test.ts (1 test) 1792ms
   ✓ executes one complete G3 transport seed batch  1792ms

 Test Files  1 passed (1)
      Tests  1 passed (1)
   Start at  17:23:59
   Duration  3.68s (transform 1.13s, setup 8ms, collect 1.73s, tests 1.79s, environment 0ms, prepare 29ms)

JSON report written to /var/folders/2c/xh5rx2d91wd_lk8rvnnhlr4m0000gn/T/viborm-raptor3-g0-Y73sc0/vitest.json
Vitest resources: 5.64s wall, 701.3 MiB peak sampled process-group RSS (sampled ceiling 1536 MiB). Teardown verified.
Raptor 3 g3-transport-seed-batch contract gate verified. Evidence: /var/folders/2c/xh5rx2d91wd_lk8rvnnhlr4m0000gn/T/viborm-raptor3-g0-Y73sc0

 RUN  v3.1.4 /Users/arnaud/code/viborm

 ✓ |raptor3| tests/raptor3/g3/generation/transport-campaign.test.ts (1 test) 2877ms
   ✓ executes one complete G3 transport seed batch  2877ms

 Test Files  1 passed (1)
      Tests  1 passed (1)
   Start at  17:24:06
   Duration  4.55s (transform 1.05s, setup 8ms, collect 1.54s, tests 2.88s, environment 0ms, prepare 25ms)

JSON report written to /var/folders/2c/xh5rx2d91wd_lk8rvnnhlr4m0000gn/T/viborm-raptor3-g0-Fysyqo/vitest.json
Vitest resources: 6.56s wall, 752.6 MiB peak sampled process-group RSS (sampled ceiling 1536 MiB). Teardown verified.
Raptor 3 g3-transport-seed-batch contract gate verified. Evidence: /var/folders/2c/xh5rx2d91wd_lk8rvnnhlr4m0000gn/T/viborm-raptor3-g0-Fysyqo

 RUN  v3.1.4 /Users/arnaud/code/viborm

 ✓ |raptor3| tests/raptor3/g3/generation/transport-campaign.test.ts (1 test) 2987ms
   ✓ executes one complete G3 transport seed batch  2987ms

 Test Files  1 passed (1)
      Tests  1 passed (1)
   Start at  17:24:14
   Duration  4.70s (transform 1.05s, setup 8ms, collect 1.56s, tests 2.99s, environment 0ms, prepare 25ms)

JSON report written to /var/folders/2c/xh5rx2d91wd_lk8rvnnhlr4m0000gn/T/viborm-raptor3-g0-uf5ism/vitest.json
Vitest resources: 6.66s wall, 1049.1 MiB peak sampled process-group RSS (sampled ceiling 1536 MiB). Teardown verified.
Raptor 3 g3-transport-seed-batch contract gate verified. Evidence: /var/folders/2c/xh5rx2d91wd_lk8rvnnhlr4m0000gn/T/viborm-raptor3-g0-uf5ism

 RUN  v3.1.4 /Users/arnaud/code/viborm

 ✓ |raptor3| tests/raptor3/g3/generation/transport-campaign.test.ts (1 test) 2985ms
   ✓ executes one complete G3 transport seed batch  2985ms

 Test Files  1 passed (1)
      Tests  1 passed (1)
   Start at  17:24:24
   Duration  5.12s (transform 1.23s, setup 10ms, collect 1.96s, tests 2.99s, environment 0ms, prepare 41ms)

JSON report written to /var/folders/2c/xh5rx2d91wd_lk8rvnnhlr4m0000gn/T/viborm-raptor3-g0-egRgxi/vitest.json
Vitest resources: 8.20s wall, 975.5 MiB peak sampled process-group RSS (sampled ceiling 1536 MiB). Teardown verified.
Raptor 3 g3-transport-seed-batch contract gate verified. Evidence: /var/folders/2c/xh5rx2d91wd_lk8rvnnhlr4m0000gn/T/viborm-raptor3-g0-egRgxi

 RUN  v3.1.4 /Users/arnaud/code/viborm

 ✓ |raptor3| tests/raptor3/g3/generation/transport-campaign.test.ts (1 test) 2770ms
   ✓ executes one complete G3 transport seed batch  2769ms

 Test Files  1 passed (1)
      Tests  1 passed (1)
   Start at  17:24:35
   Duration  4.75s (transform 1.10s, setup 9ms, collect 1.68s, tests 2.77s, environment 0ms, prepare 36ms)

JSON report written to /var/folders/2c/xh5rx2d91wd_lk8rvnnhlr4m0000gn/T/viborm-raptor3-g0-6BsCv4/vitest.json
Vitest resources: 7.66s wall, 765.1 MiB peak sampled process-group RSS (sampled ceiling 1536 MiB). Teardown verified.
Raptor 3 g3-transport-seed-batch contract gate verified. Evidence: /var/folders/2c/xh5rx2d91wd_lk8rvnnhlr4m0000gn/T/viborm-raptor3-g0-6BsCv4

 RUN  v3.1.4 /Users/arnaud/code/viborm

 ✓ |raptor3| tests/raptor3/g3/generation/transport-campaign.test.ts (1 test) 2815ms
   ✓ executes one complete G3 transport seed batch  2815ms

 Test Files  1 passed (1)
      Tests  1 passed (1)
   Start at  17:24:44
   Duration  4.60s (transform 1.03s, setup 8ms, collect 1.65s, tests 2.82s, environment 0ms, prepare 26ms)

JSON report written to /var/folders/2c/xh5rx2d91wd_lk8rvnnhlr4m0000gn/T/viborm-raptor3-g0-3FJy0M/vitest.json
Vitest resources: 6.65s wall, 716.5 MiB peak sampled process-group RSS (sampled ceiling 1536 MiB). Teardown verified.
Raptor 3 g3-transport-seed-batch contract gate verified. Evidence: /var/folders/2c/xh5rx2d91wd_lk8rvnnhlr4m0000gn/T/viborm-raptor3-g0-3FJy0M

 RUN  v3.1.4 /Users/arnaud/code/viborm

 ✓ |raptor3| tests/raptor3/g3/generation/transport-campaign.test.ts (1 test) 2600ms
   ✓ executes one complete G3 transport seed batch  2599ms

 Test Files  1 passed (1)
      Tests  1 passed (1)
   Start at  17:24:52
   Duration  4.30s (transform 1.05s, setup 8ms, collect 1.56s, tests 2.60s, environment 0ms, prepare 27ms)

JSON report written to /var/folders/2c/xh5rx2d91wd_lk8rvnnhlr4m0000gn/T/viborm-raptor3-g0-oCScev/vitest.json
Vitest resources: 6.24s wall, 924.9 MiB peak sampled process-group RSS (sampled ceiling 1536 MiB). Teardown verified.
Raptor 3 g3-transport-seed-batch contract gate verified. Evidence: /var/folders/2c/xh5rx2d91wd_lk8rvnnhlr4m0000gn/T/viborm-raptor3-g0-oCScev

 RUN  v3.1.4 /Users/arnaud/code/viborm

 ✓ |raptor3| tests/raptor3/g3/generation/transport-campaign.test.ts (1 test) 2155ms
   ✓ executes one complete G3 transport seed batch  2154ms

 Test Files  1 passed (1)
      Tests  1 passed (1)
   Start at  17:25:00
   Duration  3.74s (transform 998ms, setup 8ms, collect 1.46s, tests 2.15s, environment 0ms, prepare 25ms)

JSON report written to /var/folders/2c/xh5rx2d91wd_lk8rvnnhlr4m0000gn/T/viborm-raptor3-g0-muYOtf/vitest.json
Vitest resources: 5.76s wall, 799.1 MiB peak sampled process-group RSS (sampled ceiling 1536 MiB). Teardown verified.
Raptor 3 g3-transport-seed-batch contract gate verified. Evidence: /var/folders/2c/xh5rx2d91wd_lk8rvnnhlr4m0000gn/T/viborm-raptor3-g0-muYOtf

 RUN  v3.1.4 /Users/arnaud/code/viborm

 ✓ |raptor3| tests/raptor3/g3/generation/transport-campaign.test.ts (1 test) 1925ms
   ✓ executes one complete G3 transport seed batch  1925ms

 Test Files  1 passed (1)
      Tests  1 passed (1)
   Start at  17:25:07
   Duration  3.50s (transform 986ms, setup 8ms, collect 1.44s, tests 1.93s, environment 0ms, prepare 26ms)

JSON report written to /var/folders/2c/xh5rx2d91wd_lk8rvnnhlr4m0000gn/T/viborm-raptor3-g0-kXszBG/vitest.json
Vitest resources: 5.53s wall, 708.7 MiB peak sampled process-group RSS (sampled ceiling 1536 MiB). Teardown verified.
Raptor 3 g3-transport-seed-batch contract gate verified. Evidence: /var/folders/2c/xh5rx2d91wd_lk8rvnnhlr4m0000gn/T/viborm-raptor3-g0-kXszBG

 RUN  v3.1.4 /Users/arnaud/code/viborm

 ✓ |raptor3| tests/raptor3/g3/generation/transport-campaign.test.ts (1 test) 2077ms
   ✓ executes one complete G3 transport seed batch  2076ms

 Test Files  1 passed (1)
      Tests  1 passed (1)
   Start at  17:25:14
   Duration  3.80s (transform 1.07s, setup 9ms, collect 1.57s, tests 2.08s, environment 0ms, prepare 27ms)

JSON report written to /var/folders/2c/xh5rx2d91wd_lk8rvnnhlr4m0000gn/T/viborm-raptor3-g0-sewNOV/vitest.json
Vitest resources: 5.70s wall, 1035.0 MiB peak sampled process-group RSS (sampled ceiling 1536 MiB). Teardown verified.
Raptor 3 g3-transport-seed-batch contract gate verified. Evidence: /var/folders/2c/xh5rx2d91wd_lk8rvnnhlr4m0000gn/T/viborm-raptor3-g0-sewNOV

 RUN  v3.1.4 /Users/arnaud/code/viborm

 ✓ |raptor3| tests/raptor3/g3/generation/transport-campaign.test.ts (1 test) 2169ms
   ✓ executes one complete G3 transport seed batch  2168ms

 Test Files  1 passed (1)
      Tests  1 passed (1)
   Start at  17:25:21
   Duration  3.77s (transform 1.01s, setup 8ms, collect 1.46s, tests 2.17s, environment 0ms, prepare 25ms)

JSON report written to /var/folders/2c/xh5rx2d91wd_lk8rvnnhlr4m0000gn/T/viborm-raptor3-g0-RJIoHn/vitest.json
Vitest resources: 5.70s wall, 1001.4 MiB peak sampled process-group RSS (sampled ceiling 1536 MiB). Teardown verified.
Raptor 3 g3-transport-seed-batch contract gate verified. Evidence: /var/folders/2c/xh5rx2d91wd_lk8rvnnhlr4m0000gn/T/viborm-raptor3-g0-RJIoHn

 RUN  v3.1.4 /Users/arnaud/code/viborm

 ✓ |raptor3| tests/raptor3/g3/generation/transport-campaign.test.ts (1 test) 2617ms
   ✓ executes one complete G3 transport seed batch  2617ms

 Test Files  1 passed (1)
      Tests  1 passed (1)
   Start at  17:25:28
   Duration  4.44s (transform 1.14s, setup 9ms, collect 1.66s, tests 2.62s, environment 0ms, prepare 26ms)

JSON report written to /var/folders/2c/xh5rx2d91wd_lk8rvnnhlr4m0000gn/T/viborm-raptor3-g0-ehthUH/vitest.json
Vitest resources: 6.41s wall, 797.1 MiB peak sampled process-group RSS (sampled ceiling 1536 MiB). Teardown verified.
Raptor 3 g3-transport-seed-batch contract gate verified. Evidence: /var/folders/2c/xh5rx2d91wd_lk8rvnnhlr4m0000gn/T/viborm-raptor3-g0-ehthUH

 RUN  v3.1.4 /Users/arnaud/code/viborm

 ✓ |raptor3| tests/raptor3/g3/generation/transport-campaign.test.ts (1 test) 2661ms
   ✓ executes one complete G3 transport seed batch  2660ms

 Test Files  1 passed (1)
      Tests  1 passed (1)
   Start at  17:25:37
   Duration  4.23s (transform 988ms, setup 8ms, collect 1.43s, tests 2.66s, environment 0ms, prepare 25ms)

JSON report written to /var/folders/2c/xh5rx2d91wd_lk8rvnnhlr4m0000gn/T/viborm-raptor3-g0-4WvX6a/vitest.json
Vitest resources: 6.14s wall, 735.8 MiB peak sampled process-group RSS (sampled ceiling 1536 MiB). Teardown verified.
Raptor 3 g3-transport-seed-batch contract gate verified. Evidence: /var/folders/2c/xh5rx2d91wd_lk8rvnnhlr4m0000gn/T/viborm-raptor3-g0-4WvX6a

 RUN  v3.1.4 /Users/arnaud/code/viborm

 ✓ |raptor3| tests/raptor3/g3/generation/transport-campaign.test.ts (1 test) 2192ms
   ✓ executes one complete G3 transport seed batch  2191ms

 Test Files  1 passed (1)
      Tests  1 passed (1)
   Start at  17:25:45
   Duration  3.78s (transform 1.00s, setup 8ms, collect 1.46s, tests 2.19s, environment 0ms, prepare 24ms)

JSON report written to /var/folders/2c/xh5rx2d91wd_lk8rvnnhlr4m0000gn/T/viborm-raptor3-g0-NL8KaN/vitest.json
Vitest resources: 5.70s wall, 970.7 MiB peak sampled process-group RSS (sampled ceiling 1536 MiB). Teardown verified.
Raptor 3 g3-transport-seed-batch contract gate verified. Evidence: /var/folders/2c/xh5rx2d91wd_lk8rvnnhlr4m0000gn/T/viborm-raptor3-g0-NL8KaN

 RUN  v3.1.4 /Users/arnaud/code/viborm

 ✓ |raptor3| tests/raptor3/g3/generation/transport-campaign.test.ts (1 test) 2712ms
   ✓ executes one complete G3 transport seed batch  2711ms

 Test Files  1 passed (1)
      Tests  1 passed (1)
   Start at  17:25:52
   Duration  4.43s (transform 1.03s, setup 10ms, collect 1.51s, tests 2.71s, environment 0ms, prepare 27ms)

JSON report written to /var/folders/2c/xh5rx2d91wd_lk8rvnnhlr4m0000gn/T/viborm-raptor3-g0-QnAHas/vitest.json
Vitest resources: 6.29s wall, 935.3 MiB peak sampled process-group RSS (sampled ceiling 1536 MiB). Teardown verified.
Raptor 3 g3-transport-seed-batch contract gate verified. Evidence: /var/folders/2c/xh5rx2d91wd_lk8rvnnhlr4m0000gn/T/viborm-raptor3-g0-QnAHas

 RUN  v3.1.4 /Users/arnaud/code/viborm

 ✓ |raptor3| tests/raptor3/g3/generation/transport-campaign.test.ts (1 test) 2730ms
   ✓ executes one complete G3 transport seed batch  2729ms

 Test Files  1 passed (1)
      Tests  1 passed (1)
   Start at  17:26:00
   Duration  4.61s (transform 1.13s, setup 8ms, collect 1.68s, tests 2.73s, environment 0ms, prepare 25ms)

JSON report written to /var/folders/2c/xh5rx2d91wd_lk8rvnnhlr4m0000gn/T/viborm-raptor3-g0-Zo9s2P/vitest.json
Vitest resources: 6.48s wall, 1060.5 MiB peak sampled process-group RSS (sampled ceiling 1536 MiB). Teardown verified.
Raptor 3 g3-transport-seed-batch contract gate verified. Evidence: /var/folders/2c/xh5rx2d91wd_lk8rvnnhlr4m0000gn/T/viborm-raptor3-g0-Zo9s2P

 RUN  v3.1.4 /Users/arnaud/code/viborm

 ✓ |raptor3| tests/raptor3/g3/generation/transport-campaign.test.ts (1 test) 2199ms
   ✓ executes one complete G3 transport seed batch  2199ms

 Test Files  1 passed (1)
      Tests  1 passed (1)
   Start at  17:26:08
   Duration  3.81s (transform 979ms, setup 7ms, collect 1.44s, tests 2.20s, environment 0ms, prepare 24ms)

JSON report written to /var/folders/2c/xh5rx2d91wd_lk8rvnnhlr4m0000gn/T/viborm-raptor3-g0-7hUJHK/vitest.json
Vitest resources: 5.69s wall, 925.7 MiB peak sampled process-group RSS (sampled ceiling 1536 MiB). Teardown verified.
Raptor 3 g3-transport-seed-batch contract gate verified. Evidence: /var/folders/2c/xh5rx2d91wd_lk8rvnnhlr4m0000gn/T/viborm-raptor3-g0-7hUJHK

 RUN  v3.1.4 /Users/arnaud/code/viborm

 ✓ |raptor3| tests/raptor3/g3/generation/transport-campaign.test.ts (1 test) 1839ms
   ✓ executes one complete G3 transport seed batch  1839ms

 Test Files  1 passed (1)
      Tests  1 passed (1)
   Start at  17:26:16
   Duration  3.45s (transform 1.01s, setup 8ms, collect 1.47s, tests 1.84s, environment 0ms, prepare 25ms)

JSON report written to /var/folders/2c/xh5rx2d91wd_lk8rvnnhlr4m0000gn/T/viborm-raptor3-g0-Jt44IV/vitest.json
Vitest resources: 5.38s wall, 687.3 MiB peak sampled process-group RSS (sampled ceiling 1536 MiB). Teardown verified.
Raptor 3 g3-transport-seed-batch contract gate verified. Evidence: /var/folders/2c/xh5rx2d91wd_lk8rvnnhlr4m0000gn/T/viborm-raptor3-g0-Jt44IV

 RUN  v3.1.4 /Users/arnaud/code/viborm

 ✓ |raptor3| tests/raptor3/g3/generation/transport-campaign.test.ts (1 test) 2034ms
   ✓ executes one complete G3 transport seed batch  2034ms

 Test Files  1 passed (1)
      Tests  1 passed (1)
   Start at  17:26:22
   Duration  3.66s (transform 1.01s, setup 8ms, collect 1.47s, tests 2.03s, environment 0ms, prepare 26ms)

JSON report written to /var/folders/2c/xh5rx2d91wd_lk8rvnnhlr4m0000gn/T/viborm-raptor3-g0-5PsP1a/vitest.json
Vitest resources: 5.56s wall, 710.6 MiB peak sampled process-group RSS (sampled ceiling 1536 MiB). Teardown verified.
Raptor 3 g3-transport-seed-batch contract gate verified. Evidence: /var/folders/2c/xh5rx2d91wd_lk8rvnnhlr4m0000gn/T/viborm-raptor3-g0-5PsP1a

 RUN  v3.1.4 /Users/arnaud/code/viborm

 ✓ |raptor3| tests/raptor3/g3/generation/transport-campaign.test.ts (1 test) 1991ms
   ✓ executes one complete G3 transport seed batch  1990ms

 Test Files  1 passed (1)
      Tests  1 passed (1)
   Start at  17:26:29
   Duration  3.66s (transform 1.01s, setup 7ms, collect 1.48s, tests 1.99s, environment 0ms, prepare 25ms)

JSON report written to /var/folders/2c/xh5rx2d91wd_lk8rvnnhlr4m0000gn/T/viborm-raptor3-g0-SzeBuf/vitest.json
Vitest resources: 5.79s wall, 726.5 MiB peak sampled process-group RSS (sampled ceiling 1536 MiB). Teardown verified.
Raptor 3 g3-transport-seed-batch contract gate verified. Evidence: /var/folders/2c/xh5rx2d91wd_lk8rvnnhlr4m0000gn/T/viborm-raptor3-g0-SzeBuf

 RUN  v3.1.4 /Users/arnaud/code/viborm

 ✓ |raptor3| tests/raptor3/g3/generation/transport-campaign.test.ts (1 test) 1950ms
   ✓ executes one complete G3 transport seed batch  1950ms

 Test Files  1 passed (1)
      Tests  1 passed (1)
   Start at  17:26:36
   Duration  3.54s (transform 1000ms, setup 8ms, collect 1.45s, tests 1.95s, environment 0ms, prepare 25ms)

JSON report written to /var/folders/2c/xh5rx2d91wd_lk8rvnnhlr4m0000gn/T/viborm-raptor3-g0-HP7Pdd/vitest.json
Vitest resources: 5.45s wall, 893.1 MiB peak sampled process-group RSS (sampled ceiling 1536 MiB). Teardown verified.
Raptor 3 g3-transport-seed-batch contract gate verified. Evidence: /var/folders/2c/xh5rx2d91wd_lk8rvnnhlr4m0000gn/T/viborm-raptor3-g0-HP7Pdd

 RUN  v3.1.4 /Users/arnaud/code/viborm

 ✓ |raptor3| tests/raptor3/g3/generation/transport-campaign.test.ts (1 test) 2289ms
   ✓ executes one complete G3 transport seed batch  2288ms

 Test Files  1 passed (1)
      Tests  1 passed (1)
   Start at  17:26:43
   Duration  4.00s (transform 1.06s, setup 17ms, collect 1.55s, tests 2.29s, environment 1ms, prepare 31ms)

JSON report written to /var/folders/2c/xh5rx2d91wd_lk8rvnnhlr4m0000gn/T/viborm-raptor3-g0-t3PYlJ/vitest.json
Vitest resources: 6.01s wall, 811.8 MiB peak sampled process-group RSS (sampled ceiling 1536 MiB). Teardown verified.
Raptor 3 g3-transport-seed-batch contract gate verified. Evidence: /var/folders/2c/xh5rx2d91wd_lk8rvnnhlr4m0000gn/T/viborm-raptor3-g0-t3PYlJ

 RUN  v3.1.4 /Users/arnaud/code/viborm

 ✓ |raptor3| tests/raptor3/g3/generation/transport-campaign.test.ts (1 test) 2512ms
   ✓ executes one complete G3 transport seed batch  2512ms

 Test Files  1 passed (1)
      Tests  1 passed (1)
   Start at  17:26:50
   Duration  4.17s (transform 1.00s, setup 7ms, collect 1.47s, tests 2.51s, environment 0ms, prepare 25ms)

JSON report written to /var/folders/2c/xh5rx2d91wd_lk8rvnnhlr4m0000gn/T/viborm-raptor3-g0-Nn4qsU/vitest.json
Vitest resources: 6.04s wall, 870.2 MiB peak sampled process-group RSS (sampled ceiling 1536 MiB). Teardown verified.
Raptor 3 g3-transport-seed-batch contract gate verified. Evidence: /var/folders/2c/xh5rx2d91wd_lk8rvnnhlr4m0000gn/T/viborm-raptor3-g0-Nn4qsU

 RUN  v3.1.4 /Users/arnaud/code/viborm

 ✓ |raptor3| tests/raptor3/g3/generation/transport-campaign.test.ts (1 test) 2589ms
   ✓ executes one complete G3 transport seed batch  2588ms

 Test Files  1 passed (1)
      Tests  1 passed (1)
   Start at  17:26:58
   Duration  4.22s (transform 1.02s, setup 8ms, collect 1.49s, tests 2.59s, environment 0ms, prepare 24ms)

JSON report written to /var/folders/2c/xh5rx2d91wd_lk8rvnnhlr4m0000gn/T/viborm-raptor3-g0-EI405S/vitest.json
Vitest resources: 6.14s wall, 738.9 MiB peak sampled process-group RSS (sampled ceiling 1536 MiB). Teardown verified.
Raptor 3 g3-transport-seed-batch contract gate verified. Evidence: /var/folders/2c/xh5rx2d91wd_lk8rvnnhlr4m0000gn/T/viborm-raptor3-g0-EI405S

 RUN  v3.1.4 /Users/arnaud/code/viborm

 ✓ |raptor3| tests/raptor3/g3/generation/transport-campaign.test.ts (1 test) 2781ms
   ✓ executes one complete G3 transport seed batch  2780ms

 Test Files  1 passed (1)
      Tests  1 passed (1)
   Start at  17:27:06
   Duration  4.40s (transform 1.00s, setup 8ms, collect 1.47s, tests 2.78s, environment 0ms, prepare 25ms)

JSON report written to /var/folders/2c/xh5rx2d91wd_lk8rvnnhlr4m0000gn/T/viborm-raptor3-g0-NnE4Y2/vitest.json
Vitest resources: 6.40s wall, 1026.1 MiB peak sampled process-group RSS (sampled ceiling 1536 MiB). Teardown verified.
Raptor 3 g3-transport-seed-batch contract gate verified. Evidence: /var/folders/2c/xh5rx2d91wd_lk8rvnnhlr4m0000gn/T/viborm-raptor3-g0-NnE4Y2

 RUN  v3.1.4 /Users/arnaud/code/viborm

 ✓ |raptor3| tests/raptor3/g3/generation/transport-campaign.test.ts (1 test) 2761ms
   ✓ executes one complete G3 transport seed batch  2760ms

 Test Files  1 passed (1)
      Tests  1 passed (1)
   Start at  17:27:14
   Duration  4.40s (transform 1.03s, setup 8ms, collect 1.50s, tests 2.76s, environment 0ms, prepare 27ms)

JSON report written to /var/folders/2c/xh5rx2d91wd_lk8rvnnhlr4m0000gn/T/viborm-raptor3-g0-qVzxBG/vitest.json
Vitest resources: 6.39s wall, 742.2 MiB peak sampled process-group RSS (sampled ceiling 1536 MiB). Teardown verified.
Raptor 3 g3-transport-seed-batch contract gate verified. Evidence: /var/folders/2c/xh5rx2d91wd_lk8rvnnhlr4m0000gn/T/viborm-raptor3-g0-qVzxBG

 RUN  v3.1.4 /Users/arnaud/code/viborm

 ✓ |raptor3| tests/raptor3/g3/generation/transport-campaign.test.ts (1 test) 2942ms
   ✓ executes one complete G3 transport seed batch  2942ms

 Test Files  1 passed (1)
      Tests  1 passed (1)
   Start at  17:27:22
   Duration  4.76s (transform 1.13s, setup 8ms, collect 1.68s, tests 2.94s, environment 0ms, prepare 24ms)

JSON report written to /var/folders/2c/xh5rx2d91wd_lk8rvnnhlr4m0000gn/T/viborm-raptor3-g0-rAnygy/vitest.json
Vitest resources: 6.71s wall, 846.2 MiB peak sampled process-group RSS (sampled ceiling 1536 MiB). Teardown verified.
Raptor 3 g3-transport-seed-batch contract gate verified. Evidence: /var/folders/2c/xh5rx2d91wd_lk8rvnnhlr4m0000gn/T/viborm-raptor3-g0-rAnygy

 RUN  v3.1.4 /Users/arnaud/code/viborm

 ✓ |raptor3| tests/raptor3/g3/generation/transport-campaign.test.ts (1 test) 2498ms
   ✓ executes one complete G3 transport seed batch  2497ms

 Test Files  1 passed (1)
      Tests  1 passed (1)
   Start at  17:27:31
   Duration  4.50s (transform 1.22s, setup 8ms, collect 1.82s, tests 2.50s, environment 0ms, prepare 27ms)

JSON report written to /var/folders/2c/xh5rx2d91wd_lk8rvnnhlr4m0000gn/T/viborm-raptor3-g0-uoZOAW/vitest.json
Vitest resources: 6.65s wall, 619.6 MiB peak sampled process-group RSS (sampled ceiling 1536 MiB). Teardown verified.
Raptor 3 g3-transport-seed-batch contract gate verified. Evidence: /var/folders/2c/xh5rx2d91wd_lk8rvnnhlr4m0000gn/T/viborm-raptor3-g0-uoZOAW

 RUN  v3.1.4 /Users/arnaud/code/viborm

 ✓ |raptor3| tests/raptor3/g3/generation/transport-campaign.test.ts (1 test) 2051ms
   ✓ executes one complete G3 transport seed batch  2050ms

 Test Files  1 passed (1)
      Tests  1 passed (1)
   Start at  17:27:39
   Duration  3.93s (transform 1.15s, setup 9ms, collect 1.72s, tests 2.05s, environment 0ms, prepare 27ms)

JSON report written to /var/folders/2c/xh5rx2d91wd_lk8rvnnhlr4m0000gn/T/viborm-raptor3-g0-tlVwgr/vitest.json
Vitest resources: 6.16s wall, 814.6 MiB peak sampled process-group RSS (sampled ceiling 1536 MiB). Teardown verified.
Raptor 3 g3-transport-seed-batch contract gate verified. Evidence: /var/folders/2c/xh5rx2d91wd_lk8rvnnhlr4m0000gn/T/viborm-raptor3-g0-tlVwgr

 RUN  v3.1.4 /Users/arnaud/code/viborm

 ✓ |raptor3| tests/raptor3/g3/generation/transport-campaign.test.ts (1 test) 2281ms
   ✓ executes one complete G3 transport seed batch  2280ms

 Test Files  1 passed (1)
      Tests  1 passed (1)
   Start at  17:27:47
   Duration  4.50s (transform 1.37s, setup 9ms, collect 2.07s, tests 2.28s, environment 0ms, prepare 30ms)

JSON report written to /var/folders/2c/xh5rx2d91wd_lk8rvnnhlr4m0000gn/T/viborm-raptor3-g0-7X5zzh/vitest.json
Vitest resources: 6.83s wall, 744.2 MiB peak sampled process-group RSS (sampled ceiling 1536 MiB). Teardown verified.
Raptor 3 g3-transport-seed-batch contract gate verified. Evidence: /var/folders/2c/xh5rx2d91wd_lk8rvnnhlr4m0000gn/T/viborm-raptor3-g0-7X5zzh

 RUN  v3.1.4 /Users/arnaud/code/viborm

 ✓ |raptor3| tests/raptor3/g3/generation/transport-campaign.test.ts (1 test) 2137ms
   ✓ executes one complete G3 transport seed batch  2136ms

 Test Files  1 passed (1)
      Tests  1 passed (1)
   Start at  17:27:55
   Duration  3.84s (transform 1.07s, setup 8ms, collect 1.57s, tests 2.14s, environment 0ms, prepare 24ms)

JSON report written to /var/folders/2c/xh5rx2d91wd_lk8rvnnhlr4m0000gn/T/viborm-raptor3-g0-k8eUSO/vitest.json
Vitest resources: 5.82s wall, 692.0 MiB peak sampled process-group RSS (sampled ceiling 1536 MiB). Teardown verified.
Raptor 3 g3-transport-seed-batch contract gate verified. Evidence: /var/folders/2c/xh5rx2d91wd_lk8rvnnhlr4m0000gn/T/viborm-raptor3-g0-k8eUSO

 RUN  v3.1.4 /Users/arnaud/code/viborm

 ✓ |raptor3| tests/raptor3/g3/generation/transport-campaign.test.ts (1 test) 2674ms
   ✓ executes one complete G3 transport seed batch  2673ms

 Test Files  1 passed (1)
      Tests  1 passed (1)
   Start at  17:28:02
   Duration  4.60s (transform 1.16s, setup 9ms, collect 1.76s, tests 2.67s, environment 0ms, prepare 27ms)

JSON report written to /var/folders/2c/xh5rx2d91wd_lk8rvnnhlr4m0000gn/T/viborm-raptor3-g0-RTJUuH/vitest.json
Vitest resources: 6.60s wall, 817.6 MiB peak sampled process-group RSS (sampled ceiling 1536 MiB). Teardown verified.
Raptor 3 g3-transport-seed-batch contract gate verified. Evidence: /var/folders/2c/xh5rx2d91wd_lk8rvnnhlr4m0000gn/T/viborm-raptor3-g0-RTJUuH

 RUN  v3.1.4 /Users/arnaud/code/viborm

 ✓ |raptor3| tests/raptor3/g3/generation/transport-campaign.test.ts (1 test) 3022ms
   ✓ executes one complete G3 transport seed batch  3022ms

 Test Files  1 passed (1)
      Tests  1 passed (1)
   Start at  17:28:11
   Duration  4.76s (transform 1.07s, setup 8ms, collect 1.59s, tests 3.02s, environment 0ms, prepare 26ms)

JSON report written to /var/folders/2c/xh5rx2d91wd_lk8rvnnhlr4m0000gn/T/viborm-raptor3-g0-kKOsIB/vitest.json
Vitest resources: 6.74s wall, 941.4 MiB peak sampled process-group RSS (sampled ceiling 1536 MiB). Teardown verified.
Raptor 3 g3-transport-seed-batch contract gate verified. Evidence: /var/folders/2c/xh5rx2d91wd_lk8rvnnhlr4m0000gn/T/viborm-raptor3-g0-kKOsIB

 RUN  v3.1.4 /Users/arnaud/code/viborm

 ✓ |raptor3| tests/raptor3/g3/generation/transport-campaign.test.ts (1 test) 2617ms
   ✓ executes one complete G3 transport seed batch  2617ms

 Test Files  1 passed (1)
      Tests  1 passed (1)
   Start at  17:28:19
   Duration  4.37s (transform 1.09s, setup 8ms, collect 1.61s, tests 2.62s, environment 0ms, prepare 26ms)

JSON report written to /var/folders/2c/xh5rx2d91wd_lk8rvnnhlr4m0000gn/T/viborm-raptor3-g0-X91oCo/vitest.json
Vitest resources: 6.40s wall, 705.9 MiB peak sampled process-group RSS (sampled ceiling 1536 MiB). Teardown verified.
Raptor 3 g3-transport-seed-batch contract gate verified. Evidence: /var/folders/2c/xh5rx2d91wd_lk8rvnnhlr4m0000gn/T/viborm-raptor3-g0-X91oCo

 RUN  v3.1.4 /Users/arnaud/code/viborm

 ✓ |raptor3| tests/raptor3/g3/generation/transport-campaign.test.ts (1 test) 2689ms
   ✓ executes one complete G3 transport seed batch  2689ms

 Test Files  1 passed (1)
      Tests  1 passed (1)
   Start at  17:28:27
   Duration  4.41s (transform 1.07s, setup 8ms, collect 1.58s, tests 2.69s, environment 0ms, prepare 27ms)

JSON report written to /var/folders/2c/xh5rx2d91wd_lk8rvnnhlr4m0000gn/T/viborm-raptor3-g0-c9itHZ/vitest.json
Vitest resources: 6.41s wall, 702.8 MiB peak sampled process-group RSS (sampled ceiling 1536 MiB). Teardown verified.
Raptor 3 g3-transport-seed-batch contract gate verified. Evidence: /var/folders/2c/xh5rx2d91wd_lk8rvnnhlr4m0000gn/T/viborm-raptor3-g0-c9itHZ

 RUN  v3.1.4 /Users/arnaud/code/viborm

 ✓ |raptor3| tests/raptor3/g3/generation/transport-campaign.test.ts (1 test) 2674ms
   ✓ executes one complete G3 transport seed batch  2673ms

 Test Files  1 passed (1)
      Tests  1 passed (1)
   Start at  17:28:36
   Duration  4.52s (transform 1.16s, setup 7ms, collect 1.71s, tests 2.67s, environment 0ms, prepare 24ms)

JSON report written to /var/folders/2c/xh5rx2d91wd_lk8rvnnhlr4m0000gn/T/viborm-raptor3-g0-k7YavD/vitest.json
Vitest resources: 6.46s wall, 1012.3 MiB peak sampled process-group RSS (sampled ceiling 1536 MiB). Teardown verified.
Raptor 3 g3-transport-seed-batch contract gate verified. Evidence: /var/folders/2c/xh5rx2d91wd_lk8rvnnhlr4m0000gn/T/viborm-raptor3-g0-k7YavD

 RUN  v3.1.4 /Users/arnaud/code/viborm

 ✓ |raptor3| tests/raptor3/g3/generation/transport-campaign.test.ts (1 test) 2457ms
   ✓ executes one complete G3 transport seed batch  2456ms

 Test Files  1 passed (1)
      Tests  1 passed (1)
   Start at  17:28:44
   Duration  4.21s (transform 1.08s, setup 8ms, collect 1.62s, tests 2.46s, environment 0ms, prepare 27ms)

JSON report written to /var/folders/2c/xh5rx2d91wd_lk8rvnnhlr4m0000gn/T/viborm-raptor3-g0-Xg1nmr/vitest.json
Vitest resources: 6.24s wall, 957.0 MiB peak sampled process-group RSS (sampled ceiling 1536 MiB). Teardown verified.
Raptor 3 g3-transport-seed-batch contract gate verified. Evidence: /var/folders/2c/xh5rx2d91wd_lk8rvnnhlr4m0000gn/T/viborm-raptor3-g0-Xg1nmr

 RUN  v3.1.4 /Users/arnaud/code/viborm

 ✓ |raptor3| tests/raptor3/g3/generation/transport-campaign.test.ts (1 test) 2349ms
   ✓ executes one complete G3 transport seed batch  2349ms

 Test Files  1 passed (1)
      Tests  1 passed (1)
   Start at  17:28:52
   Duration  4.08s (transform 1.09s, setup 8ms, collect 1.59s, tests 2.35s, environment 0ms, prepare 26ms)

JSON report written to /var/folders/2c/xh5rx2d91wd_lk8rvnnhlr4m0000gn/T/viborm-raptor3-g0-KxciZO/vitest.json
Vitest resources: 6.06s wall, 777.8 MiB peak sampled process-group RSS (sampled ceiling 1536 MiB). Teardown verified.
Raptor 3 g3-transport-seed-batch contract gate verified. Evidence: /var/folders/2c/xh5rx2d91wd_lk8rvnnhlr4m0000gn/T/viborm-raptor3-g0-KxciZO

 RUN  v3.1.4 /Users/arnaud/code/viborm

 ✓ |raptor3| tests/raptor3/g3/generation/transport-campaign.test.ts (1 test) 1710ms
   ✓ executes one complete G3 transport seed batch  1710ms

 Test Files  1 passed (1)
      Tests  1 passed (1)
   Start at  17:28:59
   Duration  3.70s (transform 1.20s, setup 8ms, collect 1.85s, tests 1.71s, environment 0ms, prepare 26ms)

JSON report written to /var/folders/2c/xh5rx2d91wd_lk8rvnnhlr4m0000gn/T/viborm-raptor3-g0-wFIohG/vitest.json
Vitest resources: 5.63s wall, 694.4 MiB peak sampled process-group RSS (sampled ceiling 1536 MiB). Teardown verified.
Raptor 3 g3-transport-seed-batch contract gate verified. Evidence: /var/folders/2c/xh5rx2d91wd_lk8rvnnhlr4m0000gn/T/viborm-raptor3-g0-wFIohG

 RUN  v3.1.4 /Users/arnaud/code/viborm

 ✓ |raptor3| tests/raptor3/g3/generation/transport-campaign.test.ts (1 test) 2260ms
   ✓ executes one complete G3 transport seed batch  2260ms

 Test Files  1 passed (1)
      Tests  1 passed (1)
   Start at  17:29:06
   Duration  4.01s (transform 1.10s, setup 8ms, collect 1.62s, tests 2.26s, environment 0ms, prepare 25ms)

JSON report written to /var/folders/2c/xh5rx2d91wd_lk8rvnnhlr4m0000gn/T/viborm-raptor3-g0-4tPDUo/vitest.json
Vitest resources: 6.01s wall, 698.2 MiB peak sampled process-group RSS (sampled ceiling 1536 MiB). Teardown verified.
Raptor 3 g3-transport-seed-batch contract gate verified. Evidence: /var/folders/2c/xh5rx2d91wd_lk8rvnnhlr4m0000gn/T/viborm-raptor3-g0-4tPDUo

 RUN  v3.1.4 /Users/arnaud/code/viborm

 ✓ |raptor3| tests/raptor3/g3/generation/transport-campaign.test.ts (1 test) 2100ms
   ✓ executes one complete G3 transport seed batch  2100ms

 Test Files  1 passed (1)
      Tests  1 passed (1)
   Start at  17:29:13
   Duration  3.84s (transform 1.09s, setup 8ms, collect 1.61s, tests 2.10s, environment 0ms, prepare 25ms)

JSON report written to /var/folders/2c/xh5rx2d91wd_lk8rvnnhlr4m0000gn/T/viborm-raptor3-g0-v1AiBr/vitest.json
Vitest resources: 5.83s wall, 718.7 MiB peak sampled process-group RSS (sampled ceiling 1536 MiB). Teardown verified.
Raptor 3 g3-transport-seed-batch contract gate verified. Evidence: /var/folders/2c/xh5rx2d91wd_lk8rvnnhlr4m0000gn/T/viborm-raptor3-g0-v1AiBr

 RUN  v3.1.4 /Users/arnaud/code/viborm

 ✓ |raptor3| tests/raptor3/g3/generation/transport-campaign.test.ts (1 test) 1901ms
   ✓ executes one complete G3 transport seed batch  1900ms

 Test Files  1 passed (1)
      Tests  1 passed (1)
   Start at  17:29:21
   Duration  3.82s (transform 1.18s, setup 9ms, collect 1.76s, tests 1.90s, environment 0ms, prepare 26ms)

JSON report written to /var/folders/2c/xh5rx2d91wd_lk8rvnnhlr4m0000gn/T/viborm-raptor3-g0-U5xjXN/vitest.json
Vitest resources: 5.81s wall, 716.6 MiB peak sampled process-group RSS (sampled ceiling 1536 MiB). Teardown verified.
Raptor 3 g3-transport-seed-batch contract gate verified. Evidence: /var/folders/2c/xh5rx2d91wd_lk8rvnnhlr4m0000gn/T/viborm-raptor3-g0-U5xjXN

 RUN  v3.1.4 /Users/arnaud/code/viborm

 ✓ |raptor3| tests/raptor3/g3/generation/transport-campaign.test.ts (1 test) 2519ms
   ✓ executes one complete G3 transport seed batch  2518ms

 Test Files  1 passed (1)
      Tests  1 passed (1)
   Start at  17:29:28
   Duration  4.32s (transform 1.12s, setup 8ms, collect 1.66s, tests 2.52s, environment 0ms, prepare 25ms)

JSON report written to /var/folders/2c/xh5rx2d91wd_lk8rvnnhlr4m0000gn/T/viborm-raptor3-g0-Pwxc57/vitest.json
Vitest resources: 6.28s wall, 848.3 MiB peak sampled process-group RSS (sampled ceiling 1536 MiB). Teardown verified.
Raptor 3 g3-transport-seed-batch contract gate verified. Evidence: /var/folders/2c/xh5rx2d91wd_lk8rvnnhlr4m0000gn/T/viborm-raptor3-g0-Pwxc57

 RUN  v3.1.4 /Users/arnaud/code/viborm

 ✓ |raptor3| tests/raptor3/g3/generation/transport-campaign.test.ts (1 test) 2687ms
   ✓ executes one complete G3 transport seed batch  2687ms

 Test Files  1 passed (1)
      Tests  1 passed (1)
   Start at  17:29:36
   Duration  4.75s (transform 1.22s, setup 12ms, collect 1.89s, tests 2.69s, environment 0ms, prepare 32ms)

JSON report written to /var/folders/2c/xh5rx2d91wd_lk8rvnnhlr4m0000gn/T/viborm-raptor3-g0-GaS1kD/vitest.json
Vitest resources: 6.79s wall, 896.7 MiB peak sampled process-group RSS (sampled ceiling 1536 MiB). Teardown verified.
Raptor 3 g3-transport-seed-batch contract gate verified. Evidence: /var/folders/2c/xh5rx2d91wd_lk8rvnnhlr4m0000gn/T/viborm-raptor3-g0-GaS1kD

 RUN  v3.1.4 /Users/arnaud/code/viborm

 ✓ |raptor3| tests/raptor3/g3/generation/transport-campaign.test.ts (1 test) 2703ms
   ✓ executes one complete G3 transport seed batch  2702ms

 Test Files  1 passed (1)
      Tests  1 passed (1)
   Start at  17:29:44
   Duration  4.60s (transform 1.14s, setup 9ms, collect 1.71s, tests 2.70s, environment 0ms, prepare 29ms)

JSON report written to /var/folders/2c/xh5rx2d91wd_lk8rvnnhlr4m0000gn/T/viborm-raptor3-g0-rhLiij/vitest.json
Vitest resources: 6.74s wall, 1003.0 MiB peak sampled process-group RSS (sampled ceiling 1536 MiB). Teardown verified.
Raptor 3 g3-transport-seed-batch contract gate verified. Evidence: /var/folders/2c/xh5rx2d91wd_lk8rvnnhlr4m0000gn/T/viborm-raptor3-g0-rhLiij

 RUN  v3.1.4 /Users/arnaud/code/viborm

 ✓ |raptor3| tests/raptor3/g3/generation/transport-campaign.test.ts (1 test) 2408ms
   ✓ executes one complete G3 transport seed batch  2408ms

 Test Files  1 passed (1)
      Tests  1 passed (1)
   Start at  17:29:53
   Duration  4.11s (transform 1.05s, setup 8ms, collect 1.56s, tests 2.41s, environment 0ms, prepare 26ms)

JSON report written to /var/folders/2c/xh5rx2d91wd_lk8rvnnhlr4m0000gn/T/viborm-raptor3-g0-P0pEhH/vitest.json
Vitest resources: 6.08s wall, 730.6 MiB peak sampled process-group RSS (sampled ceiling 1536 MiB). Teardown verified.
Raptor 3 g3-transport-seed-batch contract gate verified. Evidence: /var/folders/2c/xh5rx2d91wd_lk8rvnnhlr4m0000gn/T/viborm-raptor3-g0-P0pEhH

 RUN  v3.1.4 /Users/arnaud/code/viborm

 ✓ |raptor3| tests/raptor3/g3/generation/transport-campaign.test.ts (1 test) 3016ms
   ✓ executes one complete G3 transport seed batch  3016ms

 Test Files  1 passed (1)
      Tests  1 passed (1)
   Start at  17:30:00
   Duration  4.75s (transform 1.08s, setup 8ms, collect 1.59s, tests 3.02s, environment 0ms, prepare 26ms)

JSON report written to /var/folders/2c/xh5rx2d91wd_lk8rvnnhlr4m0000gn/T/viborm-raptor3-g0-s3Be6r/vitest.json
Vitest resources: 6.70s wall, 989.6 MiB peak sampled process-group RSS (sampled ceiling 1536 MiB). Teardown verified.
Raptor 3 g3-transport-seed-batch contract gate verified. Evidence: /var/folders/2c/xh5rx2d91wd_lk8rvnnhlr4m0000gn/T/viborm-raptor3-g0-s3Be6r

 RUN  v3.1.4 /Users/arnaud/code/viborm

 ✓ |raptor3| tests/raptor3/g3/generation/transport-campaign.test.ts (1 test) 3350ms
   ✓ executes one complete G3 transport seed batch  3350ms

 Test Files  1 passed (1)
      Tests  1 passed (1)
   Start at  17:30:09
   Duration  5.14s (transform 1.09s, setup 8ms, collect 1.62s, tests 3.35s, environment 0ms, prepare 24ms)

JSON report written to /var/folders/2c/xh5rx2d91wd_lk8rvnnhlr4m0000gn/T/viborm-raptor3-g0-vq6Mr8/vitest.json
Vitest resources: 7.16s wall, 680.2 MiB peak sampled process-group RSS (sampled ceiling 1536 MiB). Teardown verified.
Raptor 3 g3-transport-seed-batch contract gate verified. Evidence: /var/folders/2c/xh5rx2d91wd_lk8rvnnhlr4m0000gn/T/viborm-raptor3-g0-vq6Mr8

 RUN  v3.1.4 /Users/arnaud/code/viborm

 ✓ |raptor3| tests/raptor3/g3/generation/transport-campaign.test.ts (1 test) 2370ms
   ✓ executes one complete G3 transport seed batch  2369ms

 Test Files  1 passed (1)
      Tests  1 passed (1)
   Start at  17:30:18
   Duration  4.14s (transform 1.07s, setup 8ms, collect 1.63s, tests 2.37s, environment 0ms, prepare 29ms)

JSON report written to /var/folders/2c/xh5rx2d91wd_lk8rvnnhlr4m0000gn/T/viborm-raptor3-g0-KpTJLf/vitest.json
Vitest resources: 6.08s wall, 730.6 MiB peak sampled process-group RSS (sampled ceiling 1536 MiB). Teardown verified.
Raptor 3 g3-transport-seed-batch contract gate verified. Evidence: /var/folders/2c/xh5rx2d91wd_lk8rvnnhlr4m0000gn/T/viborm-raptor3-g0-KpTJLf

 RUN  v3.1.4 /Users/arnaud/code/viborm

 ✓ |raptor3| tests/raptor3/g3/generation/transport-campaign.test.ts (1 test) 2126ms
   ✓ executes one complete G3 transport seed batch  2126ms

 Test Files  1 passed (1)
      Tests  1 passed (1)
   Start at  17:30:26
   Duration  4.09s (transform 1.18s, setup 8ms, collect 1.83s, tests 2.13s, environment 0ms, prepare 27ms)

JSON report written to /var/folders/2c/xh5rx2d91wd_lk8rvnnhlr4m0000gn/T/viborm-raptor3-g0-Vw5rET/vitest.json
Vitest resources: 7.08s wall, 687.4 MiB peak sampled process-group RSS (sampled ceiling 1536 MiB). Teardown verified.
Raptor 3 g3-transport-seed-batch contract gate verified. Evidence: /var/folders/2c/xh5rx2d91wd_lk8rvnnhlr4m0000gn/T/viborm-raptor3-g0-Vw5rET

 RUN  v3.1.4 /Users/arnaud/code/viborm

 ✓ |raptor3| tests/raptor3/g3/generation/transport-campaign.test.ts (1 test) 2107ms
   ✓ executes one complete G3 transport seed batch  2107ms

 Test Files  1 passed (1)
      Tests  1 passed (1)
   Start at  17:30:34
   Duration  3.91s (transform 1.11s, setup 8ms, collect 1.66s, tests 2.11s, environment 0ms, prepare 25ms)

JSON report written to /var/folders/2c/xh5rx2d91wd_lk8rvnnhlr4m0000gn/T/viborm-raptor3-g0-BRekjk/vitest.json
Vitest resources: 5.89s wall, 750.7 MiB peak sampled process-group RSS (sampled ceiling 1536 MiB). Teardown verified.
Raptor 3 g3-transport-seed-batch contract gate verified. Evidence: /var/folders/2c/xh5rx2d91wd_lk8rvnnhlr4m0000gn/T/viborm-raptor3-g0-BRekjk

 RUN  v3.1.4 /Users/arnaud/code/viborm

 ✓ |raptor3| tests/raptor3/g3/generation/transport-campaign.test.ts (1 test) 2127ms
   ✓ executes one complete G3 transport seed batch  2126ms

 Test Files  1 passed (1)
      Tests  1 passed (1)
   Start at  17:30:41
   Duration  4.06s (transform 1.20s, setup 8ms, collect 1.79s, tests 2.13s, environment 0ms, prepare 26ms)

JSON report written to /var/folders/2c/xh5rx2d91wd_lk8rvnnhlr4m0000gn/T/viborm-raptor3-g0-NYkXLz/vitest.json
Vitest resources: 6.06s wall, 712.3 MiB peak sampled process-group RSS (sampled ceiling 1536 MiB). Teardown verified.
Raptor 3 g3-transport-seed-batch contract gate verified. Evidence: /var/folders/2c/xh5rx2d91wd_lk8rvnnhlr4m0000gn/T/viborm-raptor3-g0-NYkXLz

 RUN  v3.1.4 /Users/arnaud/code/viborm

 ✓ |raptor3| tests/raptor3/g3/generation/transport-campaign.test.ts (1 test) 2685ms
   ✓ executes one complete G3 transport seed batch  2684ms

 Test Files  1 passed (1)
      Tests  1 passed (1)
   Start at  17:30:49
   Duration  4.35s (transform 1.04s, setup 8ms, collect 1.53s, tests 2.68s, environment 0ms, prepare 26ms)

JSON report written to /var/folders/2c/xh5rx2d91wd_lk8rvnnhlr4m0000gn/T/viborm-raptor3-g0-uDb2Cb/vitest.json
Vitest resources: 6.32s wall, 763.3 MiB peak sampled process-group RSS (sampled ceiling 1536 MiB). Teardown verified.
Raptor 3 g3-transport-seed-batch contract gate verified. Evidence: /var/folders/2c/xh5rx2d91wd_lk8rvnnhlr4m0000gn/T/viborm-raptor3-g0-uDb2Cb

 RUN  v3.1.4 /Users/arnaud/code/viborm

 ✓ |raptor3| tests/raptor3/g3/generation/transport-campaign.test.ts (1 test) 3802ms
   ✓ executes one complete G3 transport seed batch  3801ms

 Test Files  1 passed (1)
      Tests  1 passed (1)
   Start at  17:30:57
   Duration  5.88s (transform 1.24s, setup 9ms, collect 1.86s, tests 3.80s, environment 0ms, prepare 29ms)

JSON report written to /var/folders/2c/xh5rx2d91wd_lk8rvnnhlr4m0000gn/T/viborm-raptor3-g0-PKSpWm/vitest.json
Vitest resources: 8.01s wall, 841.0 MiB peak sampled process-group RSS (sampled ceiling 1536 MiB). Teardown verified.
Raptor 3 g3-transport-seed-batch contract gate verified. Evidence: /var/folders/2c/xh5rx2d91wd_lk8rvnnhlr4m0000gn/T/viborm-raptor3-g0-PKSpWm

 RUN  v3.1.4 /Users/arnaud/code/viborm

 ✓ |raptor3| tests/raptor3/g3/generation/transport-campaign.test.ts (1 test) 5100ms
   ✓ executes one complete G3 transport seed batch  5100ms

 Test Files  1 passed (1)
      Tests  1 passed (1)
   Start at  17:31:08
   Duration  7.39s (transform 1.35s, setup 13ms, collect 2.10s, tests 5.10s, environment 0ms, prepare 55ms)

JSON report written to /var/folders/2c/xh5rx2d91wd_lk8rvnnhlr4m0000gn/T/viborm-raptor3-g0-cXyjPq/vitest.json
Vitest resources: 9.70s wall, 868.0 MiB peak sampled process-group RSS (sampled ceiling 1536 MiB). Teardown verified.
Raptor 3 g3-transport-seed-batch contract gate verified. Evidence: /var/folders/2c/xh5rx2d91wd_lk8rvnnhlr4m0000gn/T/viborm-raptor3-g0-cXyjPq

 RUN  v3.1.4 /Users/arnaud/code/viborm

 ✓ |raptor3| tests/raptor3/g3/generation/transport-campaign.test.ts (1 test) 4095ms
   ✓ executes one complete G3 transport seed batch  4095ms

 Test Files  1 passed (1)
      Tests  1 passed (1)
   Start at  17:31:22
   Duration  6.28s (transform 1.24s, setup 8ms, collect 1.89s, tests 4.10s, environment 0ms, prepare 52ms)

JSON report written to /var/folders/2c/xh5rx2d91wd_lk8rvnnhlr4m0000gn/T/viborm-raptor3-g0-nPoUqK/vitest.json
Vitest resources: 10.26s wall, 869.6 MiB peak sampled process-group RSS (sampled ceiling 1536 MiB). Teardown verified.
Raptor 3 g3-transport-seed-batch contract gate verified. Evidence: /var/folders/2c/xh5rx2d91wd_lk8rvnnhlr4m0000gn/T/viborm-raptor3-g0-nPoUqK

 RUN  v3.1.4 /Users/arnaud/code/viborm

 ✓ |raptor3| tests/raptor3/g3/generation/transport-campaign.test.ts (1 test) 2621ms
   ✓ executes one complete G3 transport seed batch  2621ms

 Test Files  1 passed (1)
      Tests  1 passed (1)
   Start at  17:31:33
   Duration  4.38s (transform 1.10s, setup 8ms, collect 1.62s, tests 2.62s, environment 0ms, prepare 27ms)

JSON report written to /var/folders/2c/xh5rx2d91wd_lk8rvnnhlr4m0000gn/T/viborm-raptor3-g0-o8sNSs/vitest.json
Vitest resources: 6.96s wall, 927.9 MiB peak sampled process-group RSS (sampled ceiling 1536 MiB). Teardown verified.
Raptor 3 g3-transport-seed-batch contract gate verified. Evidence: /var/folders/2c/xh5rx2d91wd_lk8rvnnhlr4m0000gn/T/viborm-raptor3-g0-o8sNSs

 RUN  v3.1.4 /Users/arnaud/code/viborm

 ✓ |raptor3| tests/raptor3/g3/generation/transport-campaign.test.ts (1 test) 2984ms
   ✓ executes one complete G3 transport seed batch  2983ms

 Test Files  1 passed (1)
      Tests  1 passed (1)
   Start at  17:31:42
   Duration  4.84s (transform 1.17s, setup 9ms, collect 1.72s, tests 2.98s, environment 0ms, prepare 30ms)

JSON report written to /var/folders/2c/xh5rx2d91wd_lk8rvnnhlr4m0000gn/T/viborm-raptor3-g0-MK8tD1/vitest.json
Vitest resources: 6.81s wall, 1009.9 MiB peak sampled process-group RSS (sampled ceiling 1536 MiB). Teardown verified.
Raptor 3 g3-transport-seed-batch contract gate verified. Evidence: /var/folders/2c/xh5rx2d91wd_lk8rvnnhlr4m0000gn/T/viborm-raptor3-g0-MK8tD1

 RUN  v3.1.4 /Users/arnaud/code/viborm

 ✓ |raptor3| tests/raptor3/g3/generation/transport-campaign.test.ts (1 test) 2361ms
   ✓ executes one complete G3 transport seed batch  2360ms

 Test Files  1 passed (1)
      Tests  1 passed (1)
   Start at  17:31:50
   Duration  4.20s (transform 1.13s, setup 9ms, collect 1.69s, tests 2.36s, environment 0ms, prepare 29ms)

JSON report written to /var/folders/2c/xh5rx2d91wd_lk8rvnnhlr4m0000gn/T/viborm-raptor3-g0-bTSegN/vitest.json
Vitest resources: 6.42s wall, 735.3 MiB peak sampled process-group RSS (sampled ceiling 1536 MiB). Teardown verified.
Raptor 3 g3-transport-seed-batch contract gate verified. Evidence: /var/folders/2c/xh5rx2d91wd_lk8rvnnhlr4m0000gn/T/viborm-raptor3-g0-bTSegN

 RUN  v3.1.4 /Users/arnaud/code/viborm

 ✓ |raptor3| tests/raptor3/g3/generation/transport-campaign.test.ts (1 test) 2578ms
   ✓ executes one complete G3 transport seed batch  2577ms

 Test Files  1 passed (1)
      Tests  1 passed (1)
   Start at  17:31:58
   Duration  4.59s (transform 1.20s, setup 9ms, collect 1.81s, tests 2.58s, environment 0ms, prepare 26ms)

JSON report written to /var/folders/2c/xh5rx2d91wd_lk8rvnnhlr4m0000gn/T/viborm-raptor3-g0-rHWvnh/vitest.json
Vitest resources: 6.73s wall, 903.6 MiB peak sampled process-group RSS (sampled ceiling 1536 MiB). Teardown verified.
Raptor 3 g3-transport-seed-batch contract gate verified. Evidence: /var/folders/2c/xh5rx2d91wd_lk8rvnnhlr4m0000gn/T/viborm-raptor3-g0-rHWvnh

 RUN  v3.1.4 /Users/arnaud/code/viborm

 ✓ |raptor3| tests/raptor3/g3/generation/transport-campaign.test.ts (1 test) 1966ms
   ✓ executes one complete G3 transport seed batch  1965ms

 Test Files  1 passed (1)
      Tests  1 passed (1)
   Start at  17:32:07
   Duration  3.73s (transform 1.10s, setup 9ms, collect 1.63s, tests 1.97s, environment 0ms, prepare 25ms)

JSON report written to /var/folders/2c/xh5rx2d91wd_lk8rvnnhlr4m0000gn/T/viborm-raptor3-g0-01AbnV/vitest.json
Vitest resources: 5.71s wall, 902.4 MiB peak sampled process-group RSS (sampled ceiling 1536 MiB). Teardown verified.
Raptor 3 g3-transport-seed-batch contract gate verified. Evidence: /var/folders/2c/xh5rx2d91wd_lk8rvnnhlr4m0000gn/T/viborm-raptor3-g0-01AbnV

 RUN  v3.1.4 /Users/arnaud/code/viborm

 ✓ |raptor3| tests/raptor3/g3/generation/transport-campaign.test.ts (1 test) 2105ms
   ✓ executes one complete G3 transport seed batch  2104ms

 Test Files  1 passed (1)
      Tests  1 passed (1)
   Start at  17:32:14
   Duration  3.91s (transform 1.11s, setup 8ms, collect 1.66s, tests 2.10s, environment 0ms, prepare 27ms)

JSON report written to /var/folders/2c/xh5rx2d91wd_lk8rvnnhlr4m0000gn/T/viborm-raptor3-g0-OxHeaU/vitest.json
Vitest resources: 5.90s wall, 684.4 MiB peak sampled process-group RSS (sampled ceiling 1536 MiB). Teardown verified.
Raptor 3 g3-transport-seed-batch contract gate verified. Evidence: /var/folders/2c/xh5rx2d91wd_lk8rvnnhlr4m0000gn/T/viborm-raptor3-g0-OxHeaU

 RUN  v3.1.4 /Users/arnaud/code/viborm

 ✓ |raptor3| tests/raptor3/g3/generation/transport-campaign.test.ts (1 test) 2673ms
   ✓ executes one complete G3 transport seed batch  2672ms

 Test Files  1 passed (1)
      Tests  1 passed (1)
   Start at  17:32:21
   Duration  5.74s (transform 1.83s, setup 13ms, collect 2.81s, tests 2.67s, environment 0ms, prepare 32ms)

JSON report written to /var/folders/2c/xh5rx2d91wd_lk8rvnnhlr4m0000gn/T/viborm-raptor3-g0-SUNpaB/vitest.json
Vitest resources: 7.80s wall, 877.2 MiB peak sampled process-group RSS (sampled ceiling 1536 MiB). Teardown verified.
Raptor 3 g3-transport-seed-batch contract gate verified. Evidence: /var/folders/2c/xh5rx2d91wd_lk8rvnnhlr4m0000gn/T/viborm-raptor3-g0-SUNpaB

 RUN  v3.1.4 /Users/arnaud/code/viborm

 ✓ |raptor3| tests/raptor3/g3/generation/transport-campaign.test.ts (1 test) 2684ms
   ✓ executes one complete G3 transport seed batch  2683ms

 Test Files  1 passed (1)
      Tests  1 passed (1)
   Start at  17:32:31
   Duration  4.62s (transform 1.17s, setup 8ms, collect 1.76s, tests 2.68s, environment 0ms, prepare 27ms)

JSON report written to /var/folders/2c/xh5rx2d91wd_lk8rvnnhlr4m0000gn/T/viborm-raptor3-g0-8e6o9j/vitest.json
Vitest resources: 6.76s wall, 1034.3 MiB peak sampled process-group RSS (sampled ceiling 1536 MiB). Teardown verified.
Raptor 3 g3-transport-seed-batch contract gate verified. Evidence: /var/folders/2c/xh5rx2d91wd_lk8rvnnhlr4m0000gn/T/viborm-raptor3-g0-8e6o9j

 RUN  v3.1.4 /Users/arnaud/code/viborm

 ✓ |raptor3| tests/raptor3/g3/generation/transport-campaign.test.ts (1 test) 2704ms
   ✓ executes one complete G3 transport seed batch  2703ms

 Test Files  1 passed (1)
      Tests  1 passed (1)
   Start at  17:32:39
   Duration  4.70s (transform 1.19s, setup 9ms, collect 1.77s, tests 2.70s, environment 0ms, prepare 27ms)

JSON report written to /var/folders/2c/xh5rx2d91wd_lk8rvnnhlr4m0000gn/T/viborm-raptor3-g0-Ywixm6/vitest.json
Vitest resources: 6.80s wall, 965.7 MiB peak sampled process-group RSS (sampled ceiling 1536 MiB). Teardown verified.
Raptor 3 g3-transport-seed-batch contract gate verified. Evidence: /var/folders/2c/xh5rx2d91wd_lk8rvnnhlr4m0000gn/T/viborm-raptor3-g0-Ywixm6

 RUN  v3.1.4 /Users/arnaud/code/viborm

 ✓ |raptor3| tests/raptor3/g3/generation/transport-campaign.test.ts (1 test) 3018ms
   ✓ executes one complete G3 transport seed batch  3018ms

 Test Files  1 passed (1)
      Tests  1 passed (1)
   Start at  17:32:48
   Duration  4.87s (transform 1.10s, setup 8ms, collect 1.63s, tests 3.02s, environment 0ms, prepare 27ms)

JSON report written to /var/folders/2c/xh5rx2d91wd_lk8rvnnhlr4m0000gn/T/viborm-raptor3-g0-ZWygIV/vitest.json
Vitest resources: 7.00s wall, 976.0 MiB peak sampled process-group RSS (sampled ceiling 1536 MiB). Teardown verified.
Raptor 3 g3-transport-seed-batch contract gate verified. Evidence: /var/folders/2c/xh5rx2d91wd_lk8rvnnhlr4m0000gn/T/viborm-raptor3-g0-ZWygIV

 RUN  v3.1.4 /Users/arnaud/code/viborm

 ✓ |raptor3| tests/raptor3/g3/generation/transport-campaign.test.ts (1 test) 3033ms
   ✓ executes one complete G3 transport seed batch  3033ms

 Test Files  1 passed (1)
      Tests  1 passed (1)
   Start at  17:32:57
   Duration  5.12s (transform 1.14s, setup 8ms, collect 1.94s, tests 3.03s, environment 0ms, prepare 31ms)

JSON report written to /var/folders/2c/xh5rx2d91wd_lk8rvnnhlr4m0000gn/T/viborm-raptor3-g0-31FTwW/vitest.json
Vitest resources: 7.69s wall, 1001.2 MiB peak sampled process-group RSS (sampled ceiling 1536 MiB). Teardown verified.
Raptor 3 g3-transport-seed-batch contract gate verified. Evidence: /var/folders/2c/xh5rx2d91wd_lk8rvnnhlr4m0000gn/T/viborm-raptor3-g0-31FTwW

 RUN  v3.1.4 /Users/arnaud/code/viborm

 ✓ |raptor3| tests/raptor3/g3/generation/transport-campaign.test.ts (1 test) 2339ms
   ✓ executes one complete G3 transport seed batch  2338ms

 Test Files  1 passed (1)
      Tests  1 passed (1)
   Start at  17:33:07
   Duration  4.28s (transform 1.20s, setup 8ms, collect 1.78s, tests 2.34s, environment 0ms, prepare 35ms)

JSON report written to /var/folders/2c/xh5rx2d91wd_lk8rvnnhlr4m0000gn/T/viborm-raptor3-g0-ejeeNq/vitest.json
Vitest resources: 6.39s wall, 729.2 MiB peak sampled process-group RSS (sampled ceiling 1536 MiB). Teardown verified.
Raptor 3 g3-transport-seed-batch contract gate verified. Evidence: /var/folders/2c/xh5rx2d91wd_lk8rvnnhlr4m0000gn/T/viborm-raptor3-g0-ejeeNq

 RUN  v3.1.4 /Users/arnaud/code/viborm

 ✓ |raptor3| tests/raptor3/g3/generation/transport-campaign.test.ts (1 test) 1967ms
   ✓ executes one complete G3 transport seed batch  1966ms

 Test Files  1 passed (1)
      Tests  1 passed (1)
   Start at  17:33:15
   Duration  3.84s (transform 1.15s, setup 8ms, collect 1.72s, tests 1.97s, environment 0ms, prepare 31ms)

JSON report written to /var/folders/2c/xh5rx2d91wd_lk8rvnnhlr4m0000gn/T/viborm-raptor3-g0-BH0YTl/vitest.json
Vitest resources: 5.81s wall, 714.4 MiB peak sampled process-group RSS (sampled ceiling 1536 MiB). Teardown verified.
Raptor 3 g3-transport-seed-batch contract gate verified. Evidence: /var/folders/2c/xh5rx2d91wd_lk8rvnnhlr4m0000gn/T/viborm-raptor3-g0-BH0YTl

 RUN  v3.1.4 /Users/arnaud/code/viborm

 ✓ |raptor3| tests/raptor3/g3/generation/transport-campaign.test.ts (1 test) 2087ms
   ✓ executes one complete G3 transport seed batch  2086ms

 Test Files  1 passed (1)
      Tests  1 passed (1)
   Start at  17:33:22
   Duration  3.80s (transform 1.07s, setup 8ms, collect 1.58s, tests 2.09s, environment 0ms, prepare 24ms)

JSON report written to /var/folders/2c/xh5rx2d91wd_lk8rvnnhlr4m0000gn/T/viborm-raptor3-g0-ckTttb/vitest.json
Vitest resources: 5.77s wall, 792.8 MiB peak sampled process-group RSS (sampled ceiling 1536 MiB). Teardown verified.
Raptor 3 g3-transport-seed-batch contract gate verified. Evidence: /var/folders/2c/xh5rx2d91wd_lk8rvnnhlr4m0000gn/T/viborm-raptor3-g0-ckTttb

 RUN  v3.1.4 /Users/arnaud/code/viborm

 ✓ |raptor3| tests/raptor3/g3/generation/transport-campaign.test.ts (1 test) 2173ms
   ✓ executes one complete G3 transport seed batch  2172ms

 Test Files  1 passed (1)
      Tests  1 passed (1)
   Start at  17:33:29
   Duration  4.02s (transform 1.16s, setup 8ms, collect 1.71s, tests 2.17s, environment 0ms, prepare 25ms)

JSON report written to /var/folders/2c/xh5rx2d91wd_lk8rvnnhlr4m0000gn/T/viborm-raptor3-g0-MZI8CU/vitest.json
Vitest resources: 5.97s wall, 960.4 MiB peak sampled process-group RSS (sampled ceiling 1536 MiB). Teardown verified.
Raptor 3 g3-transport-seed-batch contract gate verified. Evidence: /var/folders/2c/xh5rx2d91wd_lk8rvnnhlr4m0000gn/T/viborm-raptor3-g0-MZI8CU
Raptor 3 g3-transport-seeds campaign verified (not the full milestone). Evidence: /var/folders/2c/xh5rx2d91wd_lk8rvnnhlr4m0000gn/T/viborm-raptor3-g3-transport-seeds-fmLsIe
