
 RUN  v3.1.4 /Users/arnaud/code/viborm

 ✓ |coverage-raptor3| tests/raptor3/g4/parity/reference-representability.test.ts (26 tests) 125ms
 ✓ |coverage-raptor3| tests/raptor3/g4/parity/one-write-outcome-composition.test.ts (4 tests) 14ms
 ✓ |coverage-raptor3| tests/raptor3/g4/parity/transport-witnesses.test.ts (7 tests) 19ms
 ✓ |coverage-raptor3| tests/raptor3/g4/parity/upsert-array-route.test.ts (6 tests) 16ms
 ✓ |coverage-raptor3| tests/raptor3/g4/parity/prepared-set-predicates.test.ts (9 tests) 33ms
 ✓ |coverage-raptor3| tests/raptor3/g4/parity/published-key.test.ts (12 tests) 42ms
 ✓ |coverage-raptor3| tests/raptor3/g4/parity/singular-slot-transition.test.ts (10 tests) 33ms
 ✓ |coverage-raptor3| tests/raptor3/g4/parity/read-only-build-contract.test.ts (3 tests) 4ms
 ✓ |coverage-raptor3| tests/raptor3/g4/parity/suppressed-membership-target.test.ts (7 tests) 23ms
 ✓ |coverage-raptor3| tests/raptor3/g4/parity/series-member-premise.test.ts (4 tests) 17ms
 ✓ |raptor3| tests/raptor3/g4/parity/reference-representability.test.ts (26 tests) 150ms
 ✓ |raptor3| tests/raptor3/g4/parity/one-write-outcome-composition.test.ts (4 tests) 15ms
 ✓ |raptor3| tests/raptor3/g4/parity/transport-witnesses.test.ts (7 tests) 24ms
 ✓ |raptor3| tests/raptor3/g4/parity/upsert-array-route.test.ts (6 tests) 18ms
 ✓ |raptor3| tests/raptor3/g4/parity/prepared-set-predicates.test.ts (9 tests) 37ms
 ✓ |raptor3| tests/raptor3/g4/parity/published-key.test.ts (12 tests) 98ms
 ✓ |raptor3| tests/raptor3/g4/parity/singular-slot-transition.test.ts (10 tests) 36ms
 ✓ |raptor3| tests/raptor3/g4/parity/read-only-build-contract.test.ts (3 tests) 5ms
 ✓ |raptor3| tests/raptor3/g4/parity/suppressed-membership-target.test.ts (7 tests) 25ms
 ✓ |raptor3| tests/raptor3/g4/parity/series-member-premise.test.ts (4 tests) 20ms
 ✓ |extended-local| tests/raptor3/g4/parity/ordered-observation.test.ts (39 tests) 206ms

 Test Files  21 passed (21)
      Tests  215 passed (215)
   Start at  01:28:00
   Duration  7.05s (transform 2.75s, setup 34ms, collect 5.44s, tests 960ms, environment 0ms, prepare 82ms)

Vitest resources: 9.04s wall, 734.6 MiB peak sampled process-group RSS (sampled ceiling 1536 MiB). Teardown verified.
