
 RUN  v3.1.4 /Users/arnaud/code/viborm

 ✓ |raptor3| tests/raptor3/transitions/conditional-upsert-commands.test.ts (11 tests) 137ms
 ✓ |raptor3| tests/raptor3/transitions/singular-lattice-commands.test.ts (58 tests) 240ms
 ✓ |raptor3| tests/raptor3/transitions/shared-key-suppliers-commands.test.ts (4 tests) 53ms
 ✓ |raptor3| tests/raptor3/transitions/junction-identity-commands.test.ts (2 tests) 128ms
 ✓ |raptor3| tests/raptor3/transitions/series-staleness-commands.test.ts (4 tests) 61ms
 ✓ |raptor3| tests/raptor3/transitions/mixed-key-transitions-commands.test.ts (8 tests) 86ms
 ✓ |raptor3| tests/raptor3/transitions/supplier-continuations-commands.test.ts (10 tests) 87ms
 ✓ |raptor3| tests/raptor3/transitions/membership-own-write-commands.test.ts (8 tests) 75ms
 ✓ |raptor3| tests/raptor3/transitions/staleness-commands.test.ts (3 tests) 50ms
 ✓ |raptor3| tests/raptor3/transitions/singular-commands.test.ts (20 tests) 116ms
 ✓ |raptor3| tests/raptor3/transitions/junctions-commands.test.ts (26 tests) 263ms
 ✓ |raptor3| tests/raptor3/transitions/variant-removals-commands.test.ts (14 tests) 186ms
 ✓ |raptor3| tests/raptor3/transitions/occupied-keys-commands.test.ts (8 tests) 95ms
 ✓ |raptor3| tests/raptor3/transitions/required-commands.test.ts (8 tests) 62ms
 ✓ |raptor3| tests/raptor3/transitions/keys-commands.test.ts (14 tests) 206ms
 ✓ |raptor3| tests/raptor3/transitions/own-write-commands.test.ts (18 tests) 148ms

 Test Files  16 passed (16)
      Tests  216 passed (216)
   Start at  11:26:58
   Duration  5.38s (transform 1.23s, setup 22ms, collect 3.20s, tests 1.99s, environment 0ms, prepare 26ms)

JSON report written to /var/folders/2c/xh5rx2d91wd_lk8rvnnhlr4m0000gn/T/viborm-raptor3-g0-SzbiSQ/vitest.json
Vitest resources: 7.45s wall, 831.9 MiB peak sampled process-group RSS (sampled ceiling 1536 MiB). Teardown verified.
Raptor 3 g2-contracts contract gate verified. Evidence: /var/folders/2c/xh5rx2d91wd_lk8rvnnhlr4m0000gn/T/viborm-raptor3-g0-SzbiSQ
