
 RUN  v3.1.4 /Users/arnaud/code/viborm

 ❯ |raptor3| tests/raptor3/g4/generation/write-transport-campaign.test.ts (1 test | 1 failed) 680ms
   × executes one complete G4 write-envelope transport seed batch 679ms
     → g3-transport:script-shape; Unscripted statement: g3-c11-100027-0:recurrence-0; actual=INSERT; expected=INSERT,SELECT

1 !== 2


⎯⎯⎯⎯⎯⎯⎯ Failed Tests 1 ⎯⎯⎯⎯⎯⎯⎯

 FAIL  |raptor3| tests/raptor3/g4/generation/write-transport-campaign.test.ts > executes one complete G4 write-envelope transport seed batch
AssertionError: g3-transport:script-shape; Unscripted statement: g3-c11-100027-0:recurrence-0; actual=INSERT; expected=INSERT,SELECT

1 !== 2


[32m- Expected[39m
[31m+ Received[39m

[32m- 2[39m
[31m+ 1[39m

 ❯ ScriptedTransport.answer tests/raptor3/transport/driver.ts:166:14
    164|         `g3-transport:transport-form; Wrong transport form: ${reply.na…
    165|       );
    166|       assert.equal(
       |              ^
    167|         queries.length,
    168|         reply.statements.length,
 ❯ ScriptedTransport.executeBatch tests/raptor3/transport/driver.ts:117:17
 ❯ executeProvider src/drivers/driver-transaction-base.ts:841:40
 ❯ ScriptedTransport.executeNormalizedStatement src/drivers/driver-instrumentation.ts:921:20
 ❯ executeNativeBatch src/drivers/driver-transaction-base.ts:890:18
 ❯ OperationContext.submit src/query-engine/raptor3/shared/operation-context.ts:632:25
 ❯ OperationContext.setMutations src/query-engine/raptor3/shared/operation-context.ts:976:23
 ❯ OperationContext.run src/query-engine/raptor3/shared/operation-context.ts:433:27

⎯⎯⎯⎯⎯⎯⎯⎯⎯⎯⎯⎯⎯⎯⎯⎯⎯⎯⎯⎯⎯⎯⎯⎯[1/1]⎯


 Test Files  1 failed (1)
      Tests  1 failed (1)
   Start at  06:15:40
   Duration  2.30s (transform 1.00s, setup 7ms, collect 1.47s, tests 680ms, environment 0ms, prepare 29ms)

JSON report written to /var/folders/2c/xh5rx2d91wd_lk8rvnnhlr4m0000gn/T/viborm-raptor3-g0-aBhodD/vitest.json
Vitest resources: 4.19s wall, 739.5 MiB peak sampled process-group RSS (sampled ceiling 1536 MiB). Teardown verified.
Raptor 3 verification failed; diagnostics: /var/folders/2c/xh5rx2d91wd_lk8rvnnhlr4m0000gn/T/viborm-raptor3-g0-aBhodD
