
 RUN  v3.1.4 /Users/arnaud/code/viborm

 ✓ |raptor3| tests/raptor3/transitions/conditional-upsert-commands.test.ts (11 tests) 98ms
 ✓ |raptor3| tests/raptor3/transitions/singular-lattice-commands.test.ts (58 tests) 207ms
 ✓ |raptor3| tests/raptor3/transitions/shared-key-suppliers-commands.test.ts (4 tests) 47ms
 ✓ |raptor3| tests/raptor3/transitions/junction-identity-commands.test.ts (2 tests) 108ms
 ✓ |raptor3| tests/raptor3/transitions/series-staleness-commands.test.ts (4 tests) 55ms
 ✓ |raptor3| tests/raptor3/transitions/mixed-key-transitions-commands.test.ts (8 tests) 77ms
 ✓ |raptor3| tests/raptor3/transitions/supplier-continuations-commands.test.ts (10 tests) 75ms
 ✓ |raptor3| tests/raptor3/transitions/membership-own-write-commands.test.ts (8 tests) 67ms
 ✓ |raptor3| tests/raptor3/transitions/staleness-commands.test.ts (3 tests) 40ms
 ✓ |raptor3| tests/raptor3/transitions/singular-commands.test.ts (20 tests) 103ms
 ✓ |raptor3| tests/raptor3/transitions/junctions-commands.test.ts (26 tests) 192ms
 ✓ |raptor3| tests/raptor3/transitions/variant-removals-commands.test.ts (14 tests) 90ms
 ✓ |raptor3| tests/raptor3/transitions/occupied-keys-commands.test.ts (8 tests) 92ms
 ✓ |raptor3| tests/raptor3/transitions/required-commands.test.ts (8 tests) 56ms
 ✓ |raptor3| tests/raptor3/transitions/keys-commands.test.ts (14 tests) 90ms
 ✓ |raptor3| tests/raptor3/transitions/own-write-commands.test.ts (18 tests) 102ms

 Test Files  16 passed (16)
      Tests  216 passed (216)
   Start at  16:47:46
   Duration  4.20s (transform 1.03s, setup 15ms, collect 2.47s, tests 1.50s, environment 0ms, prepare 27ms)

JSON report written to /var/folders/2c/xh5rx2d91wd_lk8rvnnhlr4m0000gn/T/viborm-raptor3-g0-1GF7i8/vitest.json
Vitest resources: 6.05s wall, 795.8 MiB peak sampled process-group RSS (sampled ceiling 1536 MiB). Teardown verified.
Raptor 3 g2-contracts contract gate verified. Evidence: /var/folders/2c/xh5rx2d91wd_lk8rvnnhlr4m0000gn/T/viborm-raptor3-g0-1GF7i8
