
 RUN  v3.1.4 /Users/arnaud/code/viborm

 ❯ |raptor3| tests/raptor3/recursive-query/composition.test.ts (13 tests | 1 failed) 392ms
   ✓ RQ-06 recursive projections composed through the shipped client > 1. every find verb projects one recursive statement under select and include 53ms
   ✓ RQ-06 recursive projections composed through the shipped client > 2. create, update, both upsert arms and delete read back through their ordinary route under select and include 97ms
   ✓ RQ-06 recursive projections composed through the shipped client > 3. nested placements keep one statement and one isolated carrier per recursive position 9ms
   ✓ RQ-06 recursive projections composed through the shipped client > 4. one statement shape at every requested depth, and a 5,000-level chain 78ms
   ✓ RQ-06 recursive projections composed through the shipped client > 5. arrays prepare every member before one dispatch, or refuse before any 49ms
   ✓ RQ-06 recursive projections composed through the shipped client > 6. a borrowed callback transaction stays the caller's 16ms
   ✓ RQ-06 recursive projections composed through the shipped client > 7. read-only build answers the one read statement; every write still answers none (D-64) 6ms
   ✓ RQ-06 recursive projections composed through the shipped client > 8. extension chains of 0, 1 and 5 cannot inject or replace recurse 12ms
   ✓ RQ-06 recursive projections composed through the shipped client > 9. the official default-omit path applies at every repeated level 5ms
   ✓ RQ-06 recursive projections composed through the shipped client > 10. concurrent recursive reads keep their own statements and occurrences 10ms
   ✓ RQ-06 recursive projections composed through the shipped client > 11. a provider failure keeps the identity it has for the ordinary projection 15ms
   ✓ RQ-06 recursive projections composed through the shipped client > 12. a result-phase refusal after acknowledged work reports that work as the ordinary route does 29ms
   × RQ-06 recursive projections composed through the shipped client > 13. a malformed recursive carrier is the operation's malformed provider result 11ms
     → TypeError: Invalid provider recursive depth
 ✓ |raptor3| tests/raptor3/recursive-query/carrier-boundary.test.ts (13 tests) 68ms

⎯⎯⎯⎯⎯⎯⎯ Failed Tests 1 ⎯⎯⎯⎯⎯⎯⎯

 FAIL  |raptor3| tests/raptor3/recursive-query/composition.test.ts > RQ-06 recursive projections composed through the shipped client > 13. a malformed recursive carrier is the operation's malformed provider result
AssertionError: TypeError: Invalid provider recursive depth

[32m- Expected[39m
[31m+ Received[39m

[32m- true[39m
[31m+ false[39m

 ❯ tests/raptor3/recursive-query/composition.test.ts:1962:14
    1960|       answer(rewrite);
    1961|       const seen = await read({ recurse: { depth: 3 } });
    1962|       assert.ok(seen.failure instanceof QueryEngineError, String(seen.…
       |              ^
    1963|       assert.deepEqual(identity(seen.failure), {
    1964|         name: "QueryEngineError",

⎯⎯⎯⎯⎯⎯⎯⎯⎯⎯⎯⎯⎯⎯⎯⎯⎯⎯⎯⎯⎯⎯⎯⎯[1/1]⎯


 Test Files  1 failed | 1 passed (2)
      Tests  1 failed | 25 passed (26)
   Start at  17:25:13
   Duration  3.82s (transform 1.98s, setup 21ms, collect 3.08s, tests 460ms, environment 0ms, prepare 67ms)

Vitest resources: 7.37s wall, 562.7 MiB peak sampled process-group RSS (sampled ceiling 1536 MiB). Teardown verified.
exit=1
