
[test:all] Raptor 3 fixed contracts, harness falsifiers and candidate comparison

 RUN  v3.1.4 /Users/arnaud/code/viborm

 ✓ |raptor3| tests/raptor3/post-prep/g29-member-dependency.test.ts (14 tests) 99ms
 ✓ |raptor3| tests/raptor3/core-structure/member-scope.contract.test.ts (8 tests) 28ms
 ✓ |raptor3| tests/raptor3/g3/author-execution-regressions.test.ts (3 tests) 25ms
 ✓ |raptor3| tests/raptor3/core-structure/structural-reference.test.ts (10 tests) 26ms
 ✓ |raptor3| tests/raptor3/prep/recursive-read-fit.test.ts (6 tests) 12ms
 ✓ |raptor3| tests/raptor3/prep/suppression-replay.test.ts (5 tests) 48ms
 ✓ |raptor3| tests/raptor3/post-prep/g29-dependency-choices.test.ts (10 tests) 50ms
 ✓ |raptor3| tests/raptor3/gate.test.ts (8 tests) 158ms
 ✓ |raptor3| tests/raptor3/prep/selector-dependencies.test.ts (11 tests) 80ms
 ✓ |raptor3| tests/raptor3/prep/g3p04-review-regressions.test.ts (5 tests) 22ms
 ✓ |raptor3| tests/raptor3/prep/set-preparation.test.ts (6 tests) 11ms
 ✓ |raptor3| tests/raptor3/core-structure/repeated-occurrence-ownership.test.ts (5 tests) 4ms
 ✓ |raptor3| tests/raptor3/prep/variant-collection-order.test.ts (4 tests) 43ms
 ✓ |raptor3| tests/raptor3/post-prep/g29-dependency-boundaries.test.ts (4 tests) 17ms
 ✓ |raptor3| tests/raptor3/ownership/commands.test.ts (6 tests) 6ms
 ✓ |raptor3| tests/raptor3/post-prep/projection-preparation.test.ts (4 tests) 5ms
 ✓ |raptor3| tests/raptor3/transport.test.ts (44 tests) 562ms
 ✓ |raptor3| tests/raptor3/post-prep/selector-preparation.test.ts (4 tests) 6ms
 ✓ |raptor3| tests/raptor3/g3/scope-failure-contract.test.ts (2 tests) 9ms
 ✓ |raptor3| tests/raptor3/core-structure/extension-a.contract.test.ts (6 tests) 19ms
 ✓ |raptor3| tests/raptor3/g3/transaction-array-contract.test.ts (4 tests) 11ms
 ✓ |raptor3| tests/raptor3/post-prep/history-analysis.test.ts (5 tests) 3ms
 ✓ |raptor3| tests/raptor3/g3/review-execution-boundaries.test.ts (6 tests) 21ms
 ✓ |raptor3| tests/raptor3/core-structure/extension-composition.contract.test.ts (4 tests) 17ms
 ✓ |raptor3| tests/raptor3/post-prep/g29-result-progress.test.ts (2 tests) 4ms
 ✓ |raptor3| tests/raptor3/g3/bulk-series-contract.test.ts (6 tests) 11ms
 ✓ |raptor3| tests/raptor3/g3/bulk-result-boundary.test.ts (5 tests) 11ms
 ✓ |raptor3| tests/raptor3/g3/suppression-retry-contract.test.ts (2 tests) 14ms
 ✓ |raptor3| tests/raptor3/g3/generation/generated-smoke.test.ts (6 tests) 131ms
 ✓ |raptor3| tests/raptor3/g3/depth-recurrence-contract.test.ts (6 tests) 20ms
 ✓ |raptor3| tests/raptor3/core-structure/measurement/extension-recipes.selftest.test.ts (5 tests) 12ms
 ✓ |raptor3| tests/raptor3/core-structure/extension-b.contract.test.ts (4 tests) 10ms
 ✓ |raptor3| tests/raptor3/polish/commands.test.ts (6 tests) 37ms
 ✓ |raptor3| tests/raptor3/post-prep/clearability-consumption.test.ts (4 tests) 17ms
 ✓ |raptor3| tests/raptor3/candidate-handoff.test.ts (6 tests) 9ms
 ✓ |raptor3| tests/raptor3/cleanup-failure.test.ts (2 tests) 29ms
 ✓ |raptor3| tests/raptor3/g3/generation/generated-transport-smoke.test.ts (1 test) 82ms
 ✓ |raptor3| tests/raptor3/candidate.test.ts (48 tests) 328ms
 ✓ |raptor3| tests/raptor3/generated-gate.test.ts (3 tests) 54ms
 ✓ |raptor3| tests/raptor3/candidate-pagination.test.ts (8 tests) 10ms
 ✓ |raptor3| tests/raptor3/post-prep/schema-view-reuse.test.ts (1 test) 1ms
 ✓ |raptor3| tests/raptor3/expanded/lifetime-commands.test.ts (16 tests) 66ms
 ✓ |raptor3| tests/raptor3/candidate-ordering.test.ts (4 tests) 31ms
 ✓ |raptor3| tests/raptor3/core-structure/measurement/extension-campaign.selftest.test.ts (42 tests) 381ms
 ✓ |raptor3| tests/raptor3/transitions/conditional-upsert-commands.test.ts (11 tests) 101ms
 ✓ |raptor3| tests/raptor3/transitions/singular-lattice-commands.test.ts (58 tests) 269ms
 ✓ |raptor3| tests/raptor3/transitions/shared-key-suppliers-commands.test.ts (4 tests) 42ms
 ✓ |raptor3| tests/raptor3/transitions/junction-identity-commands.test.ts (2 tests) 30ms
 ✓ |raptor3| tests/raptor3/transitions/series-staleness-commands.test.ts (4 tests) 50ms
 ✓ |raptor3| tests/raptor3/transitions/mixed-key-transitions-commands.test.ts (8 tests) 83ms
 ✓ |raptor3| tests/raptor3/transitions/supplier-continuations-commands.test.ts (10 tests) 86ms
 ✓ |raptor3| tests/raptor3/transitions/membership-own-write-commands.test.ts (8 tests) 67ms
 ✓ |raptor3| tests/raptor3/transitions/staleness-commands.test.ts (3 tests) 30ms
 ✓ |raptor3| tests/raptor3/transitions/singular-commands.test.ts (20 tests) 138ms
 ✓ |raptor3| tests/raptor3/transitions/junctions-commands.test.ts (26 tests) 294ms
 ✓ |raptor3| tests/raptor3/transitions/variant-removals-commands.test.ts (14 tests) 121ms
 ✓ |raptor3| tests/raptor3/transitions/occupied-keys-commands.test.ts (8 tests) 158ms
 ✓ |raptor3| tests/raptor3/transitions/required-commands.test.ts (8 tests) 85ms
 ✓ |raptor3| tests/raptor3/transitions/keys-commands.test.ts (14 tests) 126ms
 ✓ |raptor3| tests/raptor3/transitions/own-write-commands.test.ts (18 tests) 144ms
 ✓ |raptor3| tests/raptor3/expanded/compound-falsifier.test.ts (1 test) 1ms
 ✓ |raptor3| tests/raptor3/expanded/commands.test.ts (82 tests) 210ms
 ✓ |raptor3| tests/raptor3/expanded/variant-identity-commands.test.ts (42 tests) 140ms
 ✓ |raptor3| tests/raptor3/fixed.test.ts (24 tests) 50ms
 ✓ |raptor3| tests/raptor3/generated-smoke.test.ts (32 tests) 206ms

 Test Files  65 passed (65)
      Tests  758 passed (758)
   Start at  13:26:58
   Duration  18.44s (transform 2.12s, setup 63ms, collect 10.38s, tests 4.97s, environment 0ms, prepare 30ms)

Vitest resources: 25.67s wall, 912.7 MiB peak sampled process-group RSS (sampled ceiling 1536 MiB). Teardown verified.
[test:all] Raptor 3 fixed contracts, harness falsifiers and candidate comparison: 29.57s wall, 58.8 MiB peak sampled process-group RSS (sampled ceiling 1536 MiB, ordinary project). Teardown verified.
