[test:all] Raptor 3 fixed contracts, harness falsifiers and candidate comparison
 ✓ |raptor3| tests/raptor3/post-prep/g29-member-dependency.test.ts (14 tests) 98ms
 ✓ |raptor3| tests/raptor3/core-structure/structural-reference.test.ts (10 tests) 31ms
 ✓ |raptor3| tests/raptor3/core-structure/member-scope.contract.test.ts (8 tests) 27ms
 ✓ |raptor3| tests/raptor3/g3/author-execution-regressions.test.ts (3 tests) 20ms
 ✓ |raptor3| tests/raptor3/prep/selector-dependencies.test.ts (11 tests) 78ms
 ✓ |raptor3| tests/raptor3/prep/recursive-read-fit.test.ts (6 tests) 10ms
 ✓ |raptor3| tests/raptor3/prep/suppression-replay.test.ts (5 tests) 35ms
 ✓ |raptor3| tests/raptor3/prep/variant-collection-order.test.ts (4 tests) 38ms
 ✓ |raptor3| tests/raptor3/gate.test.ts (8 tests) 113ms
 ✓ |raptor3| tests/raptor3/prep/set-preparation.test.ts (6 tests) 11ms
 ✓ |raptor3| tests/raptor3/post-prep/g29-dependency-choices.test.ts (10 tests) 35ms
 ✓ |raptor3| tests/raptor3/prep/g3p04-review-regressions.test.ts (5 tests) 19ms
 ✓ |raptor3| tests/raptor3/core-structure/repeated-occurrence-ownership.test.ts (5 tests) 6ms
 ✓ |raptor3| tests/raptor3/post-prep/g29-dependency-boundaries.test.ts (4 tests) 19ms
 ✓ |raptor3| tests/raptor3/core-structure/extension-a.contract.test.ts (6 tests) 19ms
 ✓ |raptor3| tests/raptor3/ownership/commands.test.ts (6 tests) 5ms
 ✓ |raptor3| tests/raptor3/g4/parity/upsert-array-route.test.ts (6 tests) 19ms
 ✓ |raptor3| tests/raptor3/post-prep/projection-preparation.test.ts (4 tests) 5ms
 ✓ |raptor3| tests/raptor3/transport.test.ts (44 tests) 657ms
 ✓ |raptor3| tests/raptor3/post-prep/selector-preparation.test.ts (4 tests) 6ms
 ✓ |raptor3| tests/raptor3/g3/scope-failure-contract.test.ts (2 tests) 10ms
 ✓ |raptor3| tests/raptor3/g4/parity/lax-to-one.test.ts (27 tests) 54ms
 ✓ |raptor3| tests/raptor3/post-prep/history-analysis.test.ts (5 tests) 3ms
 ✓ |raptor3| tests/raptor3/g3/transaction-array-contract.test.ts (4 tests) 11ms
 ✓ |raptor3| tests/raptor3/g3/review-execution-boundaries.test.ts (6 tests) 20ms
 ✓ |raptor3| tests/raptor3/core-structure/extension-composition.contract.test.ts (4 tests) 21ms
 ✓ |raptor3| tests/raptor3/post-prep/g29-result-progress.test.ts (2 tests) 6ms
 ✓ |raptor3| tests/raptor3/g3/bulk-series-contract.test.ts (6 tests) 12ms
 ✓ |raptor3| tests/raptor3/g3/bulk-result-boundary.test.ts (5 tests) 16ms
 ✓ |raptor3| tests/raptor3/g3/suppression-retry-contract.test.ts (2 tests) 13ms
 ✓ |raptor3| tests/raptor3/g3/generation/generated-smoke.test.ts (6 tests) 166ms
 ✓ |raptor3| tests/raptor3/g3/depth-recurrence-contract.test.ts (6 tests) 25ms
 ✓ |raptor3| tests/raptor3/core-structure/measurement/extension-recipes.selftest.test.ts (5 tests) 18ms
 ✓ |raptor3| tests/raptor3/core-structure/extension-b.contract.test.ts (4 tests) 12ms
 ✓ |raptor3| tests/raptor3/polish/commands.test.ts (6 tests) 48ms
 ✓ |raptor3| tests/raptor3/post-prep/clearability-consumption.test.ts (4 tests) 18ms
 ✓ |raptor3| tests/raptor3/candidate-handoff.test.ts (6 tests) 10ms
 ✓ |raptor3| tests/raptor3/cleanup-failure.test.ts (2 tests) 33ms
 ✓ |raptor3| tests/raptor3/g3/generation/generated-transport-smoke.test.ts (1 test) 102ms
 ✓ |raptor3| tests/raptor3/generated-gate.test.ts (3 tests) 48ms
 ✓ |raptor3| tests/raptor3/candidate.test.ts (48 tests) 286ms
 ✓ |raptor3| tests/raptor3/g4/parity/series-member-premise.test.ts (4 tests) 21ms
 ✓ |raptor3| tests/raptor3/candidate-pagination.test.ts (8 tests) 10ms
 ✓ |raptor3| tests/raptor3/post-prep/schema-view-reuse.test.ts (1 test) 1ms
 ✓ |raptor3| tests/raptor3/g4/parity/increment-key-width.test.ts (1 test) 5ms
 ✓ |raptor3| tests/raptor3/candidate-ordering.test.ts (4 tests) 27ms
 ✓ |raptor3| tests/raptor3/expanded/lifetime-commands.test.ts (16 tests) 59ms
 ✓ |raptor3| tests/raptor3/core-structure/measurement/extension-campaign.selftest.test.ts (42 tests) 308ms
 ✓ |raptor3| tests/raptor3/transitions/conditional-upsert-commands.test.ts (11 tests) 80ms
 ✓ |raptor3| tests/raptor3/transitions/singular-lattice-commands.test.ts (58 tests) 246ms
 ✓ |raptor3| tests/raptor3/transitions/shared-key-suppliers-commands.test.ts (4 tests) 41ms
 ✓ |raptor3| tests/raptor3/transitions/junction-identity-commands.test.ts (2 tests) 25ms
 ✓ |raptor3| tests/raptor3/transitions/series-staleness-commands.test.ts (4 tests) 57ms
 ✓ |raptor3| tests/raptor3/transitions/mixed-key-transitions-commands.test.ts (8 tests) 72ms
 ✓ |raptor3| tests/raptor3/transitions/supplier-continuations-commands.test.ts (10 tests) 84ms
 ✓ |raptor3| tests/raptor3/transitions/membership-own-write-commands.test.ts (8 tests) 56ms
 ✓ |raptor3| tests/raptor3/transitions/staleness-commands.test.ts (3 tests) 28ms
 ✓ |raptor3| tests/raptor3/transitions/singular-commands.test.ts (20 tests) 100ms
 ✓ |raptor3| tests/raptor3/transitions/junctions-commands.test.ts (26 tests) 210ms
 ✓ |raptor3| tests/raptor3/transitions/variant-removals-commands.test.ts (14 tests) 85ms
 ✓ |raptor3| tests/raptor3/transitions/occupied-keys-commands.test.ts (8 tests) 81ms
 ✓ |raptor3| tests/raptor3/transitions/required-commands.test.ts (8 tests) 43ms
 ✓ |raptor3| tests/raptor3/transitions/keys-commands.test.ts (14 tests) 86ms
 ✓ |raptor3| tests/raptor3/transitions/own-write-commands.test.ts (18 tests) 151ms
 ✓ |raptor3| tests/raptor3/expanded/compound-falsifier.test.ts (1 test) 1ms
 ✓ |raptor3| tests/raptor3/expanded/commands.test.ts (82 tests) 169ms
 ✓ |raptor3| tests/raptor3/expanded/variant-identity-commands.test.ts (42 tests) 128ms
 ✓ |raptor3| tests/raptor3/fixed.test.ts (24 tests) 36ms
 ✓ |raptor3| tests/raptor3/generated-smoke.test.ts (32 tests) 180ms
 Test Files  69 passed (69)
      Tests  796 passed (796)
[test:all] Raptor 3 fixed contracts, harness falsifiers and candidate comparison: 16.94s wall, 60.4 MiB peak sampled process-group RSS (sampled ceiling 1536 MiB, ordinary project). Teardown verified.
