[test:all] extended-local shared-family shard 6/8 (14 suites)
 ✓ |extended-local| tests/contracts/engine/query/nested-write-conformance-m2m.test.ts (34 tests) 1716ms
 ✓ |extended-local| tests/unit/cache/cache.test.ts (20 tests) 590ms
 ✓ |extended-local| tests/contracts/engine/write/parent-held-delegated-fk-rebind-correlation.test.ts (8 tests) 601ms
 ✓ |extended-local| tests/contracts/engine/query/legality-gate.test.ts (7 tests) 519ms
 ✓ |extended-local| tests/contracts/engine/write/child-held-to-one-multi-kind.test.ts (7 tests) 610ms
 ✓ |extended-local| tests/contracts/public-client/bigint-precision-relations.test.ts (7 tests) 477ms
 ✓ |extended-local| tests/unit/migrations/manual-migration.test.ts (4 tests) 1234ms
 ✓ |extended-local| tests/contracts/engine/write/nested-junction-target-recursion.test.ts (3 tests) 596ms
 ✓ |extended-local| tests/contracts/engine/write/shared-pk-supply-modify.test.ts (3 tests) 598ms
 ❯ |extended-local| tests/contracts/engine/query/relation-key-update-legality-occupied-to-one.test.ts (7 tests | 1 failed) 697ms
 ✓ |extended-local| tests/contracts/engine/write/upsert-untaken-arm-legality.test.ts (4 tests) 501ms
 ✓ |extended-local| tests/contracts/public-client/one-to-one-unique.pglite.test.ts (2 tests) 456ms
 ❯ |extended-local| tests/contracts/engine/write/junction-produced-identity.test.ts (12 tests | 2 failed) 602ms
 ✓ |extended-local| tests/contracts/engine/write/destination-cast.test.ts (12 tests) 696ms
 FAIL  |extended-local| tests/contracts/engine/query/relation-key-update-legality-occupied-to-one.test.ts > relation-key update legality > reports not-found for an empty setNull child-held UPDATE unde
 FAIL  |extended-local| tests/contracts/engine/write/junction-produced-identity.test.ts > E4-U3 junction produced identity (transaction) > skipDuplicates with a produced key ADOPTS instead of refusing
 FAIL  |extended-local| tests/contracts/engine/write/junction-produced-identity.test.ts > E4-U3 junction produced identity (atomic batch) > skipDuplicates with a produced key ADOPTS instead of refusin
 Test Files  2 failed | 12 passed (14)
      Tests  3 failed | 127 passed (130)
[test:all] extended-local shared-family shard 6/8 (14 suites): 13.74s wall, 1850.1 MiB peak sampled process-group RSS (sampled ceiling 2560 MiB, isolated live-PGlite provider). Teardown verified.
