
 RUN  v3.1.4 /Users/arnaud/code/viborm

 ✓ |raptor3| tests/raptor3/recursive-query/carrier-boundary.test.ts (13 tests) 55ms
 ❯ |raptor3| tests/raptor3/recursive-query/distance-key-collision.test.ts (4 tests | 2 failed) 10ms
   × the output key `_distance` has one producer > refuses a distance beside a relation named `_distance`, in either order, before any statement 4ms
     → Missing expected exception: {"select":{"id":true,"_distance":{"recurse":{"depth":2},"select":{"id":true,"at":{"_distance":{"to":{"longitude":2.3522,"latitude":48.8566}}}}}}}
   × the output key `_distance` has one producer > renders the same refusal for the schema-only result shape 5ms
     → Missing expected exception: {"select":{"id":true,"_distance":{"recurse":{"depth":2},"select":{"id":true,"at":{"_distance":{"to":{"longitude":2.3522,"latitude":48.8566}}}}}}}
   ✓ the output key `_distance` has one producer > refuses the included spelling in the schema-only shape below admission 0ms
   ✓ the output key `_distance` has one producer > keeps the key for each producer alone 1ms

⎯⎯⎯⎯⎯⎯⎯ Failed Tests 2 ⎯⎯⎯⎯⎯⎯⎯

 FAIL  |raptor3| tests/raptor3/recursive-query/distance-key-collision.test.ts > the output key `_distance` has one producer > refuses a distance beside a relation named `_distance`, in either order, before any statement
AssertionError: Missing expected exception: {"select":{"id":true,"_distance":{"recurse":{"depth":2},"select":{"id":true,"at":{"_distance":{"to":{"longitude":2.3522,"latitude":48.8566}}}}}}}

simple

 ❯ tests/raptor3/recursive-query/distance-key-collision.test.ts:142:14
    140|   it("refuses a distance beside a relation named `_distance`, in eithe…
    141|     for (const args of [distanceFirst, relationFirst, included, nested…
    142|       assert.throws(
       |              ^
    143|         () => queries().select(place, args as never),
    144|         (error: unknown) =>

⎯⎯⎯⎯⎯⎯⎯⎯⎯⎯⎯⎯⎯⎯⎯⎯⎯⎯⎯⎯⎯⎯⎯⎯[1/2]⎯

 FAIL  |raptor3| tests/raptor3/recursive-query/distance-key-collision.test.ts > the output key `_distance` has one producer > renders the same refusal for the schema-only result shape
AssertionError: Missing expected exception: {"select":{"id":true,"_distance":{"recurse":{"depth":2},"select":{"id":true,"at":{"_distance":{"to":{"longitude":2.3522,"latitude":48.8566}}}}}}}

simple

 ❯ tests/raptor3/recursive-query/distance-key-collision.test.ts:189:14
    187|   it("renders the same refusal for the schema-only result shape", () =…
    188|     for (const args of [distanceFirst, relationFirst, nested])
    189|       assert.throws(
       |              ^
    190|         () => renderOperationResultType(schema, "place", "findMany", a…
    191|         (error: unknown) =>

⎯⎯⎯⎯⎯⎯⎯⎯⎯⎯⎯⎯⎯⎯⎯⎯⎯⎯⎯⎯⎯⎯⎯⎯[2/2]⎯


 Test Files  1 failed | 1 passed (2)
      Tests  2 failed | 15 passed (17)
   Start at  11:57:01
   Duration  1.72s (transform 934ms, setup 13ms, collect 1.46s, tests 65ms, environment 0ms, prepare 46ms)

Vitest resources: 3.88s wall, 497.0 MiB peak sampled process-group RSS (sampled ceiling 1536 MiB). Teardown verified.
