sqlite 3.51.2
args: object | string | array(13) | {model:string,operation:string,correlationId:string}
params: 13
2 0 SEARCH q0 USING COVERING INDEX sqlite_autoindex_plan_tree_1 (id=?)
10 0 CORRELATED SCALAR SUBQUERY 8
13 10 SCAN CONSTANT ROW
17 10 CORRELATED SCALAR SUBQUERY 5
20 17 CO-ROUTINE _distinct_subquery
23 20 CO-ROUTINE (subquery-10)
25 23 MATERIALIZE __q1_recursive
30 25 SETUP
32 30 SCAN q2
59 25 RECURSIVE STEP
63 59 SCAN q3
66 59 SEARCH q4 USING COVERING INDEX sqlite_autoindex_plan_tree_1 (id=?)
80 59 SEARCH q5 USING AUTOMATIC COVERING INDEX (parentId=?)
100 23 SCAN q3
109 23 USE TEMP B-TREE FOR ORDER BY
125 20 SCAN (subquery-10)
171 17 SCAN _distinct_subquery
176 17 SEARCH q7 USING COVERING INDEX sqlite_autoindex_plan_tree_1 (id=?)
204 10 CORRELATED SCALAR SUBQUERY 7
207 204 CO-ROUTINE q10
209 207 MATERIALIZE __q1_recursive
214 209 SETUP
216 214 SCAN q2
243 209 RECURSIVE STEP
247 243 SCAN q3
250 243 SEARCH q4 USING COVERING INDEX sqlite_autoindex_plan_tree_1 (id=?)
264 243 SEARCH q5 USING AUTOMATIC COVERING INDEX (parentId=?)
286 207 SCAN q8
288 207 SEARCH q9 USING COVERING INDEX sqlite_autoindex_plan_tree_1 (id=?)
309 207 USE TEMP B-TREE FOR ORDER BY
317 204 SCAN q10
