
 RUN  v3.1.4 /Users/arnaud/code/viborm

 ✓ |raptor3| tests/raptor3/ownership/commands.test.ts (6 tests) 15ms
 ✓ |raptor3| tests/raptor3/polish/commands.test.ts (6 tests) 47ms
 ✓ |raptor3| tests/raptor3/transitions/diagnostics.test.ts (2 tests) 154ms
 ✓ |raptor3| tests/raptor3/transitions/conditional-upsert-commands.test.ts (11 tests) 61ms
 ✓ |raptor3| tests/raptor3/transitions/singular-lattice-commands.test.ts (58 tests) 203ms
 ✓ |raptor3| tests/raptor3/transitions/shared-key-suppliers-commands.test.ts (4 tests) 38ms
 ✓ |raptor3| tests/raptor3/transitions/junction-identity-commands.test.ts (2 tests) 24ms
 ✓ |raptor3| tests/raptor3/transitions/series-staleness-commands.test.ts (4 tests) 40ms
 ✓ |raptor3| tests/raptor3/transitions/mixed-key-transitions-commands.test.ts (8 tests) 67ms
 ✓ |raptor3| tests/raptor3/transitions/supplier-continuations-commands.test.ts (10 tests) 68ms
 ✓ |raptor3| tests/raptor3/transitions/membership-own-write-commands.test.ts (8 tests) 54ms
 ✓ |raptor3| tests/raptor3/transitions/staleness-commands.test.ts (3 tests) 21ms
 ✓ |raptor3| tests/raptor3/transitions/singular-commands.test.ts (20 tests) 91ms
 ✓ |raptor3| tests/raptor3/transitions/junctions-commands.test.ts (26 tests) 193ms
 ✓ |raptor3| tests/raptor3/transitions/variant-removals-commands.test.ts (14 tests) 79ms
 ✓ |raptor3| tests/raptor3/transitions/occupied-keys-commands.test.ts (8 tests) 67ms
 ✓ |raptor3| tests/raptor3/transitions/required-commands.test.ts (8 tests) 37ms
 ✓ |raptor3| tests/raptor3/transitions/keys-commands.test.ts (14 tests) 73ms
 ✓ |raptor3| tests/raptor3/transitions/own-write-commands.test.ts (18 tests) 86ms

 Test Files  19 passed (19)
      Tests  230 passed (230)
   Start at  02:36:03
   Duration  4.77s (transform 1.18s, setup 19ms, collect 3.02s, tests 1.42s, environment 0ms, prepare 27ms)

Vitest resources: 6.96s wall, 843.0 MiB peak sampled process-group RSS (sampled ceiling 1536 MiB). Teardown verified.
exit=0
