
 RUN  v3.1.4 /Users/arnaud/code/viborm

 ✓ |g4-unit02-author| tests/raptor3/g4/unit02/unique-discriminator.test.ts (5 tests | 4 skipped) 30ms
 ✓ |g4-unit02-author| tests/raptor3/g4/unit02/key-arithmetic.test.ts (19 tests) 66ms
 ✓ |g4-unit02-author| tests/raptor3/g4/unit02/upsert-key-portability.test.ts (17 tests) 108ms
 ✓ |g4-unit02-author| tests/raptor3/g4/unit02/malformed-result-cuts.test.ts (4 tests) 11ms
 ✓ |g4-unit02-author| tests/raptor3/g4/unit02/phase2-envelope-and-arithmetic.test.ts (7 tests) 20ms
 ✓ |g4-unit02-author| tests/raptor3/g4/unit02/recursive-codec-fit.test.ts (3 tests) 16ms
 ✓ |g4-unit02-author| tests/raptor3/g4/unit02/physical-envelope.test.ts (10 tests) 23ms
 ✓ |g4-unit02-author| tests/raptor3/g4/unit02/borrowed-envelope.test.ts (5 tests) 19ms
 ✓ |g4-unit02-author| tests/raptor3/g4/unit02/root-member-cut-trace.test.ts (4 tests) 18ms
 ✓ |g4-unit02-author| tests/raptor3/g4/unit02/packaged-array.test.ts (5 tests) 20ms
 ✓ |g4-unit02-author| tests/raptor3/g4/unit02/prepared-operation.test.ts (5 tests) 14ms
 ✓ |g4-unit02-author| tests/raptor3/g4/unit02/decimal-having-operand.test.ts (3 tests) 5ms
 ✓ |g4-unit02-author| tests/raptor3/g4/unit02/vector-capability.test.ts (1 test) 5ms
 ✓ |g4-unit02-author| tests/raptor3/g4/unit02/root-delete.test.ts (6 tests) 16ms
 ↓ |g4-unit02-author| tests/raptor3/g4/unit02/native-key-arithmetic.test.ts (5 tests | 5 skipped)
 ✓ |g4-unit02-author| tests/raptor3/g4/unit02/returning-safety-gate.test.ts (5 tests) 1ms
 ↓ |g4-unit02-author| tests/raptor3/g4/unit02/native-date-codec.test.ts (1 test | 1 skipped)
 ✓ |g4-unit02-author| tests/raptor3/g4/unit02/k-competing-refusals.test.ts (4 tests) 6ms
 ✓ |g4-unit02-author| tests/raptor3/g4/unit02/k-refusal-order-history.test.ts (3 tests) 4ms

 Test Files  17 passed | 2 skipped (19)
      Tests  102 passed | 10 skipped (112)
   Start at  16:47:50
   Duration  4.43s (transform 1.66s, setup 20ms, collect 3.81s, tests 381ms, environment 0ms, prepare 35ms)

Vitest resources: 5.06s wall, 689.6 MiB peak sampled process-group RSS (sampled ceiling 1536 MiB). Teardown verified.
