=== INDEPENDENT baseline classification of R-D4: the reviewer's ROUND-5 discriminator-scope probe, unmodified (sha 10afd357...), in the CLEAN 0cc61e61 worktree ===
=== 2026-09-15T14:55:54Z container d6da412eec3c 127.0.0.1:65515 ===
0cc61e61 refactor(raptor3): unify completion and scalar update ownership

 RUN  v3.1.4 /private/tmp/viborm-g4-perf-baseline

stdout | tests/raptor3/g4/review/unit02-closure1-reviewcheck/mysql-discriminator-scope.review.test.ts > G4-02 closure review — the discriminator repair's other call sites > answers every admitted-unique call site the way the shipped engine does
[root delete by a collation-equal key]
  shipped   ForeignKeyError: Foreign key constraint violation
            owners [{"id":"wanted","email":"claim@x","name":"winner"}] notes [{"id":"n1","ownerId":"wanted"}]
  candidate Error: Raptor 3 G1 operation is not implemented: delete
            owners [{"id":"wanted","email":"claim@x","name":"winner"}] notes [{"id":"n1","ownerId":"wanted"}]

stdout | tests/raptor3/g4/review/unit02-closure1-reviewcheck/mysql-discriminator-scope.review.test.ts > G4-02 closure review — the discriminator repair's other call sites > answers every admitted-unique call site the way the shipped engine does
[root upsert whose lookup is collation-equal]
  shipped   ok:{"id":"wanted","email":"claim@x","name":"updated"}
            owners [{"id":"wanted","email":"claim@x","name":"updated"}] notes [{"id":"n1","ownerId":"wanted"}]
  candidate ok:{"id":"wanted","email":"claim@x","name":"updated"}
            owners [{"id":"wanted","email":"claim@x","name":"updated"}] notes [{"id":"n1","ownerId":"wanted"}]

stdout | tests/raptor3/g4/review/unit02-closure1-reviewcheck/mysql-discriminator-scope.review.test.ts > G4-02 closure review — the discriminator repair's other call sites > answers every admitted-unique call site the way the shipped engine does
[nested connect on a collation-equal key]
  shipped   ok:{"id":"n2","title":"T","ownerId":"WANTED"}
            owners [{"id":"wanted","email":"claim@x","name":"winner"}] notes [{"id":"n1","ownerId":"wanted"},{"id":"n2","ownerId":"WANTED"}]
  candidate ok:{"id":"n2","title":"T","ownerId":"wanted"}
            owners [{"id":"wanted","email":"claim@x","name":"winner"}] notes [{"id":"n1","ownerId":"wanted"},{"id":"n2","ownerId":"wanted"}]

stdout | tests/raptor3/g4/review/unit02-closure1-reviewcheck/mysql-discriminator-scope.review.test.ts > G4-02 closure review — the discriminator repair's other call sites > answers every admitted-unique call site the way the shipped engine does
[nested set on a collation-equal key]
  shipped   ok:{"id":"wanted","email":"claim@x","name":"winner"}
            owners [{"id":"wanted","email":"claim@x","name":"winner"}] notes [{"id":"n1","ownerId":"wanted"}]
  candidate ok:{"id":"wanted","email":"claim@x","name":"winner"}
            owners [{"id":"wanted","email":"claim@x","name":"winner"}] notes [{"id":"n1","ownerId":"wanted"}]

stdout | tests/raptor3/g4/review/unit02-closure1-reviewcheck/mysql-discriminator-scope.review.test.ts > G4-02 closure review — the discriminator repair's other call sites > answers every admitted-unique call site the way the shipped engine does
[nested disconnect on a collation-equal key]
  shipped   NestedWriteError: Cannot disconnect relation 'notes': target record was not found for this parent.
            owners [{"id":"wanted","email":"claim@x","name":"winner"}] notes [{"id":"n1","ownerId":"wanted"}]
  candidate ok:{"id":"wanted","email":"claim@x","name":"winner"}
            owners [{"id":"wanted","email":"claim@x","name":"winner"}] notes [{"id":"n1","ownerId":null}]

stdout | tests/raptor3/g4/review/unit02-closure1-reviewcheck/mysql-discriminator-scope.review.test.ts > G4-02 closure review — the discriminator repair's other call sites > answers every admitted-unique call site the way the shipped engine does
[nested delete on a collation-equal key]
  shipped   NestedWriteError: Cannot delete relation 'notes': target record was not found for this parent.
            owners [{"id":"wanted","email":"claim@x","name":"winner"}] notes [{"id":"n1","ownerId":"wanted"}]
  candidate ok:{"id":"wanted","email":"claim@x","name":"winner"}
            owners [{"id":"wanted","email":"claim@x","name":"winner"}] notes []

stdout | tests/raptor3/g4/review/unit02-closure1-reviewcheck/mysql-discriminator-scope.review.test.ts > G4-02 closure review — the discriminator repair's other call sites > answers every admitted-unique call site the way the shipped engine does
[nested update on a collation-equal key]
  shipped   NestedWriteError: Cannot update relation 'notes': target record was not found for this parent.
            owners [{"id":"wanted","email":"claim@x","name":"winner"}] notes [{"id":"n1","ownerId":"wanted"}]
  candidate ok:{"id":"wanted","email":"claim@x","name":"winner"}
            owners [{"id":"wanted","email":"claim@x","name":"winner"}] notes [{"id":"n1","ownerId":"wanted"}]

stdout | tests/raptor3/g4/review/unit02-closure1-reviewcheck/mysql-discriminator-scope.review.test.ts > G4-02 closure review — the discriminator repair's other call sites > answers every admitted-unique call site the way the shipped engine does
[nested upsert on a collation-equal key]
  shipped   ok:{"id":"wanted","email":"claim@x","name":"winner"}
            owners [{"id":"wanted","email":"claim@x","name":"winner"}] notes [{"id":"n1","ownerId":"wanted"}]
  candidate ok:{"id":"wanted","email":"claim@x","name":"winner"}
            owners [{"id":"wanted","email":"claim@x","name":"winner"}] notes [{"id":"n1","ownerId":"wanted"}]

stdout | tests/raptor3/g4/review/unit02-closure1-reviewcheck/mysql-discriminator-scope.review.test.ts > G4-02 closure review — the discriminator repair's other call sites > answers every admitted-unique call site the way the shipped engine does
[compound unique selector, collation-equal members]
  shipped   ok:{"region":"eu","slug":"alpha","label":"p"}
            owners [{"id":"wanted","email":"claim@x","name":"winner"}] notes [{"id":"n1","ownerId":"wanted"}]
  candidate ok:{"region":"eu","slug":"alpha","label":"p"}
            owners [{"id":"wanted","email":"claim@x","name":"winner"}] notes [{"id":"n1","ownerId":"wanted"}]

stdout | tests/raptor3/g4/review/unit02-closure1-reviewcheck/mysql-discriminator-scope.review.test.ts > G4-02 closure review — the discriminator repair's other call sites > answers every admitted-unique call site the way the shipped engine does
[extended unique where: the filter half stays case-sensitive]
  shipped   ok:null
            owners [{"id":"wanted","email":"claim@x","name":"winner"}] notes [{"id":"n1","ownerId":"wanted"}]
  candidate ok:{"id":"wanted","email":"claim@x","name":"winner"}
            owners [{"id":"wanted","email":"claim@x","name":"winner"}] notes [{"id":"n1","ownerId":"wanted"}]

stdout | tests/raptor3/g4/review/unit02-closure1-reviewcheck/mysql-discriminator-scope.review.test.ts > G4-02 closure review — the discriminator repair's other call sites > answers every admitted-unique call site the way the shipped engine does
[deleteMany by a collation-equal filter]
  shipped   ok:{"count":0}
            owners [{"id":"wanted","email":"claim@x","name":"winner"}] notes [{"id":"n1","ownerId":"wanted"}]
  candidate ForeignKeyError: Foreign key constraint violation
            owners [{"id":"wanted","email":"claim@x","name":"winner"}] notes [{"id":"n1","ownerId":"wanted"}]

 ❯ |g4-review-unit02-closure1-reviewcheck| tests/raptor3/g4/review/unit02-closure1-reviewcheck/mysql-discriminator-scope.review.test.ts (1 test | 1 failed) 337ms
   × G4-02 closure review — the discriminator repair's other call sites > answers every admitted-unique call site the way the shipped engine does 337ms
     → diverging call sites
+ actual - expected

+ [
+   'root delete by a collation-equal key',
+   'nested connect on a collation-equal key',
+   'nested disconnect on a collation-equal key',
+   'nested delete on a collation-equal key',
+   'nested update on a collation-equal key',
+   'extended unique where: the filter half stays case-sensitive',
+   'deleteMany by a collation-equal filter'
+ ]
- []


⎯⎯⎯⎯⎯⎯⎯ Failed Tests 1 ⎯⎯⎯⎯⎯⎯⎯

 FAIL  |g4-review-unit02-closure1-reviewcheck| tests/raptor3/g4/review/unit02-closure1-reviewcheck/mysql-discriminator-scope.review.test.ts > G4-02 closure review — the discriminator repair's other call sites > answers every admitted-unique call site the way the shipped engine does
AssertionError: diverging call sites
+ actual - expected

+ [
+   'root delete by a collation-equal key',
+   'nested connect on a collation-equal key',
+   'nested disconnect on a collation-equal key',
+   'nested delete on a collation-equal key',
+   'nested update on a collation-equal key',
+   'extended unique where: the filter half stays case-sensitive',
+   'deleteMany by a collation-equal filter'
+ ]
- []


[32m- Expected[39m
[31m+ Received[39m

[32m- [][39m
[31m+ [[39m
[31m+   "root delete by a collation-equal key",[39m
[31m+   "nested connect on a collation-equal key",[39m
[31m+   "nested disconnect on a collation-equal key",[39m
[31m+   "nested delete on a collation-equal key",[39m
[31m+   "nested update on a collation-equal key",[39m
[31m+   "extended unique where: the filter half stays case-sensitive",[39m
[31m+   "deleteMany by a collation-equal filter",[39m
[31m+ ][39m

 ❯ tests/raptor3/g4/review/unit02-closure1-reviewcheck/mysql-discriminator-scope.review.test.ts:298:14
    296|         await setup.disconnect();
    297|       }
    298|       assert.deepEqual(divergences, [], "diverging call sites");
       |              ^
    299|     }, 180_000);
    300|   }

⎯⎯⎯⎯⎯⎯⎯⎯⎯⎯⎯⎯⎯⎯⎯⎯⎯⎯⎯⎯⎯⎯⎯⎯[1/1]⎯


 Test Files  1 failed (1)
      Tests  1 failed (1)
   Start at  16:55:54
   Duration  2.01s (transform 1.08s, setup 9ms, collect 1.55s, tests 337ms, environment 0ms, prepare 33ms)

Vitest resources: 2.56s wall, 458.0 MiB peak sampled process-group RSS (sampled ceiling 1536 MiB). Teardown verified.

=== the probe copy was removed after the run; baseline worktree status below (empty = clean) ===
0cc61e61 refactor(raptor3): unify completion and scalar update ownership
