
 RUN  v3.1.4 /Users/arnaud/code/viborm

 ✓ |raptor3| tests/raptor3/g4/review/unit01-followup2/distance-depth.test.ts (13 tests) 17ms
 ✓ |raptor3| tests/raptor3/g4/review/unit01-followup3/decimal-domains.test.ts (17 tests) 28ms
 ✓ |raptor3| tests/raptor3/g4/review/unit01-followup/distance-parity.test.ts (7 tests) 3ms
 ✓ |raptor3| tests/raptor3/g4/review/unit01-followup/nested-reversal.test.ts (5 tests) 11ms
 ✓ |raptor3| tests/raptor3/g4/review/unit01-followup3/json-sentinel-sweep.test.ts (9 tests) 9ms
 ✓ |raptor3| tests/raptor3/g4/review/unit01-followup2/combinator-depth.test.ts (24 tests) 25ms
 ✓ |raptor3| tests/raptor3/g4/review/unit01-followup/order-oracle.test.ts (9 tests) 14ms
 ✓ |raptor3| tests/raptor3/g4/review/unit01-followup2/distance-pins.test.ts (4 tests) 4ms
 ✓ |raptor3| tests/raptor3/g4/review/unit01/shipped-parity.test.ts (8 tests) 14ms
 ✓ |raptor3| tests/raptor3/g4/review/unit01/decode-strictness.test.ts (7 tests) 6ms
 ✓ |raptor3| tests/raptor3/g4/review/unit01/having-projection.test.ts (5 tests) 5ms
 ✓ |raptor3| tests/raptor3/g4/review/unit01/order-cursor.test.ts (6 tests) 4ms
 ✓ |raptor3| tests/raptor3/g4/review/unit01-followup/operand-and-logic.test.ts (9 tests) 9ms
 ✓ |raptor3| tests/raptor3/g4/review/unit01-followup3/cursor-refusal-sweep.test.ts (11 tests) 6ms
 ✓ |raptor3| tests/raptor3/g4/review/unit01-followup2/selector-facts.test.ts (5 tests) 11ms
 ✓ |raptor3| tests/raptor3/g4/review/unit01/whole-value-operands.test.ts (7 tests) 6ms
 ✓ |raptor3| tests/raptor3/g4/review/unit01/null-placement-parity.test.ts (2 tests) 2ms
 ✓ |raptor3| tests/raptor3/g4/review/unit01-followup2/decimal-fieldref.test.ts (2 tests) 3ms
 ✓ |raptor3| tests/raptor3/g4/review/unit01/nested-window.test.ts (3 tests) 3ms
 ✓ |raptor3| tests/raptor3/g4/review/unit01/logical-forms.test.ts (3 tests) 4ms
 ✓ |raptor3| tests/raptor3/g4/review/unit01/variant-arms.test.ts (2 tests) 3ms
 ✓ |raptor3| tests/raptor3/g4/review/unit01-followup2/json-sentinel.test.ts (3 tests) 3ms
 ✓ |raptor3| tests/raptor3/g4/review/unit01-followup3/decimal-reach.test.ts (5 tests) 5ms
 ✓ |raptor3| tests/raptor3/g4/review/unit01/distance-projection.test.ts (1 test) 1ms
 ✓ |raptor3| tests/raptor3/g4/review/unit01-followup2/characterize.test.ts (10 tests) 6ms
 ✓ |raptor3| tests/raptor3/g4/review/unit01-followup3/competing-refusals.test.ts (4 tests) 4ms
 ✓ |raptor3| tests/raptor3/g4/review/unit01-followup/empty-arm.test.ts (12 tests) 8ms
 ✓ |raptor3| tests/raptor3/g4/review/unit01-followup3/refusal-order-history.test.ts (3 tests) 3ms
 ✓ |raptor3| tests/raptor3/g4/review/unit01-followup2/cursor-refusal.test.ts (2 tests) 2ms

 Test Files  29 passed (29)
      Tests  198 passed (198)
   Start at  01:41:21
   Duration  2.38s (transform 641ms, setup 20ms, collect 1.98s, tests 219ms, environment 0ms, prepare 25ms)

JSON report written to /var/folders/2c/xh5rx2d91wd_lk8rvnnhlr4m0000gn/T/viborm-raptor3-g0-RQRaVR/vitest.json
Vitest resources: 4.31s wall, 641.3 MiB peak sampled process-group RSS (sampled ceiling 1536 MiB). Teardown verified.
Raptor 3 g4-unit01-review contract gate verified. Evidence: /var/folders/2c/xh5rx2d91wd_lk8rvnnhlr4m0000gn/T/viborm-raptor3-g0-RQRaVR
