
 RUN  v3.1.4 /Users/arnaud/code/viborm

(node:71765) DeprecationWarning: Calling client.query() when the client is already executing a query is deprecated and will be removed in pg@9.0. Use async/await or an external async flow control mechanism instead.
(Use `node --trace-deprecation ...` to show where the warning was created)
 ❯ |provider-pg| tests/providers/docker/pg-nested-write-races.test.ts (95 tests | 13 failed) 10789ms
   ✓ pg Driver > pg upsert atomicity behavior > plain upsert creates the row when missing 145ms
   ✓ pg Driver > pg upsert atomicity behavior > plain upsert updates the row when present 112ms
   ✓ pg Driver > pg upsert atomicity behavior > does not take the update branch for a conflict outside the requested target 118ms
   ✓ pg Driver > pg upsert atomicity behavior > unique upsert targets distinguish case, accents, and trailing spaces 113ms
   ✓ pg Driver > pg upsert atomicity behavior > plain upsert returns the row when the update is a no-op 102ms
   ✓ pg Driver > pg upsert atomicity behavior > plain upsert create branch resolves auto-increment ids 108ms
   ✓ pg Driver > pg upsert atomicity behavior > upsert update branch may rewrite the unique where field 108ms
   ✓ pg Driver > pg upsert atomicity behavior > upsert supports select on both branches 110ms
   ✓ pg Driver > pg upsert atomicity behavior > upsert with include returns the relation payload on both branches 116ms
   ✓ pg Driver > pg upsert atomicity behavior > delete with include returns the relation payload 94ms
   × pg Driver > pg upsert atomicity behavior > concurrent plain upserts of the same missing key both succeed 102ms
     → Unique constraint violation
   × pg Driver > pg upsert atomicity behavior > concurrent fallback upserts of the same missing key both succeed 99ms
     → Unique constraint violation
   × pg Driver > pg nested-write concurrency behavior > concurrent upsert of a missing key converges to one row (tx) 97ms
     → Unique constraint violation
   × pg Driver > pg nested-write concurrency behavior > concurrent nested connectOrCreate of a missing key converges to one row (tx) 103ms
     → Unique constraint violation
   ✓ pg Driver > pg nested-write concurrency behavior > concurrent upsert of a missing key converges to one row (batch) 111ms
   ✓ pg Driver > pg nested-write concurrency behavior > concurrent nested connectOrCreate of a missing key converges to one row (batch) 113ms
   ✓ pg Driver > pg nested-write concurrency behavior > planned-path create-branch race loser surfaces a UniqueConstraintError, then the retry converges 108ms
   ✓ pg Driver > pg singular polymorphic slot transfer under concurrency > two adopters of a held target leave one membership owned by an adopter that succeeded (tx) 128ms
   ✓ pg Driver > pg singular polymorphic slot transfer under concurrency > two adopters of an empty slot are arbitrated to one membership (tx) 125ms
   ✓ pg Driver > pg singular polymorphic slot transfer under concurrency > two adopters of a held target leave one membership owned by an adopter that succeeded (batch) 123ms
   ✓ pg Driver > pg singular polymorphic slot transfer under concurrency > two adopters of an empty slot are arbitrated to one membership (batch) 106ms
   ✓ pg Driver > pg singular polymorphic slot transfer under concurrency > an adopter whose captured owner was replaced fails and leaves the winner's row 128ms
   ✓ pg Driver > pg singular polymorphic slot transfer under concurrency > two adopters that captured the SAME old owner produce exactly one winner 113ms
   ✓ pg Driver > pg singular polymorphic slot transfer under concurrency > two adopters that both observed the slot EMPTY produce exactly one winner 118ms
   × pg Driver > pg filtered m2m deleteMany staleness > a member added after the plan-time read aborts the guard, then the retry converges 145ms
     → expected 0 to be greater than or equal to 1
   ✓ pg Driver > pg nested write behavior > declares an atomic strategy for nested writes 120ms
   ✓ pg Driver > pg nested write behavior > rejects default-only createMany duplicate skipping before writing 120ms
   × pg Driver > pg nested write behavior > rejects nested default-only duplicate skipping before the parent write 133ms
     → promise resolved "{ id: 'default-only-parent' }" instead of rejecting
   ✓ pg Driver > pg nested write behavior > create derives to-one and to-many foreign keys 120ms
   ✓ pg Driver > pg nested write behavior > create connects and connect-or-creates nullable children 123ms
   ✓ pg Driver > pg nested write behavior > update creates, createManys, and connects children 128ms
   ✓ pg Driver > pg nested write behavior > update disconnects and sets nullable children 134ms
   × pg Driver > pg nested write behavior > update and updateMany keep child mutations parent-correlated 118ms
     → Nested operation 'updateMany' on relation 'posts' depends on an earlier 'update' target write in the same nested write. Split these operations into separate queries.
   × pg Driver > pg nested write behavior > delete and deleteMany keep child mutations parent-correlated 124ms
     → Nested operation 'deleteMany' on relation 'posts' depends on an earlier 'delete' target write in the same nested write. Split these operations into separate queries.
   ✓ pg Driver > pg nested write behavior > to-many upsert creates and updates the current parent's child 120ms
   ✓ pg Driver > pg nested write behavior > to-one upsert creates and updates the current target 123ms
   ✓ pg Driver > pg nested write behavior > to-one nested update modifies the connected author 113ms
   ✓ pg Driver > pg nested write behavior > to-one disconnect true nulls the foreign key, both rows survive 118ms
   ✓ pg Driver > pg nested write behavior > to-one delete true deletes the related row 116ms
   ✓ pg Driver > pg nested write behavior > to-one delete true (FK-holder side) nulls the FK then deletes the author 127ms
   ✓ pg Driver > pg nested write behavior > inverse-side to-one upsert: absent creates, found updates, witness survives 118ms
   ✓ pg Driver > pg nested write behavior > explicit join rows work as a practical many-to-many case 126ms
   ✓ pg Driver > pg nested write behavior > unsupported nested create keys reject before parent mutation 112ms
   ✓ pg Driver > pg nested write behavior > nested child failures roll back parent and prior children 124ms
   ✓ pg Driver > pg nested write behavior > to-many updates cannot target another parent's child 122ms
   ✓ pg Driver > pg nested write behavior > non-nullable child foreign keys reject disconnect atomically 120ms
   ✓ pg Driver > pg nested write behavior > nested create propagates foreign keys through mapped columns 126ms
   ✓ pg Driver > pg nested write behavior > nested create derives mapped foreign keys for createMany and connect 125ms
   ✓ pg Driver > pg nested write behavior > set keeping all required-FK children is a no-op and succeeds 123ms
   ✓ pg Driver > pg nested write behavior > set on required-FK children rejects only when rows would be orphaned 124ms
   ✓ pg Driver > pg nested write behavior > set disconnects only nullable-FK children leaving the set 127ms
   ✓ pg Driver > pg nested write behavior > connect with a list of targets reparents every one of them 115ms
   ✓ pg Driver > pg nested write behavior > a connect list with one absent target writes nothing 117ms
   ✓ pg Driver > pg nested write behavior > disconnect with a list nulls every one of them 117ms
   ✓ pg Driver > pg nested write behavior > a disconnect list naming ANOTHER parent's child nulls nothing 130ms
   ✓ pg Driver > pg nested write behavior > a create tree's connect list reparents every one of them 113ms
   ✓ pg Driver > pg nested write behavior > delete with a relation projection > a to-many relation inside `select` comes back, and the row is gone 133ms
   ✓ pg Driver > pg nested write behavior > delete with a relation projection > a to-one relation inside `select` comes back, and the row is gone 117ms
   ✓ pg Driver > pg nested write behavior > delete with a relation projection > the `include` spelling is unaffected 119ms
   ✓ pg Driver > pg advanced nested write behavior > connectOrCreate create branch accepts recursive nested writes 112ms
   ✓ pg Driver > pg advanced nested write behavior > top-level upsert guards gate nested update branch 122ms
   ✓ pg Driver > pg client raw/orThrow/exist behavior > $queryRaw > binds a tagged interpolation and rows round-trip 90ms
   ✓ pg Driver > pg client raw/orThrow/exist behavior > $queryRaw > binds multiple tagged interpolations in order 99ms
   ✓ pg Driver > pg client raw/orThrow/exist behavior > $queryRaw > accepts a prebuilt sql`` fragment 95ms
   ✓ pg Driver > pg client raw/orThrow/exist behavior > $queryRawUnsafe > splices the statement verbatim and binds positional params 87ms
   ✓ pg Driver > pg client raw/orThrow/exist behavior > $executeRaw > mutates and answers the affected count, visible to the ORM read path 88ms
   ✓ pg Driver > pg client raw/orThrow/exist behavior > $executeRawUnsafe > mutates through a hand-written statement 84ms
   ✓ pg Driver > pg client raw/orThrow/exist behavior > direct mutation misses > update reports NotFoundError 83ms
   ✓ pg Driver > pg client raw/orThrow/exist behavior > direct mutation misses > delete reports NotFoundError 106ms
   ✓ pg Driver > pg client raw/orThrow/exist behavior > findFirstOrThrow > returns the matching row when found 163ms
   ✓ pg Driver > pg client raw/orThrow/exist behavior > findFirstOrThrow > throws NotFoundError when nothing matches 109ms
   ✓ pg Driver > pg client raw/orThrow/exist behavior > findUniqueOrThrow > returns the matching row when found 105ms
   ✓ pg Driver > pg client raw/orThrow/exist behavior > findUniqueOrThrow > throws NotFoundError when the id does not exist 94ms
   ✓ pg Driver > pg client raw/orThrow/exist behavior > exist > returns true when a matching row exists 101ms
   ✓ pg Driver > pg client raw/orThrow/exist behavior > exist > returns false when no row matches 91ms
   ✓ pg Driver > raw/model array transactions (Docker PostgreSQL) > execute in declared order and return each public result 101ms
   ✓ pg Driver > raw/model array transactions (Docker PostgreSQL) > a later raw failure rolls model and raw writes back 92ms
   × pg Driver > pg batch-only batch primary-key dataflow > generated parent ID feeds to-many child FK 110ms
     → Raptor 3 G1 atomic output requires exact identity scratch or segmented RETURNING
   × pg Driver > pg batch-only batch primary-key dataflow > generated parent ID feeds nested createMany child FKs 107ms
     → Raptor 3 G1 atomic output requires exact identity scratch or segmented RETURNING
   × pg Driver > pg batch-only batch primary-key dataflow > generated child ID feeds to-one parent FK 110ms
     → Raptor 3 G1 atomic output requires exact identity scratch or segmented RETURNING
   × pg Driver > pg batch-only batch primary-key dataflow > generated parent ID feeds multiple sibling relation branches 111ms
     → Raptor 3 G1 atomic output requires exact identity scratch or segmented RETURNING
   × pg Driver > pg batch-only batch primary-key dataflow > generated parent, child, and grandchild IDs flow through recursive create 110ms
     → Raptor 3 G1 atomic output requires exact identity scratch or segmented RETURNING
   ✓ pg Driver > pg batch-only batch primary-key dataflow > top-level update changes PK with direct literal and nested create uses it 115ms
   ✓ pg Driver > pg batch-only batch primary-key dataflow > top-level update changes PK with set operation and nested create uses it 115ms
   ✓ pg Driver > pg batch-only batch primary-key dataflow > top-level update changes numeric PK with increment and nested create uses it 114ms
   ✓ pg Driver > pg batch-only batch primary-key dataflow > top-level update changes numeric PK with decrement and nested create uses it 132ms
   ✓ pg Driver > pg batch-only batch primary-key dataflow > top-level update changes numeric PK with multiply and nested create uses it 112ms
   ✓ pg Driver > pg batch-only batch primary-key dataflow > top-level update changes numeric PK with divide and nested create uses it 109ms
   ✓ pg Driver > pg batch-only batch primary-key dataflow > top-level upsert update branch changes PK before nested create 101ms
   ✓ pg Driver > pg batch-only batch primary-key dataflow > failure after generated refs rolls back parent and children 106ms
   ✓ pg Driver > pg batch-only batch primary-key dataflow > unsupported compound primary-key dataflow rejects before parent mutation 109ms
   ✓ pg Driver > pg batch-only batch primary-key dataflow > unsafe PK update shape rejects before parent mutation 116ms
   ✓ pg Driver > pg createMany select fold > four same-shape rows are ONE statement, and the rows come back in input order 95ms
   ✓ pg Driver > pg createMany select fold > row shapes that differ split into one statement per contiguous run, still in input order 100ms
   ✓ pg Driver > pg createMany select fold > skipDuplicates with select is ONE statement whose rows are exactly the rows inserted 99ms

⎯⎯⎯⎯⎯⎯ Failed Tests 13 ⎯⎯⎯⎯⎯⎯⎯

 FAIL  |provider-pg| tests/providers/docker/pg-nested-write-races.test.ts > pg Driver > pg upsert atomicity behavior > concurrent plain upserts of the same missing key both succeed
UniqueConstraintError: Unique constraint violation
Caused by: Error: Underlying error details redacted
⎯⎯⎯⎯⎯⎯⎯⎯⎯⎯⎯⎯⎯⎯⎯⎯⎯⎯⎯⎯⎯⎯⎯⎯⎯⎯⎯⎯⎯⎯
Serialized Error: { code: '23505' }
⎯⎯⎯⎯⎯⎯⎯⎯⎯⎯⎯⎯⎯⎯⎯⎯⎯⎯⎯⎯⎯⎯⎯[1/13]⎯

 FAIL  |provider-pg| tests/providers/docker/pg-nested-write-races.test.ts > pg Driver > pg upsert atomicity behavior > concurrent fallback upserts of the same missing key both succeed
UniqueConstraintError: Unique constraint violation
Caused by: Error: Underlying error details redacted
⎯⎯⎯⎯⎯⎯⎯⎯⎯⎯⎯⎯⎯⎯⎯⎯⎯⎯⎯⎯⎯⎯⎯⎯⎯⎯⎯⎯⎯⎯
Serialized Error: { code: '23505' }
⎯⎯⎯⎯⎯⎯⎯⎯⎯⎯⎯⎯⎯⎯⎯⎯⎯⎯⎯⎯⎯⎯⎯[2/13]⎯

 FAIL  |provider-pg| tests/providers/docker/pg-nested-write-races.test.ts > pg Driver > pg nested-write concurrency behavior > concurrent upsert of a missing key converges to one row (tx)
UniqueConstraintError: Unique constraint violation
Caused by: Error: Underlying error details redacted
⎯⎯⎯⎯⎯⎯⎯⎯⎯⎯⎯⎯⎯⎯⎯⎯⎯⎯⎯⎯⎯⎯⎯⎯⎯⎯⎯⎯⎯⎯
Serialized Error: { code: '23505' }
⎯⎯⎯⎯⎯⎯⎯⎯⎯⎯⎯⎯⎯⎯⎯⎯⎯⎯⎯⎯⎯⎯⎯[3/13]⎯

 FAIL  |provider-pg| tests/providers/docker/pg-nested-write-races.test.ts > pg Driver > pg nested-write concurrency behavior > concurrent nested connectOrCreate of a missing key converges to one row (tx)
UniqueConstraintError: Unique constraint violation
Caused by: Error: Underlying error details redacted
⎯⎯⎯⎯⎯⎯⎯⎯⎯⎯⎯⎯⎯⎯⎯⎯⎯⎯⎯⎯⎯⎯⎯⎯⎯⎯⎯⎯⎯⎯
Serialized Error: { code: '23505' }
⎯⎯⎯⎯⎯⎯⎯⎯⎯⎯⎯⎯⎯⎯⎯⎯⎯⎯⎯⎯⎯⎯⎯[4/13]⎯

 FAIL  |provider-pg| tests/providers/docker/pg-nested-write-races.test.ts > pg Driver > pg filtered m2m deleteMany staleness > a member added after the plan-time read aborts the guard, then the retry converges
AssertionError: expected 0 to be greater than or equal to 1
 ❯ tests/contracts/drivers/behaviors/m2m-deletemany-staleness-behavior.ts:153:36
    151|         // The first atomic batch aborted on the staleness guard (fail…
    152|         // not silently missing the new member).
    153|         expect(batchErrors.length).toBeGreaterThanOrEqual(1);
       |                                    ^
    154| 
    155|         // Converged: the post has no matching-tag members left, and b…

⎯⎯⎯⎯⎯⎯⎯⎯⎯⎯⎯⎯⎯⎯⎯⎯⎯⎯⎯⎯⎯⎯⎯[5/13]⎯

 FAIL  |provider-pg| tests/providers/docker/pg-nested-write-races.test.ts > pg Driver > pg nested write behavior > rejects nested default-only duplicate skipping before the parent write
AssertionError: promise resolved "{ id: 'default-only-parent' }" instead of rejecting

[32m- Expected[39m
[31m+ Received[39m

[32m- Error {[39m
[32m-   "message": "rejected promise",[39m
[31m+ {[39m
[31m+   "id": "default-only-parent",[39m
[2m  }[22m

 ❯ tests/contracts/drivers/behaviors/nested-write-behavior.ts:85:7
     83|           },
     84|         })
     85|       ).rejects.toThrow("no portable duplicate-only DEFAULT VALUES pri…
       |       ^
     86| 
     87|       expect(await currentClient.defaultOnlyParent.count()).toBe(0);

⎯⎯⎯⎯⎯⎯⎯⎯⎯⎯⎯⎯⎯⎯⎯⎯⎯⎯⎯⎯⎯⎯⎯[6/13]⎯

 FAIL  |provider-pg| tests/providers/docker/pg-nested-write-races.test.ts > pg Driver > pg nested write behavior > update and updateMany keep child mutations parent-correlated
NestedWriteError: Nested operation 'updateMany' on relation 'posts' depends on an earlier 'update' target write in the same nested write. Split these operations into separate queries.
⎯⎯⎯⎯⎯⎯⎯⎯⎯⎯⎯⎯⎯⎯⎯⎯⎯⎯⎯⎯⎯⎯⎯[7/13]⎯

 FAIL  |provider-pg| tests/providers/docker/pg-nested-write-races.test.ts > pg Driver > pg nested write behavior > delete and deleteMany keep child mutations parent-correlated
NestedWriteError: Nested operation 'deleteMany' on relation 'posts' depends on an earlier 'delete' target write in the same nested write. Split these operations into separate queries.
⎯⎯⎯⎯⎯⎯⎯⎯⎯⎯⎯⎯⎯⎯⎯⎯⎯⎯⎯⎯⎯⎯⎯[8/13]⎯

 FAIL  |provider-pg| tests/providers/docker/pg-nested-write-races.test.ts > pg Driver > pg batch-only batch primary-key dataflow > generated parent ID feeds to-many child FK
 FAIL  |provider-pg| tests/providers/docker/pg-nested-write-races.test.ts > pg Driver > pg batch-only batch primary-key dataflow > generated parent ID feeds nested createMany child FKs
 FAIL  |provider-pg| tests/providers/docker/pg-nested-write-races.test.ts > pg Driver > pg batch-only batch primary-key dataflow > generated parent ID feeds multiple sibling relation branches
 FAIL  |provider-pg| tests/providers/docker/pg-nested-write-races.test.ts > pg Driver > pg batch-only batch primary-key dataflow > generated parent, child, and grandchild IDs flow through recursive create
Error: Raptor 3 G1 atomic output requires exact identity scratch or segmented RETURNING
 ❯ OperationContext.insert src/query-engine/raptor3/shared/operation-context.ts:1837:17
    1835|           adapter.capabilities.supportsCteWithMutations
    1836|         )
    1837|           throw new Error(
       |                 ^
    1838|             "Raptor 3 G1 atomic output requires exact identity scratch…
    1839|           );
 ❯ CommandExecution.run src/query-engine/raptor3/commands/execution.ts:297:25
 ❯ CommandExecution.complete src/query-engine/raptor3/commands/execution.ts:202:9
 ❯ OperationContext.run src/query-engine/raptor3/shared/operation-context.ts:596:27

⎯⎯⎯⎯⎯⎯⎯⎯⎯⎯⎯⎯⎯⎯⎯⎯⎯⎯⎯⎯⎯⎯⎯[9/13]⎯

 FAIL  |provider-pg| tests/providers/docker/pg-nested-write-races.test.ts > pg Driver > pg batch-only batch primary-key dataflow > generated child ID feeds to-one parent FK
Error: Raptor 3 G1 atomic output requires exact identity scratch or segmented RETURNING
 ❯ OperationContext.insert src/query-engine/raptor3/shared/operation-context.ts:1837:17
    1835|           adapter.capabilities.supportsCteWithMutations
    1836|         )
    1837|           throw new Error(
       |                 ^
    1838|             "Raptor 3 G1 atomic output requires exact identity scratch…
    1839|           );
 ❯ CommandExecution.run src/query-engine/raptor3/commands/execution.ts:297:25
 ❯ CommandExecution.run src/query-engine/raptor3/commands/execution.ts:284:45
 ❯ CommandExecution.complete src/query-engine/raptor3/commands/execution.ts:202:9
 ❯ OperationContext.run src/query-engine/raptor3/shared/operation-context.ts:596:27
 ❯ Object.execute src/query-engine/raptor3/route/client-route.ts:218:25
 ❯ tests/contracts/drivers/behaviors/batch-primary-key-dataflow-behavior.ts:127:23

⎯⎯⎯⎯⎯⎯⎯⎯⎯⎯⎯⎯⎯⎯⎯⎯⎯⎯⎯⎯⎯⎯[10/13]⎯


 Test Files  1 failed (1)
      Tests  13 failed | 82 passed (95)
   Start at  01:42:06
   Duration  12.06s (transform 777ms, setup 9ms, collect 1.15s, tests 10.79s, environment 0ms, prepare 26ms)

Vitest resources: 13.99s wall, 603.8 MiB peak sampled process-group RSS (sampled ceiling 1536 MiB). Teardown verified.
