
 RUN  v3.1.4 /Users/arnaud/code/viborm

 ❯ |extended-local| tests/raptor3/g4/unit02/prepared-projection-reuse.test.ts (5 tests | 2 failed) 23ms
   ✓ G4 perf pass 2 item 2 — one default projection per (adapter, model) > answers the same projection for every operation that names no selection 3ms
   × G4 perf pass 2 item 2 — one default projection per (adapter, model) > never hands the shared projection to an operation that names a selection 10ms
     → Expected "actual" not to be reference-equal to "expected":

{
  fields: [
    {
      kind: 'scalar',
      name: 'id'
    },
    {
      kind: 'scalar',
      name: 'name'
    },
    {
      kind: 'scalar',
      name: 'secret'
    }
  ],
  model: Model {
    _internal: {
      getFieldName: [Function: getFieldName],
      getRelationName: [Function: getRelationName],
      nameRegistry: [Getter] {
        fields: Map(3) {
          'id' => {
            sql: 'id',
            ts: 'id'
          },
          'name' => {
            sql: 'name',
            ts: 'name'
          },
          'secret' => {
            sql: 'secret',
            ts: 'secret'
          }
        },
        relations: Map(1) {
          'posts' => {
            sql: 'posts',
            ts: 'posts'
          }
        }
      },
      names: [Getter] {
        sql: 'g4_perf2_reuse_authors',
        ts: 'author'
      },
      relationNames: [Getter] [
...

   × G4 perf pass 2 item 2 — one default projection per (adapter, model) > refuses the shared projection to an omit, because admission desugared it 8ms
     → an omit received the default projection
   ✓ G4 perf pass 2 item 2 — one default projection per (adapter, model) > keys the store by the adapter, and one leaf per (adapter, model, field) 0ms
   ✓ G4 perf pass 2 item 4 — one freeze per predicate, not per member > freezes the predicate and its operand list, and binds every member once 1ms

⎯⎯⎯⎯⎯⎯⎯ Failed Tests 2 ⎯⎯⎯⎯⎯⎯⎯

 FAIL  |extended-local| tests/raptor3/g4/unit02/prepared-projection-reuse.test.ts > G4 perf pass 2 item 2 — one default projection per (adapter, model) > never hands the shared projection to an operation that names a selection
AssertionError: Expected "actual" not to be reference-equal to "expected":

{
  fields: [
    {
      kind: 'scalar',
      name: 'id'
    },
    {
      kind: 'scalar',
      name: 'name'
    },
    {
      kind: 'scalar',
      name: 'secret'
    }
  ],
  model: Model {
    _internal: {
      getFieldName: [Function: getFieldName],
      getRelationName: [Function: getRelationName],
      nameRegistry: [Getter] {
        fields: Map(3) {
          'id' => {
            sql: 'id',
            ts: 'id'
          },
          'name' => {
            sql: 'name',
            ts: 'name'
          },
          'secret' => {
            sql: 'secret',
            ts: 'secret'
          }
        },
        relations: Map(1) {
          'posts' => {
            sql: 'posts',
            ts: 'posts'
          }
        }
      },
      names: [Getter] {
        sql: 'g4_perf2_reuse_authors',
        ts: 'author'
      },
      relationNames: [Getter] [
...


[2mCompared values have no visual difference.[22m

 ❯ tests/raptor3/g4/unit02/prepared-projection-reuse.test.ts:117:12
    115|       select: { id: true, name: true },
    116|     });
    117|     assert.notEqual(selected, shared);
       |            ^
    118|     assert.deepEqual(names(selected), ["id", "name"]);
    119| 

⎯⎯⎯⎯⎯⎯⎯⎯⎯⎯⎯⎯⎯⎯⎯⎯⎯⎯⎯⎯⎯⎯⎯⎯[1/2]⎯

 FAIL  |extended-local| tests/raptor3/g4/unit02/prepared-projection-reuse.test.ts > G4 perf pass 2 item 2 — one default projection per (adapter, model) > refuses the shared projection to an omit, because admission desugared it
AssertionError: an omit received the default projection

[32m- Expected[39m
[31m+ Received[39m

[33m@@ -593,18 +593,26 @@[39m
[2m      },[22m
[2m      "_names": {[22m
[2m        "sql": "g4_perf2_reuse_authors",[22m
[2m        "ts": "author",[22m
[2m      },[22m
[32m-     "_relationNames": undefined,[39m
[32m-     "_relationSet": undefined,[39m
[31m+     "_relationNames": [[39m
[31m+       "posts",[39m
[31m+     ],[39m
[31m+     "_relationSet": Set {[39m
[31m+       "posts",[39m
[31m+     },[39m
[2m      "_scalarFieldNames": [[22m
[2m        "id",[22m
[2m        "name",[22m
[2m        "secret",[22m
[2m      ],[22m
[32m-     "_scalarFieldSet": undefined,[39m
[31m+     "_scalarFieldSet": Set {[39m
[31m+       "id",[39m
[31m+       "name",[39m
[31m+       "secret",[39m
[31m+     },[39m
[2m      "state": {[22m
[2m        "compoundId": undefined,[22m
[2m        "compoundUniques": undefined,[22m
[2m        "indexes": [],[22m
[2m        "omit": undefined,[22m

 ❯ tests/raptor3/g4/unit02/prepared-projection-reuse.test.ts:152:12
    150| 
    151|     const omitted = queries.prepareProjection(schema.author, admitted);
    152|     assert.notEqual(omitted, shared, "an omit received the default pro…
       |            ^
    153|     assert.deepEqual(names(omitted), ["id", "name"]);
    154|     assert.deepEqual(names(queries.prepareProjection(schema.author, {}…

⎯⎯⎯⎯⎯⎯⎯⎯⎯⎯⎯⎯⎯⎯⎯⎯⎯⎯⎯⎯⎯⎯⎯⎯[2/2]⎯


 Test Files  1 failed (1)
      Tests  2 failed | 3 passed (5)
   Start at  17:36:25
   Duration  854ms (transform 397ms, setup 8ms, collect 599ms, tests 23ms, environment 0ms, prepare 32ms)

Vitest resources: 3.19s wall, 485.5 MiB peak sampled process-group RSS (sampled ceiling 1536 MiB). Teardown verified.
