
 RUN  v3.1.4 /private/tmp/viborm-rulings

 ✓ |raptor3| tests/raptor3/transitions/conditional-upsert-commands.test.ts (11 tests) 154ms
 ✓ |raptor3| tests/raptor3/transitions/singular-lattice-commands.test.ts (58 tests) 276ms
 ✓ |raptor3| tests/raptor3/transitions/shared-key-suppliers-commands.test.ts (4 tests) 66ms
 ✓ |raptor3| tests/raptor3/transitions/junction-identity-commands.test.ts (2 tests) 131ms
 ✓ |raptor3| tests/raptor3/transitions/series-staleness-commands.test.ts (4 tests) 74ms
 ✓ |raptor3| tests/raptor3/transitions/mixed-key-transitions-commands.test.ts (8 tests) 106ms
 ✓ |raptor3| tests/raptor3/transitions/supplier-continuations-commands.test.ts (10 tests) 93ms
 ✓ |raptor3| tests/raptor3/transitions/membership-own-write-commands.test.ts (8 tests) 69ms
 ✓ |raptor3| tests/raptor3/transitions/staleness-commands.test.ts (3 tests) 48ms
 ✓ |raptor3| tests/raptor3/transitions/singular-commands.test.ts (20 tests) 124ms
 ✓ |raptor3| tests/raptor3/transitions/junctions-commands.test.ts (26 tests) 257ms
 ✓ |raptor3| tests/raptor3/transitions/variant-removals-commands.test.ts (14 tests) 113ms
 ✓ |raptor3| tests/raptor3/transitions/occupied-keys-commands.test.ts (8 tests) 102ms
 ✓ |raptor3| tests/raptor3/transitions/required-commands.test.ts (8 tests) 65ms
 ✓ |raptor3| tests/raptor3/transitions/keys-commands.test.ts (14 tests) 112ms
 ✓ |raptor3| tests/raptor3/transitions/own-write-commands.test.ts (18 tests) 131ms

 Test Files  16 passed (16)
      Tests  216 passed (216)
   Start at  21:00:34
   Duration  5.13s (transform 1.15s, setup 26ms, collect 2.89s, tests 1.92s, environment 0ms, prepare 35ms)

JSON report written to /private/tmp/viborm-rulings-tmp/viborm-raptor3-g0-ibHBXx/vitest.json
Vitest resources: 7.63s wall, 729.1 MiB peak sampled process-group RSS (sampled ceiling 1536 MiB). Teardown verified.
Raptor 3 g2-contracts contract gate verified. Evidence: /private/tmp/viborm-rulings-tmp/viborm-raptor3-g0-ibHBXx
