
 RUN  v3.1.4 /private/tmp/viborm-rulings

 ✓ |raptor3| tests/raptor3/g4/unit02/key-arithmetic.test.ts (21 tests) 88ms
 ✓ |raptor3| tests/raptor3/g4/unit02/uncertain-outcome-meta.test.ts (8 tests) 28ms
 ✓ |raptor3| tests/raptor3/g4/unit02/upsert-key-portability.test.ts (19 tests) 144ms
 ✓ |raptor3| tests/raptor3/g4/unit02/lone-statement-transport.test.ts (7 tests) 27ms
 ✓ |raptor3| tests/raptor3/g4/unit02/malformed-result-cuts.test.ts (4 tests) 11ms
 ✓ |raptor3| tests/raptor3/g4/unit02/nested-key-refusal.test.ts (6 tests) 42ms
 ✓ |raptor3| tests/raptor3/g4/unit02/phase2-envelope-and-arithmetic.test.ts (7 tests) 26ms
 ✓ |raptor3| tests/raptor3/g4/unit02/recursive-codec-fit.test.ts (3 tests) 18ms
 ✓ |raptor3| tests/raptor3/g4/unit02/prepared-projection-reuse.test.ts (5 tests) 2ms
 ✓ |raptor3| tests/raptor3/g4/unit02/physical-envelope.test.ts (10 tests) 27ms
 ✓ |raptor3| tests/raptor3/g4/unit02/borrowed-envelope.test.ts (5 tests) 18ms
 ✓ |raptor3| tests/raptor3/g4/unit02/prepared-operation.test.ts (6 tests) 20ms
 ✓ |raptor3| tests/raptor3/g4/unit02/root-member-cut-trace.test.ts (4 tests) 13ms
 ✓ |raptor3| tests/raptor3/g4/unit02/packaged-array.test.ts (3 tests) 9ms
 ✓ |raptor3| tests/raptor3/g4/unit02/prepared-statement-stability.test.ts (3 tests) 12ms
 ✓ |raptor3| tests/raptor3/g4/unit02/vector-capability.test.ts (1 test) 5ms
 ✓ |raptor3| tests/raptor3/g4/unit02/root-delete.test.ts (6 tests) 19ms
 ✓ |raptor3| tests/raptor3/g4/unit02/decimal-having-operand.test.ts (1 test) 2ms
 ✓ |raptor3| tests/raptor3/g4/unit02/returning-safety-gate.test.ts (5 tests) 1ms
 ✓ |raptor3| tests/raptor3/g4/unit02/k-competing-refusals.test.ts (4 tests) 7ms
 ✓ |raptor3| tests/raptor3/g4/unit02/k-refusal-order-history.test.ts (3 tests) 5ms

 Test Files  21 passed (21)
      Tests  131 passed (131)
   Start at  21:03:10
   Duration  4.08s (transform 1.34s, setup 60ms, collect 3.20s, tests 525ms, environment 0ms, prepare 45ms)

JSON report written to /private/tmp/viborm-rulings-tmp/viborm-raptor3-g0-8Y2qpl/vitest.json
Vitest resources: 6.37s wall, 720.0 MiB peak sampled process-group RSS (sampled ceiling 1536 MiB). Teardown verified.
Raptor 3 g4-unit02-author contract gate verified. Evidence: /private/tmp/viborm-rulings-tmp/viborm-raptor3-g0-8Y2qpl
