
 RUN  v3.1.4 /Users/arnaud/code/viborm

 ✓ |extended-local| tests/raptor3/g4/parity/integration-staleness.test.ts (5 tests) 48ms
 ✓ |extended-local| tests/raptor3/g4/parity/json-read-schema.test.ts (7 tests) 20ms
 ✓ |extended-local| tests/raptor3/g4/parity/lane-x-set-mutations.test.ts (10 tests) 40ms
 ✓ |extended-local| tests/raptor3/g4/parity/integration-membership-race.test.ts (3 tests) 15ms
 ✓ |extended-local| tests/raptor3/g4/parity/lane-x-route-seam.test.ts (3 tests) 2ms
 ✓ |coverage-raptor3| tests/raptor3/g4/parity/lax-to-one.test.ts (27 tests) 82ms
 ✓ |coverage-raptor3| tests/raptor3/g4/parity/fresh-member-placement.test.ts (16 tests) 83ms
 ✓ |coverage-raptor3| tests/raptor3/g4/parity/generated-key-reach.test.ts (7 tests) 15ms
 ✓ |coverage-raptor3| tests/raptor3/g4/parity/member-boundary-packaging.test.ts (5 tests) 18ms
 ✓ |coverage-raptor3| tests/raptor3/g4/parity/increment-key-width.test.ts (1 test) 4ms
 ✓ |raptor3| tests/raptor3/g4/parity/lax-to-one.test.ts (27 tests) 79ms
 ✓ |raptor3| tests/raptor3/g4/parity/fresh-member-placement.test.ts (16 tests) 276ms
 ✓ |raptor3| tests/raptor3/g4/parity/generated-key-reach.test.ts (7 tests) 15ms
 ✓ |raptor3| tests/raptor3/g4/parity/member-boundary-packaging.test.ts (5 tests) 20ms
 ✓ |raptor3| tests/raptor3/g4/parity/increment-key-width.test.ts (1 test) 4ms

 Test Files  15 passed (15)
      Tests  140 passed (140)
   Start at  13:55:58
   Duration  6.29s (transform 2.87s, setup 30ms, collect 5.04s, tests 720ms, environment 0ms, prepare 81ms)

Vitest resources: 8.16s wall, 681.9 MiB peak sampled process-group RSS (sampled ceiling 1536 MiB). Teardown verified.
