 ❯ |extended-local| tests/contracts/engine/query/nested-write-conformance-transitive.test.ts (31 tests | 6 failed) 2077ms
 ✓ |extended-local| tests/unit/migrations/decimal-descriptor-transitions.test.ts (16 tests) 2011ms
 ✓ |extended-local| tests/contracts/engine/write/compound-key.test.ts (27 tests) 1482ms
 ❯ |extended-local| tests/contracts/engine/query/starts-with-prefix-plan.test.ts (14 tests | 5 failed | 5 skipped) 678ms
 ✓ |extended-local| tests/contracts/public-client/statement-transforms-integration.test.ts (10 tests) 851ms
 ✓ |extended-local| tests/contracts/drivers/transaction-options-behavior.provider.test.ts (19 tests) 780ms
 ❯ |extended-local| tests/contracts/engine/write/supplier-continuation.test.ts (21 tests | 4 failed) 1332ms
 ✓ |extended-local| tests/contracts/public-client/namespace-isolation.test.ts (11 tests) 1038ms
 ❯ |extended-local| tests/contracts/engine/write/nested-create-context-grandchild.test.ts (3 tests | 1 failed) 1861ms
 ✓ |extended-local| tests/contracts/engine/write/polymorphic-compound-target.test.ts (12 tests) 1034ms
 ❯ |extended-local| tests/contracts/engine/query/nested-m2m-parent-pk-dataflow.test.ts (6 tests | 2 failed) 752ms
 ✓ |extended-local| tests/contracts/engine/write/generated-output-continuation-race.test.ts (2 tests) 735ms
 ✓ |extended-local| tests/contracts/engine/write/nested-update-pk-transition-cascade-located.test.ts (4 tests) 773ms
 ✓ |extended-local| tests/contracts/engine/write/vacate-then-supply-substrates.test.ts (30 tests) 860ms
 FAIL  |extended-local| tests/contracts/engine/query/nested-m2m-parent-pk-dataflow.test.ts > planned m2m delete parent-PK dataflow > deleteMany retries when a member is added to a nonempty planned set
 FAIL  |extended-local| tests/contracts/engine/query/nested-m2m-parent-pk-dataflow.test.ts > planned m2m delete parent-PK dataflow > deleteMany retries without deleting a member removed after planning
 FAIL  |extended-local| tests/contracts/engine/query/nested-write-conformance-transitive.test.ts > nested-write conformance: cross-relation targets (tx vs batch) > create-family sibling create then co
 FAIL  |extended-local| tests/contracts/engine/query/nested-write-conformance-transitive.test.ts > nested-write conformance: transitive predicate dependencies (tx vs batch) > nested predicate update a
 FAIL  |extended-local| tests/contracts/engine/query/nested-write-conformance-transitive.test.ts > nested-write conformance: transitive predicate dependencies (tx vs batch) > upsert update alternative
 FAIL  |extended-local| tests/contracts/engine/query/nested-write-conformance-transitive.test.ts > nested-write conformance: transitive target dependencies (tx vs batch) > outer create then nested con
 FAIL  |extended-local| tests/contracts/engine/query/nested-write-conformance-transitive.test.ts > nested-write conformance: alternative branch dependencies (tx vs batch) > a connectOrCreate create al
 FAIL  |extended-local| tests/contracts/engine/query/nested-write-conformance-transitive.test.ts > nested-write conformance: alternative branch dependencies (tx vs batch) > upsert array keeps the foun
 FAIL  |extended-local| tests/contracts/engine/query/starts-with-prefix-plan.test.ts > PostgreSQL prefix plans (C-collated substrate) > default-mode startsWith becomes an index range
 FAIL  |extended-local| tests/contracts/engine/query/starts-with-prefix-plan.test.ts > PostgreSQL prefix plans (C-collated substrate) > the range narrows to the matching rows, and they are the right o
 FAIL  |extended-local| tests/contracts/engine/query/starts-with-prefix-plan.test.ts > PostgreSQL prefix plans (C-collated substrate) > endsWith seq-scans under either spelling, which is why it did no
 FAIL  |extended-local| tests/contracts/engine/query/starts-with-prefix-plan.test.ts > SQLite prefix plans > default-mode startsWith becomes an index range
 FAIL  |extended-local| tests/contracts/engine/query/starts-with-prefix-plan.test.ts > SQLite prefix plans > the range returns exactly the matching rows
 FAIL  |extended-local| tests/contracts/engine/write/nested-create-context-grandchild.test.ts > CLASS VI key 3 — root-create nested createMany skipDuplicates > direct, transaction, and batch preserv
 FAIL  |extended-local| tests/contracts/engine/write/supplier-continuation.test.ts > E — supply then update on a to-one slot (PGlite transaction) > the continuation carries a nested relation-bearing
 FAIL  |extended-local| tests/contracts/engine/write/supplier-continuation.test.ts > E4 — the composed continuation on ordered committed segments > carries the parent and captured-target guards into
 FAIL  |extended-local| tests/contracts/engine/write/supplier-continuation.test.ts > E4 — the composed continuation on ordered committed segments > routes the composition's placement through the pre
 FAIL  |extended-local| tests/contracts/engine/write/supplier-continuation.test.ts > E4 — supplier continuation keeps the write-side membership premise > a reused non-PK reference cannot redirect th
 Test Files  5 failed | 9 passed (14)
      Tests  18 failed | 183 passed | 5 skipped (206)
