
 RUN  v3.1.4 /Users/arnaud/code/viborm

stdout | tests/raptor3/g4/review/unit02/repair-statement-context.review.test.ts > G4-02 review (repair) — per-statement model attribution parity > reports the candidate and shipped per-statement model tally for nested shapes
MODELTALLY [
 {
  "label": "nested update",
  "shipped": {
   "author": 3,
   "post": 2
  },
  "candidate": {
   "author": 3,
   "post": 2
  }
 },
 {
  "label": "nested create",
  "shipped": {
   "author": 2,
   "post": 1
  },
  "candidate": {
   "author": 2,
   "post": 1
  }
 },
 {
  "label": "nested connect",
  "shipped": {
   "author": 2,
   "post": 2
  },
  "candidate": {
   "author": 2,
   "post": 2
  }
 },
 {
  "label": "nested delete",
  "shipped": {
   "author": 2,
   "post": 2
  },
  "candidate": {
   "author": 2,
   "post": 2
  }
 },
 {
  "label": "nested upsert",
  "shipped": {
   "author": 2,
   "post": 2
  },
  "candidate": {
   "author": 2,
   "post": 2
  }
 },
 {
  "label": "relation-bearing create",
  "shipped": {
   "author": 2,
   "post": 1
  },
  "candidate": {
   "author": 2,
   "post": 1
  }
 }
]

 ✓ |g4-review-unit02| tests/raptor3/g4/review/unit02/repair-statement-context.review.test.ts (1 test) 65ms

 Test Files  1 passed (1)
      Tests  1 passed (1)
   Start at  04:28:26
   Duration  1.95s (transform 1.23s, setup 10ms, collect 1.74s, tests 65ms, environment 0ms, prepare 33ms)

Vitest resources: 2.50s wall, 461.4 MiB peak sampled process-group RSS (sampled ceiling 1536 MiB). Teardown verified.
