
 RUN  v3.1.4 /Users/arnaud/code/viborm

stdout | tests/raptor3/g4/review/unit02/repair-packaged-guard.review.test.ts > G4-02 review (repair) — packaged presence guard > the packaged missing-delete error is identical to the SHIPPED packaged one, in message and meta
GUARDIDENTITY {
 "shipped": {
  "rejected": "NotFoundError",
  "code": "V6001",
  "message": "No author record found for delete",
  "meta": {
   "model": "author",
   "operation": "delete"
  },
  "authors": [
   {
    "email": "present@example.test"
   },
   {
    "email": "second@example.test"
   }
  ],
  "tags": [
   {
    "slug": "present-tag"
   }
  ]
 },
 "candidate": {
  "rejected": "NotFoundError",
  "code": "V6001",
  "message": "No author record found for delete",
  "meta": {
   "model": "author",
   "operation": "delete"
  },
  "authors": [
   {
    "email": "present@example.test"
   },
   {
    "email": "second@example.test"
   }
  ],
  "tags": [
   {
    "slug": "present-tag"
   }
  ]
 },
 "live": {
  "rejected": "NotFoundError",
  "code": "V6001",
  "message": "No author record found for delete",
  "meta": {
   "model": "author",
   "operation": "delete",
   "recordSeriesProgress": {
    "atomicity": "segment",
    "phase": "result",
    "committedSegments": 1,
    "completedMembers": 0,
    "committedWriteMembers": 1
   }
  }
 },
 "shippedLive": {
  "rejected": "NotFoundError",
  "code": "V6001",
  "message": "No author record found for delete",
  "meta": {
   "model": "author",
   "operation": "delete"
  }
 }
}

stdout | tests/raptor3/g4/review/unit02/repair-packaged-guard.review.test.ts > G4-02 review (repair) — packaged presence guard > NOTE evidence: the LIVE root-delete meta on a batch-only driver diverges from shipped
LIVEDELETEMETA {"live":{"rejected":"NotFoundError","code":"V6001","message":"No author record found for delete","meta":{"model":"author","operation":"delete","recordSeriesProgress":{"atomicity":"segment","phase":"result","committedSegments":1,"completedMembers":0,"committedWriteMembers":1}}},"shippedLive":{"rejected":"NotFoundError","code":"V6001","message":"No author record found for delete","meta":{"model":"author","operation":"delete"}}}

stdout | tests/raptor3/g4/review/unit02/repair-packaged-guard.review.test.ts > G4-02 review (repair) — packaged presence guard > the guard is attributed correctly when the packaged member is NOT first in the array
MIDDLE {"shipped":{"rejected":"NotFoundError","code":"V6001","message":"No author record found for delete","meta":{"model":"author","operation":"delete"},"authors":[{"email":"present@example.test"},{"email":"second@example.test"}],"tags":[{"slug":"present-tag"}]},"candidate":{"rejected":"NotFoundError","code":"V6001","message":"No author record found for delete","meta":{"model":"author","operation":"delete"},"authors":[{"email":"present@example.test"},{"email":"second@example.test"}],"tags":[{"slug":"present-tag"}]}}

stdout | tests/raptor3/g4/review/unit02/repair-packaged-guard.review.test.ts > G4-02 review (repair) — packaged presence guard > two packaged folds of DIFFERENT models in one array keep the failing one's identity
TWOMODELS {"shipped":{"rejected":"NotFoundError","code":"V6001","message":"No tag record found for delete","meta":{"model":"tag","operation":"delete"},"authors":[{"email":"present@example.test"},{"email":"second@example.test"}],"tags":[{"slug":"present-tag"}]},"candidate":{"rejected":"NotFoundError","code":"V6001","message":"No tag record found for delete","meta":{"model":"tag","operation":"delete"},"authors":[{"email":"present@example.test"},{"email":"second@example.test"}],"tags":[{"slug":"present-tag"}]}}

stdout | tests/raptor3/g4/review/unit02/repair-packaged-guard.review.test.ts > G4-02 review (repair) — packaged presence guard > a premise broken by a SIBLING statement inside the same batch behaves as shipped
SIBLINGBREAK {"shipped":{"rejected":"NotFoundError","code":"V6001","message":"No author record found for delete","meta":{"model":"author","operation":"delete"},"authors":[{"email":"present@example.test"},{"email":"second@example.test"}],"tags":[{"slug":"present-tag"}]},"candidate":{"rejected":"NotFoundError","code":"V6001","message":"No author record found for delete","meta":{"model":"author","operation":"delete"},"authors":[{"email":"present@example.test"},{"email":"second@example.test"}],"tags":[{"slug":"present-tag"}]}}

stdout | tests/raptor3/g4/review/unit02/repair-packaged-guard.review.test.ts > G4-02 review (repair) — packaged presence guard > a packaged fold WITH a scalar projection publishes the row and still guards
PROJECTEDFOLD {"shippedPresent":{"rejected":"none","authors":[{"email":"second@example.test"}],"tags":[{"slug":"present-tag"}],"value":[{"email":"present@example.test"}]},"candidatePresent":{"rejected":"none","authors":[{"email":"second@example.test"}],"tags":[{"slug":"present-tag"}],"value":[{"email":"present@example.test"}]},"shippedMissing":{"rejected":"NotFoundError","code":"V6001","message":"No author record found for delete","meta":{"model":"author","operation":"delete"},"authors":[{"email":"present@example.test"},{"email":"second@example.test"}],"tags":[{"slug":"present-tag"}]},"candidateMissing":{"rejected":"NotFoundError","code":"V6001","message":"No author record found for delete","meta":{"model":"author","operation":"delete"},"authors":[{"email":"present@example.test"},{"email":"second@example.test"}],"tags":[{"slug":"present-tag"}]}}

stdout | tests/raptor3/g4/review/unit02/repair-packaged-guard.review.test.ts > G4-02 review (repair) — packaged presence guard > a packaged missing root UPDATE keeps the live error identity too
UPDATEFOLD {"shipped":{"rejected":"NotFoundError","code":"V6001","message":"No author record found for update","meta":{"model":"author","operation":"update"},"authors":[{"email":"present@example.test"},{"email":"second@example.test"}],"tags":[{"slug":"present-tag"}]},"candidate":{"rejected":"NotFoundError","code":"V6001","message":"No author record found for update","meta":{"model":"author","operation":"update"},"authors":[{"email":"present@example.test"},{"email":"second@example.test"}],"tags":[{"slug":"present-tag"}]},"live":{"rejected":"NotFoundError","code":"V6001","message":"No author record found for update","meta":{"model":"author","operation":"update","recordSeriesProgress":{"atomicity":"segment","phase":"result","committedSegments":1,"completedMembers":0,"committedWriteMembers":1}}}}

stdout | tests/raptor3/g4/review/unit02/repair-packaged-guard.review.test.ts > G4-02 review (repair) — live error meta on a batch-only driver > NOTE evidence: candidate and shipped meta differ for verbs this unit did NOT change
LIVEMETA [
 {
  "route": "shipped",
  "create": [
   "correlationId",
   "driver",
   "model",
   "operation",
   "providerCode"
  ],
  "createMany": [
   "correlationId",
   "driver",
   "model",
   "operation",
   "providerCode"
  ],
  "delete": [
   "model",
   "operation"
  ],
  "update": [
   "model",
   "operation"
  ]
 },
 {
  "route": "candidate",
  "create": [
   "correlationId",
   "driver",
   "model",
   "operation",
   "providerCode",
   "statementIndex"
  ],
  "createMany": [
   "correlationId",
   "driver",
   "model",
   "operation",
   "providerCode",
   "statementIndex"
  ],
  "delete": [
   "model",
   "operation",
   "recordSeriesProgress"
  ],
  "update": [
   "model",
   "operation",
   "recordSeriesProgress"
  ]
 }
]

 ❯ |g4-review-unit02| tests/raptor3/g4/review/unit02/repair-packaged-guard.review.test.ts (8 tests | 2 failed) 84ms
   ✓ G4-02 review (repair) — packaged presence guard > the packaged missing-delete error is identical to the SHIPPED packaged one, in message and meta 35ms
   × G4-02 review (repair) — packaged presence guard > NOTE evidence: the LIVE root-delete meta on a batch-only driver diverges from shipped 8ms
     → Expected values to be strictly deep-equal:
+ actual - expected

  [Object: null prototype] {
    model: 'author',
    operation: 'delete',
+   recordSeriesProgress: {
+     atomicity: 'segment',
+     committedSegments: 1,
+     committedWriteMembers: 1,
+     completedMembers: 0,
+     phase: 'result'
+   }
  }

   ✓ G4-02 review (repair) — packaged presence guard > the guard is attributed correctly when the packaged member is NOT first in the array 7ms
   ✓ G4-02 review (repair) — packaged presence guard > two packaged folds of DIFFERENT models in one array keep the failing one's identity 4ms
   ✓ G4-02 review (repair) — packaged presence guard > a premise broken by a SIBLING statement inside the same batch behaves as shipped 3ms
   ✓ G4-02 review (repair) — packaged presence guard > a packaged fold WITH a scalar projection publishes the row and still guards 7ms
   ✓ G4-02 review (repair) — packaged presence guard > a packaged missing root UPDATE keeps the live error identity too 7ms
   × G4-02 review (repair) — live error meta on a batch-only driver > NOTE evidence: candidate and shipped meta differ for verbs this unit did NOT change 13ms
     → Expected values to be strictly deep-equal:
+ actual - expected

  [
    'model',
    'operation',
+   'recordSeriesProgress'
  ]

stdout | tests/raptor3/g4/review/unit02/repair-envelope-sentinel.review.test.ts > G4-02 review (repair) — the envelope sentinel on a second construction > createMany with different presented column sets is still ONE statement and no envelope, as shipped
HETEROGENEOUS {"restarts":0,"cost":{"statements":1,"transactions":0},"value":{"count":3},"stored":[{"name":"A","nickname":"a","age":7},{"name":"B","nickname":null,"age":7},{"name":"C","nickname":"c","age":7}]}

stdout | tests/raptor3/g4/review/unit02/repair-envelope-sentinel.review.test.ts > G4-02 review (repair) — the envelope sentinel on a second construction > a row presenting NO columns beside a valued row is still one statement on both routes
EMPTYCOLUMNSET {"restarts":0,"candidate":{"statements":1,"transactions":0,"value":{"count":2}},"shipped":{"statements":1,"transactions":0,"value":{"count":2}},"stored":[{"label":"d","rank":null},{"label":"x","rank":2},{"label":"d","rank":null},{"label":"y","rank":3}]}

stdout | tests/raptor3/g4/review/unit02/repair-envelope-sentinel.review.test.ts > G4-02 review (repair) — the envelope sentinel on a second construction > the shipped engine agrees on the heterogeneous cost
HETEROGENEOUS shipped {"statements":1,"transactions":0,"value":{"count":3}}

stdout | tests/raptor3/g4/review/unit02/repair-envelope-sentinel.review.test.ts > G4-02 review (repair) — the envelope sentinel on a second construction > a one-statement admitted form still shows no envelope after the repair
ONESTATEMENT {"restarts":0,"statements":1,"transactions":0,"value":[{"name":"P","age":8},{"name":"Q","age":8}]}

 ✓ |g4-review-unit02| tests/raptor3/g4/review/unit02/repair-envelope-sentinel.review.test.ts (4 tests) 9ms
stdout | tests/raptor3/g4/review/unit02/repair-read-facts.review.test.ts > G4-02 review (repair) — published read facts over a wide matrix > prepare().read never throws and `single` agrees with the published value
WIDEREADFACTS [
 {
  "label": "findUnique {\"where\":{\"id\":1}}",
  "single": true,
  "empty": null,
  "published": "object"
 },
 {
  "label": "findUnique {\"where\":{\"id\":999}}",
  "single": true,
  "empty": null,
  "published": "null"
 },
 {
  "label": "findUnique {\"where\":{\"id\":1},\"include\":{\"posts\":true}}",
  "single": true,
  "empty": null,
  "published": "object"
 },
 {
  "label": "findUnique {\"where\":{\"id\":1},\"select\":{\"posts\":{\"select\":{\"id\":true}}}}",
  "single": true,
  "empty": null,
  "published": "object"
 },
 {
  "label": "findUnique {\"where\":{\"id\":1},\"select\":{\"_count\":{\"select\":{\"posts\":true}}}}",
  "single": true,
  "empty": null,
  "published": "object"
 },
 {
  "label": "findFirst {\"orderBy\":{\"age\":\"desc\"}}",
  "single": true,
  "empty": null,
  "published": "object"
 },
 {
  "label": "findFirst {\"where\":{\"age\":{\"gt\":1000}}}",
  "single": true,
  "empty": null,
  "published": "null"
 },
 {
  "label": "findMany {}",
  "single": false,
  "empty": [],
  "published": "array"
 },
 {
  "label": "findMany {\"take\":1,\"skip\":1,\"orderBy\":{\"id\":\"asc\"}}",
  "single": false,
  "empty": [],
  "published": "array"
 },
 {
  "label": "findMany {\"distinct\":[\"age\"]}",
  "single": false,
  "empty": [],
  "published": "array"
 },
 {
  "label": "findMany {\"cursor\":{\"id\":1},\"orderBy\":{\"id\":\"asc\"},\"take\":1}",
  "single": false,
  "empty": [],
  "published": "array"
 },
 {
  "label": "findMany {\"include\":{\"posts\":{\"take\":1,\"orderBy\":{\"id\":\"asc\"}}}}",
  "single": false,
  "empty": [],
  "published": "array"
 },
 {
  "label": "count {}",
  "single": false,
  "empty": 0,
  "published": "number"
 },
 {
  "label": "count {\"where\":{\"age\":{\"gt\":1000}}}",
  "single": false,
  "empty": 0,
  "published": "number"
 },
 {
  "label": "count {\"select\":{\"_all\":true,\"age\":true}}",
  "single": true,
  "empty": {},
  "published": "object"
 },
 {
  "label": "exist {}",
  "single": false,
  "empty": false,
  "published": "boolean"
 },
 {
  "label": "exist {\"where\":{\"age\":{\"gt\":1000}}}",
  "single": false,
  "empty": false,
  "published": "boolean"
 },
 {
  "label": "aggregate {\"_count\":true}",
  "single": true,
  "empty": {},
  "published": "object"
 },
 {
  "label": "aggregate {\"_avg\":{\"age\":true},\"_sum\":{\"age\":true},\"_min\":{\"age\":true},\"_max\":{\"age\":true}}",
  "single": true,
  "empty": {},
  "published": "object"
 },
 {
  "label": "groupBy {\"by\":[\"age\"],\"_count\":true}",
  "single": false,
  "empty": [],
  "published": "array"
 },
 {
  "label": "groupBy {\"by\":[\"age\"],\"_count\":true,\"having\":{\"age\":{\"_min\":{\"gt\":1000}}}}",
  "single": false,
  "empty": [],
  "published": "array"
 }
]

 ✓ |g4-review-unit02| tests/raptor3/g4/review/unit02/repair-read-facts.review.test.ts (2 tests) 12ms
stdout | tests/raptor3/g4/review/unit02/delete-and-envelope.review.test.ts > G4-02 review — root delete > not-found identity matches the shipped engine in class, code and message
NF shipped {"name":"NotFoundError","message":"No author record found for delete","code":"V6001","meta":{"model":"author","operation":"delete"}}
NF candidate {"name":"NotFoundError","message":"No author record found for delete","code":"V6001","meta":{"model":"author","operation":"delete"}}

stdout | tests/raptor3/g4/review/unit02/delete-and-envelope.review.test.ts > G4-02 review — root delete > refuses a non-unique delete where exactly as the shipped engine does
NONUNIQUE ValidationError ValidationError

stdout | tests/raptor3/g4/review/unit02/delete-and-envelope.review.test.ts > G4-02 review — root delete > a delete with `include` of a relation still reads before the removal
INCLUDE kinds ["SELECT","SELECT","DELETE"] {"id":1,"name":"Ada","age":36,"posts":[{"id":10,"title":"a","authorId":1},{"id":11,"title":"b","authorId":1}]}

stdout | tests/raptor3/g4/review/unit02/delete-and-envelope.review.test.ts > G4-02 review — envelope classification agreement > root create (scalar only): candidate envelope matches shipped
ENV root create (scalar only) {"shipped":{"statements":1,"transactions":0},"candidate":{"statements":2,"transactions":1}}

stdout | tests/raptor3/g4/review/unit02/delete-and-envelope.review.test.ts > G4-02 review — envelope classification agreement > createMany (2 rows): candidate envelope matches shipped
ENV createMany (2 rows) {"shipped":{"statements":1,"transactions":0},"candidate":{"statements":1,"transactions":0}}

stdout | tests/raptor3/g4/review/unit02/delete-and-envelope.review.test.ts > G4-02 review — envelope classification agreement > deleteMany: candidate envelope matches shipped
ENV deleteMany {"shipped":{"statements":1,"transactions":0},"candidate":{"statements":1,"transactions":0}}

 ❯ |g4-review-unit02| tests/raptor3/g4/review/unit02/delete-and-envelope.review.test.ts (6 tests | 1 failed) 14ms
   ✓ G4-02 review — root delete > not-found identity matches the shipped engine in class, code and message 4ms
   ✓ G4-02 review — root delete > refuses a non-unique delete where exactly as the shipped engine does 1ms
   ✓ G4-02 review — root delete > a delete with `include` of a relation still reads before the removal 2ms
   × G4-02 review — envelope classification agreement > root create (scalar only): candidate envelope matches shipped 2ms
     → Expected values to be strictly deep-equal:
+ actual - expected

  {
+   statements: 2,
+   transactions: 1
-   statements: 1,
-   transactions: 0
  }

   ✓ G4-02 review — envelope classification agreement > createMany (2 rows): candidate envelope matches shipped 2ms
   ✓ G4-02 review — envelope classification agreement > deleteMany: candidate envelope matches shipped 2ms
stdout | tests/raptor3/g4/review/unit02/envelope-rule-owner.review.test.ts > G4-02 review — the envelope rule's real owner > the sentinel recovery never runs, and `single` is not `one statement`
ENVTABLE [{"shape":"findUnique","statements":1,"transactions":0,"outcome":"ok"},{"shape":"findMany+include","statements":1,"transactions":0,"outcome":"ok"},{"shape":"count","statements":1,"transactions":0,"outcome":"ok"},{"shape":"aggregate","statements":1,"transactions":0,"outcome":"ok"},{"shape":"groupBy","statements":1,"transactions":0,"outcome":"ok"},{"shape":"create scalar","statements":2,"transactions":1,"outcome":"ok"},{"shape":"createMany 1 row","statements":1,"transactions":0,"outcome":"ok"},{"shape":"createMany 2 rows","statements":1,"transactions":0,"outcome":"ok"},{"shape":"createMany 2 rows + select","statements":1,"transactions":0,"outcome":"ok"},{"shape":"update fold","statements":1,"transactions":0,"outcome":"ok"},{"shape":"update relation projection","statements":3,"transactions":1,"outcome":"ok"},{"shape":"updateMany no select","statements":1,"transactions":0,"outcome":"ok"},{"shape":"updateMany + select","statements":1,"transactions":0,"outcome":"ok"},{"shape":"updateMany limit","statements":1,"transactions":0,"outcome":"ok"},{"shape":"delete scalar","statements":1,"transactions":0,"outcome":"ok"},{"shape":"delete relation projection","statements":3,"transactions":1,"outcome":"ok"},{"shape":"deleteMany no select","statements":1,"transactions":0,"outcome":"ok"},{"shape":"deleteMany + select","statements":1,"transactions":0,"outcome":"ok"},{"shape":"upsert missing","statements":3,"transactions":1,"outcome":"ok"}]
RESTARTS [33m0[39m

 ✓ |g4-review-unit02| tests/raptor3/g4/review/unit02/envelope-rule-owner.review.test.ts (1 test) 30ms
stdout | tests/raptor3/g4/review/unit02/packaged-cardinality.review.test.ts > G4-02 review — packaged root cardinality > a missing root delete inside an array must not let a sibling write commit
DELETE shipped {"rejected":"NotFoundError","stored":[{"email":"present@example.test"}],"batches":1}
DELETE candidate {"rejected":"NotFoundError","stored":[{"email":"present@example.test"}],"batches":1}

stdout | tests/raptor3/g4/review/unit02/packaged-cardinality.review.test.ts > G4-02 review — packaged root cardinality > a missing root update inside an array must not let a sibling write commit
UPDATE shipped {"rejected":"NotFoundError","stored":[{"email":"present@example.test"}],"batches":1}
UPDATE candidate {"rejected":"NotFoundError","stored":[{"email":"present@example.test"}],"batches":1}

stdout | tests/raptor3/g4/review/unit02/packaged-cardinality.review.test.ts > G4-02 review — packaged root cardinality > a missing findUniqueOrThrow inside an array must not let a sibling write commit
ORTHROW shipped {"rejected":"NotFoundError","stored":[{"email":"present@example.test"},{"email":"sibling@example.test"}],"batches":1}
ORTHROW candidate {"rejected":"NotFoundError","stored":[{"email":"present@example.test"},{"email":"sibling@example.test"}],"batches":1}

 ✓ |g4-review-unit02| tests/raptor3/g4/review/unit02/packaged-cardinality.review.test.ts (3 tests) 12ms
stdout | tests/raptor3/g4/review/unit02/prepared-and-bulk.review.test.ts > G4-02 review — prepared read facts > `read.single` disagrees with the value the read owner actually publishes
READFACTS [
 {
  "operation": "findUnique",
  "single": true,
  "publishedIsRowLike": true,
  "publishedType": "object",
  "shape": "{\"kind\":\"object\",\"fields\":{\"id\":{\"kind\":\"scalar\",\"type\":\"int\",\"nullable\":false},\"name\":{\"kind\":\"scalar\",\"type\":\"string\",\"nullable\":false},\"age\":{\"kind\":\"scalar\",\"type\":\"int\",\"nullable\":false}}}"
 },
 {
  "operation": "findFirst",
  "single": true,
  "publishedIsRowLike": true,
  "publishedType": "object",
  "shape": "{\"kind\":\"object\",\"fields\":{\"id\":{\"kind\":\"scalar\",\"type\":\"int\",\"nullable\":false},\"name\":{\"kind\":\"scalar\",\"type\":\"string\",\"nullable\":false},\"age\":{\"kind\":\"scalar\",\"type\":\"int\",\"nullable\":false}}}"
 },
 {
  "operation": "findMany",
  "single": false,
  "publishedIsRowLike": false,
  "publishedType": "array",
  "shape": "{\"kind\":\"object\",\"fields\":{\"id\":{\"kind\":\"scalar\",\"type\":\"int\",\"nullable\":false},\"name\":{\"kind\":\"scalar\",\"type\":\"string\",\"nullable\":false},\"age\":{\"kind\":\"scalar\",\"type\":\"int\",\"nullable\":false}}}"
 },
 {
  "operation": "count",
  "single": false,
  "publishedIsRowLike": false,
  "publishedType": "number",
  "shape": "{\"kind\":\"object\",\"fields\":{\"_count\":{\"kind\":\"scalar\",\"type\":\"int\",\"nullable\":false}}}"
 },
 {
  "operation": "exist",
  "single": false,
  "publishedIsRowLike": false,
  "publishedType": "boolean",
  "shape": "{\"kind\":\"object\",\"fields\":{\"_count\":{\"kind\":\"scalar\",\"type\":\"int\",\"nullable\":false}}}"
 },
 {
  "operation": "aggregate",
  "single": true,
  "publishedIsRowLike": true,
  "publishedType": "object",
  "shape": "{\"kind\":\"object\",\"fields\":{\"_count\":{\"kind\":\"scalar\",\"type\":\"int\",\"nullable\":false}}}"
 },
 {
  "operation": "groupBy",
  "single": false,
  "publishedIsRowLike": false,
  "publishedType": "array",
  "shape": "{\"kind\":\"object\",\"fields\":{\"age\":{\"kind\":\"scalar\",\"type\":\"int\",\"nullable\":false},\"_count\":{\"kind\":\"scalar\",\"type\":\"int\",\"nullable\":false}}}"
 }
]

stdout | tests/raptor3/g4/review/unit02/prepared-and-bulk.review.test.ts > G4-02 review — bulk relation projections > updateMany with a relation projection keeps the correlated RETURNING the delete branch was fixed to avoid
UPDATEMANY "ValidationError: Validation failed for updateMany: 'select.posts' is not supported on 'updateMany': a bulk write projects scalar fields only. Read the relation in a separate query." {"statements":0,"transactions":0,"kinds":[]}

 ❯ |g4-review-unit02| tests/raptor3/g4/review/unit02/prepared-and-bulk.review.test.ts (4 tests | 2 failed) 11ms
   ✓ G4-02 review — prepared read facts > `read.single` disagrees with the value the read owner actually publishes 4ms
   ✓ G4-02 review — prepared read facts > prepare() admits once and answers the same Read for args, read and execute 2ms
   × G4-02 review — bulk relation projections > deleteMany with a relation projection reads before removal and returns the rows 2ms
     → Validation failed for deleteMany: 'select.posts' is not supported on 'deleteMany': a bulk write projects scalar fields only. Read the relation in a separate query.
   × G4-02 review — bulk relation projections > updateMany with a relation projection keeps the correlated RETURNING the delete branch was fixed to avoid 2ms
     → Expected values to be strictly deep-equal:
+ actual - expected

+ "ValidationError: Validation failed for updateMany: 'select.posts' is not supported on 'updateMany': a bulk write projects scalar fields only. Read the relation in a separate query."
- [
-   {
-     id: 1,
-     posts: [
-       {
-         id: 10
-       },
-       {
-         id: 11
-       }
-     ]
-   },
-   {
-     id: 2,
-     posts: [
-       {
-         id: 12
-       }
-     ]
-   }
- ]

stdout | tests/raptor3/g4/review/unit02/repair-statement-context.review.test.ts > G4-02 review (repair) — per-statement model attribution parity > reports the candidate and shipped per-statement model tally for nested shapes
MODELTALLY [
 {
  "label": "nested update",
  "shipped": {
   "author": 3,
   "post": 2
  },
  "candidate": {
   "author": 3,
   "post": 2
  }
 },
 {
  "label": "nested create",
  "shipped": {
   "author": 2,
   "post": 1
  },
  "candidate": {
   "author": 2,
   "post": 1
  }
 },
 {
  "label": "nested connect",
  "shipped": {
   "author": 2,
   "post": 2
  },
  "candidate": {
   "author": 2,
   "post": 2
  }
 },
 {
  "label": "nested delete",
  "shipped": {
   "author": 2,
   "post": 2
  },
  "candidate": {
   "author": 2,
   "post": 2
  }
 },
 {
  "label": "nested upsert",
  "shipped": {
   "author": 2,
   "post": 2
  },
  "candidate": {
   "author": 2,
   "post": 2
  }
 },
 {
  "label": "relation-bearing create",
  "shipped": {
   "author": 2,
   "post": 1
  },
  "candidate": {
   "author": 2,
   "post": 1
  }
 }
]

 ✓ |g4-review-unit02| tests/raptor3/g4/review/unit02/repair-statement-context.review.test.ts (1 test) 31ms
stdout | tests/raptor3/g4/review/unit02/statement-context.review.test.ts > G4-02 review — statement context > the candidate reports the ROOT model for a nested-model statement where the shipped engine reports the nested one
CTX shipped [{"verb":"SELECT","model":"author","operation":"update"},{"verb":"SELECT","model":"post","operation":"update"},{"verb":"UPDATE","model":"author","operation":"update"},{"verb":"UPDATE","model":"post","operation":"update"},{"verb":"SELECT","model":"author","operation":"update"}]
CTX candidate [{"verb":"SELECT","model":"author","operation":"update"},{"verb":"UPDATE","model":"author","operation":"update"},{"verb":"SELECT","model":"post","operation":"update"},{"verb":"UPDATE","model":"post","operation":"update"},{"verb":"SELECT","model":"author","operation":"update"}]

 ✓ |g4-review-unit02| tests/raptor3/g4/review/unit02/statement-context.review.test.ts (1 test) 8ms
stdout | tests/raptor3/g4/review/unit02/admission-and-projection.review.test.ts > G4-02 review — admission count through the engine's public entries > prepareBatch() then execute() on the engine admits the same payload twice
ADMISSIONS engine entries [33m2[39m

stdout | tests/raptor3/g4/review/unit02/admission-and-projection.review.test.ts > G4-02 review — admission count through the engine's public entries > one prepared handle admits once across args/read/prepareBatch/execute
ADMISSIONS one handle [33m1[39m

stdout | tests/raptor3/g4/review/unit02/admission-and-projection.review.test.ts > G4-02 review — root delete projections > a _count projection reads before the removal
COUNTPROJ {"id":1,"_count":{"posts":2}} ["SELECT","SELECT","DELETE"]

 ❯ |g4-review-unit02| tests/raptor3/g4/review/unit02/admission-and-projection.review.test.ts (3 tests | 1 failed) 10ms
   × G4-02 review — admission count through the engine's public entries > prepareBatch() then execute() on the engine admits the same payload twice 5ms
     → admission must happen exactly once for one payload; saw 2

2 !== 1

   ✓ G4-02 review — admission count through the engine's public entries > one prepared handle admits once across args/read/prepareBatch/execute 2ms
   ✓ G4-02 review — root delete projections > a _count projection reads before the removal 2ms
stdout | tests/raptor3/g4/review/unit02/route-admission-count.review.test.ts > G4-02 review — route admission count for an array member > an array member admits the same number of times on both routes
ROUTEADMIT {"shipped":["value"],"candidate":["value"]}

 ✓ |g4-review-unit02| tests/raptor3/g4/review/unit02/route-admission-count.review.test.ts (1 test) 4ms

⎯⎯⎯⎯⎯⎯⎯ Failed Tests 6 ⎯⎯⎯⎯⎯⎯⎯

 FAIL  |g4-review-unit02| tests/raptor3/g4/review/unit02/admission-and-projection.review.test.ts > G4-02 review — admission count through the engine's public entries > prepareBatch() then execute() on the engine admits the same payload twice
AssertionError: admission must happen exactly once for one payload; saw 2

2 !== 1


[32m- Expected[39m
[31m+ Received[39m

[32m- 1[39m
[31m+ 2[39m

 ❯ tests/raptor3/g4/review/unit02/admission-and-projection.review.test.ts:114:12
    112|     // eslint-disable-next-line no-console
    113|     console.log("ADMISSIONS engine entries", transforms);
    114|     assert.equal(
       |            ^
    115|       transforms,
    116|       1,

⎯⎯⎯⎯⎯⎯⎯⎯⎯⎯⎯⎯⎯⎯⎯⎯⎯⎯⎯⎯⎯⎯⎯⎯[1/6]⎯

 FAIL  |g4-review-unit02| tests/raptor3/g4/review/unit02/delete-and-envelope.review.test.ts > G4-02 review — envelope classification agreement > root create (scalar only): candidate envelope matches shipped
AssertionError: Expected values to be strictly deep-equal:
+ actual - expected

  {
+   statements: 2,
+   transactions: 1
-   statements: 1,
-   transactions: 0
  }


[32m- Expected[39m
[31m+ Received[39m

[2m  {[22m
[32m-   "statements": 1,[39m
[32m-   "transactions": 0,[39m
[31m+   "statements": 2,[39m
[31m+   "transactions": 1,[39m
[2m  }[22m

 ❯ tests/raptor3/g4/review/unit02/delete-and-envelope.review.test.ts:218:14
    216|         JSON.stringify({ shipped: shippedCost, candidate: candidateCos…
    217|       );
    218|       assert.deepEqual(candidateCost, shippedCost);
       |              ^
    219|     });
    220|   }

⎯⎯⎯⎯⎯⎯⎯⎯⎯⎯⎯⎯⎯⎯⎯⎯⎯⎯⎯⎯⎯⎯⎯⎯[2/6]⎯

 FAIL  |g4-review-unit02| tests/raptor3/g4/review/unit02/prepared-and-bulk.review.test.ts > G4-02 review — bulk relation projections > deleteMany with a relation projection reads before removal and returns the rows
ValidationError: Validation failed for deleteMany: 'select.posts' is not supported on 'deleteMany': a bulk write projects scalar fields only. Read the relation in a separate query.
⎯⎯⎯⎯⎯⎯⎯⎯⎯⎯⎯⎯⎯⎯⎯⎯⎯⎯⎯⎯⎯⎯⎯⎯[3/6]⎯

 FAIL  |g4-review-unit02| tests/raptor3/g4/review/unit02/prepared-and-bulk.review.test.ts > G4-02 review — bulk relation projections > updateMany with a relation projection keeps the correlated RETURNING the delete branch was fixed to avoid
AssertionError: Expected values to be strictly deep-equal:
+ actual - expected

+ "ValidationError: Validation failed for updateMany: 'select.posts' is not supported on 'updateMany': a bulk write projects scalar fields only. Read the relation in a separate query."
- [
-   {
-     id: 1,
-     posts: [
-       {
-         id: 10
-       },
-       {
-         id: 11
-       }
-     ]
-   },
-   {
-     id: 2,
-     posts: [
-       {
-         id: 12
-       }
-     ]
-   }
- ]


[32m- Expected:[39m 
[
  {
    "id": 1,
    "posts": [
      {
        "id": 10,
      },
      {
        "id": 11,
      },
    ],
  },
  {
    "id": 2,
    "posts": [
      {
        "id": 12,
      },
    ],
  },
]

[31m+ Received:[39m 
"ValidationError: Validation failed for updateMany: 'select.posts' is not supported on 'updateMany': a bulk write projects scalar fields only. Read the relation in a separate query."

 ❯ tests/raptor3/g4/review/unit02/prepared-and-bulk.review.test.ts:194:12
    192|       })
    193|     );
    194|     assert.deepEqual(outcome, [
       |            ^
    195|       { id: 1, posts: [{ id: 10 }, { id: 11 }] },
    196|       { id: 2, posts: [{ id: 12 }] },

⎯⎯⎯⎯⎯⎯⎯⎯⎯⎯⎯⎯⎯⎯⎯⎯⎯⎯⎯⎯⎯⎯⎯⎯[4/6]⎯

 FAIL  |g4-review-unit02| tests/raptor3/g4/review/unit02/repair-packaged-guard.review.test.ts > G4-02 review (repair) — packaged presence guard > NOTE evidence: the LIVE root-delete meta on a batch-only driver diverges from shipped
AssertionError: Expected values to be strictly deep-equal:
+ actual - expected

  [Object: null prototype] {
    model: 'author',
    operation: 'delete',
+   recordSeriesProgress: {
+     atomicity: 'segment',
+     committedSegments: 1,
+     committedWriteMembers: 1,
+     completedMembers: 0,
+     phase: 'result'
+   }
  }


[32m- Expected[39m
[31m+ Received[39m

[2m  {[22m
[2m    "model": "author",[22m
[2m    "operation": "delete",[22m
[31m+   "recordSeriesProgress": {[39m
[31m+     "atomicity": "segment",[39m
[31m+     "committedSegments": 1,[39m
[31m+     "committedWriteMembers": 1,[39m
[31m+     "completedMembers": 0,[39m
[31m+     "phase": "result",[39m
[31m+   },[39m
[2m  }[22m

 ❯ tests/raptor3/g4/review/unit02/repair-packaged-guard.review.test.ts:214:12
    212|     // eslint-disable-next-line no-console
    213|     console.log("LIVEDELETEMETA", JSON.stringify({ live, shippedLive }…
    214|     assert.deepEqual(live.meta, shippedLive.meta);
       |            ^
    215|   });
    216| 

⎯⎯⎯⎯⎯⎯⎯⎯⎯⎯⎯⎯⎯⎯⎯⎯⎯⎯⎯⎯⎯⎯⎯⎯[5/6]⎯

 FAIL  |g4-review-unit02| tests/raptor3/g4/review/unit02/repair-packaged-guard.review.test.ts > G4-02 review (repair) — live error meta on a batch-only driver > NOTE evidence: candidate and shipped meta differ for verbs this unit did NOT change
AssertionError: Expected values to be strictly deep-equal:
+ actual - expected

  [
    'model',
    'operation',
+   'recordSeriesProgress'
  ]


[32m- Expected[39m
[31m+ Received[39m

[2m  [[22m
[2m    "model",[22m
[2m    "operation",[22m
[31m+   "recordSeriesProgress",[39m
[2m  ][22m

 ❯ tests/raptor3/g4/review/unit02/repair-packaged-guard.review.test.ts:386:12
    384|     // eslint-disable-next-line no-console
    385|     console.log("LIVEMETA", JSON.stringify(rows, undefined, 1));
    386|     assert.deepEqual(rows[1]!.delete, rows[0]!.delete);
       |            ^
    387|     assert.deepEqual(rows[1]!.update, rows[0]!.update);
    388|   });

⎯⎯⎯⎯⎯⎯⎯⎯⎯⎯⎯⎯⎯⎯⎯⎯⎯⎯⎯⎯⎯⎯⎯⎯[6/6]⎯


 Test Files  4 failed | 7 passed (11)
      Tests  6 failed | 28 passed (34)
   Start at  04:33:33
   Duration  2.91s (transform 1.28s, setup 14ms, collect 2.52s, tests 224ms, environment 0ms, prepare 32ms)

Vitest resources: 3.47s wall, 659.1 MiB peak sampled process-group RSS (sampled ceiling 1536 MiB). Teardown verified.
