
 RUN  v3.1.4 /private/tmp/viborm-rulings

 ✓ |raptor3| tests/raptor3/transitions/membership-own-write-legacy.test.ts (8 tests) 99ms
 ✓ |raptor3| tests/raptor3/transitions/mixed-key-transitions-legacy.test.ts (8 tests) 89ms
 ✓ |raptor3| tests/raptor3/transitions/variant-removals-legacy.test.ts (14 tests) 92ms
 ✓ |raptor3| tests/raptor3/transitions/conditional-upsert-legacy.test.ts (11 tests) 95ms
 ✓ |raptor3| tests/raptor3/transitions/shared-key-suppliers-legacy.test.ts (4 tests) 59ms
 ✓ |raptor3| tests/raptor3/transitions/own-write-legacy.test.ts (18 tests) 66ms
 ✓ |raptor3| tests/raptor3/transitions/junction-identity-legacy.test.ts (2 tests) 84ms
 ✓ |raptor3| tests/raptor3/transitions/singular-legacy.test.ts (20 tests) 23ms
 ✓ |raptor3| tests/raptor3/transitions/junctions-legacy.test.ts (26 tests) 41ms
 ✓ |raptor3| tests/raptor3/transitions/required-legacy.test.ts (8 tests) 14ms
 ✓ |raptor3| tests/raptor3/transitions/series-staleness-legacy.test.ts (4 tests) 12ms
 ✓ |raptor3| tests/raptor3/transitions/keys-legacy.test.ts (14 tests) 23ms
 ✓ |raptor3| tests/raptor3/transitions/staleness-legacy.test.ts (3 tests) 9ms
 ✓ |raptor3| tests/raptor3/transitions/singular-lattice-legacy.test.ts (58 tests) 44ms
 ✓ |raptor3| tests/raptor3/transitions/supplier-continuations-legacy.test.ts (10 tests) 18ms
 ✓ |raptor3| tests/raptor3/transitions/occupied-keys-legacy.test.ts (8 tests) 25ms

 Test Files  16 passed (16)
      Tests  216 passed (216)
   Start at  22:03:02
   Duration  3.97s (transform 1.18s, setup 27ms, collect 2.98s, tests 792ms, environment 0ms, prepare 30ms)

JSON report written to /private/tmp/viborm-rulings-tmp-ra/viborm-raptor3-g0-83pgjM/vitest.json
Vitest resources: 5.96s wall, 697.3 MiB peak sampled process-group RSS (sampled ceiling 1536 MiB). Teardown verified.
Raptor 3 g2-baseline contract gate verified. Evidence: /private/tmp/viborm-rulings-tmp-ra/viborm-raptor3-g0-83pgjM
