
 RUN  v3.1.4 /private/tmp/viborm-rulings

 ✓ |raptor3| tests/raptor3/transitions/conditional-upsert-commands.test.ts (11 tests) 113ms
 ✓ |raptor3| tests/raptor3/transitions/singular-lattice-commands.test.ts (58 tests) 220ms
 ✓ |raptor3| tests/raptor3/transitions/shared-key-suppliers-commands.test.ts (4 tests) 52ms
 ✓ |raptor3| tests/raptor3/transitions/junction-identity-commands.test.ts (2 tests) 108ms
 ✓ |raptor3| tests/raptor3/transitions/series-staleness-commands.test.ts (4 tests) 67ms
 ✓ |raptor3| tests/raptor3/transitions/mixed-key-transitions-commands.test.ts (8 tests) 84ms
 ✓ |raptor3| tests/raptor3/transitions/supplier-continuations-commands.test.ts (10 tests) 86ms
 ✓ |raptor3| tests/raptor3/transitions/membership-own-write-commands.test.ts (8 tests) 56ms
 ✓ |raptor3| tests/raptor3/transitions/staleness-commands.test.ts (3 tests) 42ms
 ✓ |raptor3| tests/raptor3/transitions/singular-commands.test.ts (20 tests) 107ms
 ✓ |raptor3| tests/raptor3/transitions/junctions-commands.test.ts (26 tests) 202ms
 ✓ |raptor3| tests/raptor3/transitions/variant-removals-commands.test.ts (14 tests) 87ms
 ✓ |raptor3| tests/raptor3/transitions/occupied-keys-commands.test.ts (8 tests) 88ms
 ✓ |raptor3| tests/raptor3/transitions/required-commands.test.ts (8 tests) 54ms
 ✓ |raptor3| tests/raptor3/transitions/keys-commands.test.ts (14 tests) 89ms
 ✓ |raptor3| tests/raptor3/transitions/own-write-commands.test.ts (18 tests) 100ms

 Test Files  16 passed (16)
      Tests  216 passed (216)
   Start at  22:01:17
   Duration  3.96s (transform 878ms, setup 19ms, collect 2.22s, tests 1.56s, environment 0ms, prepare 26ms)

JSON report written to /private/tmp/viborm-rulings-tmp-ra/viborm-raptor3-g0-Ly547S/vitest.json
Vitest resources: 5.87s wall, 724.7 MiB peak sampled process-group RSS (sampled ceiling 1536 MiB). Teardown verified.
Raptor 3 g2-contracts contract gate verified. Evidence: /private/tmp/viborm-rulings-tmp-ra/viborm-raptor3-g0-Ly547S
