 ❯ |extended-local| tests/contracts/engine/query/nested-mutation-routing.test.ts (72 tests | 5 failed) 2018ms
 ❯ |extended-local| tests/contracts/engine/write/progressive-parent-rowkey.test.ts (9 tests | 7 failed) 690ms
 ✓ |extended-local| tests/contracts/public-client/undefined-projection-keys.test.ts (19 tests) 598ms
 ✓ |extended-local| tests/unit/migrations/decimal-list-defaults.test.ts (5 tests) 737ms
 ✓ |extended-local| tests/contracts/engine/write/nested-depth-lift.test.ts (6 tests) 597ms
 ✓ |extended-local| tests/contracts/public-client/aggregate-result-types.test.ts (9 tests) 509ms
 ✓ |extended-local| tests/contracts/engine/query/to-one-filter-shorthand.test.ts (12 tests) 517ms
 ❯ |extended-local| tests/contracts/engine/write/generated-output-fallback.test.ts (5 tests | 2 failed) 692ms
 ❯ |extended-local| tests/contracts/engine/write/type-depth-ceiling.test.ts (2 tests | 1 failed) 590ms
 ✓ |extended-local| tests/contracts/engine/query/orderby-relation-depth.test.ts (4 tests) 480ms
 ✓ |extended-local| tests/contracts/engine/write/nested-update-pk-transition-cascade-occupied.test.ts (6 tests) 519ms
 ✓ |extended-local| tests/contracts/drivers/transaction-scope-scheduler.provider.test.ts (1 test) 540ms
 ✓ |extended-local| tests/contracts/public-client/nested-transaction-contract.test.ts (1 test) 477ms
 ❯ |extended-local| tests/contracts/engine/write/compound-relation-adoption.test.ts (4 tests | 1 failed) 562ms
 FAIL  |extended-local| tests/contracts/engine/query/nested-mutation-routing.test.ts > Nested Mutation Routing > PGlite batch-only routing batch primary-key dataflow > generated parent ID feeds to-man
 FAIL  |extended-local| tests/contracts/engine/query/nested-mutation-routing.test.ts > Nested Mutation Routing > PGlite batch-only routing batch primary-key dataflow > generated parent ID feeds nested
 FAIL  |extended-local| tests/contracts/engine/query/nested-mutation-routing.test.ts > Nested Mutation Routing > PGlite batch-only routing batch primary-key dataflow > generated parent ID feeds multip
 FAIL  |extended-local| tests/contracts/engine/query/nested-mutation-routing.test.ts > Nested Mutation Routing > PGlite batch-only routing batch primary-key dataflow > generated parent, child, and gra
 FAIL  |extended-local| tests/contracts/engine/write/compound-relation-adoption.test.ts > E4-U2 compound-referenced adopt under a create root (atomic batch) > every referenced column takes its own val
 FAIL  |extended-local| tests/contracts/engine/query/nested-mutation-routing.test.ts > Nested Mutation Routing > PGlite batch-only routing batch primary-key dataflow > generated child ID feeds to-one 
 FAIL  |extended-local| tests/contracts/engine/write/generated-output-fallback.test.ts > generated output fallback > one demanded member closes RETURNING over a fresh compound generated row key
 FAIL  |extended-local| tests/contracts/engine/write/generated-output-fallback.test.ts > generated output exact batch scratch > a nested generated key and relation-supplied publication stay in one nat
 FAIL  |extended-local| tests/contracts/engine/write/progressive-parent-rowkey.test.ts > H1 — the complete parent row key at a progressive nested series > row liveness and non-PK membership remain s
 FAIL  |extended-local| tests/contracts/engine/write/progressive-parent-rowkey.test.ts > H1 — the complete parent row key at a progressive nested series > a concurrent move of the referenced value f
 FAIL  |extended-local| tests/contracts/engine/write/progressive-parent-rowkey.test.ts > H1 — the complete parent row key at a progressive nested series > a child-held updateMany cannot continue und
 FAIL  |extended-local| tests/contracts/engine/write/progressive-parent-rowkey.test.ts > H1 — the complete parent row key at a progressive nested series > a before-root series re-pins the selected r
 FAIL  |extended-local| tests/contracts/engine/write/progressive-parent-rowkey.test.ts > H1 — each placement guards its exact progressive premise > a junction relation-bearing createMany
 FAIL  |extended-local| tests/contracts/engine/write/progressive-parent-rowkey.test.ts > H1 — each placement guards its exact progressive premise > a junction relation-bearing updateMany
 FAIL  |extended-local| tests/contracts/engine/write/progressive-parent-rowkey.test.ts > H1 — each placement guards its exact progressive premise > a child-held relation-bearing updateMany
 FAIL  |extended-local| tests/contracts/engine/write/type-depth-ceiling.test.ts > X1b — the boundary executes beyond the TS literal-inference ceiling > batch: a 40-level rich create chain folds and 
 Test Files  5 failed | 9 passed (14)
      Tests  16 failed | 139 passed (155)
