 ❯ |extended-local| tests/contracts/engine/query/nested-write-conformance-root-dependency.test.ts (30 tests | 6 failed) 1005ms
 ✓ |extended-local| tests/contracts/public-client/raw-sql.test.ts (67 tests) 1792ms
 ✓ |extended-local| tests/contracts/engine/write/pk-transition-junction-mixed-edge.test.ts (16 tests) 791ms
 ❯ |extended-local| tests/contracts/engine/write/located-target-depth.test.ts (8 tests | 2 failed) 773ms
 ✓ |extended-local| tests/contracts/public-client/default-omit-extension.test.ts (9 tests) 583ms
 ✓ |extended-local| tests/contracts/engine/query/m7-error-surface.test.ts (3 tests) 614ms
 ❯ |extended-local| tests/contracts/engine/query/relation-key-update-legality-transition-arm.test.ts (7 tests | 1 failed) 689ms
 ✓ |extended-local| tests/unit/migrations/resolution-result-boundary.test.ts (9 tests) 664ms
 ✓ |extended-local| tests/contracts/engine/write/compiled-key-transition.test.ts (16 tests) 604ms
 ✓ |extended-local| tests/contracts/engine/write/vacate-then-supply-parent-held-composed.test.ts (6 tests) 566ms
 ✓ |extended-local| tests/contracts/engine/write/nested-update-d4-deep-nonpk-reference.test.ts (2 tests) 514ms
 ❯ |extended-local| tests/unit/instrumentation/namespace-attribute-segment.test.ts (1 test | 1 failed) 516ms
 ✓ |extended-local| tests/contracts/engine/write/forward-declared-many-to-one-nested-update.test.ts (1 test) 519ms
 ✓ |extended-local| tests/contracts/engine/write/skip-select-capture.test.ts (6 tests) 492ms
 FAIL  |extended-local| tests/unit/instrumentation/namespace-attribute-segment.test.ts > progressive segment spans carry no database namespace
 FAIL  |extended-local| tests/contracts/engine/query/nested-write-conformance-root-dependency.test.ts > nested-write conformance: create root barrier (tx vs batch) > before-parent self connect is unaf
 FAIL  |extended-local| tests/contracts/engine/query/nested-write-conformance-root-dependency.test.ts > nested-write conformance: create root barrier (tx vs batch) > nested create keeps its before-par
 FAIL  |extended-local| tests/contracts/engine/query/nested-write-conformance-root-dependency.test.ts > nested-write conformance: update predicate root (tx vs batch) > root id transition allows a disj
 FAIL  |extended-local| tests/contracts/engine/query/nested-write-conformance-root-dependency.test.ts > nested-write conformance: update predicate root (tx vs batch) > nested payload update does not t
 FAIL  |extended-local| tests/contracts/engine/query/nested-write-conformance-root-dependency.test.ts > nested-write conformance: update predicate root (tx vs batch) > nested to-many update allows a d
 FAIL  |extended-local| tests/contracts/engine/query/nested-write-conformance-root-dependency.test.ts > nested-write conformance: update predicate root (tx vs batch) > existing top-level upsert uses i
 FAIL  |extended-local| tests/contracts/engine/query/relation-key-update-legality-transition-arm.test.ts > relation-key update legality > allows primary-key arithmetic transition with cascade upsert
 FAIL  |extended-local| tests/contracts/engine/write/located-target-depth.test.ts > X1c — parent-held to-one under a located update target at level 3 (generated PK) > batch: the generated badge id f
 FAIL  |extended-local| tests/contracts/engine/write/located-target-depth.test.ts > X1c — combined ≥6-level tree (fresh + located targets mixed) > batch: six levels, fresh + located mixed, one bou
 Test Files  4 failed | 10 passed (14)
      Tests  10 failed | 171 passed (181)
