
> viborm@0.1.0 test:coverage:policy /Users/arnaud/code/viborm
> node scripts/run-node-safe.mjs 512 60000 scripts/coverage-policy.test.mjs && node scripts/run-node-safe.mjs 512 60000 scripts/bounded-process.test.mjs && node scripts/run-node-safe.mjs 512 60000 scripts/test-run-lock.test.mjs && node scripts/run-node-safe.mjs 512 60000 scripts/raptor3-refusal-census.test.mjs

✔ every TypeScript source has exactly one coverage owner (4.987541ms)
✔ subsystem configs derive includes and thresholds from the manifest (0.218833ms)
✔ waived sources remain owned and included (0.127666ms)
✔ test fixtures use the workspace alias instead of root-absolute imports (174.318083ms)
✔ migration coverage admits every credential-free local contract (1.981584ms)
✔ migration core contracts open no database outside the named in-memory SQLite exception (10.289708ms)
✔ client coverage admits the core and audited deterministic contracts (0.219917ms)
✔ driver coverage isolates provider resources and admits only audited local providers (3.561042ms)
✔ query coverage admits every core contract exactly once (3.738458ms)
✔ write coverage admits the core and audited high-signal local contracts (2.361792ms)
✔ cache coverage admits every deterministic cache contract exactly once (1.238375ms)
ℹ tests 11
ℹ suites 0
ℹ pass 11
ℹ fail 0
ℹ cancelled 0
ℹ skipped 0
ℹ todo 0
ℹ duration_ms 206.29175
Node resources: 0.48s wall, 0.5 MiB peak sampled process-group RSS (sampled ceiling 1536 MiB). Teardown verified.
✔ fails closed where process-tree bounds cannot be verified (0.550334ms)
✔ process-group RSS sums every member and ignores other groups (0.138125ms)
✔ process-group teardown ignores zombie-only groups (0.0645ms)
✔ heap replacement preserves unrelated Node options (0.085375ms)
✔ RSS limit defaults to the project cap and is configurable (0.366375ms)
✔ the ordinary ceiling is 1536 MiB and may only ever be lowered (0.087666ms)
✔ no ordinary caller can reach the 2560 MiB PGlite allowance (0.169041ms)
✔ the allowlisted typecheck ceiling reaches 8192 MiB and stops there (0.080875ms)
✔ the allowlisted PGlite ceiling reaches 2560 MiB and stops there (0.074333ms)
✔ the resource line names the ceiling that was applied (0.135084ms)
✔ a bounded run reports the ceiling it enforced (221.246208ms)
✔ heap limits may be lowered but never raised above the caller cap (0.290917ms)
✔ Vitest arguments end with the enforced single-worker policy (0.093875ms)
RSS limit witness exceeded its 48 MiB sampled process-group RSS ceiling (ordinary project).
✔ the sampled RSS ceiling terminates the complete child group (575.908583ms)
RSS group teardown witness exceeded its 48 MiB sampled process-group RSS ceiling (ordinary project).
RSS group teardown witness exceeded its 48 MiB sampled process-group RSS ceiling (ordinary project).
RSS group teardown witness exceeded its 48 MiB sampled process-group RSS ceiling (ordinary project).
RSS group teardown witness exceeded its 48 MiB sampled process-group RSS ceiling (ordinary project).
RSS group teardown witness exceeded its 48 MiB sampled process-group RSS ceiling (ordinary project).
RSS group teardown witness exceeded its 48 MiB sampled process-group RSS ceiling (ordinary project).
RSS group teardown witness exceeded its 48 MiB sampled process-group RSS ceiling (ordinary project).
RSS group teardown witness exceeded its 48 MiB sampled process-group RSS ceiling (ordinary project).
✔ RSS teardown verifies a group whose leader and worker exit together (5478.707708ms)
✔ normal leader exit still tears down inherited descendants (477.870667ms)
ℹ tests 16
ℹ suites 0
ℹ pass 16
ℹ fail 0
ℹ cancelled 0
ℹ skipped 0
ℹ todo 0
ℹ duration_ms 6760.419709
Node resources: 6.98s wall, 60.9 MiB peak sampled process-group RSS (sampled ceiling 1536 MiB). Teardown verified.
✔ a bounded descendant inherits its ancestor's workspace lock (331.950708ms)
✔ parses complete process rows without truncating commands (0.424542ms)
✔ refuses malformed, duplicate, and incomplete process graphs (0.311375ms)
✔ excludes every direct, pnpm, and coverage-wrapper ancestor (0.138416ms)
✔ finds stale Vitest, TypeScript, tsdown, and Vitest worker processes (0.177542ms)
✔ does not confuse a sibling path with the current workspace (0.074584ms)
ℹ tests 6
ℹ suites 0
ℹ pass 6
ℹ fail 0
ℹ cancelled 0
ℹ skipped 0
ℹ todo 0
ℹ duration_ms 335.9315
Node resources: 0.62s wall, 0.5 MiB peak sampled process-group RSS (sampled ceiling 1536 MiB). Teardown verified.
✔ reads the sentence a site built into a local const and handed to the failure owner (985.04675ms)
✔ reads the sentence the site's own factory built and handed to the failure owner (1014.676708ms)
✔ does not attribute a caught value to the site that rethrows it through the failure owner (970.863375ms)
✔ reads the failure owner's own substituted sentence once, at the owner (1007.423ms)
✔ does not mistake a zero-argument `failure()` member for the failure owner (997.758083ms)
✔ refuses loudly when the declared failure owner is not where the census reads it (1191.370958ms)
✔ the engine's own tree still declares the failure owner the census reads (1274.785208ms)
ℹ tests 7
ℹ suites 0
ℹ pass 7
ℹ fail 0
ℹ cancelled 0
ℹ skipped 0
ℹ todo 0
ℹ duration_ms 7447.716125
Node resources: 7.71s wall, 273.0 MiB peak sampled process-group RSS (sampled ceiling 1536 MiB). Teardown verified.
