
 RUN  v3.1.4 /Users/arnaud/code/viborm

 ✓ |raptor3| tests/raptor3/transitions/membership-own-write-legacy.test.ts (8 tests) 92ms
 ✓ |raptor3| tests/raptor3/transitions/mixed-key-transitions-legacy.test.ts (8 tests) 71ms
 ✓ |raptor3| tests/raptor3/transitions/variant-removals-legacy.test.ts (14 tests) 88ms
 ✓ |raptor3| tests/raptor3/transitions/conditional-upsert-legacy.test.ts (11 tests) 72ms
 ✓ |raptor3| tests/raptor3/transitions/shared-key-suppliers-legacy.test.ts (4 tests) 62ms
 ✓ |raptor3| tests/raptor3/transitions/own-write-legacy.test.ts (18 tests) 46ms
 ✓ |raptor3| tests/raptor3/transitions/junction-identity-legacy.test.ts (2 tests) 58ms
 ✓ |raptor3| tests/raptor3/transitions/singular-legacy.test.ts (20 tests) 18ms
 ✓ |raptor3| tests/raptor3/transitions/junctions-legacy.test.ts (26 tests) 31ms
 ✓ |raptor3| tests/raptor3/transitions/required-legacy.test.ts (8 tests) 9ms
 ✓ |raptor3| tests/raptor3/transitions/series-staleness-legacy.test.ts (4 tests) 13ms
 ✓ |raptor3| tests/raptor3/transitions/keys-legacy.test.ts (14 tests) 17ms
 ✓ |raptor3| tests/raptor3/transitions/staleness-legacy.test.ts (3 tests) 8ms
 ✓ |raptor3| tests/raptor3/transitions/singular-lattice-legacy.test.ts (58 tests) 44ms
 ✓ |raptor3| tests/raptor3/transitions/supplier-continuations-legacy.test.ts (10 tests) 33ms
 ✓ |raptor3| tests/raptor3/transitions/occupied-keys-legacy.test.ts (8 tests) 16ms

 Test Files  16 passed (16)
      Tests  216 passed (216)
   Start at  04:32:31
   Duration  3.32s (transform 994ms, setup 25ms, collect 2.44s, tests 679ms, environment 0ms, prepare 29ms)

JSON report written to /private/tmp/viborm-rq-gate-tmp/viborm-raptor3-g0-Odx1Gl/vitest.json
Vitest resources: 5.10s wall, 710.1 MiB peak sampled process-group RSS (sampled ceiling 1536 MiB). Teardown verified.
Raptor 3 g2-baseline contract gate verified. Evidence: /private/tmp/viborm-rq-gate-tmp/viborm-raptor3-g0-Odx1Gl
