
 RUN  v3.1.4 /Users/arnaud/code/viborm

 ✓ |extended-local| tests/raptor3/g4/parity/driver-result-parser.test.ts (6 tests) 31ms
 ✓ |coverage-raptor3| tests/raptor3/g4/parity/captured-identity-domains.test.ts (18 tests) 90ms
 ✓ |coverage-raptor3| tests/raptor3/g4/parity/cascaded-current-identity.test.ts (21 tests) 88ms
 ✓ |coverage-raptor3| tests/raptor3/g4/parity/exclusive-member-cardinality.test.ts (14 tests) 65ms
 ✓ |coverage-raptor3| tests/raptor3/g4/parity/cacheable-read-vocabulary.test.ts (3 tests) 9ms
 ✓ |coverage-raptor3| tests/raptor3/g4/parity/correlated-membership.test.ts (5 tests) 17ms
 ✓ |coverage-raptor3| tests/raptor3/g4/parity/batch-captured-bulk.test.ts (7 tests) 20ms
 ✓ |coverage-raptor3| tests/raptor3/g4/parity/batch-observed-publication.test.ts (10 tests) 22ms
 ✓ |coverage-raptor3| tests/raptor3/g4/parity/blind-premise-attribution.test.ts (1 test) 7ms
 ✓ |coverage-raptor3| tests/raptor3/g4/parity/combinator-named-scalar.test.ts (4 tests) 14ms
 ✓ |raptor3| tests/raptor3/g4/parity/captured-identity-domains.test.ts (18 tests) 89ms
 ✓ |raptor3| tests/raptor3/g4/parity/cascaded-current-identity.test.ts (21 tests) 86ms
 ✓ |raptor3| tests/raptor3/g4/parity/exclusive-member-cardinality.test.ts (14 tests) 65ms
 ✓ |raptor3| tests/raptor3/g4/parity/cacheable-read-vocabulary.test.ts (3 tests) 11ms
 ✓ |raptor3| tests/raptor3/g4/parity/correlated-membership.test.ts (5 tests) 16ms
 ✓ |raptor3| tests/raptor3/g4/parity/batch-captured-bulk.test.ts (7 tests) 16ms
 ✓ |raptor3| tests/raptor3/g4/parity/batch-observed-publication.test.ts (10 tests) 22ms
 ✓ |raptor3| tests/raptor3/g4/parity/blind-premise-attribution.test.ts (1 test) 6ms
 ✓ |raptor3| tests/raptor3/g4/parity/combinator-named-scalar.test.ts (4 tests) 12ms

 Test Files  19 passed (19)
      Tests  172 passed (172)
   Start at  04:31:34
   Duration  6.70s (transform 2.84s, setup 32ms, collect 5.32s, tests 686ms, environment 0ms, prepare 101ms)

Vitest resources: 8.66s wall, 753.7 MiB peak sampled process-group RSS (sampled ceiling 1536 MiB). Teardown verified.
