
 RUN  v3.1.4 /Users/arnaud/code/viborm

stdout | tests/raptor3/g4/review/unit02-decisions/key-refusal-parity.review.test.ts > G4-02 decisions review — the key-update predicate, beyond the pinned shapes > answers every unpinned key-update shape the way the shipped engine does
[key update naming NOTHING]
  shipped   QueryEngineError: Primary key field 'id' accepts exactly one update operation; received none.
            rows [{"id":7,"label":"a"}]
  candidate QueryEngineError: Primary key field 'id' accepts exactly one update operation; received none.
            rows [{"id":7,"label":"a"}]
  AGREE

stdout | tests/raptor3/g4/review/unit02-decisions/key-refusal-parity.review.test.ts > G4-02 decisions review — the key-update predicate, beyond the pinned shapes > answers every unpinned key-update shape the way the shipped engine does
[key update naming TWO operators (no set)]
  shipped   QueryEngineError: Primary key field 'id' accepts exactly one update operation; received increment, decrement.
            rows [{"id":7,"label":"a"}]
  candidate QueryEngineError: Primary key field 'id' accepts exactly one update operation; received increment, decrement.
            rows [{"id":7,"label":"a"}]
  AGREE

stdout | tests/raptor3/g4/review/unit02-decisions/key-refusal-parity.review.test.ts > G4-02 decisions review — the key-update predicate, beyond the pinned shapes > answers every unpinned key-update shape the way the shipped engine does
[key update naming THREE operations]
  shipped   QueryEngineError: Primary key field 'id' accepts exactly one update operation; received set, increment, multiply.
            rows [{"id":7,"label":"a"}]
  candidate QueryEngineError: Primary key field 'id' accepts exactly one update operation; received set, increment, multiply.
            rows [{"id":7,"label":"a"}]
  AGREE

stdout | tests/raptor3/g4/review/unit02-decisions/key-refusal-parity.review.test.ts > G4-02 decisions review — the key-update predicate, beyond the pinned shapes > answers every unpinned key-update shape the way the shipped engine does
[key update naming set beside divide-by-zero]
  shipped   QueryEngineError: Primary key field 'id' accepts exactly one update operation; received set, divide.
            rows [{"id":7,"label":"a"}]
  candidate QueryEngineError: Primary key field 'id' accepts exactly one update operation; received set, divide.
            rows [{"id":7,"label":"a"}]
  AGREE

stdout | tests/raptor3/g4/review/unit02-decisions/key-refusal-parity.review.test.ts > G4-02 decisions review — the key-update predicate, beyond the pinned shapes > answers every unpinned key-update shape the way the shipped engine does
[updateMany with set beside an operator]
  shipped   QueryEngineError: Primary key field 'id' accepts exactly one update operation; received set, increment.
            rows [{"id":7,"label":"a"}]
  candidate QueryEngineError: Primary key field 'id' accepts exactly one update operation; received set, increment.
            rows [{"id":7,"label":"a"}]
  AGREE

stdout | tests/raptor3/g4/review/unit02-decisions/key-refusal-parity.review.test.ts > G4-02 decisions review — the key-update predicate, beyond the pinned shapes > answers every unpinned key-update shape the way the shipped engine does
[updateMany naming nothing]
  shipped   QueryEngineError: Primary key field 'id' accepts exactly one update operation; received none.
            rows [{"id":7,"label":"a"}]
  candidate QueryEngineError: Primary key field 'id' accepts exactly one update operation; received none.
            rows [{"id":7,"label":"a"}]
  AGREE

stdout | tests/raptor3/g4/review/unit02-decisions/key-refusal-parity.review.test.ts > G4-02 decisions review — the key-update predicate, beyond the pinned shapes > answers every unpinned key-update shape the way the shipped engine does
[set: undefined beside increment is ONE operation]
  shipped   ok:{"id":8,"label":"a"}
            rows [{"id":8,"label":"a"}]
  candidate ok:{"id":8,"label":"a"}
            rows [{"id":8,"label":"a"}]
  AGREE

stdout | tests/raptor3/g4/review/unit02-decisions/key-refusal-parity.review.test.ts > G4-02 decisions review — the key-update predicate, beyond the pinned shapes > answers every unpinned key-update shape the way the shipped engine does
[a bare key value is not an operation record]
  shipped   ok:{"id":9,"label":"a"}
            rows [{"id":9,"label":"a"}]
  candidate ok:{"id":9,"label":"a"}
            rows [{"id":9,"label":"a"}]
  AGREE

stdout | tests/raptor3/g4/review/unit02-decisions/key-refusal-parity.review.test.ts > G4-02 decisions review — the key-update predicate, beyond the pinned shapes > answers every unpinned key-update shape the way the shipped engine does
[int key increment stays supported]
  shipped   ok:{"id":8,"label":"a"}
            rows [{"id":8,"label":"a"}]
  candidate ok:{"id":8,"label":"a"}
            rows [{"id":8,"label":"a"}]
  AGREE

stdout | tests/raptor3/g4/review/unit02-decisions/key-refusal-parity.review.test.ts > G4-02 decisions review — the key-update predicate, beyond the pinned shapes > answers every unpinned key-update shape the way the shipped engine does
[bigint key increment stays supported]
  shipped   ValidationError: Validation failed for update: Expected bigint
            rows [{"id":7,"label":"a"}]
  candidate ValidationError: Validation failed for update: Expected bigint
            rows [{"id":7,"label":"a"}]
  AGREE

stdout | tests/raptor3/g4/review/unit02-decisions/key-refusal-parity.review.test.ts > G4-02 decisions review — the key-update predicate, beyond the pinned shapes > answers every unpinned key-update shape the way the shipped engine does
[bigint key divide by zero]
  shipped   ValidationError: Validation failed for update: Expected bigint
            rows [{"id":7,"label":"a"}]
  candidate ValidationError: Validation failed for update: Expected bigint
            rows [{"id":7,"label":"a"}]
  AGREE

stdout | tests/raptor3/g4/review/unit02-decisions/key-refusal-parity.review.test.ts > G4-02 decisions review — the key-update predicate, beyond the pinned shapes > answers every unpinned key-update shape the way the shipped engine does
[int key divide by zero]
  shipped   QueryEngineError: Cannot divide primary key field 'id' by zero.
            rows [{"id":7,"label":"a"}]
  candidate QueryEngineError: Cannot divide primary key field 'id' by zero.
            rows [{"id":7,"label":"a"}]
  AGREE

stdout | tests/raptor3/g4/review/unit02-decisions/key-refusal-parity.review.test.ts > G4-02 decisions review — the key-update predicate, beyond the pinned shapes > answers every unpinned key-update shape the way the shipped engine does
[number key multiply (R-D2 (b) family)]
  shipped   QueryEngineError: Arithmetic updates are not portable for number primary key field 'id'. Use an explicit set value.
            rows [{"id":6,"label":"a"}]
  candidate QueryEngineError: Arithmetic updates are not portable for number primary key field 'id'. Use an explicit set value.
            rows [{"id":6,"label":"a"}]
  AGREE

stdout | tests/raptor3/g4/review/unit02-decisions/key-refusal-parity.review.test.ts > G4-02 decisions review — the key-update predicate, beyond the pinned shapes > answers every unpinned key-update shape the way the shipped engine does
[number key divide (R-D2 (b) family)]
  shipped   QueryEngineError: Arithmetic updates are not portable for number primary key field 'id'. Use an explicit set value.
            rows [{"id":6,"label":"a"}]
  candidate QueryEngineError: Arithmetic updates are not portable for number primary key field 'id'. Use an explicit set value.
            rows [{"id":6,"label":"a"}]
  AGREE

stdout | tests/raptor3/g4/review/unit02-decisions/key-refusal-parity.review.test.ts > G4-02 decisions review — the key-update predicate, beyond the pinned shapes > answers every unpinned key-update shape the way the shipped engine does
[decimal key multiply stays refused]
  shipped   QueryEngineError: Arithmetic updates are not portable for decimal primary key field 'id'. Use an explicit set value.
            rows [{"id":600,"label":"a"}]
  candidate QueryEngineError: Arithmetic updates are not portable for decimal primary key field 'id'. Use an explicit set value.
            rows [{"id":600,"label":"a"}]
  AGREE

stdout | tests/raptor3/g4/review/unit02-decisions/key-refusal-parity.review.test.ts > G4-02 decisions review — the key-update predicate, beyond the pinned shapes > answers every unpinned key-update shape the way the shipped engine does
[decimal key divide stays refused]
  shipped   QueryEngineError: Arithmetic updates are not portable for decimal primary key field 'id'. Use an explicit set value.
            rows [{"id":600,"label":"a"}]
  candidate QueryEngineError: Arithmetic updates are not portable for decimal primary key field 'id'. Use an explicit set value.
            rows [{"id":600,"label":"a"}]
  AGREE

stdout | tests/raptor3/g4/review/unit02-decisions/key-refusal-parity.review.test.ts > G4-02 decisions review — the key-update predicate, beyond the pinned shapes > answers every unpinned key-update shape the way the shipped engine does
[decimal key increment (R-D2 (a), the adopted contract)]
  shipped   QueryEngineError: Arithmetic updates are not portable for decimal primary key field 'id'. Use an explicit set value.
            rows [{"id":600,"label":"a"}]
  candidate ok:{"id":"7","label":"a"}
            rows [{"id":700,"label":"a"}]
  DIVERGE (adopted)

stdout | tests/raptor3/g4/review/unit02-decisions/key-refusal-parity.review.test.ts > G4-02 decisions review — the key-update predicate, beyond the pinned shapes > answers every unpinned key-update shape the way the shipped engine does
[decimal key decrement (R-D2 (a), the adopted contract)]
  shipped   QueryEngineError: Arithmetic updates are not portable for decimal primary key field 'id'. Use an explicit set value.
            rows [{"id":600,"label":"a"}]
  candidate ok:{"id":"5","label":"a"}
            rows [{"id":500,"label":"a"}]
  DIVERGE (adopted)

stdout | tests/raptor3/g4/review/unit02-decisions/key-refusal-parity.review.test.ts > G4-02 decisions review — the key-update predicate, beyond the pinned shapes > answers every unpinned key-update shape the way the shipped engine does
[int key increment by a NON-FINITE operand]
  shipped   ValidationError: Validation failed for update: Value did not match any union member: Expected integer, Expected integer
            rows [{"id":7,"label":"a"}]
  candidate ValidationError: Validation failed for update: Value did not match any union member: Expected integer, Expected integer
            rows [{"id":7,"label":"a"}]
  AGREE

stdout | tests/raptor3/g4/review/unit02-decisions/key-refusal-parity.review.test.ts > G4-02 decisions review — the key-update predicate, beyond the pinned shapes > answers every unpinned key-update shape the way the shipped engine does
[int key multiply by a NON-FINITE operand]
  shipped   ValidationError: Validation failed for update: Value did not match any union member: Expected integer, Expected integer
            rows [{"id":7,"label":"a"}]
  candidate ValidationError: Validation failed for update: Value did not match any union member: Expected integer, Expected integer
            rows [{"id":7,"label":"a"}]
  AGREE

stdout | tests/raptor3/g4/review/unit02-decisions/key-refusal-parity.review.test.ts > G4-02 decisions review — the key-update predicate, beyond the pinned shapes > answers every unpinned key-update shape the way the shipped engine does
[upsert (no relations) with set beside an operator]
  shipped   ok:{"id":9,"label":"a"}
            rows [{"id":9,"label":"a"}]
  candidate ok:{"id":9,"label":"a"}
            rows [{"id":9,"label":"a"}]
  AGREE

stdout | tests/raptor3/g4/review/unit02-decisions/key-refusal-parity.review.test.ts > G4-02 decisions review — the key-update predicate, beyond the pinned shapes > answers every unpinned key-update shape the way the shipped engine does
[upsert (no relations) with a number key increment]
  shipped   ok:{"id":7,"label":"a"}
            rows [{"id":7,"label":"a"}]
  candidate ok:{"id":7,"label":"a"}
            rows [{"id":7,"label":"a"}]
  AGREE

stdout | tests/raptor3/g4/review/unit02-decisions/key-refusal-parity.review.test.ts > G4-02 decisions review — the key-update predicate, beyond the pinned shapes > answers every unpinned key-update shape the way the shipped engine does
[upsert (no relations) naming nothing]
  shipped   QueryEngineError: Unknown update operation: 
            rows [{"id":7,"label":"a"}]
  candidate Error: Raptor 3 G1 update operator is not implemented: 
            rows [{"id":7,"label":"a"}]
  DIVERGE

 ❯ |g4-review-unit02-decisions| tests/raptor3/g4/review/unit02-decisions/key-refusal-parity.review.test.ts (1 test | 1 failed) 125ms
   × G4-02 decisions review — the key-update predicate, beyond the pinned shapes > answers every unpinned key-update shape the way the shipped engine does 124ms
     → diverging key-update shapes
+ actual - expected

+ [
+   'upsert (no relations) naming nothing'
+ ]
- []


⎯⎯⎯⎯⎯⎯⎯ Failed Tests 1 ⎯⎯⎯⎯⎯⎯⎯

 FAIL  |g4-review-unit02-decisions| tests/raptor3/g4/review/unit02-decisions/key-refusal-parity.review.test.ts > G4-02 decisions review — the key-update predicate, beyond the pinned shapes > answers every unpinned key-update shape the way the shipped engine does
AssertionError: diverging key-update shapes
+ actual - expected

+ [
+   'upsert (no relations) naming nothing'
+ ]
- []


[32m- Expected[39m
[31m+ Received[39m

[32m- [][39m
[31m+ [[39m
[31m+   "upsert (no relations) naming nothing",[39m
[31m+ ][39m

 ❯ tests/raptor3/g4/review/unit02-decisions/key-refusal-parity.review.test.ts:310:12
    308|       if (same && ADOPTED.has(name)) divergences.push(`${name} — NO LO…
    309|     }
    310|     assert.deepEqual(divergences, [], "diverging key-update shapes");
       |            ^
    311|   }, 180_000);
    312| });

⎯⎯⎯⎯⎯⎯⎯⎯⎯⎯⎯⎯⎯⎯⎯⎯⎯⎯⎯⎯⎯⎯⎯⎯[1/1]⎯


 Test Files  1 failed (1)
      Tests  1 failed (1)
   Start at  17:58:41
   Duration  2.74s (transform 1.62s, setup 22ms, collect 2.35s, tests 125ms, environment 0ms, prepare 73ms)

Vitest resources: 3.33s wall, 471.3 MiB peak sampled process-group RSS (sampled ceiling 1536 MiB). Teardown verified.
