
 RUN  v3.1.4 /Users/arnaud/code/viborm

stdout | tests/raptor3/g4/review/unit02-closure3/root-and-parent-held-scope.review.test.ts > G4-02 closure round 3 review — the root non-PK unique and the parent-held target > answers a root verb addressed by a NON-primary-key unique the way the shipped engine does
[root update by a collation-equal NON-PK unique]
  shipped   ok:{"id":"wanted","email":"claim@x","name":"updated"}
            owners [{"id":"wanted","email":"claim@x","name":"updated"}] notes [{"id":"n1","title":"T","ownerId":null}]
  candidate ok:{"id":"wanted","email":"claim@x","name":"updated"}
            owners [{"id":"wanted","email":"claim@x","name":"updated"}] notes [{"id":"n1","title":"T","ownerId":null}]

stdout | tests/raptor3/g4/review/unit02-closure3/root-and-parent-held-scope.review.test.ts > G4-02 closure round 3 review — the root non-PK unique and the parent-held target > answers a root verb addressed by a NON-primary-key unique the way the shipped engine does
[root update by a NON-PK unique, exact bytes (control)]
  shipped   ok:{"id":"wanted","email":"claim@x","name":"updated"}
            owners [{"id":"wanted","email":"claim@x","name":"updated"}] notes [{"id":"n1","title":"T","ownerId":null}]
  candidate ok:{"id":"wanted","email":"claim@x","name":"updated"}
            owners [{"id":"wanted","email":"claim@x","name":"updated"}] notes [{"id":"n1","title":"T","ownerId":null}]

stdout | tests/raptor3/g4/review/unit02-closure3/root-and-parent-held-scope.review.test.ts > G4-02 closure round 3 review — the root non-PK unique and the parent-held target > answers a root verb addressed by a NON-primary-key unique the way the shipped engine does
[root delete by a collation-equal NON-PK unique]
  shipped   ok:{"id":"wanted","email":"claim@x","name":"winner"}
            owners [] notes [{"id":"n1","title":"T","ownerId":null}]
  candidate ok:{"id":"wanted","email":"claim@x","name":"winner"}
            owners [] notes [{"id":"n1","title":"T","ownerId":null}]

stdout | tests/raptor3/g4/review/unit02-closure3/root-and-parent-held-scope.review.test.ts > G4-02 closure round 3 review — the root non-PK unique and the parent-held target > answers a root verb addressed by a NON-primary-key unique the way the shipped engine does
[root upsert by a collation-equal NON-PK unique (update arm)]
  shipped   ok:{"id":"wanted","email":"claim@x","name":"updated"}
            owners [{"id":"wanted","email":"claim@x","name":"updated"}] notes [{"id":"n1","title":"T","ownerId":null}]
  candidate ok:{"id":"wanted","email":"claim@x","name":"updated"}
            owners [{"id":"wanted","email":"claim@x","name":"updated"}] notes [{"id":"n1","title":"T","ownerId":null}]

stdout | tests/raptor3/g4/review/unit02-closure3/root-and-parent-held-scope.review.test.ts > G4-02 closure round 3 review — the root non-PK unique and the parent-held target > answers a root verb addressed by a NON-primary-key unique the way the shipped engine does
[root findUnique by a collation-equal NON-PK unique]
  shipped   ok:{"id":"wanted","email":"claim@x","name":"winner"}
            owners [{"id":"wanted","email":"claim@x","name":"winner"}] notes [{"id":"n1","title":"T","ownerId":null}]
  candidate ok:{"id":"wanted","email":"claim@x","name":"winner"}
            owners [{"id":"wanted","email":"claim@x","name":"winner"}] notes [{"id":"n1","title":"T","ownerId":null}]

stdout | tests/raptor3/g4/review/unit02-closure3/root-and-parent-held-scope.review.test.ts > G4-02 closure round 3 review — the root non-PK unique and the parent-held target > answers a root verb addressed by a NON-primary-key unique the way the shipped engine does
[root update by a collation-equal PK (control)]
  shipped   ok:{"id":"wanted","email":"claim@x","name":"updated"}
            owners [{"id":"wanted","email":"claim@x","name":"updated"}] notes [{"id":"n1","title":"T","ownerId":null}]
  candidate ok:{"id":"wanted","email":"claim@x","name":"updated"}
            owners [{"id":"wanted","email":"claim@x","name":"updated"}] notes [{"id":"n1","title":"T","ownerId":null}]

stdout | tests/raptor3/g4/review/unit02-closure3/root-and-parent-held-scope.review.test.ts > G4-02 closure round 3 review — the root non-PK unique and the parent-held target > answers a root verb addressed by a NON-primary-key unique the way the shipped engine does
[root updateMany by a collation-equal filter (must stay a filter)]
  shipped   ok:{"count":0}
            owners [{"id":"wanted","email":"claim@x","name":"winner"}] notes [{"id":"n1","title":"T","ownerId":null}]
  candidate ok:{"count":0}
            owners [{"id":"wanted","email":"claim@x","name":"winner"}] notes [{"id":"n1","title":"T","ownerId":null}]

stdout | tests/raptor3/g4/review/unit02-closure3/root-and-parent-held-scope.review.test.ts > G4-02 closure round 3 review — the root non-PK unique and the parent-held target > answers a root verb addressed by a NON-primary-key unique the way the shipped engine does
[parent-held connect on a collation-equal key]
  shipped   ok:{"id":"n1","title":"T","ownerId":"WANTED"}
            owners [{"id":"wanted","email":"claim@x","name":"winner"}] notes [{"id":"n1","title":"T","ownerId":"WANTED"}]
  candidate ok:{"id":"n1","title":"T","ownerId":"wanted"}
            owners [{"id":"wanted","email":"claim@x","name":"winner"}] notes [{"id":"n1","title":"T","ownerId":"wanted"}]

stdout | tests/raptor3/g4/review/unit02-closure3/root-and-parent-held-scope.review.test.ts > G4-02 closure round 3 review — the root non-PK unique and the parent-held target > answers a root verb addressed by a NON-primary-key unique the way the shipped engine does
[parent-held connect, exact bytes (control)]
  shipped   ok:{"id":"n1","title":"T","ownerId":"wanted"}
            owners [{"id":"wanted","email":"claim@x","name":"winner"}] notes [{"id":"n1","title":"T","ownerId":"wanted"}]
  candidate ok:{"id":"n1","title":"T","ownerId":"wanted"}
            owners [{"id":"wanted","email":"claim@x","name":"winner"}] notes [{"id":"n1","title":"T","ownerId":"wanted"}]

stdout | tests/raptor3/g4/review/unit02-closure3/root-and-parent-held-scope.review.test.ts > G4-02 closure round 3 review — the root non-PK unique and the parent-held target > answers a root verb addressed by a NON-primary-key unique the way the shipped engine does
[parent-held connect by a collation-equal NON-PK unique]
  shipped   ok:{"id":"n1","title":"T","ownerId":"wanted"}
            owners [{"id":"wanted","email":"claim@x","name":"winner"}] notes [{"id":"n1","title":"T","ownerId":"wanted"}]
  candidate ok:{"id":"n1","title":"T","ownerId":"wanted"}
            owners [{"id":"wanted","email":"claim@x","name":"winner"}] notes [{"id":"n1","title":"T","ownerId":"wanted"}]

stdout | tests/raptor3/g4/review/unit02-closure3/root-and-parent-held-scope.review.test.ts > G4-02 closure round 3 review — the root non-PK unique and the parent-held target > answers a root verb addressed by a NON-primary-key unique the way the shipped engine does
[parent-held connectOrCreate on a collation-equal key]
  shipped   ok:{"id":"n1","title":"T","ownerId":"WANTED"}
            owners [{"id":"wanted","email":"claim@x","name":"winner"}] notes [{"id":"n1","title":"T","ownerId":"WANTED"}]
  candidate ok:{"id":"n1","title":"T","ownerId":"wanted"}
            owners [{"id":"wanted","email":"claim@x","name":"winner"}] notes [{"id":"n1","title":"T","ownerId":"wanted"}]

stdout | tests/raptor3/g4/review/unit02-closure3/root-and-parent-held-scope.review.test.ts > G4-02 closure round 3 review — the root non-PK unique and the parent-held target > answers a root verb addressed by a NON-primary-key unique the way the shipped engine does
[parent-held disconnect of a linked row (no selector — control)]
  shipped   ok:{"id":"n1","title":"T","ownerId":null}
            owners [{"id":"wanted","email":"claim@x","name":"winner"}] notes [{"id":"n1","title":"T","ownerId":null}]
  candidate ok:{"id":"n1","title":"T","ownerId":null}
            owners [{"id":"wanted","email":"claim@x","name":"winner"}] notes [{"id":"n1","title":"T","ownerId":null}]

stdout | tests/raptor3/g4/review/unit02-closure3/root-and-parent-held-scope.review.test.ts > G4-02 closure round 3 review — the root non-PK unique and the parent-held target > answers a root verb addressed by a NON-primary-key unique the way the shipped engine does
[parent-held update of a linked row (no selector — control)]
  shipped   ok:{"id":"n1","title":"T","ownerId":"wanted"}
            owners [{"id":"wanted","email":"claim@x","name":"through-child"}] notes [{"id":"n1","title":"T","ownerId":"wanted"}]
  candidate ok:{"id":"n1","title":"T","ownerId":"wanted"}
            owners [{"id":"wanted","email":"claim@x","name":"through-child"}] notes [{"id":"n1","title":"T","ownerId":"wanted"}]

 ❯ |g4-review-unit02-closure3| tests/raptor3/g4/review/unit02-closure3/root-and-parent-held-scope.review.test.ts (1 test | 1 failed) 453ms
   × G4-02 closure round 3 review — the root non-PK unique and the parent-held target > answers a root verb addressed by a NON-primary-key unique the way the shipped engine does 453ms
     → diverging call sites
+ actual - expected

+ [
+   'parent-held connect on a collation-equal key',
+   'parent-held connectOrCreate on a collation-equal key'
+ ]
- []


⎯⎯⎯⎯⎯⎯⎯ Failed Tests 1 ⎯⎯⎯⎯⎯⎯⎯

 FAIL  |g4-review-unit02-closure3| tests/raptor3/g4/review/unit02-closure3/root-and-parent-held-scope.review.test.ts > G4-02 closure round 3 review — the root non-PK unique and the parent-held target > answers a root verb addressed by a NON-primary-key unique the way the shipped engine does
AssertionError: diverging call sites
+ actual - expected

+ [
+   'parent-held connect on a collation-equal key',
+   'parent-held connectOrCreate on a collation-equal key'
+ ]
- []


[32m- Expected[39m
[31m+ Received[39m

[32m- [][39m
[31m+ [[39m
[31m+   "parent-held connect on a collation-equal key",[39m
[31m+   "parent-held connectOrCreate on a collation-equal key",[39m
[31m+ ][39m

 ❯ tests/raptor3/g4/review/unit02-closure3/root-and-parent-held-scope.review.test.ts:302:14
    300|         await setup.disconnect();
    301|       }
    302|       assert.deepEqual(divergences, [], "diverging call sites");
       |              ^
    303|     }, 180_000);
    304|   }

⎯⎯⎯⎯⎯⎯⎯⎯⎯⎯⎯⎯⎯⎯⎯⎯⎯⎯⎯⎯⎯⎯⎯⎯[1/1]⎯


 Test Files  1 failed (1)
      Tests  1 failed (1)
   Start at  17:56:33
   Duration  2.03s (transform 985ms, setup 9ms, collect 1.45s, tests 453ms, environment 0ms, prepare 27ms)

Vitest resources: 2.55s wall, 481.3 MiB peak sampled process-group RSS (sampled ceiling 1536 MiB). Teardown verified.
