
 RUN  v3.1.4 /Users/arnaud/code/viborm

stdout | tests/raptor3/g4/review/unit02-decisions/junction-link-bytes.review.test.ts > G4-02 decisions review — the bytes a junction link stores > records the link bytes for a collation-equal junction connect on both engines
[junction connect, TARGET spelled collation-equal]
  shipped   ok:{"id":"wanted","name":"winner"}
            links [{"ownerId":"wanted","tagId":"g1"}] tags [{"id":"g1","label":"tag"}]
  candidate ok:{"id":"wanted","name":"winner"}
            links [{"ownerId":"wanted","tagId":"g1"}] tags [{"id":"g1","label":"tag"}]

stdout | tests/raptor3/g4/review/unit02-decisions/junction-link-bytes.review.test.ts > G4-02 decisions review — the bytes a junction link stores > records the link bytes for a collation-equal junction connect on both engines
[junction connect, PARENT spelled collation-equal]
  shipped   ok:{"id":"wanted","name":"winner"}
            links [{"ownerId":"wanted","tagId":"g1"}] tags [{"id":"g1","label":"tag"}]
  candidate ok:{"id":"wanted","name":"winner"}
            links [{"ownerId":"wanted","tagId":"g1"}] tags [{"id":"g1","label":"tag"}]

stdout | tests/raptor3/g4/review/unit02-decisions/junction-link-bytes.review.test.ts > G4-02 decisions review — the bytes a junction link stores > records the link bytes for a collation-equal junction connect on both engines
[junction connectOrCreate, TARGET spelled collation-equal]
  shipped   ok:{"id":"wanted","name":"winner"}
            links [{"ownerId":"wanted","tagId":"g1"}] tags [{"id":"g1","label":"tag"}]
  candidate ok:{"id":"wanted","name":"winner"}
            links [{"ownerId":"wanted","tagId":"g1"}] tags [{"id":"g1","label":"tag"}]

stdout | tests/raptor3/g4/review/unit02-decisions/junction-link-bytes.review.test.ts > G4-02 decisions review — the bytes a junction link stores > records the link bytes for a collation-equal junction connect on both engines
[junction set, TARGET spelled collation-equal]
  shipped   ok:{"id":"wanted","name":"winner"}
            links [{"ownerId":"wanted","tagId":"g1"}] tags [{"id":"g1","label":"tag"}]
  candidate ok:{"id":"wanted","name":"winner"}
            links [{"ownerId":"wanted","tagId":"g1"}] tags [{"id":"g1","label":"tag"}]

stdout | tests/raptor3/g4/review/unit02-decisions/junction-link-bytes.review.test.ts > G4-02 decisions review — the bytes a junction link stores > records the link bytes for a collation-equal junction connect on both engines
[root create with a junction connect spelled collation-equal]
  shipped   ok:{"id":"o2","name":"second"}
            links [{"ownerId":"o2","tagId":"g1"}] tags [{"id":"g1","label":"tag"}]
  candidate ok:{"id":"o2","name":"second"}
            links [{"ownerId":"o2","tagId":"g1"}] tags [{"id":"g1","label":"tag"}]

CANDIDATE link bytes that are NOT the located row's: []
rows where the two engines differ: []

 ✓ |g4-review-unit02-decisions| tests/raptor3/g4/review/unit02-decisions/junction-link-bytes.review.test.ts (1 test) 261ms

 Test Files  1 passed (1)
      Tests  1 passed (1)
   Start at  18:01:15
   Duration  1.97s (transform 1.09s, setup 9ms, collect 1.58s, tests 261ms, environment 0ms, prepare 32ms)

Vitest resources: 2.52s wall, 456.8 MiB peak sampled process-group RSS (sampled ceiling 1536 MiB). Teardown verified.
