
 RUN  v3.1.4 /Users/arnaud/code/viborm

stdout | tests/raptor3/g4/review/unit02-decisions/batch-publication-identity.review.test.ts > G4-02 decisions review — R-D3's identity across the non-int domains > names every non-int domain with the same registered identity, and dispatches nothing
[decimal key]
  shipped   ok:{"id":"7","label":"a"}
            rows [{"id":700,"label":"a"}]
  candidate QueryEngineError: Cannot publish the updated value of 'decKey.id' for operation "upsert" inside an atomic batch: the batch scratch reads back as an integer, and 'id' is a decimal field.
            rows [{"id":600,"label":"a"}]
            writes dispatched [] (of 1 statements)
            meta {"field":"id","model":"decKey","operation":"upsert"}

stdout | tests/raptor3/g4/review/unit02-decisions/batch-publication-identity.review.test.ts > G4-02 decisions review — R-D3's identity across the non-int domains > names every non-int domain with the same registered identity, and dispatches nothing
[bigint key]
  shipped   ok:{"id":"7n","label":"a"}
            rows [{"id":7,"label":"a"}]
  candidate QueryEngineError: Cannot publish the updated value of 'bigKey.id' for operation "upsert" inside an atomic batch: the batch scratch reads back as an integer, and 'id' is a bigint field.
            rows [{"id":6,"label":"a"}]
            writes dispatched [] (of 1 statements)
            meta {"field":"id","model":"bigKey","operation":"upsert"}

stdout | tests/raptor3/g4/review/unit02-decisions/batch-publication-identity.review.test.ts > G4-02 decisions review — R-D3's identity across the non-int domains > names every non-int domain with the same registered identity, and dispatches nothing
[number key]
  shipped   ok:{"id":7,"label":"a"}
            rows [{"id":7,"label":"a"}]
  candidate QueryEngineError: Cannot publish the updated value of 'numKey.id' for operation "upsert" inside an atomic batch: the batch scratch reads back as an integer, and 'id' is a number field.
            rows [{"id":6,"label":"a"}]
            writes dispatched [] (of 1 statements)
            meta {"field":"id","model":"numKey","operation":"upsert"}

stdout | tests/raptor3/g4/review/unit02-decisions/batch-publication-identity.review.test.ts > G4-02 decisions review — R-D3's identity across the non-int domains > still publishes an INT key expression on the same batch profile
[int key control]
  candidate ok:{"id":7,"label":"a"}
            rows [{"id":7,"label":"a"}]

 ✓ |g4-review-unit02-decisions| tests/raptor3/g4/review/unit02-decisions/batch-publication-identity.review.test.ts (2 tests) 42ms

 Test Files  1 passed (1)
      Tests  2 passed (2)
   Start at  18:02:00
   Duration  2.16s (transform 1.36s, setup 9ms, collect 1.99s, tests 42ms, environment 0ms, prepare 32ms)

Vitest resources: 2.71s wall, 479.4 MiB peak sampled process-group RSS (sampled ceiling 1536 MiB). Teardown verified.
