
 RUN  v3.1.4 /Users/arnaud/code/viborm

 ✓ |raptor3| tests/raptor3/transitions/membership-own-write-legacy.test.ts (8 tests) 80ms
 ✓ |raptor3| tests/raptor3/transitions/mixed-key-transitions-legacy.test.ts (8 tests) 72ms
 ✓ |raptor3| tests/raptor3/transitions/variant-removals-legacy.test.ts (14 tests) 83ms
 ✓ |raptor3| tests/raptor3/transitions/conditional-upsert-legacy.test.ts (11 tests) 72ms
 ✓ |raptor3| tests/raptor3/transitions/shared-key-suppliers-legacy.test.ts (4 tests) 43ms
 ✓ |raptor3| tests/raptor3/transitions/own-write-legacy.test.ts (18 tests) 39ms
 ✓ |raptor3| tests/raptor3/transitions/junction-identity-legacy.test.ts (2 tests) 46ms
 ✓ |raptor3| tests/raptor3/transitions/singular-legacy.test.ts (20 tests) 19ms
 ✓ |raptor3| tests/raptor3/transitions/junctions-legacy.test.ts (26 tests) 38ms
 ✓ |raptor3| tests/raptor3/transitions/required-legacy.test.ts (8 tests) 9ms
 ✓ |raptor3| tests/raptor3/transitions/series-staleness-legacy.test.ts (4 tests) 12ms
 ✓ |raptor3| tests/raptor3/transitions/keys-legacy.test.ts (14 tests) 19ms
 ✓ |raptor3| tests/raptor3/transitions/staleness-legacy.test.ts (3 tests) 7ms
 ✓ |raptor3| tests/raptor3/transitions/singular-lattice-legacy.test.ts (58 tests) 37ms
 ✓ |raptor3| tests/raptor3/transitions/supplier-continuations-legacy.test.ts (10 tests) 17ms
 ✓ |raptor3| tests/raptor3/transitions/occupied-keys-legacy.test.ts (8 tests) 17ms

 Test Files  16 passed (16)
      Tests  216 passed (216)
   Start at  00:32:11
   Duration  2.79s (transform 849ms, setup 16ms, collect 2.01s, tests 608ms, environment 0ms, prepare 27ms)

JSON report written to /private/tmp/viborm-main-tmp/viborm-raptor3-g0-XE1jXA/vitest.json
Vitest resources: 4.52s wall, 699.3 MiB peak sampled process-group RSS (sampled ceiling 1536 MiB). Teardown verified.
Raptor 3 g2-baseline contract gate verified. Evidence: /private/tmp/viborm-main-tmp/viborm-raptor3-g0-XE1jXA
