[test:all] Raptor 3 fixed contracts, harness falsifiers and candidate comparison
 ❯ |raptor3| tests/raptor3/post-prep/g29-member-dependency.test.ts (14 tests | 8 failed) 77ms
 ❯ |raptor3| tests/raptor3/core-structure/member-scope.contract.test.ts (8 tests | 2 failed) 25ms
 ✓ |raptor3| tests/raptor3/g3/author-execution-regressions.test.ts (3 tests) 16ms
 ❯ |raptor3| tests/raptor3/core-structure/structural-reference.test.ts (10 tests | 6 failed) 26ms
 ✓ |raptor3| tests/raptor3/prep/recursive-read-fit.test.ts (6 tests) 9ms
 ✓ |raptor3| tests/raptor3/prep/suppression-replay.test.ts (5 tests) 27ms
 ❯ |raptor3| tests/raptor3/post-prep/g29-dependency-choices.test.ts (10 tests | 2 failed) 33ms
 ✓ |raptor3| tests/raptor3/gate.test.ts (8 tests) 99ms
 ✓ |raptor3| tests/raptor3/prep/set-preparation.test.ts (6 tests) 9ms
 ❯ |raptor3| tests/raptor3/prep/selector-dependencies.test.ts (11 tests | 8 failed) 54ms
 ✓ |raptor3| tests/raptor3/prep/g3p04-review-regressions.test.ts (5 tests) 15ms
 ✓ |raptor3| tests/raptor3/core-structure/repeated-occurrence-ownership.test.ts (5 tests) 4ms
 ✓ |raptor3| tests/raptor3/prep/variant-collection-order.test.ts (4 tests) 30ms
 ❯ |raptor3| tests/raptor3/post-prep/g29-dependency-boundaries.test.ts (4 tests | 2 failed) 16ms
 ✓ |raptor3| tests/raptor3/core-structure/extension-a.contract.test.ts (6 tests) 14ms
 ✓ |raptor3| tests/raptor3/ownership/commands.test.ts (6 tests) 4ms
 ✓ |raptor3| tests/raptor3/g4/parity/upsert-array-route.test.ts (6 tests) 13ms
 ✓ |raptor3| tests/raptor3/post-prep/projection-preparation.test.ts (4 tests) 4ms
 ✓ |raptor3| tests/raptor3/transport.test.ts (44 tests) 447ms
 ✓ |raptor3| tests/raptor3/post-prep/selector-preparation.test.ts (4 tests) 5ms
 ✓ |raptor3| tests/raptor3/g3/scope-failure-contract.test.ts (2 tests) 7ms
 ✓ |raptor3| tests/raptor3/g4/parity/lax-to-one.test.ts (27 tests) 40ms
 ✓ |raptor3| tests/raptor3/g3/transaction-array-contract.test.ts (4 tests) 8ms
 ❯ |raptor3| tests/raptor3/post-prep/history-analysis.test.ts (5 tests | 1 failed) 3ms
 ✓ |raptor3| tests/raptor3/g3/review-execution-boundaries.test.ts (6 tests) 14ms
 ✓ |raptor3| tests/raptor3/core-structure/extension-composition.contract.test.ts (4 tests) 14ms
 ✓ |raptor3| tests/raptor3/post-prep/g29-result-progress.test.ts (2 tests) 3ms
 ✓ |raptor3| tests/raptor3/g3/bulk-series-contract.test.ts (6 tests) 10ms
 ✓ |raptor3| tests/raptor3/g3/bulk-result-boundary.test.ts (5 tests) 8ms
 ✓ |raptor3| tests/raptor3/g3/suppression-retry-contract.test.ts (2 tests) 10ms
 ✓ |raptor3| tests/raptor3/g3/generation/generated-smoke.test.ts (6 tests) 119ms
 ✓ |raptor3| tests/raptor3/g3/depth-recurrence-contract.test.ts (6 tests) 16ms
 ✓ |raptor3| tests/raptor3/core-structure/measurement/extension-recipes.selftest.test.ts (5 tests) 14ms
 ✓ |raptor3| tests/raptor3/core-structure/extension-b.contract.test.ts (4 tests) 8ms
 ✓ |raptor3| tests/raptor3/polish/commands.test.ts (6 tests) 31ms
 ✓ |raptor3| tests/raptor3/post-prep/clearability-consumption.test.ts (4 tests) 13ms
 ✓ |raptor3| tests/raptor3/candidate-handoff.test.ts (6 tests) 7ms
 ✓ |raptor3| tests/raptor3/cleanup-failure.test.ts (2 tests) 21ms
 ✓ |raptor3| tests/raptor3/g3/generation/generated-transport-smoke.test.ts (1 test) 78ms
 ✓ |raptor3| tests/raptor3/generated-gate.test.ts (3 tests) 33ms
 ✓ |raptor3| tests/raptor3/candidate.test.ts (48 tests) 217ms
 ✓ |raptor3| tests/raptor3/g4/parity/series-member-premise.test.ts (4 tests) 16ms
 ✓ |raptor3| tests/raptor3/candidate-pagination.test.ts (8 tests) 7ms
 ✓ |raptor3| tests/raptor3/post-prep/schema-view-reuse.test.ts (1 test) 1ms
 ✓ |raptor3| tests/raptor3/g4/parity/increment-key-width.test.ts (1 test) 4ms
 ✓ |raptor3| tests/raptor3/candidate-ordering.test.ts (4 tests) 18ms
 ✓ |raptor3| tests/raptor3/expanded/lifetime-commands.test.ts (16 tests) 39ms
 ✓ |raptor3| tests/raptor3/core-structure/measurement/extension-campaign.selftest.test.ts (42 tests) 208ms
 ✓ |raptor3| tests/raptor3/transitions/conditional-upsert-commands.test.ts (11 tests) 54ms
 ❯ |raptor3| tests/raptor3/transitions/singular-lattice-commands.test.ts (58 tests | 2 failed) 162ms
 ✓ |raptor3| tests/raptor3/transitions/shared-key-suppliers-commands.test.ts (4 tests) 25ms
 ✓ |raptor3| tests/raptor3/transitions/junction-identity-commands.test.ts (2 tests) 19ms
 ✓ |raptor3| tests/raptor3/transitions/series-staleness-commands.test.ts (4 tests) 41ms
 ✓ |raptor3| tests/raptor3/transitions/mixed-key-transitions-commands.test.ts (8 tests) 55ms
 ✓ |raptor3| tests/raptor3/transitions/supplier-continuations-commands.test.ts (10 tests) 57ms
 ❯ |raptor3| tests/raptor3/transitions/membership-own-write-commands.test.ts (8 tests | 2 failed) 46ms
 ✓ |raptor3| tests/raptor3/transitions/staleness-commands.test.ts (3 tests) 20ms
 ❯ |raptor3| tests/raptor3/transitions/singular-commands.test.ts (20 tests | 2 failed) 78ms
 ✓ |raptor3| tests/raptor3/transitions/junctions-commands.test.ts (26 tests) 170ms
 ✓ |raptor3| tests/raptor3/transitions/variant-removals-commands.test.ts (14 tests) 67ms
 ✓ |raptor3| tests/raptor3/transitions/occupied-keys-commands.test.ts (8 tests) 60ms
 ✓ |raptor3| tests/raptor3/transitions/required-commands.test.ts (8 tests) 33ms
 ✓ |raptor3| tests/raptor3/transitions/keys-commands.test.ts (14 tests) 72ms
 ❯ |raptor3| tests/raptor3/transitions/own-write-commands.test.ts (18 tests | 6 failed) 67ms
 ✓ |raptor3| tests/raptor3/expanded/compound-falsifier.test.ts (1 test) 1ms
 ✓ |raptor3| tests/raptor3/expanded/commands.test.ts (82 tests) 133ms
 ✓ |raptor3| tests/raptor3/expanded/variant-identity-commands.test.ts (42 tests) 80ms
 ✓ |raptor3| tests/raptor3/fixed.test.ts (24 tests) 26ms
 ✓ |raptor3| tests/raptor3/generated-smoke.test.ts (32 tests) 140ms
 FAIL  |raptor3| tests/raptor3/core-structure/member-scope.contract.test.ts > CS-03 peer member scope (sqlite-interactive) > cs03-peer-scope-surrounding
 FAIL  |raptor3| tests/raptor3/core-structure/member-scope.contract.test.ts > CS-03 peer member scope (sqlite-atomic-batch) > cs03-peer-scope-surrounding
AssertionError: Expected values to be strictly equal:
 FAIL  |raptor3| tests/raptor3/core-structure/structural-reference.test.ts > CS-01 member-major/read-major priority (sqlite-interactive) > chooses member zero's later guard-observed active-arm conflic
 FAIL  |raptor3| tests/raptor3/core-structure/structural-reference.test.ts > CS-01 member-major/read-major priority (sqlite-atomic-batch) > chooses member zero's later guard-observed active-arm confli
AssertionError: The expression evaluated to a falsy value:
 FAIL  |raptor3| tests/raptor3/core-structure/structural-reference.test.ts > CS-01 member-major/read-major priority (sqlite-interactive) > reobserves the guard-observed absence, ignores that untaken a
 FAIL  |raptor3| tests/raptor3/core-structure/structural-reference.test.ts > CS-01 member-major/read-major priority (sqlite-atomic-batch) > reobserves the guard-observed absence, ignores that untaken 
AssertionError: The expression evaluated to a falsy value:
 FAIL  |raptor3| tests/raptor3/core-structure/structural-reference.test.ts > CS-01 reconciles the whole body before authoritative contribution publication: agree-partial
 FAIL  |raptor3| tests/raptor3/core-structure/structural-reference.test.ts > CS-01 reconciles the whole body before authoritative contribution publication: agree-reordered
AssertionError: Error: Selected series was not captured
 FAIL  |raptor3| tests/raptor3/post-prep/g29-dependency-boundaries.test.ts > G2.9 dependency boundaries [commands] (sqlite-interactive) > refuses an actual member lookup that conflicts with an earlier
AssertionError: {
 FAIL  |raptor3| tests/raptor3/post-prep/g29-dependency-boundaries.test.ts > G2.9 dependency boundaries [commands] (sqlite-atomic-batch) > refuses an actual member lookup that conflicts with an earlie
AssertionError: {
 FAIL  |raptor3| tests/raptor3/post-prep/g29-dependency-choices.test.ts > G2.9 dependency choice locality [commands] (sqlite-interactive) > refuses the same conflicting lookup when its create arm is t
AssertionError: {
 FAIL  |raptor3| tests/raptor3/post-prep/g29-dependency-choices.test.ts > G2.9 dependency choice locality [commands] (sqlite-atomic-batch) > refuses the same conflicting lookup when its create arm is 
AssertionError: {
 FAIL  |raptor3| tests/raptor3/post-prep/g29-member-dependency.test.ts > G2.9 exact selected-member dependency [commands] (sqlite-interactive) > template wanted refuses before capture
AssertionError: {
 FAIL  |raptor3| tests/raptor3/post-prep/g29-member-dependency.test.ts > G2.9 exact selected-member dependency [commands] (sqlite-interactive) > actual member wanted refuses before member effects
AssertionError: {
 FAIL  |raptor3| tests/raptor3/post-prep/g29-member-dependency.test.ts > G2.9 exact selected-member dependency [commands] (sqlite-interactive) > later actual member wanted refuses before either member
AssertionError: {
 FAIL  |raptor3| tests/raptor3/post-prep/g29-member-dependency.test.ts > G2.9 exact selected-member dependency [commands] (sqlite-atomic-batch) > template wanted refuses before capture
AssertionError: {
 FAIL  |raptor3| tests/raptor3/post-prep/g29-member-dependency.test.ts > G2.9 exact selected-member dependency [commands] (sqlite-atomic-batch) > actual member wanted refuses before member effects
AssertionError: {
 FAIL  |raptor3| tests/raptor3/post-prep/g29-member-dependency.test.ts > G2.9 exact selected-member dependency [commands] (sqlite-atomic-batch) > later actual member wanted refuses before either membe
AssertionError: {
 FAIL  |raptor3| tests/raptor3/post-prep/g29-member-dependency.test.ts > G2.9 nested selected-series dependency [commands] (sqlite-interactive) > keeps an inner unresolved dependency until the inner c
AssertionError: {
 FAIL  |raptor3| tests/raptor3/post-prep/g29-member-dependency.test.ts > G2.9 nested selected-series dependency [commands] (sqlite-atomic-batch) > keeps an inner unresolved dependency until the inner 
AssertionError: {
 FAIL  |raptor3| tests/raptor3/post-prep/history-analysis.test.ts > post-G3 command history analysis > isolates alternative suffixes while exposing them to a later sibling
AssertionError: The expression evaluated to a falsy value:
 FAIL  |raptor3| tests/raptor3/prep/selector-dependencies.test.ts > G3P-05 cross-table selector dependencies > refuses a root related-row write that changes a later relation predicate
AssertionError: Semantic dependency refusal must precede every candidate statement
 FAIL  |raptor3| tests/raptor3/prep/selector-dependencies.test.ts > G3P-05 cross-table selector dependencies > refuses the same related-row dependency inside a selected nested record
AssertionError: Semantic dependency refusal must precede every candidate statement
 FAIL  |raptor3| tests/raptor3/prep/selector-dependencies.test.ts > G3P-05 cross-table selector dependencies > refuses a membership write that changes a later predicate on the same edge
AssertionError: Semantic dependency refusal must precede every candidate statement
 FAIL  |raptor3| tests/raptor3/prep/selector-dependencies.test.ts > G3P-05 cross-table selector dependencies > refuses a selected updateMany write that changes a later relation predicate
AssertionError: Semantic dependency refusal must precede every candidate statement
 FAIL  |raptor3| tests/raptor3/prep/selector-dependencies.test.ts > G3P-05 cross-table selector dependencies > refuses the same selected updateMany dependency inside a nested record
AssertionError: Semantic dependency refusal must precede every candidate statement
 FAIL  |raptor3| tests/raptor3/prep/selector-dependencies.test.ts > G3P-05 cross-table selector dependencies > refuses a selected deleteMany whose removal changes later target existence
AssertionError: Semantic dependency refusal must precede every candidate statement
 FAIL  |raptor3| tests/raptor3/prep/selector-dependencies.test.ts > G3P-05 cross-table selector dependencies > does not treat a key nested under OR as proof of disjointness
 FAIL  |raptor3| tests/raptor3/prep/selector-dependencies.test.ts > G3P-05 cross-table selector dependencies > does not treat a key nested under NOT as proof of disjointness
AssertionError: Semantic dependency refusal must precede every candidate statement
 FAIL  |raptor3| tests/raptor3/transitions/membership-own-write-commands.test.ts > G2 membership OwnWrite: commands sqlite-interactive > g2-own-membership-disconnect
 FAIL  |raptor3| tests/raptor3/transitions/membership-own-write-commands.test.ts > G2 membership OwnWrite: commands sqlite-atomic-batch > g2-own-membership-disconnect
AssertionError: membership-own-write-before-effects: refuse before changing either carrier column or any target row
 FAIL  |raptor3| tests/raptor3/transitions/own-write-commands.test.ts > G2 OwnWrite: commands sqlite-interactive > g2-own-coc-set-same
 FAIL  |raptor3| tests/raptor3/transitions/own-write-commands.test.ts > G2 OwnWrite: commands sqlite-interactive > g2-own-delete-update-refused
 FAIL  |raptor3| tests/raptor3/transitions/own-write-commands.test.ts > G2 OwnWrite: commands sqlite-interactive > g2-own-update-coc-refused
AssertionError: OwnWrite refusal must precede root and relation effects, not merely roll them back
 FAIL  |raptor3| tests/raptor3/transitions/own-write-commands.test.ts > G2 OwnWrite: commands sqlite-atomic-batch > g2-own-coc-set-same
 FAIL  |raptor3| tests/raptor3/transitions/own-write-commands.test.ts > G2 OwnWrite: commands sqlite-atomic-batch > g2-own-delete-update-refused
 FAIL  |raptor3| tests/raptor3/transitions/own-write-commands.test.ts > G2 OwnWrite: commands sqlite-atomic-batch > g2-own-update-coc-refused
AssertionError: OwnWrite refusal must precede root and relation effects, not merely roll them back
 FAIL  |raptor3| tests/raptor3/transitions/singular-commands.test.ts > G2 ordinary singular transitions: commands sqlite-interactive > g2-child-delete-connect-modify-refused
AssertionError: The dependent modifier must refuse before deletion or supplier adoption
 FAIL  |raptor3| tests/raptor3/transitions/singular-commands.test.ts > G2 ordinary singular transitions: commands sqlite-atomic-batch > g2-child-delete-connect-modify-refused
AssertionError: The dependent modifier must refuse before deletion or supplier adoption
 FAIL  |raptor3| tests/raptor3/transitions/singular-lattice-commands.test.ts > G2 complete child-held lattice: commands sqlite-interactive > g2-lattice-delete-connect-update
AssertionError: Refused and inactive relation arms must have no effects
 FAIL  |raptor3| tests/raptor3/transitions/singular-lattice-commands.test.ts > G2 complete child-held lattice: commands sqlite-atomic-batch > g2-lattice-delete-connect-update
AssertionError: Refused and inactive relation arms must have no effects
 Test Files  11 failed | 58 passed (69)
      Tests  41 failed | 755 passed (796)
[test:all] Raptor 3 fixed contracts, harness falsifiers and candidate comparison: 10.64s wall, 60.2 MiB peak sampled process-group RSS (sampled ceiling 1536 MiB, ordinary project). Teardown verified.
