mysql: dropped 0 stale worlds; 239M/512M used
pg: dropped 0 schemas; 89M/512M used
=== 20:33:58 g25-pg-contracts ===
g25-pg-contracts exit=1 Raptor 3 verification failed; diagnostics: /var/folders/2c/xh5rx2d91wd_lk8rvnnhlr4m0000gn/T/viborm-raptor3-g0-mA0eYm 
=== 20:34:10 g27-pg-contracts ===
g27-pg-contracts exit=0 Vitest resources: 22.28s wall, 449.2 MiB peak sampled process-group RSS (sampled ceiling 1536 MiB). Teardown verified. Raptor 3 g27-pg-contracts contract gate verified. Evidence: /var/folders/2c/xh5rx2d91wd_lk8rvnnhlr4m0000gn/T/viborm-raptor3-g0-367F9j 
=== 20:34:44 g3p02-pg-contracts ===
g3p02-pg-contracts exit=1 Raptor 3 verification failed; diagnostics: /var/folders/2c/xh5rx2d91wd_lk8rvnnhlr4m0000gn/T/viborm-raptor3-g0-AMWiOY 
=== 20:34:59 g3p03-pg-contracts ===
g3p03-pg-contracts exit=0 Vitest resources: 21.60s wall, 473.4 MiB peak sampled process-group RSS (sampled ceiling 1536 MiB). Teardown verified. Raptor 3 g3p03-pg-contracts contract gate verified. Evidence: /var/folders/2c/xh5rx2d91wd_lk8rvnnhlr4m0000gn/T/viborm-raptor3-g0-8hwM2Z 
=== 20:35:31 g3p04-pg-contracts ===
g3p04-pg-contracts exit=1 Raptor 3 verification failed; diagnostics: /var/folders/2c/xh5rx2d91wd_lk8rvnnhlr4m0000gn/T/viborm-raptor3-g0-9DEz6E 
=== 20:35:42 g3-scope-composition-pg ===
g3-scope-composition-pg exit=0 Vitest resources: 26.83s wall, 476.8 MiB peak sampled process-group RSS (sampled ceiling 1536 MiB). Teardown verified. Raptor 3 g3-scope-composition-pg contract gate verified. Evidence: /var/folders/2c/xh5rx2d91wd_lk8rvnnhlr4m0000gn/T/viborm-raptor3-g0-FzTDnl 
=== 20:36:21 g29-member-dependency-pg ===
g29-member-dependency-pg exit=0 Vitest resources: 23.97s wall, 497.7 MiB peak sampled process-group RSS (sampled ceiling 1536 MiB). Teardown verified. Raptor 3 g29-member-dependency-pg contract gate verified. Evidence: /var/folders/2c/xh5rx2d91wd_lk8rvnnhlr4m0000gn/T/viborm-raptor3-g0-c0wOOU 
=== 20:36:59 post-g3-clearability-pg-contracts ===
post-g3-clearability-pg-contracts exit=0 Vitest resources: 26.22s wall, 451.3 MiB peak sampled process-group RSS (sampled ceiling 1536 MiB). Teardown verified. Raptor 3 post-g3-clearability-pg-contracts contract gate verified. Evidence: /var/folders/2c/xh5rx2d91wd_lk8rvnnhlr4m0000gn/T/viborm-raptor3-g0-ak7XD6 
=== 20:37:38 g2-pg-baseline ===
g2-pg-baseline exit=0 Vitest resources: 23.94s wall, 505.0 MiB peak sampled process-group RSS (sampled ceiling 1536 MiB). Teardown verified. Raptor 3 g2-pg-baseline contract gate verified. Evidence: /var/folders/2c/xh5rx2d91wd_lk8rvnnhlr4m0000gn/T/viborm-raptor3-g0-L9XwwH 
=== 20:38:13 g2-pg-contracts ===
g2-pg-contracts exit=0 Vitest resources: 18.71s wall, 673.4 MiB peak sampled process-group RSS (sampled ceiling 1536 MiB). Teardown verified. Raptor 3 g2-pg-contracts contract gate verified. Evidence: /var/folders/2c/xh5rx2d91wd_lk8rvnnhlr4m0000gn/T/viborm-raptor3-g0-0IY0P1 
=== 20:38:43 g4-read-envelope-pg-contracts ===
g4-read-envelope-pg-contracts exit=0 Vitest resources: 16.00s wall, 534.2 MiB peak sampled process-group RSS (sampled ceiling 1536 MiB). Teardown verified. Raptor 3 g4-read-envelope-pg-contracts contract gate verified. Evidence: /var/folders/2c/xh5rx2d91wd_lk8rvnnhlr4m0000gn/T/viborm-raptor3-g0-uAqa97 
=== 20:39:08 g4-unit02-pg-contracts ===
g4-unit02-pg-contracts exit=0 Vitest resources: 18.18s wall, 473.6 MiB peak sampled process-group RSS (sampled ceiling 1536 MiB). Teardown verified. Raptor 3 g4-unit02-pg-contracts contract gate verified. Evidence: /var/folders/2c/xh5rx2d91wd_lk8rvnnhlr4m0000gn/T/viborm-raptor3-g0-5U5rON 
=== 20:39:34 group native-pg finished ===
