
> viborm@0.1.0 test:coverage:policy /private/tmp/viborm-coverage
> node scripts/run-node-safe.mjs 512 60000 scripts/coverage-policy.test.mjs && node scripts/run-node-safe.mjs 512 60000 scripts/bounded-process.test.mjs && node scripts/run-node-safe.mjs 512 60000 scripts/test-run-lock.test.mjs

✔ every TypeScript source has exactly one coverage owner (5.721ms)
✔ subsystem configs derive includes and thresholds from the manifest (0.243333ms)
✔ waived sources remain owned and included (0.133458ms)
✔ test fixtures use the workspace alias instead of root-absolute imports (152.652917ms)
✔ migration coverage admits every credential-free local contract (2.738583ms)
✔ migration core contracts open no database outside the named in-memory SQLite exception (12.201209ms)
✔ client coverage admits the core and audited deterministic contracts (0.268542ms)
✔ driver coverage isolates provider resources and admits only audited local providers (4.132625ms)
✔ query coverage admits every core contract exactly once (3.488958ms)
✔ write coverage admits the core and audited high-signal local contracts (3.258375ms)
✔ cache coverage admits every deterministic cache contract exactly once (1.399833ms)
ℹ tests 11
ℹ suites 0
ℹ pass 11
ℹ fail 0
ℹ cancelled 0
ℹ skipped 0
ℹ todo 0
ℹ duration_ms 190.327834
Node resources: 0.76s wall, 0.0 MiB peak sampled process-group RSS (sampled ceiling 1536 MiB). Teardown verified.
✔ fails closed where process-tree bounds cannot be verified (0.582ms)
✔ process-group RSS sums every member and ignores other groups (0.456458ms)
✔ process-group teardown ignores zombie-only groups (0.120542ms)
✔ heap replacement preserves unrelated Node options (0.14575ms)
✔ RSS limit defaults to the project cap and is configurable (0.553292ms)
✔ the ordinary ceiling is 1536 MiB and may only ever be lowered (0.124333ms)
✔ no ordinary caller can reach the 2560 MiB PGlite allowance (0.197125ms)
✔ the allowlisted typecheck ceiling reaches 8192 MiB and stops there (0.157708ms)
✔ the allowlisted PGlite ceiling reaches 2560 MiB and stops there (0.102125ms)
✔ the resource line names the ceiling that was applied (0.192917ms)
✔ a bounded run reports the ceiling it enforced (490.658459ms)
✔ heap limits may be lowered but never raised above the caller cap (0.180125ms)
✔ Vitest arguments end with the enforced single-worker policy (0.048875ms)
RSS limit witness exceeded its 48 MiB sampled process-group RSS ceiling (ordinary project).
✔ the sampled RSS ceiling terminates the complete child group (1551.739125ms)
RSS group teardown witness exceeded its 48 MiB sampled process-group RSS ceiling (ordinary project).
RSS group teardown witness exceeded its 48 MiB sampled process-group RSS ceiling (ordinary project).
RSS group teardown witness exceeded its 48 MiB sampled process-group RSS ceiling (ordinary project).
RSS group teardown witness exceeded its 48 MiB sampled process-group RSS ceiling (ordinary project).
RSS group teardown witness exceeded its 48 MiB sampled process-group RSS ceiling (ordinary project).
RSS group teardown witness exceeded its 48 MiB sampled process-group RSS ceiling (ordinary project).
RSS group teardown witness exceeded its 48 MiB sampled process-group RSS ceiling (ordinary project).
RSS group teardown witness exceeded its 48 MiB sampled process-group RSS ceiling (ordinary project).
✔ RSS teardown verifies a group whose leader and worker exit together (17280.904917ms)
✔ normal leader exit still tears down inherited descendants (1150.505292ms)
ℹ tests 16
ℹ suites 0
ℹ pass 16
ℹ fail 0
ℹ cancelled 0
ℹ skipped 0
ℹ todo 0
ℹ duration_ms 20480.952708
Node resources: 21.29s wall, 61.2 MiB peak sampled process-group RSS (sampled ceiling 1536 MiB). Teardown verified.
✔ a bounded descendant inherits its ancestor's workspace lock (1919.797917ms)
✔ parses complete process rows without truncating commands (0.380333ms)
✔ refuses malformed, duplicate, and incomplete process graphs (0.177167ms)
✔ excludes every direct, pnpm, and coverage-wrapper ancestor (0.126583ms)
✔ finds stale Vitest, TypeScript, tsdown, and Vitest worker processes (0.173833ms)
✔ does not confuse a sibling path with the current workspace (0.068292ms)
ℹ tests 6
ℹ suites 0
ℹ pass 6
ℹ fail 0
ℹ cancelled 0
ℹ skipped 0
ℹ todo 0
ℹ duration_ms 1924.214542
Node resources: 3.11s wall, 53.8 MiB peak sampled process-group RSS (sampled ceiling 1536 MiB). Teardown verified.
