
 RUN  v3.1.4 /private/tmp/viborm-parity-merge

 ✓ |raptor3| tests/raptor3/transitions/membership-own-write-legacy.test.ts (8 tests) 80ms
 ✓ |raptor3| tests/raptor3/transitions/mixed-key-transitions-legacy.test.ts (8 tests) 75ms
 ✓ |raptor3| tests/raptor3/transitions/variant-removals-legacy.test.ts (14 tests) 79ms
 ✓ |raptor3| tests/raptor3/transitions/conditional-upsert-legacy.test.ts (11 tests) 73ms
 ✓ |raptor3| tests/raptor3/transitions/shared-key-suppliers-legacy.test.ts (4 tests) 47ms
 ✓ |raptor3| tests/raptor3/transitions/own-write-legacy.test.ts (18 tests) 45ms
 ✓ |raptor3| tests/raptor3/transitions/junction-identity-legacy.test.ts (2 tests) 53ms
 ✓ |raptor3| tests/raptor3/transitions/singular-legacy.test.ts (20 tests) 20ms
 ✓ |raptor3| tests/raptor3/transitions/junctions-legacy.test.ts (26 tests) 34ms
 ✓ |raptor3| tests/raptor3/transitions/required-legacy.test.ts (8 tests) 10ms
 ✓ |raptor3| tests/raptor3/transitions/series-staleness-legacy.test.ts (4 tests) 13ms
 ✓ |raptor3| tests/raptor3/transitions/keys-legacy.test.ts (14 tests) 18ms
 ✓ |raptor3| tests/raptor3/transitions/staleness-legacy.test.ts (3 tests) 6ms
 ✓ |raptor3| tests/raptor3/transitions/singular-lattice-legacy.test.ts (58 tests) 36ms
 ✓ |raptor3| tests/raptor3/transitions/supplier-continuations-legacy.test.ts (10 tests) 16ms
 ✓ |raptor3| tests/raptor3/transitions/occupied-keys-legacy.test.ts (8 tests) 17ms

 Test Files  16 passed (16)
      Tests  216 passed (216)
   Start at  15:31:56
   Duration  2.96s (transform 864ms, setup 22ms, collect 2.11s, tests 622ms, environment 0ms, prepare 26ms)

JSON report written to /private/tmp/viborm-parity-tmp-merge/viborm-raptor3-g0-DthtXt/vitest.json
Vitest resources: 4.81s wall, 707.5 MiB peak sampled process-group RSS (sampled ceiling 1536 MiB). Teardown verified.
Raptor 3 g2-baseline contract gate verified. Evidence: /private/tmp/viborm-parity-tmp-merge/viborm-raptor3-g0-DthtXt
