
 RUN  v3.1.4 /private/tmp/viborm-parity-merge

 ✓ |raptor3| tests/raptor3/g4/review/unit01-followup2/distance-depth.test.ts (13 tests) 23ms
 ✓ |raptor3| tests/raptor3/g4/review/unit01-followup3/decimal-domains.test.ts (17 tests) 28ms
 ✓ |raptor3| tests/raptor3/g4/review/unit01-followup/distance-parity.test.ts (7 tests) 3ms
 ✓ |raptor3| tests/raptor3/g4/review/unit01-followup/nested-reversal.test.ts (5 tests) 12ms
 ✓ |raptor3| tests/raptor3/g4/review/unit01-followup3/json-sentinel-sweep.test.ts (9 tests) 11ms
 ✓ |raptor3| tests/raptor3/g4/review/unit01-followup2/combinator-depth.test.ts (24 tests) 30ms
 ✓ |raptor3| tests/raptor3/g4/review/unit01-followup/order-oracle.test.ts (9 tests) 18ms
 ✓ |raptor3| tests/raptor3/g4/review/unit01-followup2/distance-pins.test.ts (4 tests) 4ms
 ✓ |raptor3| tests/raptor3/g4/review/unit01/shipped-parity.test.ts (8 tests) 14ms
 ✓ |raptor3| tests/raptor3/g4/review/unit01/decode-strictness.test.ts (7 tests) 6ms
 ✓ |raptor3| tests/raptor3/g4/review/unit01/having-projection.test.ts (5 tests) 6ms
 ✓ |raptor3| tests/raptor3/g4/review/unit01/order-cursor.test.ts (6 tests) 4ms
 ✓ |raptor3| tests/raptor3/g4/review/unit01-followup/operand-and-logic.test.ts (9 tests) 11ms
 ✓ |raptor3| tests/raptor3/g4/review/unit01-followup3/cursor-refusal-sweep.test.ts (11 tests) 7ms
 ✓ |raptor3| tests/raptor3/g4/review/unit01-followup2/selector-facts.test.ts (5 tests) 11ms
 ✓ |raptor3| tests/raptor3/g4/review/unit01/whole-value-operands.test.ts (7 tests) 6ms
 ✓ |raptor3| tests/raptor3/g4/review/unit01/null-placement-parity.test.ts (2 tests) 3ms
 ✓ |raptor3| tests/raptor3/g4/review/unit01-followup2/decimal-fieldref.test.ts (2 tests) 3ms
 ✓ |raptor3| tests/raptor3/g4/review/unit01/nested-window.test.ts (3 tests) 36ms
 ✓ |raptor3| tests/raptor3/g4/review/unit01/logical-forms.test.ts (3 tests) 4ms
 ✓ |raptor3| tests/raptor3/g4/review/unit01/variant-arms.test.ts (2 tests) 4ms
 ✓ |raptor3| tests/raptor3/g4/review/unit01-followup2/json-sentinel.test.ts (3 tests) 4ms
 ✓ |raptor3| tests/raptor3/g4/review/unit01-followup3/decimal-reach.test.ts (5 tests) 5ms
 ✓ |raptor3| tests/raptor3/g4/review/unit01/distance-projection.test.ts (1 test) 2ms
 ✓ |raptor3| tests/raptor3/g4/review/unit01-followup2/characterize.test.ts (10 tests) 10ms
 ✓ |raptor3| tests/raptor3/g4/review/unit01-followup3/competing-refusals.test.ts (4 tests) 5ms
 ✓ |raptor3| tests/raptor3/g4/review/unit01-followup/empty-arm.test.ts (12 tests) 11ms
 ✓ |raptor3| tests/raptor3/g4/review/unit01-followup3/refusal-order-history.test.ts (3 tests) 4ms
 ✓ |raptor3| tests/raptor3/g4/review/unit01-followup2/cursor-refusal.test.ts (2 tests) 3ms

 Test Files  29 passed (29)
      Tests  198 passed (198)
   Start at  15:35:01
   Duration  3.61s (transform 833ms, setup 35ms, collect 3.08s, tests 288ms, environment 0ms, prepare 25ms)

JSON report written to /private/tmp/viborm-parity-tmp-merge/viborm-raptor3-g0-AxGFBy/vitest.json
Vitest resources: 5.79s wall, 643.9 MiB peak sampled process-group RSS (sampled ceiling 1536 MiB). Teardown verified.
Raptor 3 g4-unit01-review contract gate verified. Evidence: /private/tmp/viborm-parity-tmp-merge/viborm-raptor3-g0-AxGFBy
