
 RUN  v3.1.4 /private/tmp/viborm-parity-merge

 ✓ |raptor3| tests/raptor3/g4/unit02/key-arithmetic.test.ts (20 tests) 87ms
 ✓ |raptor3| tests/raptor3/g4/unit02/uncertain-outcome-meta.test.ts (8 tests) 23ms
 ✓ |raptor3| tests/raptor3/g4/unit02/upsert-key-portability.test.ts (19 tests) 104ms
 ✓ |raptor3| tests/raptor3/g4/unit02/lone-statement-transport.test.ts (7 tests) 20ms
 ✓ |raptor3| tests/raptor3/g4/unit02/malformed-result-cuts.test.ts (4 tests) 9ms
 ✓ |raptor3| tests/raptor3/g4/unit02/nested-key-refusal.test.ts (6 tests) 38ms
 ✓ |raptor3| tests/raptor3/g4/unit02/phase2-envelope-and-arithmetic.test.ts (7 tests) 16ms
 ✓ |raptor3| tests/raptor3/g4/unit02/recursive-codec-fit.test.ts (3 tests) 15ms
 ✓ |raptor3| tests/raptor3/g4/unit02/prepared-projection-reuse.test.ts (5 tests) 2ms
 ✓ |raptor3| tests/raptor3/g4/unit02/physical-envelope.test.ts (10 tests) 21ms
 ✓ |raptor3| tests/raptor3/g4/unit02/borrowed-envelope.test.ts (5 tests) 19ms
 ✓ |raptor3| tests/raptor3/g4/unit02/prepared-operation.test.ts (6 tests) 16ms
 ✓ |raptor3| tests/raptor3/g4/unit02/root-member-cut-trace.test.ts (4 tests) 11ms
 ✓ |raptor3| tests/raptor3/g4/unit02/packaged-array.test.ts (3 tests) 7ms
 ✓ |raptor3| tests/raptor3/g4/unit02/prepared-statement-stability.test.ts (3 tests) 10ms
 ✓ |raptor3| tests/raptor3/g4/unit02/vector-capability.test.ts (1 test) 4ms
 ✓ |raptor3| tests/raptor3/g4/unit02/root-delete.test.ts (6 tests) 16ms
 ✓ |raptor3| tests/raptor3/g4/unit02/decimal-having-operand.test.ts (1 test) 2ms
 ✓ |raptor3| tests/raptor3/g4/unit02/returning-safety-gate.test.ts (5 tests) 1ms
 ✓ |raptor3| tests/raptor3/g4/unit02/k-competing-refusals.test.ts (4 tests) 6ms
 ✓ |raptor3| tests/raptor3/g4/unit02/k-refusal-order-history.test.ts (3 tests) 5ms

 Test Files  21 passed (21)
      Tests  130 passed (130)
   Start at  15:35:08
   Duration  4.28s (transform 1.58s, setup 30ms, collect 3.57s, tests 434ms, environment 0ms, prepare 41ms)

JSON report written to /private/tmp/viborm-parity-tmp-merge/viborm-raptor3-g0-71FFlj/vitest.json
Vitest resources: 7.10s wall, 656.8 MiB peak sampled process-group RSS (sampled ceiling 1536 MiB). Teardown verified.
Raptor 3 g4-unit02-author contract gate verified. Evidence: /private/tmp/viborm-parity-tmp-merge/viborm-raptor3-g0-71FFlj
