cs01-extension-a exit=0       Tests  6 passed (6)
cs01-extension-b exit=0       Tests  4 passed (4)
cs01-extension-composition exit=0       Tests  4 passed (4)
cs01-structural-reference exit=0       Tests  10 passed (10)
cs03-member-scope exit=0       Tests  8 passed (8)
g0 exit=0       Tests  33 passed (33)
g1-baseline exit=0       Tests  141 passed (141)
g1-compare exit=0       Tests  66 passed (66)
g1-contracts exit=0       Tests  143 passed (143)
g1-generated exit=0       Tests  35 passed (35)
g1-transport exit=0       Tests  44 passed (44)
g2-baseline exit=0       Tests  216 passed (216)
g2-contracts exit=0       Tests  216 passed (216)
g2-diagnostics exit=0       Tests  2 passed (2)
g2-generated exit=0       Tests  52 passed (52)
g2-transport exit=0       Tests  16 passed (16)
g25-contracts exit=0       Tests  6 passed (6)
g27-contracts exit=0       Tests  6 passed (6)
g29-dependency-boundaries exit=0       Tests  4 passed (4)
g29-dependency-choices exit=0       Tests  10 passed (10)
g29-member-dependency exit=0       Tests  14 passed (14)
g29-result-progress exit=0       Tests  2 passed (2)
g3-author-execution-regressions exit=0       Tests  3 passed (3)
g3-bulk-result-boundary exit=0       Tests  5 passed (5)
g3-bulk-series exit=0       Tests  6 passed (6)
g3-depth-recurrence exit=0       Tests  6 passed (6)
g3-execution-review exit=0       Tests  6 passed (6)
g3-generated-minimization exit=0       Tests  1 passed (1)
g3-generated-smoke exit=0       Tests  6 passed (6)
g3-generated-transport-smoke exit=0       Tests  1 passed (1)
g3-scope-failure exit=0       Tests  2 passed (2)
g3-suppression-retry exit=0       Tests  2 passed (2)
g3-transaction-array exit=0       Tests  4 passed (4)
g3p02-contracts exit=0       Tests  4 passed (4)
g3p03-contracts exit=0       Tests  6 passed (6)
g3p04-contracts exit=0       Tests  5 passed (5)
g3p04-review-contracts exit=0       Tests  5 passed (5)
g3p05-contracts exit=0       Tests  21 passed (21)
g3p05-recursive-read-fit exit=0       Tests  6 passed (6)
g3p05-selector-dependencies exit=0       Tests  11 passed (11)
g3p05-variant-collection-order exit=0       Tests  4 passed (4)
g4-generation-selftests exit=0       Tests  6 passed (6)
g4-read-aggregates exit=0       Tests  5 passed (5)
g4-read-codecs exit=0       Tests  12 passed (12)
g4-read-contracts exit=0       Tests  62 passed (62)
g4-read-filters exit=0       Tests  13 passed (13)
g4-read-operations exit=0       Tests  11 passed (11)
g4-read-ordering exit=0       Tests  5 passed (5)
g4-read-pagination exit=0       Tests  6 passed (6)
g4-read-projection exit=0       Tests  7 passed (7)
g4-read-recursive-fit exit=0       Tests  3 passed (3)
g4-unit01-author exit=0       Tests  83 passed (83)
g4-unit01-review exit=0       Tests  198 passed (198)
g4-unit02-author exit=0       Tests  130 passed (130)
post-g3-clearability-contracts exit=0       Tests  4 passed (4)
post-g3-history-analysis exit=0       Tests  5 passed (5)
post-g3-projection-preparation exit=0       Tests  4 passed (4)
post-g3-schema-views exit=0       Tests  1 passed (1)
post-g3-selector-preparation exit=0       Tests  4 passed (4)
