
 RUN  v3.1.4 /Users/arnaud/code/viborm

 ✓ |raptor3| tests/raptor3/transitions/conditional-upsert-commands.test.ts (11 tests) 203ms
 ✓ |raptor3| tests/raptor3/transitions/singular-lattice-commands.test.ts (58 tests) 397ms
 ✓ |raptor3| tests/raptor3/transitions/shared-key-suppliers-commands.test.ts (4 tests) 87ms
 ✓ |raptor3| tests/raptor3/transitions/junction-identity-commands.test.ts (2 tests) 198ms
 ✓ |raptor3| tests/raptor3/transitions/series-staleness-commands.test.ts (4 tests) 115ms
 ✓ |raptor3| tests/raptor3/transitions/mixed-key-transitions-commands.test.ts (8 tests) 149ms
 ✓ |raptor3| tests/raptor3/transitions/supplier-continuations-commands.test.ts (10 tests) 145ms
 ✓ |raptor3| tests/raptor3/transitions/membership-own-write-commands.test.ts (8 tests) 115ms
 ✓ |raptor3| tests/raptor3/transitions/staleness-commands.test.ts (3 tests) 77ms
 ✓ |raptor3| tests/raptor3/transitions/singular-commands.test.ts (20 tests) 171ms
 ✓ |raptor3| tests/raptor3/transitions/junctions-commands.test.ts (26 tests) 339ms
 ✓ |raptor3| tests/raptor3/transitions/variant-removals-commands.test.ts (14 tests) 153ms
 ✓ |raptor3| tests/raptor3/transitions/occupied-keys-commands.test.ts (8 tests) 150ms
 ✓ |raptor3| tests/raptor3/transitions/required-commands.test.ts (8 tests) 88ms
 ✓ |raptor3| tests/raptor3/transitions/keys-commands.test.ts (14 tests) 133ms
 ✓ |raptor3| tests/raptor3/transitions/own-write-commands.test.ts (18 tests) 158ms

 Test Files  16 passed (16)
      Tests  216 passed (216)
   Start at  19:03:42
   Duration  8.81s (transform 2.44s, setup 40ms, collect 5.66s, tests 2.68s, environment 0ms, prepare 83ms)

JSON report written to /var/folders/2c/xh5rx2d91wd_lk8rvnnhlr4m0000gn/T/viborm-raptor3-g0-sL14W2/vitest.json
Vitest resources: 12.69s wall, 795.7 MiB peak sampled process-group RSS (sampled ceiling 1536 MiB). Teardown verified.
Raptor 3 g2-contracts contract gate verified. Evidence: /var/folders/2c/xh5rx2d91wd_lk8rvnnhlr4m0000gn/T/viborm-raptor3-g0-sL14W2
exit=0
