
 RUN  v3.1.4 /Users/arnaud/code/viborm

 ✓ |raptor3| tests/raptor3/transitions/conditional-upsert-commands.test.ts (11 tests) 141ms
 ✓ |raptor3| tests/raptor3/transitions/singular-lattice-commands.test.ts (58 tests) 265ms
 ✓ |raptor3| tests/raptor3/transitions/shared-key-suppliers-commands.test.ts (4 tests) 63ms
 ✓ |raptor3| tests/raptor3/transitions/junction-identity-commands.test.ts (2 tests) 146ms
 ✓ |raptor3| tests/raptor3/transitions/series-staleness-commands.test.ts (4 tests) 68ms
 ✓ |raptor3| tests/raptor3/transitions/mixed-key-transitions-commands.test.ts (8 tests) 98ms
 ✓ |raptor3| tests/raptor3/transitions/supplier-continuations-commands.test.ts (10 tests) 101ms
 ✓ |raptor3| tests/raptor3/transitions/membership-own-write-commands.test.ts (8 tests) 88ms
 ✓ |raptor3| tests/raptor3/transitions/staleness-commands.test.ts (3 tests) 78ms
 ✓ |raptor3| tests/raptor3/transitions/singular-commands.test.ts (20 tests) 166ms
 ✓ |raptor3| tests/raptor3/transitions/junctions-commands.test.ts (26 tests) 267ms
 ✓ |raptor3| tests/raptor3/transitions/variant-removals-commands.test.ts (14 tests) 150ms
 ✓ |raptor3| tests/raptor3/transitions/occupied-keys-commands.test.ts (8 tests) 164ms
 ✓ |raptor3| tests/raptor3/transitions/required-commands.test.ts (8 tests) 75ms
 ✓ |raptor3| tests/raptor3/transitions/keys-commands.test.ts (14 tests) 118ms
 ✓ |raptor3| tests/raptor3/transitions/own-write-commands.test.ts (18 tests) 146ms

 Test Files  16 passed (16)
      Tests  216 passed (216)
   Start at  12:21:08
   Duration  6.52s (transform 1.60s, setup 28ms, collect 4.13s, tests 2.13s, environment 0ms, prepare 46ms)

JSON report written to /var/folders/2c/xh5rx2d91wd_lk8rvnnhlr4m0000gn/T/viborm-raptor3-g0-0qx03W/vitest.json
Vitest resources: 9.08s wall, 807.2 MiB peak sampled process-group RSS (sampled ceiling 1536 MiB). Teardown verified.
Raptor 3 g2-contracts contract gate verified. Evidence: /var/folders/2c/xh5rx2d91wd_lk8rvnnhlr4m0000gn/T/viborm-raptor3-g0-0qx03W
