
 RUN  v3.1.4 /Users/arnaud/code/viborm

 ✓ |g4-unit02-author| tests/raptor3/g4/unit02/unique-discriminator.test.ts (9 tests | 4 skipped) 133ms
 ✓ |g4-unit02-author| tests/raptor3/g4/unit02/key-arithmetic.test.ts (20 tests) 181ms
 ✓ |g4-unit02-author| tests/raptor3/g4/unit02/upsert-key-portability.test.ts (19 tests) 224ms
 ✓ |g4-unit02-author| tests/raptor3/g4/unit02/malformed-result-cuts.test.ts (4 tests) 41ms
 ✓ |g4-unit02-author| tests/raptor3/g4/unit02/nested-key-refusal.test.ts (6 tests) 83ms
 ✓ |g4-unit02-author| tests/raptor3/g4/unit02/phase2-envelope-and-arithmetic.test.ts (7 tests) 71ms
 ✓ |g4-unit02-author| tests/raptor3/g4/unit02/recursive-codec-fit.test.ts (3 tests) 40ms
 ✓ |g4-unit02-author| tests/raptor3/g4/unit02/physical-envelope.test.ts (10 tests) 58ms
 ✓ |g4-unit02-author| tests/raptor3/g4/unit02/borrowed-envelope.test.ts (5 tests) 57ms
 ✓ |g4-unit02-author| tests/raptor3/g4/unit02/root-member-cut-trace.test.ts (4 tests) 58ms
 ✓ |g4-unit02-author| tests/raptor3/g4/unit02/packaged-array.test.ts (5 tests) 37ms
 ↓ |g4-unit02-author| tests/raptor3/g4/unit02/native-nested-key-refusal.test.ts (3 tests | 3 skipped)
 ✓ |g4-unit02-author| tests/raptor3/g4/unit02/prepared-operation.test.ts (5 tests) 40ms
 ✓ |g4-unit02-author| tests/raptor3/g4/unit02/decimal-having-operand.test.ts (3 tests) 13ms
 ✓ |g4-unit02-author| tests/raptor3/g4/unit02/vector-capability.test.ts (1 test) 16ms
 ✓ |g4-unit02-author| tests/raptor3/g4/unit02/root-delete.test.ts (6 tests) 47ms
 ↓ |g4-unit02-author| tests/raptor3/g4/unit02/native-key-arithmetic.test.ts (5 tests | 5 skipped)
 ✓ |g4-unit02-author| tests/raptor3/g4/unit02/returning-safety-gate.test.ts (5 tests) 3ms
 ↓ |g4-unit02-author| tests/raptor3/g4/unit02/native-date-codec.test.ts (1 test | 1 skipped)
 ✓ |g4-unit02-author| tests/raptor3/g4/unit02/k-competing-refusals.test.ts (4 tests) 16ms
 ✓ |g4-unit02-author| tests/raptor3/g4/unit02/k-refusal-order-history.test.ts (3 tests) 10ms

 Test Files  18 passed | 3 skipped (21)
      Tests  115 passed | 13 skipped (128)
   Start at  19:25:33
   Duration  13.49s (transform 4.18s, setup 82ms, collect 11.71s, tests 1.13s, environment 0ms, prepare 98ms)

Vitest resources: 15.05s wall, 678.1 MiB peak sampled process-group RSS (sampled ceiling 1536 MiB). Teardown verified.
exit=0
