
 RUN  v3.1.4 /private/tmp/viborm-te

 ✓ |coverage-raptor3| tests/raptor3/g4/parity/reference-representability.test.ts (26 tests) 125ms
 ✓ |coverage-raptor3| tests/raptor3/transport.test.ts (44 tests) 486ms
 ✓ |coverage-raptor3| tests/raptor3/transport-campaign.test.ts (1 test) 511ms
   ✓ completes the exact admitted transport seed batch  511ms
 ✓ |raptor3| tests/raptor3/g4/parity/reference-representability.test.ts (26 tests) 145ms
 ✓ |raptor3| tests/raptor3/transport.test.ts (44 tests) 499ms
 ✓ |raptor3| tests/raptor3/transport-campaign.test.ts (1 test) 535ms
   ✓ completes the exact admitted transport seed batch  534ms

 Test Files  6 passed (6)
      Tests  142 passed (142)
   Start at  23:31:15
   Duration  6.76s (transform 2.48s, setup 18ms, collect 4.09s, tests 2.30s, environment 0ms, prepare 61ms)

Vitest resources: 8.65s wall, 856.0 MiB peak sampled process-group RSS (sampled ceiling 1536 MiB). Teardown verified.

 RUN  v3.1.4 /private/tmp/viborm-te

 ✓ |coverage-raptor3| tests/raptor3/g4/parity/published-key.test.ts (12 tests) 78ms
 ✓ |coverage-raptor3| tests/raptor3/g4/parity/fresh-member-placement.test.ts (16 tests) 81ms
 ✓ |coverage-raptor3| tests/raptor3/g4/parity/generated-key-reach.test.ts (7 tests) 16ms
 ✓ |coverage-raptor3| tests/raptor3/g4/parity/member-boundary-packaging.test.ts (5 tests) 24ms
 ✓ |coverage-raptor3| tests/raptor3/g4/parity/batch-observed-publication.test.ts (10 tests) 22ms
 ✓ |raptor3| tests/raptor3/g4/parity/published-key.test.ts (12 tests) 81ms
 ✓ |raptor3| tests/raptor3/g4/parity/fresh-member-placement.test.ts (16 tests) 79ms
 ✓ |raptor3| tests/raptor3/g4/parity/generated-key-reach.test.ts (7 tests) 14ms
 ✓ |raptor3| tests/raptor3/g4/parity/member-boundary-packaging.test.ts (5 tests) 23ms
 ✓ |raptor3| tests/raptor3/g4/parity/batch-observed-publication.test.ts (10 tests) 24ms

 Test Files  10 passed (10)
      Tests  100 passed (100)
   Start at  23:31:24
   Duration  3.72s (transform 1.68s, setup 20ms, collect 2.92s, tests 442ms, environment 0ms, prepare 52ms)

Vitest resources: 5.56s wall, 701.6 MiB peak sampled process-group RSS (sampled ceiling 1536 MiB). Teardown verified.

 RUN  v3.1.4 /private/tmp/viborm-te

 ✓ |provider-sqlite3| tests/providers/local/sqlite3-captured-answer-settlement.test.ts (4 tests) 62ms
 ✓ |provider-sqlite3| tests/providers/local/sqlite3-found-consumption.test.ts (5 tests) 26ms
 ✓ |coverage-drivers| tests/providers/local/sqlite3-captured-answer-settlement.test.ts (4 tests) 31ms
 ✓ |coverage-drivers| tests/providers/local/sqlite3-found-consumption.test.ts (5 tests) 24ms
 ✓ |coverage-raptor3| tests/raptor3/g4/parity/transport-witnesses.test.ts (7 tests) 41ms
 ✓ |coverage-raptor3| tests/raptor3/g4/parity/exclusive-member-cardinality.test.ts (14 tests) 67ms
 ✓ |coverage-raptor3| tests/raptor3/g4/parity/suppressed-membership-target.test.ts (7 tests) 27ms
 ✓ |raptor3| tests/raptor3/g4/parity/transport-witnesses.test.ts (7 tests) 40ms
 ✓ |raptor3| tests/raptor3/g4/parity/exclusive-member-cardinality.test.ts (14 tests) 68ms
 ✓ |raptor3| tests/raptor3/g4/parity/suppressed-membership-target.test.ts (7 tests) 25ms

 Test Files  10 passed (10)
      Tests  74 passed (74)
   Start at  23:31:38
   Duration  6.21s (transform 3.23s, setup 35ms, collect 5.17s, tests 411ms, environment 0ms, prepare 100ms)

Vitest resources: 8.04s wall, 672.6 MiB peak sampled process-group RSS (sampled ceiling 1536 MiB). Teardown verified.
