Building baseline checkout...
Building candidate checkout...
sqlite3/relation-series-2/full/retained replicate 1/5: baseline
sqlite3/relation-series-2/full/retained replicate 1/5: candidate
sqlite3/relation-series-2/full/retained replicate 2/5: candidate
sqlite3/relation-series-2/full/retained replicate 2/5: baseline
sqlite3/relation-series-2/full/retained replicate 3/5: baseline
sqlite3/relation-series-2/full/retained replicate 3/5: candidate
sqlite3/relation-series-2/full/retained replicate 4/5: candidate
sqlite3/relation-series-2/full/retained replicate 4/5: baseline
sqlite3/relation-series-2/full/retained replicate 5/5: baseline
sqlite3/relation-series-2/full/retained replicate 5/5: candidate
node:internal/modules/run_main:107
    triggerUncaughtException(
    ^

AssertionError [ERR_ASSERTION]: ["sqlite3","relation-series-2"] changed final
+ actual - expected
... Skipped lines

  {
    bench_enum_records: [
      {
        id: 'enum_0',
        priority: 'low',
...
      {
+       id: 'series_child_2',
-       id: 'series_child_3',
        label: 'series-child',
        parentId: 5000
      },
      {
+       id: 'series_child_3',
-       id: 'series_child_5',
        label: 'series-child',
        parentId: 6000
      },
      {
        id: 'transition_child',

    at assertEquivalentRunObservations (file:///private/tmp/viborm-g4-perf-baseline/benchmarks/operation-pipeline-semantics.mjs:74:5)
    at verifyRewriteBenchmarkEvidence (file:///private/tmp/viborm-g4-perf-baseline/benchmarks/operation-pipeline-semantics.mjs:113:7)
    at file:///private/tmp/viborm-g4-perf-baseline/benchmarks/operation-pipeline-compare.mjs:1584:5
    at process.processTicksAndRejections (node:internal/process/task_queues:104:5) {
  generatedMessage: false,
  code: 'ERR_ASSERTION',
  actual: {
    bench_users: [
      {
        id: 'relation_update_target',
        name: 'Relation update',
        email: 'relation-update@example.com',
        age: 1
      },
      {
        id: 'update_target',
        name: 'Update',
        email: 'update@example.com',
        age: 1
      },
      {
        id: 'user_0',
        name: 'User 0',
        email: 'user0@example.com',
        age: 20
      },
      {
        id: 'user_1',
        name: 'User 1',
        email: 'user1@example.com',
        age: 21
      },
      {
        id: 'user_10',
        name: 'User 10',
        email: 'user10@example.com',
        age: 30
      },
      {
        id: 'user_100',
        name: 'User 100',
        email: 'user100@example.com',
        age: 20
      },
      {
        id: 'user_101',
        name: 'User 101',
        email: 'user101@example.com',
        age: 21
      },
      {
        id: 'user_102',
        name: 'User 102',
        email: 'user102@example.com',
        age: 22
      },
      {
        id: 'user_103',
        name: 'User 103',
        email: 'user103@example.com',
        age: 23
      },
      {
        id: 'user_104',
        name: 'User 104',
        email: 'user104@example.com',
        age: 24
      },
      {
        id: 'user_105',
        name: 'User 105',
        email: 'user105@example.com',
        age: 25
      },
      {
        id: 'user_106',
        name: 'User 106',
        email: 'user106@example.com',
        age: 26
      },
      {
        id: 'user_107',
        name: 'User 107',
        email: 'user107@example.com',
        age: 27
      },
      {
        id: 'user_108',
        name: 'User 108',
        email: 'user108@example.com',
        age: 28
      },
      {
        id: 'user_109',
        name: 'User 109',
        email: 'user109@example.com',
        age: 29
      },
      {
        id: 'user_11',
        name: 'User 11',
        email: 'user11@example.com',
        age: 31
      },
      {
        id: 'user_110',
        name: 'User 110',
        email: 'user110@example.com',
        age: 30
      },
      {
        id: 'user_111',
        name: 'User 111',
        email: 'user111@example.com',
        age: 31
      },
      {
        id: 'user_112',
        name: 'User 112',
        email: 'user112@example.com',
        age: 32
      },
      {
        id: 'user_113',
        name: 'User 113',
        email: 'user113@example.com',
        age: 33
      },
      {
        id: 'user_114',
        name: 'User 114',
        email: 'user114@example.com',
        age: 34
      },
      {
        id: 'user_115',
        name: 'User 115',
        email: 'user115@example.com',
        age: 35
      },
      {
        id: 'user_116',
        name: 'User 116',
        email: 'user116@example.com',
        age: 36
      },
      {
        id: 'user_117',
        name: 'User 117',
        email: 'user117@example.com',
        age: 37
      },
      {
        id: 'user_118',
        name: 'User 118',
        email: 'user118@example.com',
        age: 38
      },
      {
        id: 'user_119',
        name: 'User 119',
        email: 'user119@example.com',
        age: 39
      },
      {
        id: 'user_12',
        name: 'User 12',
        email: 'user12@example.com',
        age: 32
      },
      {
        id: 'user_120',
        name: 'User 120',
        email: 'user120@example.com',
        age: 40
      },
      {
        id: 'user_121',
        name: 'User 121',
        email: 'user121@example.com',
        age: 41
      },
      {
        id: 'user_122',
        name: 'User 122',
        email: 'user122@example.com',
        age: 42
      },
      {
        id: 'user_123',
        name: 'User 123',
        email: 'user123@example.com',
        age: 43
      },
      {
        id: 'user_124',
        name: 'User 124',
        email: 'user124@example.com',
        age: 44
      },
      {
        id: 'user_125',
        name: 'User 125',
        email: 'user125@example.com',
        age: 45
      },
      {
        id: 'user_126',
        name: 'User 126',
        email: 'user126@example.com',
        age: 46
      },
      {
        id: 'user_127',
        name: 'User 127',
        email: 'user127@example.com',
        age: 47
      },
      {
        id: 'user_128',
        name: 'User 128',
        email: 'user128@example.com',
        age: 48
      },
      {
        id: 'user_129',
        name: 'User 129',
        email: 'user129@example.com',
        age: 49
      },
      {
        id: 'user_13',
        name: 'User 13',
        email: 'user13@example.com',
        age: 33
      },
      {
        id: 'user_130',
        name: 'User 130',
        email: 'user130@example.com',
        age: 50
      },
      {
        id: 'user_131',
        name: 'User 131',
        email: 'user131@example.com',
        age: 51
      },
      {
        id: 'user_132',
        name: 'User 132',
        email: 'user132@example.com',
        age: 52
      },
      {
        id: 'user_133',
        name: 'User 133',
        email: 'user133@example.com',
        age: 53
      },
      {
        id: 'user_134',
        name: 'User 134',
        email: 'user134@example.com',
        age: 54
      },
      {
        id: 'user_135',
        name: 'User 135',
        email: 'user135@example.com',
        age: 55
      },
      {
        id: 'user_136',
        name: 'User 136',
        email: 'user136@example.com',
        age: 56
      },
      {
        id: 'user_137',
        name: 'User 137',
        email: 'user137@example.com',
        age: 57
      },
      {
        id: 'user_138',
        name: 'User 138',
        email: 'user138@example.com',
        age: 58
      },
      {
        id: 'user_139',
        name: 'User 139',
        email: 'user139@example.com',
        age: 59
      },
      {
        id: 'user_14',
        name: 'User 14',
        email: 'user14@example.com',
        age: 34
      },
      {
        id: 'user_140',
        name: 'User 140',
        email: 'user140@example.com',
        age: 60
      },
      {
        id: 'user_141',
        name: 'User 141',
        email: 'user141@example.com',
        age: 61
      },
      {
        id: 'user_142',
        name: 'User 142',
        email: 'user142@example.com',
        age: 62
      },
      {
        id: 'user_143',
        name: 'User 143',
        email: 'user143@example.com',
        age: 63
      },
      {
        id: 'user_144',
        name: 'User 144',
        email: 'user144@example.com',
        age: 64
      },
      {
        id: 'user_145',
        name: 'User 145',
        email: 'user145@example.com',
        age: 65
      },
      {
        id: 'user_146',
        name: 'User 146',
        email: 'user146@example.com',
        age: 66
      },
      {
        id: 'user_147',
        name: 'User 147',
        email: 'user147@example.com',
        age: 67
      },
      {
        id: 'user_148',
        name: 'User 148',
        email: 'user148@example.com',
        age: 68
      },
      {
        id: 'user_149',
        name: 'User 149',
        email: 'user149@example.com',
        age: 69
      },
      {
        id: 'user_15',
        name: 'User 15',
        email: 'user15@example.com',
        age: 35
      },
      {
        id: 'user_150',
        name: 'User 150',
        email: 'user150@example.com',
        age: 20
      },
      {
        id: 'user_151',
        name: 'User 151',
        email: 'user151@example.com',
        age: 21
      },
      {
        id: 'user_152',
        name: 'User 152',
        email: 'user152@example.com',
        age: 22
      },
      {
        id: 'user_153',
        name: 'User 153',
        email: 'user153@example.com',
        age: 23
      },
      {
        id: 'user_154',
        name: 'User 154',
        email: 'user154@example.com',
        age: 24
      },
      {
        id: 'user_155',
        name: 'User 155',
        email: 'user155@example.com',
        age: 25
      },
      {
        id: 'user_156',
        name: 'User 156',
        email: 'user156@example.com',
        age: 26
      },
      {
        id: 'user_157',
        name: 'User 157',
        email: 'user157@example.com',
        age: 27
      },
      {
        id: 'user_158',
        name: 'User 158',
        email: 'user158@example.com',
        age: 28
      },
      {
        id: 'user_159',
        name: 'User 159',
        email: 'user159@example.com',
        age: 29
      },
      {
        id: 'user_16',
        name: 'User 16',
        email: 'user16@example.com',
        age: 36
      },
      {
        id: 'user_160',
        name: 'User 160',
        email: 'user160@example.com',
        age: 30
      },
      {
        id: 'user_161',
        name: 'User 161',
        email: 'user161@example.com',
        age: 31
      },
      {
        id: 'user_162',
        name: 'User 162',
        email: 'user162@example.com',
        age: 32
      },
      {
        id: 'user_163',
        name: 'User 163',
        email: 'user163@example.com',
        age: 33
      },
      {
        id: 'user_164',
        name: 'User 164',
        email: 'user164@example.com',
        age: 34
      },
      {
        id: 'user_165',
        name: 'User 165',
        email: 'user165@example.com',
        age: 35
      },
      {
        id: 'user_166',
        name: 'User 166',
        email: 'user166@example.com',
        age: 36
      },
      {
        id: 'user_167',
        name: 'User 167',
        email: 'user167@example.com',
        age: 37
      },
      {
        id: 'user_168',
        name: 'User 168',
        email: 'user168@example.com',
        age: 38
      },
      {
        id: 'user_169',
        name: 'User 169',
        email: 'user169@example.com',
        age: 39
      },
      {
        id: 'user_17',
        name: 'User 17',
        email: 'user17@example.com',
        age: 37
      },
      {
        id: 'user_170',
        name: 'User 170',
        email: 'user170@example.com',
        age: 40
      },
      {
        id: 'user_171',
        name: 'User 171',
        email: 'user171@example.com',
        age: 41
      },
      {
        id: 'user_172',
        name: 'User 172',
        email: 'user172@example.com',
        age: 42
      },
      {
        id: 'user_173',
        name: 'User 173',
        email: 'user173@example.com',
        age: 43
      },
      {
        id: 'user_174',
        name: 'User 174',
        email: 'user174@example.com',
        age: 44
      },
      {
        id: 'user_175',
        name: 'User 175',
        email: 'user175@example.com',
        age: 45
      },
      {
        id: 'user_176',
        name: 'User 176',
        email: 'user176@example.com',
        age: 46
      },
      {
        id: 'user_177',
        name: 'User 177',
        email: 'user177@example.com',
        age: 47
      },
      {
        id: 'user_178',
        name: 'User 178',
        email: 'user178@example.com',
        age: 48
      },
      {
        id: 'user_179',
        name: 'User 179',
        email: 'user179@example.com',
        age: 49
      },
      {
        id: 'user_18',
        name: 'User 18',
        email: 'user18@example.com',
        age: 38
      },
      {
        id: 'user_180',
        name: 'User 180',
        email: 'user180@example.com',
        age: 50
      },
      {
        id: 'user_181',
        name: 'User 181',
        email: 'user181@example.com',
        age: 51
      },
      {
        id: 'user_182',
        name: 'User 182',
        email: 'user182@example.com',
        age: 52
      },
      {
        id: 'user_183',
        name: 'User 183',
        email: 'user183@example.com',
        age: 53
      },
      {
        id: 'user_184',
        name: 'User 184',
        email: 'user184@example.com',
        age: 54
      },
      {
        id: 'user_185',
        name: 'User 185',
        email: 'user185@example.com',
        age: 55
      },
      {
        id: 'user_186',
        name: 'User 186',
        email: 'user186@example.com',
        age: 56
      },
      ... 902 more items
    ],
    bench_posts: [
      {
        id: 'post_0',
        title: 'Post 0',
        content: 'Content 0',
        published: 0,
        views: 0,
        authorId: 'user_0'
      },
      {
        id: 'post_1',
        title: 'Post 1',
        content: 'Content 1',
        published: 1,
        views: 1,
        authorId: 'user_1'
      },
      {
        id: 'post_10',
        title: 'Post 10',
        content: 'Content 10',
        published: 0,
        views: 10,
        authorId: 'user_10'
      },
      {
        id: 'post_100',
        title: 'Post 100',
        content: 'Content 100',
        published: 0,
        views: 100,
        authorId: 'user_100'
      },
      {
        id: 'post_101',
        title: 'Post 101',
        content: 'Content 101',
        published: 1,
        views: 101,
        authorId: 'user_101'
      },
      {
        id: 'post_102',
        title: 'Post 102',
        content: 'Content 102',
        published: 0,
        views: 102,
        authorId: 'user_102'
      },
      {
        id: 'post_103',
        title: 'Post 103',
        content: 'Content 103',
        published: 1,
        views: 103,
        authorId: 'user_103'
      },
      {
        id: 'post_104',
        title: 'Post 104',
        content: 'Content 104',
        published: 0,
        views: 104,
        authorId: 'user_104'
      },
      {
        id: 'post_105',
        title: 'Post 105',
        content: 'Content 105',
        published: 1,
        views: 105,
        authorId: 'user_105'
      },
      {
        id: 'post_106',
        title: 'Post 106',
        content: 'Content 106',
        published: 0,
        views: 106,
        authorId: 'user_106'
      },
      {
        id: 'post_107',
        title: 'Post 107',
        content: 'Content 107',
        published: 1,
        views: 107,
        authorId: 'user_107'
      },
      {
        id: 'post_108',
        title: 'Post 108',
        content: 'Content 108',
        published: 0,
        views: 108,
        authorId: 'user_108'
      },
      {
        id: 'post_109',
        title: 'Post 109',
        content: 'Content 109',
        published: 1,
        views: 109,
        authorId: 'user_109'
      },
      {
        id: 'post_11',
        title: 'Post 11',
        content: 'Content 11',
        published: 1,
        views: 11,
        authorId: 'user_11'
      },
      {
        id: 'post_110',
        title: 'Post 110',
        content: 'Content 110',
        published: 0,
        views: 110,
        authorId: 'user_110'
      },
      {
        id: 'post_111',
        title: 'Post 111',
        content: 'Content 111',
        published: 1,
        views: 111,
        authorId: 'user_111'
      },
      {
        id: 'post_112',
        title: 'Post 112',
        content: 'Content 112',
        published: 0,
        views: 112,
        authorId: 'user_112'
      },
      {
        id: 'post_113',
        title: 'Post 113',
        content: 'Content 113',
        published: 1,
        views: 113,
        authorId: 'user_113'
      },
      {
        id: 'post_114',
        title: 'Post 114',
        content: 'Content 114',
        published: 0,
        views: 114,
        authorId: 'user_114'
      },
      {
        id: 'post_115',
        title: 'Post 115',
        content: 'Content 115',
        published: 1,
        views: 115,
        authorId: 'user_115'
      },
      {
        id: 'post_116',
        title: 'Post 116',
        content: 'Content 116',
        published: 0,
        views: 116,
        authorId: 'user_116'
      },
      {
        id: 'post_117',
        title: 'Post 117',
        content: 'Content 117',
        published: 1,
        views: 117,
        authorId: 'user_117'
      },
      {
        id: 'post_118',
        title: 'Post 118',
        content: 'Content 118',
        published: 0,
        views: 118,
        authorId: 'user_118'
      },
      {
        id: 'post_119',
        title: 'Post 119',
        content: 'Content 119',
        published: 1,
        views: 119,
        authorId: 'user_119'
      },
      {
        id: 'post_12',
        title: 'Post 12',
        content: 'Content 12',
        published: 0,
        views: 12,
        authorId: 'user_12'
      },
      {
        id: 'post_120',
        title: 'Post 120',
        content: 'Content 120',
        published: 0,
        views: 120,
        authorId: 'user_120'
      },
      {
        id: 'post_121',
        title: 'Post 121',
        content: 'Content 121',
        published: 1,
        views: 121,
        authorId: 'user_121'
      },
      {
        id: 'post_122',
        title: 'Post 122',
        content: 'Content 122',
        published: 0,
        views: 122,
        authorId: 'user_122'
      },
      {
        id: 'post_123',
        title: 'Post 123',
        content: 'Content 123',
        published: 1,
        views: 123,
        authorId: 'user_123'
      },
      {
        id: 'post_124',
        title: 'Post 124',
        content: 'Content 124',
        published: 0,
        views: 124,
        authorId: 'user_124'
      },
      {
        id: 'post_125',
        title: 'Post 125',
        content: 'Content 125',
        published: 1,
        views: 125,
        authorId: 'user_125'
      },
      {
        id: 'post_126',
        title: 'Post 126',
        content: 'Content 126',
        published: 0,
        views: 126,
        authorId: 'user_126'
      },
      {
        id: 'post_127',
        title: 'Post 127',
        content: 'Content 127',
        published: 1,
        views: 127,
        authorId: 'user_127'
      },
      {
        id: 'post_128',
        title: 'Post 128',
        content: 'Content 128',
        published: 0,
        views: 128,
        authorId: 'user_128'
      },
      {
        id: 'post_129',
        title: 'Post 129',
        content: 'Content 129',
        published: 1,
        views: 129,
        authorId: 'user_129'
      },
      {
        id: 'post_13',
        title: 'Post 13',
        content: 'Content 13',
        published: 1,
        views: 13,
        authorId: 'user_13'
      },
      {
        id: 'post_130',
        title: 'Post 130',
        content: 'Content 130',
        published: 0,
        views: 130,
        authorId: 'user_130'
      },
      {
        id: 'post_131',
        title: 'Post 131',
        content: 'Content 131',
        published: 1,
        views: 131,
        authorId: 'user_131'
      },
      {
        id: 'post_132',
        title: 'Post 132',
        content: 'Content 132',
        published: 0,
        views: 132,
        authorId: 'user_132'
      },
      {
        id: 'post_133',
        title: 'Post 133',
        content: 'Content 133',
        published: 1,
        views: 133,
        authorId: 'user_133'
      },
      {
        id: 'post_134',
        title: 'Post 134',
        content: 'Content 134',
        published: 0,
        views: 134,
        authorId: 'user_134'
      },
      {
        id: 'post_135',
        title: 'Post 135',
        content: 'Content 135',
        published: 1,
        views: 135,
        authorId: 'user_135'
      },
      {
        id: 'post_136',
        title: 'Post 136',
        content: 'Content 136',
        published: 0,
        views: 136,
        authorId: 'user_136'
      },
      {
        id: 'post_137',
        title: 'Post 137',
        content: 'Content 137',
        published: 1,
        views: 137,
        authorId: 'user_137'
      },
      {
        id: 'post_138',
        title: 'Post 138',
        content: 'Content 138',
        published: 0,
        views: 138,
        authorId: 'user_138'
      },
      {
        id: 'post_139',
        title: 'Post 139',
        content: 'Content 139',
        published: 1,
        views: 139,
        authorId: 'user_139'
      },
      {
        id: 'post_14',
        title: 'Post 14',
        content: 'Content 14',
        published: 0,
        views: 14,
        authorId: 'user_14'
      },
      {
        id: 'post_140',
        title: 'Post 140',
        content: 'Content 140',
        published: 0,
        views: 140,
        authorId: 'user_140'
      },
      {
        id: 'post_141',
        title: 'Post 141',
        content: 'Content 141',
        published: 1,
        views: 141,
        authorId: 'user_141'
      },
      {
        id: 'post_142',
        title: 'Post 142',
        content: 'Content 142',
        published: 0,
        views: 142,
        authorId: 'user_142'
      },
      {
        id: 'post_143',
        title: 'Post 143',
        content: 'Content 143',
        published: 1,
        views: 143,
        authorId: 'user_143'
      },
      {
        id: 'post_144',
        title: 'Post 144',
        content: 'Content 144',
        published: 0,
        views: 144,
        authorId: 'user_144'
      },
      {
        id: 'post_145',
        title: 'Post 145',
        content: 'Content 145',
        published: 1,
        views: 145,
        authorId: 'user_145'
      },
      {
        id: 'post_146',
        title: 'Post 146',
        content: 'Content 146',
        published: 0,
        views: 146,
        authorId: 'user_146'
      },
      {
        id: 'post_147',
        title: 'Post 147',
        content: 'Content 147',
        published: 1,
        views: 147,
        authorId: 'user_147'
      },
      {
        id: 'post_148',
        title: 'Post 148',
        content: 'Content 148',
        published: 0,
        views: 148,
        authorId: 'user_148'
      },
      {
        id: 'post_149',
        title: 'Post 149',
        content: 'Content 149',
        published: 1,
        views: 149,
        authorId: 'user_149'
      },
      {
        id: 'post_15',
        title: 'Post 15',
        content: 'Content 15',
        published: 1,
        views: 15,
        authorId: 'user_15'
      },
      {
        id: 'post_150',
        title: 'Post 150',
        content: 'Content 150',
        published: 0,
        views: 150,
        authorId: 'user_150'
      },
      {
        id: 'post_151',
        title: 'Post 151',
        content: 'Content 151',
        published: 1,
        views: 151,
        authorId: 'user_151'
      },
      {
        id: 'post_152',
        title: 'Post 152',
        content: 'Content 152',
        published: 0,
        views: 152,
        authorId: 'user_152'
      },
      {
        id: 'post_153',
        title: 'Post 153',
        content: 'Content 153',
        published: 1,
        views: 153,
        authorId: 'user_153'
      },
      {
        id: 'post_154',
        title: 'Post 154',
        content: 'Content 154',
        published: 0,
        views: 154,
        authorId: 'user_154'
      },
      {
        id: 'post_155',
        title: 'Post 155',
        content: 'Content 155',
        published: 1,
        views: 155,
        authorId: 'user_155'
      },
      {
        id: 'post_156',
        title: 'Post 156',
        content: 'Content 156',
        published: 0,
        views: 156,
        authorId: 'user_156'
      },
      {
        id: 'post_157',
        title: 'Post 157',
        content: 'Content 157',
        published: 1,
        views: 157,
        authorId: 'user_157'
      },
      {
        id: 'post_158',
        title: 'Post 158',
        content: 'Content 158',
        published: 0,
        views: 158,
        authorId: 'user_158'
      },
      {
        id: 'post_159',
        title: 'Post 159',
        content: 'Content 159',
        published: 1,
        views: 159,
        authorId: 'user_159'
      },
      {
        id: 'post_16',
        title: 'Post 16',
        content: 'Content 16',
        published: 0,
        views: 16,
        authorId: 'user_16'
      },
      {
        id: 'post_160',
        title: 'Post 160',
        content: 'Content 160',
        published: 0,
        views: 160,
        authorId: 'user_160'
      },
      {
        id: 'post_161',
        title: 'Post 161',
        content: 'Content 161',
        published: 1,
        views: 161,
        authorId: 'user_161'
      },
      {
        id: 'post_162',
        title: 'Post 162',
        content: 'Content 162',
        published: 0,
        views: 162,
        authorId: 'user_162'
      },
      {
        id: 'post_163',
        title: 'Post 163',
        content: 'Content 163',
        published: 1,
        views: 163,
        authorId: 'user_163'
      },
      {
        id: 'post_164',
        title: 'Post 164',
        content: 'Content 164',
        published: 0,
        views: 164,
        authorId: 'user_164'
      },
      {
        id: 'post_165',
        title: 'Post 165',
        content: 'Content 165',
        published: 1,
        views: 165,
        authorId: 'user_165'
      },
      {
        id: 'post_166',
        title: 'Post 166',
        content: 'Content 166',
        published: 0,
        views: 166,
        authorId: 'user_166'
      },
      {
        id: 'post_167',
        title: 'Post 167',
        content: 'Content 167',
        published: 1,
        views: 167,
        authorId: 'user_167'
      },
      {
        id: 'post_168',
        title: 'Post 168',
        content: 'Content 168',
        published: 0,
        views: 168,
        authorId: 'user_168'
      },
      {
        id: 'post_169',
        title: 'Post 169',
        content: 'Content 169',
        published: 1,
        views: 169,
        authorId: 'user_169'
      },
      {
        id: 'post_17',
        title: 'Post 17',
        content: 'Content 17',
        published: 1,
        views: 17,
        authorId: 'user_17'
      },
      {
        id: 'post_170',
        title: 'Post 170',
        content: 'Content 170',
        published: 0,
        views: 170,
        authorId: 'user_170'
      },
      {
        id: 'post_171',
        title: 'Post 171',
        content: 'Content 171',
        published: 1,
        views: 171,
        authorId: 'user_171'
      },
      {
        id: 'post_172',
        title: 'Post 172',
        content: 'Content 172',
        published: 0,
        views: 172,
        authorId: 'user_172'
      },
      {
        id: 'post_173',
        title: 'Post 173',
        content: 'Content 173',
        published: 1,
        views: 173,
        authorId: 'user_173'
      },
      {
        id: 'post_174',
        title: 'Post 174',
        content: 'Content 174',
        published: 0,
        views: 174,
        authorId: 'user_174'
      },
      {
        id: 'post_175',
        title: 'Post 175',
        content: 'Content 175',
        published: 1,
        views: 175,
        authorId: 'user_175'
      },
      {
        id: 'post_176',
        title: 'Post 176',
        content: 'Content 176',
        published: 0,
        views: 176,
        authorId: 'user_176'
      },
      {
        id: 'post_177',
        title: 'Post 177',
        content: 'Content 177',
        published: 1,
        views: 177,
        authorId: 'user_177'
      },
      {
        id: 'post_178',
        title: 'Post 178',
        content: 'Content 178',
        published: 0,
        views: 178,
        authorId: 'user_178'
      },
      {
        id: 'post_179',
        title: 'Post 179',
        content: 'Content 179',
        published: 1,
        views: 179,
        authorId: 'user_179'
      },
      {
        id: 'post_18',
        title: 'Post 18',
        content: 'Content 18',
        published: 0,
        views: 18,
        authorId: 'user_18'
      },
      {
        id: 'post_180',
        title: 'Post 180',
        content: 'Content 180',
        published: 0,
        views: 180,
        authorId: 'user_180'
      },
      {
        id: 'post_181',
        title: 'Post 181',
        content: 'Content 181',
        published: 1,
        views: 181,
        authorId: 'user_181'
      },
      {
        id: 'post_182',
        title: 'Post 182',
        content: 'Content 182',
        published: 0,
        views: 182,
        authorId: 'user_182'
      },
      {
        id: 'post_183',
        title: 'Post 183',
        content: 'Content 183',
        published: 1,
        views: 183,
        authorId: 'user_183'
      },
      {
        id: 'post_184',
        title: 'Post 184',
        content: 'Content 184',
        published: 0,
        views: 184,
        authorId: 'user_184'
      },
      {
        id: 'post_185',
        title: 'Post 185',
        content: 'Content 185',
        published: 1,
        views: 185,
        authorId: 'user_185'
      },
      {
        id: 'post_186',
        title: 'Post 186',
        content: 'Content 186',
        published: 0,
        views: 186,
        authorId: 'user_186'
      },
      {
        id: 'post_187',
        title: 'Post 187',
        content: 'Content 187',
        published: 1,
        views: 187,
        authorId: 'user_187'
      },
      {
        id: 'post_188',
        title: 'Post 188',
        content: 'Content 188',
        published: 0,
        views: 188,
        authorId: 'user_188'
      },
      ... 900 more items
    ],
    bench_generated: [],
    bench_generated_parents: [
      { id: 5000, label: 'series-first' },
      { id: 6000, label: 'series-second' },
      { id: 10000, label: 'transition' }
    ],
    bench_generated_children: [
      {
        id: 'conditional_found',
        parentId: 5000,
        label: 'existing-child'
      },
      { id: 'series_child_2', parentId: 5000, label: 'series-child' },
      { id: 'series_child_3', parentId: 6000, label: 'series-child' },
      {
        id: 'transition_child',
        parentId: 10000,
        label: 'cascade-child'
      }
    ],
    bench_enum_records: [
      {
        id: 'enum_0',
        status: 'draft',
        priority: 'low',
        visibility: 'private'
      },
      {
        id: 'enum_1',
        status: 'review',
        priority: 'medium',
        visibility: 'team'
      },
      {
        id: 'enum_10',
        status: 'review',
        priority: 'medium',
        visibility: 'team'
      },
      {
        id: 'enum_100',
        status: 'review',
        priority: 'medium',
        visibility: 'team'
      },
      {
        id: 'enum_101',
        status: 'published',
        priority: 'high',
        visibility: 'public'
      },
      {
        id: 'enum_102',
        status: 'draft',
        priority: 'low',
        visibility: 'private'
      },
      {
        id: 'enum_103',
        status: 'review',
        priority: 'medium',
        visibility: 'team'
      },
      {
        id: 'enum_104',
        status: 'published',
        priority: 'high',
        visibility: 'public'
      },
      {
        id: 'enum_105',
        status: 'draft',
        priority: 'low',
        visibility: 'private'
      },
      {
        id: 'enum_106',
        status: 'review',
        priority: 'medium',
        visibility: 'team'
      },
      {
        id: 'enum_107',
        status: 'published',
        priority: 'high',
        visibility: 'public'
      },
      {
        id: 'enum_108',
        status: 'draft',
        priority: 'low',
        visibility: 'private'
      },
      {
        id: 'enum_109',
        status: 'review',
        priority: 'medium',
        visibility: 'team'
      },
      {
        id: 'enum_11',
        status: 'published',
        priority: 'high',
        visibility: 'public'
      },
      {
        id: 'enum_110',
        status: 'published',
        priority: 'high',
        visibility: 'public'
      },
      {
        id: 'enum_111',
        status: 'draft',
        priority: 'low',
        visibility: 'private'
      },
      {
        id: 'enum_112',
        status: 'review',
        priority: 'medium',
        visibility: 'team'
      },
      {
        id: 'enum_113',
        status: 'published',
        priority: 'high',
        visibility: 'public'
      },
      {
        id: 'enum_114',
        status: 'draft',
        priority: 'low',
        visibility: 'private'
      },
      {
        id: 'enum_115',
        status: 'review',
        priority: 'medium',
        visibility: 'team'
      },
      {
        id: 'enum_116',
        status: 'published',
        priority: 'high',
        visibility: 'public'
      },
      {
        id: 'enum_117',
        status: 'draft',
        priority: 'low',
        visibility: 'private'
      },
      {
        id: 'enum_118',
        status: 'review',
        priority: 'medium',
        visibility: 'team'
      },
      {
        id: 'enum_119',
        status: 'published',
        priority: 'high',
        visibility: 'public'
      },
      {
        id: 'enum_12',
        status: 'draft',
        priority: 'low',
        visibility: 'private'
      },
      {
        id: 'enum_120',
        status: 'draft',
        priority: 'low',
        visibility: 'private'
      },
      {
        id: 'enum_121',
        status: 'review',
        priority: 'medium',
        visibility: 'team'
      },
      {
        id: 'enum_122',
        status: 'published',
        priority: 'high',
        visibility: 'public'
      },
      {
        id: 'enum_123',
        status: 'draft',
        priority: 'low',
        visibility: 'private'
      },
      {
        id: 'enum_124',
        status: 'review',
        priority: 'medium',
        visibility: 'team'
      },
      {
        id: 'enum_125',
        status: 'published',
        priority: 'high',
        visibility: 'public'
      },
      {
        id: 'enum_126',
        status: 'draft',
        priority: 'low',
        visibility: 'private'
      },
      {
        id: 'enum_127',
        status: 'review',
        priority: 'medium',
        visibility: 'team'
      },
      {
        id: 'enum_128',
        status: 'published',
        priority: 'high',
        visibility: 'public'
      },
      {
        id: 'enum_129',
        status: 'draft',
        priority: 'low',
        visibility: 'private'
      },
      {
        id: 'enum_13',
        status: 'review',
        priority: 'medium',
        visibility: 'team'
      },
      {
        id: 'enum_130',
        status: 'review',
        priority: 'medium',
        visibility: 'team'
      },
      {
        id: 'enum_131',
        status: 'published',
        priority: 'high',
        visibility: 'public'
      },
      {
        id: 'enum_132',
        status: 'draft',
        priority: 'low',
        visibility: 'private'
      },
      {
        id: 'enum_133',
        status: 'review',
        priority: 'medium',
        visibility: 'team'
      },
      {
        id: 'enum_134',
        status: 'published',
        priority: 'high',
        visibility: 'public'
      },
      {
        id: 'enum_135',
        status: 'draft',
        priority: 'low',
        visibility: 'private'
      },
      {
        id: 'enum_136',
        status: 'review',
        priority: 'medium',
        visibility: 'team'
      },
      {
        id: 'enum_137',
        status: 'published',
        priority: 'high',
        visibility: 'public'
      },
      {
        id: 'enum_138',
        status: 'draft',
        priority: 'low',
        visibility: 'private'
      },
      {
        id: 'enum_139',
        status: 'review',
        priority: 'medium',
        visibility: 'team'
      },
      {
        id: 'enum_14',
        status: 'published',
        priority: 'high',
        visibility: 'public'
      },
      {
        id: 'enum_140',
        status: 'published',
        priority: 'high',
        visibility: 'public'
      },
      {
        id: 'enum_141',
        status: 'draft',
        priority: 'low',
        visibility: 'private'
      },
      {
        id: 'enum_142',
        status: 'review',
        priority: 'medium',
        visibility: 'team'
      },
      {
        id: 'enum_143',
        status: 'published',
        priority: 'high',
        visibility: 'public'
      },
      {
        id: 'enum_144',
        status: 'draft',
        priority: 'low',
        visibility: 'private'
      },
      {
        id: 'enum_145',
        status: 'review',
        priority: 'medium',
        visibility: 'team'
      },
      {
        id: 'enum_146',
        status: 'published',
        priority: 'high',
        visibility: 'public'
      },
      {
        id: 'enum_147',
        status: 'draft',
        priority: 'low',
        visibility: 'private'
      },
      {
        id: 'enum_148',
        status: 'review',
        priority: 'medium',
        visibility: 'team'
      },
      {
        id: 'enum_149',
        status: 'published',
        priority: 'high',
        visibility: 'public'
      },
      {
        id: 'enum_15',
        status: 'draft',
        priority: 'low',
        visibility: 'private'
      },
      {
        id: 'enum_150',
        status: 'draft',
        priority: 'low',
        visibility: 'private'
      },
      {
        id: 'enum_151',
        status: 'review',
        priority: 'medium',
        visibility: 'team'
      },
      {
        id: 'enum_152',
        status: 'published',
        priority: 'high',
        visibility: 'public'
      },
      {
        id: 'enum_153',
        status: 'draft',
        priority: 'low',
        visibility: 'private'
      },
      {
        id: 'enum_154',
        status: 'review',
        priority: 'medium',
        visibility: 'team'
      },
      {
        id: 'enum_155',
        status: 'published',
        priority: 'high',
        visibility: 'public'
      },
      {
        id: 'enum_156',
        status: 'draft',
        priority: 'low',
        visibility: 'private'
      },
      {
        id: 'enum_157',
        status: 'review',
        priority: 'medium',
        visibility: 'team'
      },
      {
        id: 'enum_158',
        status: 'published',
        priority: 'high',
        visibility: 'public'
      },
      {
        id: 'enum_159',
        status: 'draft',
        priority: 'low',
        visibility: 'private'
      },
      {
        id: 'enum_16',
        status: 'review',
        priority: 'medium',
        visibility: 'team'
      },
      {
        id: 'enum_160',
        status: 'review',
        priority: 'medium',
        visibility: 'team'
      },
      {
        id: 'enum_161',
        status: 'published',
        priority: 'high',
        visibility: 'public'
      },
      {
        id: 'enum_162',
        status: 'draft',
        priority: 'low',
        visibility: 'private'
      },
      {
        id: 'enum_163',
        status: 'review',
        priority: 'medium',
        visibility: 'team'
      },
      {
        id: 'enum_164',
        status: 'published',
        priority: 'high',
        visibility: 'public'
      },
      {
        id: 'enum_165',
        status: 'draft',
        priority: 'low',
        visibility: 'private'
      },
      {
        id: 'enum_166',
        status: 'review',
        priority: 'medium',
        visibility: 'team'
      },
      {
        id: 'enum_167',
        status: 'published',
        priority: 'high',
        visibility: 'public'
      },
      {
        id: 'enum_168',
        status: 'draft',
        priority: 'low',
        visibility: 'private'
      },
      {
        id: 'enum_169',
        status: 'review',
        priority: 'medium',
        visibility: 'team'
      },
      {
        id: 'enum_17',
        status: 'published',
        priority: 'high',
        visibility: 'public'
      },
      {
        id: 'enum_170',
        status: 'published',
        priority: 'high',
        visibility: 'public'
      },
      {
        id: 'enum_171',
        status: 'draft',
        priority: 'low',
        visibility: 'private'
      },
      {
        id: 'enum_172',
        status: 'review',
        priority: 'medium',
        visibility: 'team'
      },
      {
        id: 'enum_173',
        status: 'published',
        priority: 'high',
        visibility: 'public'
      },
      {
        id: 'enum_174',
        status: 'draft',
        priority: 'low',
        visibility: 'private'
      },
      {
        id: 'enum_175',
        status: 'review',
        priority: 'medium',
        visibility: 'team'
      },
      {
        id: 'enum_176',
        status: 'published',
        priority: 'high',
        visibility: 'public'
      },
      {
        id: 'enum_177',
        status: 'draft',
        priority: 'low',
        visibility: 'private'
      },
      {
        id: 'enum_178',
        status: 'review',
        priority: 'medium',
        visibility: 'team'
      },
      {
        id: 'enum_179',
        status: 'published',
        priority: 'high',
        visibility: 'public'
      },
      {
        id: 'enum_18',
        status: 'draft',
        priority: 'low',
        visibility: 'private'
      },
      {
        id: 'enum_180',
        status: 'draft',
        priority: 'low',
        visibility: 'private'
      },
      {
        id: 'enum_181',
        status: 'review',
        priority: 'medium',
        visibility: 'team'
      },
      {
        id: 'enum_182',
        status: 'published',
        priority: 'high',
        visibility: 'public'
      },
      {
        id: 'enum_183',
        status: 'draft',
        priority: 'low',
        visibility: 'private'
      },
      {
        id: 'enum_184',
        status: 'review',
        priority: 'medium',
        visibility: 'team'
      },
      {
        id: 'enum_185',
        status: 'published',
        priority: 'high',
        visibility: 'public'
      },
      {
        id: 'enum_186',
        status: 'draft',
        priority: 'low',
        visibility: 'private'
      },
      {
        id: 'enum_187',
        status: 'review',
        priority: 'medium',
        visibility: 'team'
      },
      {
        id: 'enum_188',
        status: 'published',
        priority: 'high',
        visibility: 'public'
      },
      ... 900 more items
    ],
    sqlite_sequence: [ { name: 'bench_generated_parents', seq: 10000 } ]
  },
  expected: {
    bench_users: [
      {
        id: 'relation_update_target',
        name: 'Relation update',
        email: 'relation-update@example.com',
        age: 1
      },
      {
        id: 'update_target',
        name: 'Update',
        email: 'update@example.com',
        age: 1
      },
      {
        id: 'user_0',
        name: 'User 0',
        email: 'user0@example.com',
        age: 20
      },
      {
        id: 'user_1',
        name: 'User 1',
        email: 'user1@example.com',
        age: 21
      },
      {
        id: 'user_10',
        name: 'User 10',
        email: 'user10@example.com',
        age: 30
      },
      {
        id: 'user_100',
        name: 'User 100',
        email: 'user100@example.com',
        age: 20
      },
      {
        id: 'user_101',
        name: 'User 101',
        email: 'user101@example.com',
        age: 21
      },
      {
        id: 'user_102',
        name: 'User 102',
        email: 'user102@example.com',
        age: 22
      },
      {
        id: 'user_103',
        name: 'User 103',
        email: 'user103@example.com',
        age: 23
      },
      {
        id: 'user_104',
        name: 'User 104',
        email: 'user104@example.com',
        age: 24
      },
      {
        id: 'user_105',
        name: 'User 105',
        email: 'user105@example.com',
        age: 25
      },
      {
        id: 'user_106',
        name: 'User 106',
        email: 'user106@example.com',
        age: 26
      },
      {
        id: 'user_107',
        name: 'User 107',
        email: 'user107@example.com',
        age: 27
      },
      {
        id: 'user_108',
        name: 'User 108',
        email: 'user108@example.com',
        age: 28
      },
      {
        id: 'user_109',
        name: 'User 109',
        email: 'user109@example.com',
        age: 29
      },
      {
        id: 'user_11',
        name: 'User 11',
        email: 'user11@example.com',
        age: 31
      },
      {
        id: 'user_110',
        name: 'User 110',
        email: 'user110@example.com',
        age: 30
      },
      {
        id: 'user_111',
        name: 'User 111',
        email: 'user111@example.com',
        age: 31
      },
      {
        id: 'user_112',
        name: 'User 112',
        email: 'user112@example.com',
        age: 32
      },
      {
        id: 'user_113',
        name: 'User 113',
        email: 'user113@example.com',
        age: 33
      },
      {
        id: 'user_114',
        name: 'User 114',
        email: 'user114@example.com',
        age: 34
      },
      {
        id: 'user_115',
        name: 'User 115',
        email: 'user115@example.com',
        age: 35
      },
      {
        id: 'user_116',
        name: 'User 116',
        email: 'user116@example.com',
        age: 36
      },
      {
        id: 'user_117',
        name: 'User 117',
        email: 'user117@example.com',
        age: 37
      },
      {
        id: 'user_118',
        name: 'User 118',
        email: 'user118@example.com',
        age: 38
      },
      {
        id: 'user_119',
        name: 'User 119',
        email: 'user119@example.com',
        age: 39
      },
      {
        id: 'user_12',
        name: 'User 12',
        email: 'user12@example.com',
        age: 32
      },
      {
        id: 'user_120',
        name: 'User 120',
        email: 'user120@example.com',
        age: 40
      },
      {
        id: 'user_121',
        name: 'User 121',
        email: 'user121@example.com',
        age: 41
      },
      {
        id: 'user_122',
        name: 'User 122',
        email: 'user122@example.com',
        age: 42
      },
      {
        id: 'user_123',
        name: 'User 123',
        email: 'user123@example.com',
        age: 43
      },
      {
        id: 'user_124',
        name: 'User 124',
        email: 'user124@example.com',
        age: 44
      },
      {
        id: 'user_125',
        name: 'User 125',
        email: 'user125@example.com',
        age: 45
      },
      {
        id: 'user_126',
        name: 'User 126',
        email: 'user126@example.com',
        age: 46
      },
      {
        id: 'user_127',
        name: 'User 127',
        email: 'user127@example.com',
        age: 47
      },
      {
        id: 'user_128',
        name: 'User 128',
        email: 'user128@example.com',
        age: 48
      },
      {
        id: 'user_129',
        name: 'User 129',
        email: 'user129@example.com',
        age: 49
      },
      {
        id: 'user_13',
        name: 'User 13',
        email: 'user13@example.com',
        age: 33
      },
      {
        id: 'user_130',
        name: 'User 130',
        email: 'user130@example.com',
        age: 50
      },
      {
        id: 'user_131',
        name: 'User 131',
        email: 'user131@example.com',
        age: 51
      },
      {
        id: 'user_132',
        name: 'User 132',
        email: 'user132@example.com',
        age: 52
      },
      {
        id: 'user_133',
        name: 'User 133',
        email: 'user133@example.com',
        age: 53
      },
      {
        id: 'user_134',
        name: 'User 134',
        email: 'user134@example.com',
        age: 54
      },
      {
        id: 'user_135',
        name: 'User 135',
        email: 'user135@example.com',
        age: 55
      },
      {
        id: 'user_136',
        name: 'User 136',
        email: 'user136@example.com',
        age: 56
      },
      {
        id: 'user_137',
        name: 'User 137',
        email: 'user137@example.com',
        age: 57
      },
      {
        id: 'user_138',
        name: 'User 138',
        email: 'user138@example.com',
        age: 58
      },
      {
        id: 'user_139',
        name: 'User 139',
        email: 'user139@example.com',
        age: 59
      },
      {
        id: 'user_14',
        name: 'User 14',
        email: 'user14@example.com',
        age: 34
      },
      {
        id: 'user_140',
        name: 'User 140',
        email: 'user140@example.com',
        age: 60
      },
      {
        id: 'user_141',
        name: 'User 141',
        email: 'user141@example.com',
        age: 61
      },
      {
        id: 'user_142',
        name: 'User 142',
        email: 'user142@example.com',
        age: 62
      },
      {
        id: 'user_143',
        name: 'User 143',
        email: 'user143@example.com',
        age: 63
      },
      {
        id: 'user_144',
        name: 'User 144',
        email: 'user144@example.com',
        age: 64
      },
      {
        id: 'user_145',
        name: 'User 145',
        email: 'user145@example.com',
        age: 65
      },
      {
        id: 'user_146',
        name: 'User 146',
        email: 'user146@example.com',
        age: 66
      },
      {
        id: 'user_147',
        name: 'User 147',
        email: 'user147@example.com',
        age: 67
      },
      {
        id: 'user_148',
        name: 'User 148',
        email: 'user148@example.com',
        age: 68
      },
      {
        id: 'user_149',
        name: 'User 149',
        email: 'user149@example.com',
        age: 69
      },
      {
        id: 'user_15',
        name: 'User 15',
        email: 'user15@example.com',
        age: 35
      },
      {
        id: 'user_150',
        name: 'User 150',
        email: 'user150@example.com',
        age: 20
      },
      {
        id: 'user_151',
        name: 'User 151',
        email: 'user151@example.com',
        age: 21
      },
      {
        id: 'user_152',
        name: 'User 152',
        email: 'user152@example.com',
        age: 22
      },
      {
        id: 'user_153',
        name: 'User 153',
        email: 'user153@example.com',
        age: 23
      },
      {
        id: 'user_154',
        name: 'User 154',
        email: 'user154@example.com',
        age: 24
      },
      {
        id: 'user_155',
        name: 'User 155',
        email: 'user155@example.com',
        age: 25
      },
      {
        id: 'user_156',
        name: 'User 156',
        email: 'user156@example.com',
        age: 26
      },
      {
        id: 'user_157',
        name: 'User 157',
        email: 'user157@example.com',
        age: 27
      },
      {
        id: 'user_158',
        name: 'User 158',
        email: 'user158@example.com',
        age: 28
      },
      {
        id: 'user_159',
        name: 'User 159',
        email: 'user159@example.com',
        age: 29
      },
      {
        id: 'user_16',
        name: 'User 16',
        email: 'user16@example.com',
        age: 36
      },
      {
        id: 'user_160',
        name: 'User 160',
        email: 'user160@example.com',
        age: 30
      },
      {
        id: 'user_161',
        name: 'User 161',
        email: 'user161@example.com',
        age: 31
      },
      {
        id: 'user_162',
        name: 'User 162',
        email: 'user162@example.com',
        age: 32
      },
      {
        id: 'user_163',
        name: 'User 163',
        email: 'user163@example.com',
        age: 33
      },
      {
        id: 'user_164',
        name: 'User 164',
        email: 'user164@example.com',
        age: 34
      },
      {
        id: 'user_165',
        name: 'User 165',
        email: 'user165@example.com',
        age: 35
      },
      {
        id: 'user_166',
        name: 'User 166',
        email: 'user166@example.com',
        age: 36
      },
      {
        id: 'user_167',
        name: 'User 167',
        email: 'user167@example.com',
        age: 37
      },
      {
        id: 'user_168',
        name: 'User 168',
        email: 'user168@example.com',
        age: 38
      },
      {
        id: 'user_169',
        name: 'User 169',
        email: 'user169@example.com',
        age: 39
      },
      {
        id: 'user_17',
        name: 'User 17',
        email: 'user17@example.com',
        age: 37
      },
      {
        id: 'user_170',
        name: 'User 170',
        email: 'user170@example.com',
        age: 40
      },
      {
        id: 'user_171',
        name: 'User 171',
        email: 'user171@example.com',
        age: 41
      },
      {
        id: 'user_172',
        name: 'User 172',
        email: 'user172@example.com',
        age: 42
      },
      {
        id: 'user_173',
        name: 'User 173',
        email: 'user173@example.com',
        age: 43
      },
      {
        id: 'user_174',
        name: 'User 174',
        email: 'user174@example.com',
        age: 44
      },
      {
        id: 'user_175',
        name: 'User 175',
        email: 'user175@example.com',
        age: 45
      },
      {
        id: 'user_176',
        name: 'User 176',
        email: 'user176@example.com',
        age: 46
      },
      {
        id: 'user_177',
        name: 'User 177',
        email: 'user177@example.com',
        age: 47
      },
      {
        id: 'user_178',
        name: 'User 178',
        email: 'user178@example.com',
        age: 48
      },
      {
        id: 'user_179',
        name: 'User 179',
        email: 'user179@example.com',
        age: 49
      },
      {
        id: 'user_18',
        name: 'User 18',
        email: 'user18@example.com',
        age: 38
      },
      {
        id: 'user_180',
        name: 'User 180',
        email: 'user180@example.com',
        age: 50
      },
      {
        id: 'user_181',
        name: 'User 181',
        email: 'user181@example.com',
        age: 51
      },
      {
        id: 'user_182',
        name: 'User 182',
        email: 'user182@example.com',
        age: 52
      },
      {
        id: 'user_183',
        name: 'User 183',
        email: 'user183@example.com',
        age: 53
      },
      {
        id: 'user_184',
        name: 'User 184',
        email: 'user184@example.com',
        age: 54
      },
      {
        id: 'user_185',
        name: 'User 185',
        email: 'user185@example.com',
        age: 55
      },
      {
        id: 'user_186',
        name: 'User 186',
        email: 'user186@example.com',
        age: 56
      },
      ... 902 more items
    ],
    bench_posts: [
      {
        id: 'post_0',
        title: 'Post 0',
        content: 'Content 0',
        published: 0,
        views: 0,
        authorId: 'user_0'
      },
      {
        id: 'post_1',
        title: 'Post 1',
        content: 'Content 1',
        published: 1,
        views: 1,
        authorId: 'user_1'
      },
      {
        id: 'post_10',
        title: 'Post 10',
        content: 'Content 10',
        published: 0,
        views: 10,
        authorId: 'user_10'
      },
      {
        id: 'post_100',
        title: 'Post 100',
        content: 'Content 100',
        published: 0,
        views: 100,
        authorId: 'user_100'
      },
      {
        id: 'post_101',
        title: 'Post 101',
        content: 'Content 101',
        published: 1,
        views: 101,
        authorId: 'user_101'
      },
      {
        id: 'post_102',
        title: 'Post 102',
        content: 'Content 102',
        published: 0,
        views: 102,
        authorId: 'user_102'
      },
      {
        id: 'post_103',
        title: 'Post 103',
        content: 'Content 103',
        published: 1,
        views: 103,
        authorId: 'user_103'
      },
      {
        id: 'post_104',
        title: 'Post 104',
        content: 'Content 104',
        published: 0,
        views: 104,
        authorId: 'user_104'
      },
      {
        id: 'post_105',
        title: 'Post 105',
        content: 'Content 105',
        published: 1,
        views: 105,
        authorId: 'user_105'
      },
      {
        id: 'post_106',
        title: 'Post 106',
        content: 'Content 106',
        published: 0,
        views: 106,
        authorId: 'user_106'
      },
      {
        id: 'post_107',
        title: 'Post 107',
        content: 'Content 107',
        published: 1,
        views: 107,
        authorId: 'user_107'
      },
      {
        id: 'post_108',
        title: 'Post 108',
        content: 'Content 108',
        published: 0,
        views: 108,
        authorId: 'user_108'
      },
      {
        id: 'post_109',
        title: 'Post 109',
        content: 'Content 109',
        published: 1,
        views: 109,
        authorId: 'user_109'
      },
      {
        id: 'post_11',
        title: 'Post 11',
        content: 'Content 11',
        published: 1,
        views: 11,
        authorId: 'user_11'
      },
      {
        id: 'post_110',
        title: 'Post 110',
        content: 'Content 110',
        published: 0,
        views: 110,
        authorId: 'user_110'
      },
      {
        id: 'post_111',
        title: 'Post 111',
        content: 'Content 111',
        published: 1,
        views: 111,
        authorId: 'user_111'
      },
      {
        id: 'post_112',
        title: 'Post 112',
        content: 'Content 112',
        published: 0,
        views: 112,
        authorId: 'user_112'
      },
      {
        id: 'post_113',
        title: 'Post 113',
        content: 'Content 113',
        published: 1,
        views: 113,
        authorId: 'user_113'
      },
      {
        id: 'post_114',
        title: 'Post 114',
        content: 'Content 114',
        published: 0,
        views: 114,
        authorId: 'user_114'
      },
      {
        id: 'post_115',
        title: 'Post 115',
        content: 'Content 115',
        published: 1,
        views: 115,
        authorId: 'user_115'
      },
      {
        id: 'post_116',
        title: 'Post 116',
        content: 'Content 116',
        published: 0,
        views: 116,
        authorId: 'user_116'
      },
      {
        id: 'post_117',
        title: 'Post 117',
        content: 'Content 117',
        published: 1,
        views: 117,
        authorId: 'user_117'
      },
      {
        id: 'post_118',
        title: 'Post 118',
        content: 'Content 118',
        published: 0,
        views: 118,
        authorId: 'user_118'
      },
      {
        id: 'post_119',
        title: 'Post 119',
        content: 'Content 119',
        published: 1,
        views: 119,
        authorId: 'user_119'
      },
      {
        id: 'post_12',
        title: 'Post 12',
        content: 'Content 12',
        published: 0,
        views: 12,
        authorId: 'user_12'
      },
      {
        id: 'post_120',
        title: 'Post 120',
        content: 'Content 120',
        published: 0,
        views: 120,
        authorId: 'user_120'
      },
      {
        id: 'post_121',
        title: 'Post 121',
        content: 'Content 121',
        published: 1,
        views: 121,
        authorId: 'user_121'
      },
      {
        id: 'post_122',
        title: 'Post 122',
        content: 'Content 122',
        published: 0,
        views: 122,
        authorId: 'user_122'
      },
      {
        id: 'post_123',
        title: 'Post 123',
        content: 'Content 123',
        published: 1,
        views: 123,
        authorId: 'user_123'
      },
      {
        id: 'post_124',
        title: 'Post 124',
        content: 'Content 124',
        published: 0,
        views: 124,
        authorId: 'user_124'
      },
      {
        id: 'post_125',
        title: 'Post 125',
        content: 'Content 125',
        published: 1,
        views: 125,
        authorId: 'user_125'
      },
      {
        id: 'post_126',
        title: 'Post 126',
        content: 'Content 126',
        published: 0,
        views: 126,
        authorId: 'user_126'
      },
      {
        id: 'post_127',
        title: 'Post 127',
        content: 'Content 127',
        published: 1,
        views: 127,
        authorId: 'user_127'
      },
      {
        id: 'post_128',
        title: 'Post 128',
        content: 'Content 128',
        published: 0,
        views: 128,
        authorId: 'user_128'
      },
      {
        id: 'post_129',
        title: 'Post 129',
        content: 'Content 129',
        published: 1,
        views: 129,
        authorId: 'user_129'
      },
      {
        id: 'post_13',
        title: 'Post 13',
        content: 'Content 13',
        published: 1,
        views: 13,
        authorId: 'user_13'
      },
      {
        id: 'post_130',
        title: 'Post 130',
        content: 'Content 130',
        published: 0,
        views: 130,
        authorId: 'user_130'
      },
      {
        id: 'post_131',
        title: 'Post 131',
        content: 'Content 131',
        published: 1,
        views: 131,
        authorId: 'user_131'
      },
      {
        id: 'post_132',
        title: 'Post 132',
        content: 'Content 132',
        published: 0,
        views: 132,
        authorId: 'user_132'
      },
      {
        id: 'post_133',
        title: 'Post 133',
        content: 'Content 133',
        published: 1,
        views: 133,
        authorId: 'user_133'
      },
      {
        id: 'post_134',
        title: 'Post 134',
        content: 'Content 134',
        published: 0,
        views: 134,
        authorId: 'user_134'
      },
      {
        id: 'post_135',
        title: 'Post 135',
        content: 'Content 135',
        published: 1,
        views: 135,
        authorId: 'user_135'
      },
      {
        id: 'post_136',
        title: 'Post 136',
        content: 'Content 136',
        published: 0,
        views: 136,
        authorId: 'user_136'
      },
      {
        id: 'post_137',
        title: 'Post 137',
        content: 'Content 137',
        published: 1,
        views: 137,
        authorId: 'user_137'
      },
      {
        id: 'post_138',
        title: 'Post 138',
        content: 'Content 138',
        published: 0,
        views: 138,
        authorId: 'user_138'
      },
      {
        id: 'post_139',
        title: 'Post 139',
        content: 'Content 139',
        published: 1,
        views: 139,
        authorId: 'user_139'
      },
      {
        id: 'post_14',
        title: 'Post 14',
        content: 'Content 14',
        published: 0,
        views: 14,
        authorId: 'user_14'
      },
      {
        id: 'post_140',
        title: 'Post 140',
        content: 'Content 140',
        published: 0,
        views: 140,
        authorId: 'user_140'
      },
      {
        id: 'post_141',
        title: 'Post 141',
        content: 'Content 141',
        published: 1,
        views: 141,
        authorId: 'user_141'
      },
      {
        id: 'post_142',
        title: 'Post 142',
        content: 'Content 142',
        published: 0,
        views: 142,
        authorId: 'user_142'
      },
      {
        id: 'post_143',
        title: 'Post 143',
        content: 'Content 143',
        published: 1,
        views: 143,
        authorId: 'user_143'
      },
      {
        id: 'post_144',
        title: 'Post 144',
        content: 'Content 144',
        published: 0,
        views: 144,
        authorId: 'user_144'
      },
      {
        id: 'post_145',
        title: 'Post 145',
        content: 'Content 145',
        published: 1,
        views: 145,
        authorId: 'user_145'
      },
      {
        id: 'post_146',
        title: 'Post 146',
        content: 'Content 146',
        published: 0,
        views: 146,
        authorId: 'user_146'
      },
      {
        id: 'post_147',
        title: 'Post 147',
        content: 'Content 147',
        published: 1,
        views: 147,
        authorId: 'user_147'
      },
      {
        id: 'post_148',
        title: 'Post 148',
        content: 'Content 148',
        published: 0,
        views: 148,
        authorId: 'user_148'
      },
      {
        id: 'post_149',
        title: 'Post 149',
        content: 'Content 149',
        published: 1,
        views: 149,
        authorId: 'user_149'
      },
      {
        id: 'post_15',
        title: 'Post 15',
        content: 'Content 15',
        published: 1,
        views: 15,
        authorId: 'user_15'
      },
      {
        id: 'post_150',
        title: 'Post 150',
        content: 'Content 150',
        published: 0,
        views: 150,
        authorId: 'user_150'
      },
      {
        id: 'post_1