
 RUN  v3.1.4 /Users/arnaud/code/viborm

 ✓ |raptor3| tests/raptor3/transitions/conditional-upsert-commands.test.ts (11 tests) 105ms
 ✓ |raptor3| tests/raptor3/transitions/singular-lattice-commands.test.ts (58 tests) 226ms
 ✓ |raptor3| tests/raptor3/transitions/shared-key-suppliers-commands.test.ts (4 tests) 52ms
 ✓ |raptor3| tests/raptor3/transitions/junction-identity-commands.test.ts (2 tests) 120ms
 ✓ |raptor3| tests/raptor3/transitions/series-staleness-commands.test.ts (4 tests) 62ms
 ✓ |raptor3| tests/raptor3/transitions/mixed-key-transitions-commands.test.ts (8 tests) 83ms
 ✓ |raptor3| tests/raptor3/transitions/supplier-continuations-commands.test.ts (10 tests) 86ms
 ✓ |raptor3| tests/raptor3/transitions/membership-own-write-commands.test.ts (8 tests) 70ms
 ✓ |raptor3| tests/raptor3/transitions/staleness-commands.test.ts (3 tests) 46ms
 ✓ |raptor3| tests/raptor3/transitions/singular-commands.test.ts (20 tests) 109ms
 ✓ |raptor3| tests/raptor3/transitions/junctions-commands.test.ts (26 tests) 289ms
 ✓ |raptor3| tests/raptor3/transitions/variant-removals-commands.test.ts (14 tests) 98ms
 ✓ |raptor3| tests/raptor3/transitions/occupied-keys-commands.test.ts (8 tests) 94ms
 ✓ |raptor3| tests/raptor3/transitions/required-commands.test.ts (8 tests) 60ms
 ✓ |raptor3| tests/raptor3/transitions/keys-commands.test.ts (14 tests) 94ms
 ✓ |raptor3| tests/raptor3/transitions/own-write-commands.test.ts (18 tests) 110ms

 Test Files  16 passed (16)
      Tests  216 passed (216)
   Start at  05:15:06
   Duration  4.69s (transform 1.20s, setup 16ms, collect 2.82s, tests 1.70s, environment 0ms, prepare 26ms)

JSON report written to /var/folders/2c/xh5rx2d91wd_lk8rvnnhlr4m0000gn/T/viborm-raptor3-g0-kEFxTd/vitest.json
Vitest resources: 6.62s wall, 840.6 MiB peak sampled process-group RSS (sampled ceiling 1536 MiB). Teardown verified.
Raptor 3 g2-contracts contract gate verified. Evidence: /var/folders/2c/xh5rx2d91wd_lk8rvnnhlr4m0000gn/T/viborm-raptor3-g0-kEFxTd
