
> viborm@0.1.0 test:coverage:policy /Users/arnaud/code/viborm
> node scripts/run-node-safe.mjs 512 60000 scripts/coverage-policy.test.mjs && node scripts/run-node-safe.mjs 512 60000 scripts/bounded-process.test.mjs && node scripts/run-node-safe.mjs 512 60000 scripts/test-run-lock.test.mjs

✔ every TypeScript source has exactly one coverage owner (4.620917ms)
✔ subsystem configs derive includes and thresholds from the manifest (0.226166ms)
✔ waived sources remain owned and included (0.135083ms)
✔ test fixtures use the workspace alias instead of root-absolute imports (34.491083ms)
✔ migration coverage admits every credential-free local contract (1.580791ms)
✔ migration core contracts open no database outside the named in-memory SQLite exception (9.485417ms)
✔ client coverage admits the core and audited deterministic contracts (0.183ms)
✔ driver coverage isolates provider resources and admits only audited local providers (3.093708ms)
✔ query coverage admits every core contract exactly once (3.06475ms)
✔ write coverage admits the core and audited high-signal local contracts (2.599292ms)
✔ cache coverage admits every deterministic cache contract exactly once (1.316125ms)
ℹ tests 11
ℹ suites 0
ℹ pass 11
ℹ fail 0
ℹ cancelled 0
ℹ skipped 0
ℹ todo 0
ℹ duration_ms 64.150083
Node resources: 0.33s wall, 0.6 MiB peak sampled process-group RSS (sampled ceiling 1536 MiB). Teardown verified.
✔ fails closed where process-tree bounds cannot be verified (0.583209ms)
✔ process-group RSS sums every member and ignores other groups (0.153417ms)
✔ process-group teardown ignores zombie-only groups (0.078291ms)
✔ heap replacement preserves unrelated Node options (0.096291ms)
✔ RSS limit defaults to the project cap and is configurable (0.403583ms)
✔ the ordinary ceiling is 1536 MiB and may only ever be lowered (0.094375ms)
✔ no ordinary caller can reach the 2560 MiB PGlite allowance (0.182833ms)
✔ the allowlisted typecheck ceiling reaches 8192 MiB and stops there (0.101334ms)
✔ the allowlisted PGlite ceiling reaches 2560 MiB and stops there (0.086583ms)
✔ the resource line names the ceiling that was applied (0.606416ms)
✔ a bounded run reports the ceiling it enforced (220.772ms)
✔ heap limits may be lowered but never raised above the caller cap (0.175208ms)
✔ Vitest arguments end with the enforced single-worker policy (0.045542ms)
RSS limit witness exceeded its 48 MiB sampled process-group RSS ceiling (ordinary project).
✔ the sampled RSS ceiling terminates the complete child group (553.449ms)
RSS group teardown witness exceeded its 48 MiB sampled process-group RSS ceiling (ordinary project).
RSS group teardown witness exceeded its 48 MiB sampled process-group RSS ceiling (ordinary project).
RSS group teardown witness exceeded its 48 MiB sampled process-group RSS ceiling (ordinary project).
RSS group teardown witness exceeded its 48 MiB sampled process-group RSS ceiling (ordinary project).
RSS group teardown witness exceeded its 48 MiB sampled process-group RSS ceiling (ordinary project).
RSS group teardown witness exceeded its 48 MiB sampled process-group RSS ceiling (ordinary project).
RSS group teardown witness exceeded its 48 MiB sampled process-group RSS ceiling (ordinary project).
RSS group teardown witness exceeded its 48 MiB sampled process-group RSS ceiling (ordinary project).
✔ RSS teardown verifies a group whose leader and worker exit together (5045.858375ms)
✔ normal leader exit still tears down inherited descendants (451.825625ms)
ℹ tests 16
ℹ suites 0
ℹ pass 16
ℹ fail 0
ℹ cancelled 0
ℹ skipped 0
ℹ todo 0
ℹ duration_ms 6278.721791
Node resources: 6.60s wall, 60.6 MiB peak sampled process-group RSS (sampled ceiling 1536 MiB). Teardown verified.
✔ a bounded descendant inherits its ancestor's workspace lock (294.663416ms)
✔ parses complete process rows without truncating commands (0.373084ms)
✔ refuses malformed, duplicate, and incomplete process graphs (0.166667ms)
✔ excludes every direct, pnpm, and coverage-wrapper ancestor (0.12275ms)
✔ finds stale Vitest, TypeScript, tsdown, and Vitest worker processes (0.244458ms)
✔ does not confuse a sibling path with the current workspace (0.206583ms)
ℹ tests 6
ℹ suites 0
ℹ pass 6
ℹ fail 0
ℹ cancelled 0
ℹ skipped 0
ℹ todo 0
ℹ duration_ms 298.517542
Node resources: 0.58s wall, 0.6 MiB peak sampled process-group RSS (sampled ceiling 1536 MiB). Teardown verified.
