
 RUN  v3.1.4 /Users/arnaud/code/viborm

 ✓ |raptor3| tests/raptor3/transitions/conditional-upsert-commands.test.ts (11 tests) 101ms
 ✓ |raptor3| tests/raptor3/transitions/singular-lattice-commands.test.ts (58 tests) 211ms
 ✓ |raptor3| tests/raptor3/transitions/shared-key-suppliers-commands.test.ts (4 tests) 50ms
 ✓ |raptor3| tests/raptor3/transitions/junction-identity-commands.test.ts (2 tests) 108ms
 ✓ |raptor3| tests/raptor3/transitions/series-staleness-commands.test.ts (4 tests) 64ms
 ✓ |raptor3| tests/raptor3/transitions/mixed-key-transitions-commands.test.ts (8 tests) 99ms
 ✓ |raptor3| tests/raptor3/transitions/supplier-continuations-commands.test.ts (10 tests) 77ms
 ✓ |raptor3| tests/raptor3/transitions/membership-own-write-commands.test.ts (8 tests) 59ms
 ✓ |raptor3| tests/raptor3/transitions/staleness-commands.test.ts (3 tests) 41ms
 ✓ |raptor3| tests/raptor3/transitions/singular-commands.test.ts (20 tests) 100ms
 ✓ |raptor3| tests/raptor3/transitions/junctions-commands.test.ts (26 tests) 193ms
 ✓ |raptor3| tests/raptor3/transitions/variant-removals-commands.test.ts (14 tests) 90ms
 ✓ |raptor3| tests/raptor3/transitions/occupied-keys-commands.test.ts (8 tests) 85ms
 ✓ |raptor3| tests/raptor3/transitions/required-commands.test.ts (8 tests) 55ms
 ✓ |raptor3| tests/raptor3/transitions/keys-commands.test.ts (14 tests) 87ms
 ✓ |raptor3| tests/raptor3/transitions/own-write-commands.test.ts (18 tests) 102ms

 Test Files  16 passed (16)
      Tests  216 passed (216)
   Start at  20:58:54
   Duration  3.88s (transform 887ms, setup 22ms, collect 2.17s, tests 1.52s, environment 0ms, prepare 26ms)

JSON report written to /private/tmp/viborm-main-tmp/viborm-raptor3-g0-iWmHzB/vitest.json
Vitest resources: 5.59s wall, 718.7 MiB peak sampled process-group RSS (sampled ceiling 1536 MiB). Teardown verified.
Raptor 3 g2-contracts contract gate verified. Evidence: /private/tmp/viborm-main-tmp/viborm-raptor3-g0-iWmHzB
