
 RUN  v3.1.4 /Users/arnaud/code/viborm

 ❯ |extended-local| tests/raptor3/g4/unit02/uncertain-outcome-meta.test.ts (2 tests | 1 failed) 50ms
   × G4-02 — an uncertain outcome is not a record series > 1. a root create rejected before dispatch answers the shipped meta 43ms
     → the rejected root create must answer what the shipped engine answers: {
  "shipped": {
    "rows": [],
    "failure": {
      "name": "QueryError",
      "code": "V2001",
      "meta": {
        "driver": "sqlite3",
        "model": "owner",
        "operation": "create"
      }
    }
  },
  "candidate": {
    "rows": [],
    "failure": {
      "name": "QueryError",
      "code": "V2001",
      "meta": {
        "driver": "sqlite3",
        "model": "owner",
        "operation": "create",
        "statementIndex": 0
      }
    }
  }
}
+ actual - expected

  {
    failure: {
      code: 'V2001',
      meta: {
        driver: 'sqlite3',
        model: 'owner',
        operation: 'create',
+       statementIndex: 0
      },
      name: 'QueryError'
    },
    rows: [],
    value: undefined

   ✓ G4-02 — an uncertain outcome is not a record series > 2. a real record series rejected the same way keeps its progress 7ms

⎯⎯⎯⎯⎯⎯⎯ Failed Tests 1 ⎯⎯⎯⎯⎯⎯⎯

 FAIL  |extended-local| tests/raptor3/g4/unit02/uncertain-outcome-meta.test.ts > G4-02 — an uncertain outcome is not a record series > 1. a root create rejected before dispatch answers the shipped meta
AssertionError: the rejected root create must answer what the shipped engine answers: {
  "shipped": {
    "rows": [],
    "failure": {
      "name": "QueryError",
      "code": "V2001",
      "meta": {
        "driver": "sqlite3",
        "model": "owner",
        "operation": "create"
      }
    }
  },
  "candidate": {
    "rows": [],
    "failure": {
      "name": "QueryError",
      "code": "V2001",
      "meta": {
        "driver": "sqlite3",
        "model": "owner",
        "operation": "create",
        "statementIndex": 0
      }
    }
  }
}
+ actual - expected

  {
    failure: {
      code: 'V2001',
      meta: {
        driver: 'sqlite3',
        model: 'owner',
        operation: 'create',
+       statementIndex: 0
      },
      name: 'QueryError'
    },
    rows: [],
    value: undefined


[32m- Expected[39m
[31m+ Received[39m

[33m@@ -3,10 +3,11 @@[39m
[2m      "code": "V2001",[22m
[2m      "meta": {[22m
[2m        "driver": "sqlite3",[22m
[2m        "model": "owner",[22m
[2m        "operation": "create",[22m
[31m+       "statementIndex": 0,[39m
[2m      },[22m
[2m      "name": "QueryError",[22m
[2m    },[22m
[2m    "rows": [],[22m
[2m    "value": undefined,[22m

 ❯ tests/raptor3/g4/unit02/uncertain-outcome-meta.test.ts:164:12
    162|       "a root single-record write has no series to report on"
    163|     );
    164|     assert.deepEqual(
       |            ^
    165|       candidate,
    166|       shipped,

⎯⎯⎯⎯⎯⎯⎯⎯⎯⎯⎯⎯⎯⎯⎯⎯⎯⎯⎯⎯⎯⎯⎯⎯[1/1]⎯


 Test Files  1 failed (1)
      Tests  1 failed | 1 passed (2)
   Start at  21:37:09
   Duration  4.46s (transform 2.60s, setup 19ms, collect 3.91s, tests 50ms, environment 0ms, prepare 66ms)

Vitest resources: 9.84s wall, 507.0 MiB peak sampled process-group RSS (sampled ceiling 1536 MiB). Teardown verified.
