
 RUN  v3.1.4 /Users/arnaud/code/viborm

 ✓ |raptor3| tests/raptor3/transitions/conditional-upsert-commands.test.ts (11 tests) 243ms
 ✓ |raptor3| tests/raptor3/transitions/singular-lattice-commands.test.ts (58 tests) 793ms
 ✓ |raptor3| tests/raptor3/transitions/shared-key-suppliers-commands.test.ts (4 tests) 144ms
 ✓ |raptor3| tests/raptor3/transitions/junction-identity-commands.test.ts (2 tests) 534ms
   ✓ G2 unique junction COC identity: commands atomic SQLite > g2-junction-coc-captured-target-replaced  395ms
 ✓ |raptor3| tests/raptor3/transitions/series-staleness-commands.test.ts (4 tests) 174ms
 ✓ |raptor3| tests/raptor3/transitions/mixed-key-transitions-commands.test.ts (8 tests) 240ms
 ✓ |raptor3| tests/raptor3/transitions/supplier-continuations-commands.test.ts (10 tests) 295ms
 ✓ |raptor3| tests/raptor3/transitions/membership-own-write-commands.test.ts (8 tests) 235ms
 ✓ |raptor3| tests/raptor3/transitions/staleness-commands.test.ts (3 tests) 148ms
 ✓ |raptor3| tests/raptor3/transitions/singular-commands.test.ts (20 tests) 588ms
 ✓ |raptor3| tests/raptor3/transitions/junctions-commands.test.ts (26 tests) 736ms
 ✓ |raptor3| tests/raptor3/transitions/variant-removals-commands.test.ts (14 tests) 342ms
 ✓ |raptor3| tests/raptor3/transitions/occupied-keys-commands.test.ts (8 tests) 258ms
 ✓ |raptor3| tests/raptor3/transitions/required-commands.test.ts (8 tests) 206ms
 ✓ |raptor3| tests/raptor3/transitions/keys-commands.test.ts (14 tests) 254ms
 ✓ |raptor3| tests/raptor3/transitions/own-write-commands.test.ts (18 tests) 403ms

 Test Files  16 passed (16)
      Tests  216 passed (216)
   Start at  21:35:06
   Duration  13.34s (transform 2.44s, setup 35ms, collect 7.40s, tests 5.59s, environment 0ms, prepare 55ms)

JSON report written to /var/folders/2c/xh5rx2d91wd_lk8rvnnhlr4m0000gn/T/viborm-raptor3-g0-tTNq3O/vitest.json
Vitest resources: 18.00s wall, 766.8 MiB peak sampled process-group RSS (sampled ceiling 1536 MiB). Teardown verified.
Raptor 3 g2-contracts contract gate verified. Evidence: /var/folders/2c/xh5rx2d91wd_lk8rvnnhlr4m0000gn/T/viborm-raptor3-g0-tTNq3O
