
 RUN  v3.1.4 /Users/arnaud/code/viborm

 ✓ |raptor3| tests/raptor3/g4/unit02/key-arithmetic.test.ts (20 tests) 354ms
 ✓ |raptor3| tests/raptor3/g4/unit02/upsert-key-portability.test.ts (19 tests) 344ms
 ✓ |raptor3| tests/raptor3/g4/unit02/malformed-result-cuts.test.ts (4 tests) 41ms
 ✓ |raptor3| tests/raptor3/g4/unit02/nested-key-refusal.test.ts (6 tests) 126ms
 ✓ |raptor3| tests/raptor3/g4/unit02/phase2-envelope-and-arithmetic.test.ts (7 tests) 65ms
 ✓ |raptor3| tests/raptor3/g4/unit02/recursive-codec-fit.test.ts (3 tests) 47ms
 ✓ |raptor3| tests/raptor3/g4/unit02/physical-envelope.test.ts (10 tests) 69ms
 ✓ |raptor3| tests/raptor3/g4/unit02/borrowed-envelope.test.ts (5 tests) 48ms
 ✓ |raptor3| tests/raptor3/g4/unit02/root-member-cut-trace.test.ts (4 tests) 47ms
 ✓ |raptor3| tests/raptor3/g4/unit02/packaged-array.test.ts (5 tests) 38ms
 ✓ |raptor3| tests/raptor3/g4/unit02/prepared-operation.test.ts (5 tests) 34ms
 ✓ |raptor3| tests/raptor3/g4/unit02/decimal-having-operand.test.ts (3 tests) 15ms
 ✓ |raptor3| tests/raptor3/g4/unit02/vector-capability.test.ts (1 test) 10ms
 ✓ |raptor3| tests/raptor3/g4/unit02/root-delete.test.ts (6 tests) 31ms
 ✓ |raptor3| tests/raptor3/g4/unit02/returning-safety-gate.test.ts (5 tests) 4ms
 ✓ |raptor3| tests/raptor3/g4/unit02/k-competing-refusals.test.ts (4 tests) 10ms
 ✓ |raptor3| tests/raptor3/g4/unit02/k-refusal-order-history.test.ts (3 tests) 9ms

 Test Files  17 passed (17)
      Tests  110 passed (110)
   Start at  21:35:40
   Duration  12.11s (transform 3.70s, setup 61ms, collect 10.21s, tests 1.29s, environment 0ms, prepare 94ms)

JSON report written to /var/folders/2c/xh5rx2d91wd_lk8rvnnhlr4m0000gn/T/viborm-raptor3-g0-gbyfje/vitest.json
Vitest resources: 17.39s wall, 699.9 MiB peak sampled process-group RSS (sampled ceiling 1536 MiB). Teardown verified.
Raptor 3 g4-unit02-author contract gate verified. Evidence: /var/folders/2c/xh5rx2d91wd_lk8rvnnhlr4m0000gn/T/viborm-raptor3-g0-gbyfje
