 ✓ |layer-query-engine| tests/contracts/engine/query/operand-callback-sql.core.test.ts (62 tests) 59ms
 ✓ |layer-query-engine| tests/contracts/engine/query/pending-operation-contracts.core.test.ts (27 tests) 15ms
 ✓ |layer-query-engine| tests/contracts/engine/query/field-reference-sql.core.test.ts (49 tests) 17ms
 ✓ |layer-query-engine| tests/contracts/architecture/extension-system-census.core.test.ts (8 tests) 1171ms
 ✓ |layer-query-engine| tests/contracts/engine/query/parity-decoding.core.test.ts (13 tests) 9ms
 ✓ |layer-query-engine| tests/contracts/engine/query/geopoint-sql.core.test.ts (14 tests) 7ms
 ✓ |layer-query-engine| tests/contracts/engine/query/decimal-having-operand-sql.core.test.ts (42 tests) 19ms
 ✓ |layer-query-engine| tests/contracts/engine/query/namespace-qualification.core.test.ts (122 tests) 17ms
 ✓ |layer-query-engine| tests/contracts/engine/query/model-key-catalog.core.test.ts (22 tests) 2ms
 ✓ |layer-query-engine| tests/contracts/engine/query/parity-admission.core.test.ts (75 tests) 34ms
 ✓ |layer-query-engine| tests/contracts/engine/query/parity-lowering.core.test.ts (20 tests) 11ms
 ✓ |layer-query-engine| tests/contracts/engine/query/cache-result-codec-boundaries.core.test.ts (9 tests) 3ms
 ✓ |layer-query-engine| tests/contracts/engine/query/starts-with-prefix-sql.core.test.ts (31 tests) 6ms
 ✓ |layer-query-engine| tests/contracts/architecture/geopoint-language-census.core.test.ts (4 tests) 2504ms
 ✓ |layer-query-engine| tests/contracts/architecture/core-taxonomy-census.core.test.ts (4 tests) 103ms
 ✓ |layer-query-engine| tests/contracts/engine/query/batch-attribution-hazard-signature.core.test.ts (5 tests) 2ms
 ✓ |layer-query-engine| tests/contracts/engine/query/for-update-dialects.core.test.ts (17 tests) 1ms
 ✓ |layer-query-engine| tests/contracts/engine/query/query-inspection.core.test.ts (8 tests) 1ms
 ✓ |layer-query-engine| tests/contracts/engine/query/json-null-sentinel-sql.core.test.ts (21 tests) 4ms
 ✓ |layer-query-engine| tests/contracts/architecture/contract-matrix.core.test.ts (5 tests) 51ms
 ✓ |layer-query-engine| tests/contracts/engine/query/parity-preparation.core.test.ts (36 tests) 9ms
 ✓ |layer-query-engine| tests/contracts/engine/query/parity-assignments.core.test.ts (6 tests) 7ms
 ✓ |layer-query-engine| tests/contracts/engine/query/lateral-joins.core.test.ts (11 tests) 2ms
 ✓ |layer-query-engine| tests/contracts/engine/query/operation-program-read-contracts.core.test.ts (2 tests) 5ms
 ✓ |layer-query-engine| tests/contracts/engine/query/select-mode-capability-matrix.core.test.ts (3 tests) 3ms
 ✓ |layer-query-engine| tests/contracts/engine/query/orderby-relation-depth.core.test.ts (4 tests) 1ms
 ✓ |layer-query-engine| tests/contracts/architecture/system-clock.core.test.ts (5 tests) 2ms
 ✓ |layer-query-engine| tests/contracts/engine/query/default-insert-sql.core.test.ts (3 tests) 0ms
 ✓ |layer-query-engine| tests/contracts/engine/query/bulk-insert-row-shapes.core.test.ts (2 tests) 3ms
 ✓ |layer-query-engine| tests/contracts/engine/query/result-aliases.core.test.ts (14 tests) 1ms
 ✓ |layer-query-engine| tests/contracts/engine/query/bind-budget.core.test.ts (2 tests) 0ms
 ✓ |layer-query-engine| tests/contracts/engine/query/nested-captured-target-signature.core.test.ts (1 test) 0ms
 Test Files  32 passed (32)
      Tests  647 passed (647)
 ✓ |coverage-write-engine-core| tests/contracts/engine/write/parse-boundary-gate.core.test.ts (3 tests) 12ms
 ✓ |coverage-write-engine-core| tests/contracts/engine/write/dead-symbol-gate.core.test.ts (43 tests) 639ms
 ✓ |coverage-write-engine-core| tests/contracts/engine/write/atomic-unit-batch.core.test.ts (3 tests) 0ms
 ✓ |coverage-write-engine-core| tests/contracts/engine/query/nested-create-many.core.test.ts (1 test) 7ms
 Test Files  4 passed (4)
      Tests  50 passed (50)
 ✓ |coverage-write-engine| tests/contracts/engine/write/neon-committed-segments-capability.test.ts (12 tests) 75ms
 ✓ |coverage-write-engine| tests/contracts/engine/write/parse-boundary-gate.core.test.ts (3 tests) 9ms
 ✓ |coverage-write-engine| tests/contracts/engine/write/dead-symbol-gate.core.test.ts (43 tests) 529ms
 ✓ |coverage-write-engine| tests/contracts/engine/write/atomic-unit-batch.core.test.ts (3 tests) 0ms
 ✓ |coverage-write-engine| tests/contracts/engine/query/nested-create-many.core.test.ts (1 test) 2ms
 Test Files  5 passed (5)
      Tests  62 passed (62)
 ✓ |coverage-raptor3| tests/raptor3/post-prep/g29-member-dependency.test.ts (14 tests) 74ms
 ✓ |coverage-raptor3| tests/raptor3/core-structure/member-scope.contract.test.ts (8 tests) 24ms
 ✓ |coverage-raptor3| tests/raptor3/g4/unit02/key-arithmetic.test.ts (21 tests) 65ms
 ✓ |coverage-raptor3| tests/raptor3/g3/author-execution-regressions.test.ts (3 tests) 18ms
 ✓ |coverage-raptor3| tests/raptor3/core-structure/structural-reference.test.ts (10 tests) 23ms
 ✓ |coverage-raptor3| tests/raptor3/g4/unit02/uncertain-outcome-meta.test.ts (8 tests) 18ms
 ✓ |coverage-raptor3| tests/raptor3/prep/recursive-read-fit.test.ts (6 tests) 9ms
 ✓ |coverage-raptor3| tests/raptor3/prep/suppression-replay.test.ts (5 tests) 32ms
 ✓ |coverage-raptor3| tests/raptor3/post-prep/g29-dependency-choices.test.ts (10 tests) 38ms
 ✓ |coverage-raptor3| tests/raptor3/gate.test.ts (8 tests) 91ms
 ✓ |coverage-raptor3| tests/raptor3/g4/unit02/upsert-key-portability.test.ts (19 tests) 109ms
 ✓ |coverage-raptor3| tests/raptor3/g4/read-codecs.test.ts (12 tests) 54ms
 ✓ |coverage-raptor3| tests/raptor3/prep/set-preparation.test.ts (6 tests) 10ms
 ✓ |coverage-raptor3| tests/raptor3/g4/unit02/lone-statement-transport.test.ts (7 tests) 20ms
 ✓ |coverage-raptor3| tests/raptor3/prep/selector-dependencies.test.ts (11 tests) 63ms
 ✓ |coverage-raptor3| tests/raptor3/prep/g3p04-review-regressions.test.ts (5 tests) 17ms
 ✓ |coverage-raptor3| tests/raptor3/g4/read-filters.test.ts (13 tests) 75ms
 ✓ |coverage-raptor3| tests/raptor3/core-structure/repeated-occurrence-ownership.test.ts (5 tests) 4ms
 ✓ |coverage-raptor3| tests/raptor3/prep/variant-collection-order.test.ts (4 tests) 36ms
 ✓ |coverage-raptor3| tests/raptor3/g4/unit01/repairs.test.ts (13 tests) 27ms
 ✓ |coverage-raptor3| tests/raptor3/g4/generation/harness.selftest.test.ts (6 tests) 105ms
 ✓ |coverage-raptor3| tests/raptor3/post-prep/g29-dependency-boundaries.test.ts (4 tests) 16ms
 ✓ |coverage-raptor3| tests/raptor3/core-structure/extension-a.contract.test.ts (6 tests) 17ms
 ✓ |coverage-raptor3| tests/raptor3/g4/review/unit01-followup2/distance-depth.test.ts (13 tests) 11ms
 ✓ |coverage-raptor3| tests/raptor3/ownership/commands.test.ts (6 tests) 5ms
 ✓ |coverage-raptor3| tests/raptor3/g4/parity/upsert-array-route.test.ts (6 tests) 16ms
 ✓ |coverage-raptor3| tests/raptor3/post-prep/projection-preparation.test.ts (4 tests) 5ms
 ✓ |coverage-raptor3| tests/raptor3/transport.test.ts (44 tests) 577ms
 ✓ |coverage-raptor3| tests/raptor3/post-prep/selector-preparation.test.ts (4 tests) 5ms
 ✓ |coverage-raptor3| tests/raptor3/g3/scope-failure-contract.test.ts (2 tests) 8ms
 ✓ |coverage-raptor3| tests/raptor3/g4/unit02/malformed-result-cuts.test.ts (4 tests) 9ms
 ✓ |coverage-raptor3| tests/raptor3/g4/unit01/repair2.test.ts (22 tests) 19ms
 ✓ |coverage-raptor3| tests/raptor3/g4/unit02/nested-key-refusal.test.ts (6 tests) 39ms
 ✓ |coverage-raptor3| tests/raptor3/g4/unit01/repair3.test.ts (14 tests) 13ms
 ✓ |coverage-raptor3| tests/raptor3/g3/transaction-array-contract.test.ts (4 tests) 10ms
 ✓ |coverage-raptor3| tests/raptor3/g4/unit02/phase2-envelope-and-arithmetic.test.ts (7 tests) 18ms
 ✓ |coverage-raptor3| tests/raptor3/g4/unit01/read-verbs.test.ts (9 tests) 9ms
 ✓ |coverage-raptor3| tests/raptor3/g4/read-recursive-fit.test.ts (3 tests) 14ms
 ✓ |coverage-raptor3| tests/raptor3/g4/unit02/recursive-codec-fit.test.ts (3 tests) 13ms
 ✓ |coverage-raptor3| tests/raptor3/post-prep/history-analysis.test.ts (5 tests) 3ms
 ✓ |coverage-raptor3| tests/raptor3/g3/review-execution-boundaries.test.ts (6 tests) 17ms
 ✓ |coverage-raptor3| tests/raptor3/core-structure/extension-composition.contract.test.ts (4 tests) 17ms
 ✓ |coverage-raptor3| tests/raptor3/g4/unit02/prepared-projection-reuse.test.ts (5 tests) 2ms
 ✓ |coverage-raptor3| tests/raptor3/g4/unit02/physical-envelope.test.ts (10 tests) 21ms
 ✓ |coverage-raptor3| tests/raptor3/g4/parity/lax-to-one.test.ts (24 tests) 47ms
 ✓ |coverage-raptor3| tests/raptor3/g4/unit02/borrowed-envelope.test.ts (5 tests) 16ms
 ✓ |coverage-raptor3| tests/raptor3/g4/review/unit01-followup3/decimal-domains.test.ts (17 tests) 19ms
 ✓ |coverage-raptor3| tests/raptor3/post-prep/g29-result-progress.test.ts (2 tests) 4ms
 ✓ |coverage-raptor3| tests/raptor3/g3/bulk-series-contract.test.ts (6 tests) 12ms
 ✓ |coverage-raptor3| tests/raptor3/g3/bulk-result-boundary.test.ts (5 tests) 10ms
 ✓ |coverage-raptor3| tests/raptor3/g4/unit01/filters.test.ts (8 tests) 9ms
 ✓ |coverage-raptor3| tests/raptor3/g3/suppression-retry-contract.test.ts (2 tests) 12ms
 ✓ |coverage-raptor3| tests/raptor3/g4/read-operations.test.ts (11 tests) 65ms
 ✓ |coverage-raptor3| tests/raptor3/g3/generation/generated-smoke.test.ts (6 tests) 172ms
 ✓ |coverage-raptor3| tests/raptor3/g3/depth-recurrence-contract.test.ts (6 tests) 19ms
 ✓ |coverage-raptor3| tests/raptor3/g4/unit01/order-projection.test.ts (6 tests) 8ms
 ✓ |coverage-raptor3| tests/raptor3/g4/unit02/prepared-operation.test.ts (6 tests) 14ms
 ✓ |coverage-raptor3| tests/raptor3/g4/unit02/root-member-cut-trace.test.ts (4 tests) 13ms
 ✓ |coverage-raptor3| tests/raptor3/g4/review/unit01-followup/distance-parity.test.ts (7 tests) 3ms
 ✓ |coverage-raptor3| tests/raptor3/core-structure/measurement/extension-recipes.selftest.test.ts (5 tests) 16ms
 ✓ |coverage-raptor3| tests/raptor3/core-structure/extension-b.contract.test.ts (4 tests) 9ms
 ✓ |coverage-raptor3| tests/raptor3/g4/read-projection.test.ts (7 tests) 44ms
 ✓ |coverage-raptor3| tests/raptor3/polish/commands.test.ts (6 tests) 33ms
 ✓ |coverage-raptor3| tests/raptor3/g4/review/unit01-followup/nested-reversal.test.ts (5 tests) 10ms
 ✓ |coverage-raptor3| tests/raptor3/g4/review/unit01-followup3/json-sentinel-sweep.test.ts (9 tests) 10ms
 ✓ |coverage-raptor3| tests/raptor3/g4/review/unit01-followup2/combinator-depth.test.ts (24 tests) 24ms
 ✓ |coverage-raptor3| tests/raptor3/g4/review/unit01-followup/order-oracle.test.ts (9 tests) 15ms
 ✓ |coverage-raptor3| tests/raptor3/g4/read-aggregates.test.ts (5 tests) 42ms
 ✓ |coverage-raptor3| tests/raptor3/transitions/diagnostics.test.ts (2 tests) 88ms
 ✓ |coverage-raptor3| tests/raptor3/g4/unit02/packaged-array.test.ts (3 tests) 6ms
 ✓ |coverage-raptor3| tests/raptor3/g4/unit02/prepared-statement-stability.test.ts (3 tests) 11ms
 ✓ |coverage-raptor3| tests/raptor3/g2-generated.test.ts (46 tests) 737ms
 ✓ |coverage-raptor3| tests/raptor3/g4/review/unit01-followup2/distance-pins.test.ts (4 tests) 4ms
 ✓ |coverage-raptor3| tests/raptor3/g4/review/unit01/shipped-parity.test.ts (8 tests) 14ms
 ✓ |coverage-raptor3| tests/raptor3/g4/read-ordering.test.ts (5 tests) 28ms
 ✓ |coverage-raptor3| tests/raptor3/g4/read-pagination.test.ts (6 tests) 37ms
 ✓ |coverage-raptor3| tests/raptor3/g2-transport.test.ts (16 tests) 590ms
 ✓ |coverage-raptor3| tests/raptor3/g4/review/unit01/decode-strictness.test.ts (7 tests) 6ms
 ✓ |coverage-raptor3| tests/raptor3/g4/review/unit01/having-projection.test.ts (5 tests) 5ms
 ✓ |coverage-raptor3| tests/raptor3/g4/review/unit01/order-cursor.test.ts (6 tests) 5ms
 ✓ |coverage-raptor3| tests/raptor3/g4/review/unit01-followup/operand-and-logic.test.ts (9 tests) 12ms
 ✓ |coverage-raptor3| tests/raptor3/post-prep/clearability-consumption.test.ts (4 tests) 14ms
 ✓ |coverage-raptor3| tests/raptor3/candidate-handoff.test.ts (6 tests) 7ms
 ✓ |coverage-raptor3| tests/raptor3/cleanup-failure.test.ts (2 tests) 26ms
 ✓ |coverage-raptor3| tests/raptor3/g4/unit01/codec-roundtrip.test.ts (5 tests) 5ms
 ✓ |coverage-raptor3| tests/raptor3/g3/generation/generated-transport-smoke.test.ts (1 test) 142ms
 ✓ |coverage-raptor3| tests/raptor3/transport-campaign.test.ts (1 test) 842ms
 ✓ |coverage-raptor3| tests/raptor3/g4/review/unit01-followup3/cursor-refusal-sweep.test.ts (11 tests) 8ms
 ✓ |coverage-raptor3| tests/raptor3/g4/unit02/vector-capability.test.ts (1 test) 4ms
 ✓ |coverage-raptor3| tests/raptor3/g4/unit02/root-delete.test.ts (6 tests) 16ms
 ✓ |coverage-raptor3| tests/raptor3/g4/unit01/variants.test.ts (3 tests) 4ms
 ✓ |coverage-raptor3| tests/raptor3/g2-harness.test.ts (6 tests) 56ms
 ✓ |coverage-raptor3| tests/raptor3/g4/unit02/decimal-having-operand.test.ts (1 test) 1ms
 ✓ |coverage-raptor3| tests/raptor3/g4/review/unit01-followup2/selector-facts.test.ts (5 tests) 14ms
 ✓ |coverage-raptor3| tests/raptor3/g4/review/unit01/whole-value-operands.test.ts (7 tests) 5ms
 ✓ |coverage-raptor3| tests/raptor3/g4/review/unit01/null-placement-parity.test.ts (2 tests) 2ms
 ✓ |coverage-raptor3| tests/raptor3/g4/unit01/recursive-vocabulary.test.ts (1 test) 2ms
 ✓ |coverage-raptor3| tests/raptor3/g4/unit02/returning-safety-gate.test.ts (5 tests) 1ms
 ✓ |coverage-raptor3| tests/raptor3/g4/review/unit01-followup2/decimal-fieldref.test.ts (2 tests) 3ms
 ✓ |coverage-raptor3| tests/raptor3/generated-gate.test.ts (3 tests) 35ms
 ✓ |coverage-raptor3| tests/raptor3/g4/review/unit01/nested-window.test.ts (3 tests) 4ms
 ✓ |coverage-raptor3| tests/raptor3/candidate.test.ts (48 tests) 297ms
 ✓ |coverage-raptor3| tests/raptor3/g4/unit01/geo-capability.test.ts (2 tests) 3ms
 ✓ |coverage-raptor3| tests/raptor3/g4/review/unit01/logical-forms.test.ts (3 tests) 4ms
 ✓ |coverage-raptor3| tests/raptor3/g4/review/unit01/variant-arms.test.ts (2 tests) 3ms
 ✓ |coverage-raptor3| tests/raptor3/g4/parity/series-member-premise.test.ts (4 tests) 20ms
 ✓ |coverage-raptor3| tests/raptor3/g4/review/unit01-followup2/json-sentinel.test.ts (3 tests) 3ms
 ✓ |coverage-raptor3| tests/raptor3/candidate-pagination.test.ts (8 tests) 8ms
 ✓ |coverage-raptor3| tests/raptor3/g4/unit02/k-competing-refusals.test.ts (4 tests) 5ms
 ✓ |coverage-raptor3| tests/raptor3/post-prep/schema-view-reuse.test.ts (1 test) 1ms
 ✓ |coverage-raptor3| tests/raptor3/g4/review/unit01-followup3/decimal-reach.test.ts (5 tests) 6ms
 ✓ |coverage-raptor3| tests/raptor3/g4/review/unit01/distance-projection.test.ts (1 test) 2ms
 ✓ |coverage-raptor3| tests/raptor3/g4/parity/increment-key-width.test.ts (1 test) 5ms
 ✓ |coverage-raptor3| tests/raptor3/g4/review/unit01-followup2/characterize.test.ts (10 tests) 7ms
 ✓ |coverage-raptor3| tests/raptor3/g4/unit02/k-refusal-order-history.test.ts (3 tests) 4ms
 ✓ |coverage-raptor3| tests/raptor3/candidate-ordering.test.ts (4 tests) 24ms
 ✓ |coverage-raptor3| tests/raptor3/g3/generation/failure-minimization.test.ts (1 test) 16ms
 ✓ |coverage-raptor3| tests/raptor3/g4/review/unit01-followup3/competing-refusals.test.ts (4 tests) 6ms
 ✓ |coverage-raptor3| tests/raptor3/g4/review/unit01-followup/empty-arm.test.ts (12 tests) 12ms
 ✓ |coverage-raptor3| tests/raptor3/g4/review/unit01-followup3/refusal-order-history.test.ts (3 tests) 4ms
 ✓ |coverage-raptor3| tests/raptor3/expanded/lifetime-commands.test.ts (16 tests) 46ms
 ✓ |coverage-raptor3| tests/raptor3/g2-campaign.test.ts (1 test) 2465ms
 ✓ |coverage-raptor3| tests/raptor3/transitions/conditional-upsert-commands.test.ts (11 tests) 85ms
 ✓ |coverage-raptor3| tests/raptor3/transitions/singular-lattice-commands.test.ts (58 tests) 237ms
 ✓ |coverage-raptor3| tests/raptor3/transitions/shared-key-suppliers-commands.test.ts (4 tests) 53ms
 ✓ |coverage-raptor3| tests/raptor3/transitions/junction-identity-commands.test.ts (2 tests) 27ms
 ✓ |coverage-raptor3| tests/raptor3/transitions/series-staleness-commands.test.ts (4 tests) 43ms
 ✓ |coverage-raptor3| tests/raptor3/g4/review/unit01-followup2/cursor-refusal.test.ts (2 tests) 3ms
 ✓ |coverage-raptor3| tests/raptor3/transitions/mixed-key-transitions-commands.test.ts (8 tests) 82ms
 ✓ |coverage-raptor3| tests/raptor3/transitions/supplier-continuations-commands.test.ts (10 tests) 76ms
 ✓ |coverage-raptor3| tests/raptor3/transitions/membership-own-write-commands.test.ts (8 tests) 43ms
 ✓ |coverage-raptor3| tests/raptor3/transitions/staleness-commands.test.ts (3 tests) 24ms
 ✓ |coverage-raptor3| tests/raptor3/transitions/singular-commands.test.ts (20 tests) 114ms
 ✓ |coverage-raptor3| tests/raptor3/transitions/junctions-commands.test.ts (26 tests) 258ms
 ✓ |coverage-raptor3| tests/raptor3/transitions/variant-removals-commands.test.ts (14 tests) 100ms
 ✓ |coverage-raptor3| tests/raptor3/transitions/occupied-keys-commands.test.ts (8 tests) 134ms
 ✓ |coverage-raptor3| tests/raptor3/transitions/required-commands.test.ts (8 tests) 43ms
 ✓ |coverage-raptor3| tests/raptor3/transitions/keys-commands.test.ts (14 tests) 106ms
 ✓ |coverage-raptor3| tests/raptor3/transitions/own-write-commands.test.ts (18 tests) 116ms
 ✓ |coverage-raptor3| tests/raptor3/transitions/membership-own-write-legacy.test.ts (8 tests) 61ms
 ✓ |coverage-raptor3| tests/raptor3/transitions/mixed-key-transitions-legacy.test.ts (8 tests) 112ms
 ✓ |coverage-raptor3| tests/raptor3/transitions/variant-removals-legacy.test.ts (14 tests) 83ms
 ✓ |coverage-raptor3| tests/raptor3/generated-campaign.test.ts (1 test) 1214ms
 ✓ |coverage-raptor3| tests/raptor3/transitions/conditional-upsert-legacy.test.ts (11 tests) 81ms
 ✓ |coverage-raptor3| tests/raptor3/transitions/shared-key-suppliers-legacy.test.ts (4 tests) 28ms
 ✓ |coverage-raptor3| tests/raptor3/transitions/own-write-legacy.test.ts (18 tests) 21ms
 ✓ |coverage-raptor3| tests/raptor3/expanded/compound-falsifier.test.ts (1 test) 1ms
 ✓ |coverage-raptor3| tests/raptor3/transitions/junction-identity-legacy.test.ts (2 tests) 7ms
 ✓ |coverage-raptor3| tests/raptor3/expanded/commands.test.ts (82 tests) 193ms
 ✓ |coverage-raptor3| tests/raptor3/expanded/variant-identity-commands.test.ts (42 tests) 119ms
 ✓ |coverage-raptor3| tests/raptor3/expanded/legacy.test.ts (82 tests) 108ms
 ✓ |coverage-raptor3| tests/raptor3/transitions/singular-legacy.test.ts (20 tests) 22ms
 ✓ |coverage-raptor3| tests/raptor3/transitions/junctions-legacy.test.ts (26 tests) 38ms
 ✓ |coverage-raptor3| tests/raptor3/transitions/required-legacy.test.ts (8 tests) 12ms
 ✓ |coverage-raptor3| tests/raptor3/transitions/series-staleness-legacy.test.ts (4 tests) 13ms
 ✓ |coverage-raptor3| tests/raptor3/transitions/keys-legacy.test.ts (14 tests) 20ms
 ✓ |coverage-raptor3| tests/raptor3/transitions/staleness-legacy.test.ts (3 tests) 7ms
 ✓ |coverage-raptor3| tests/raptor3/transitions/singular-lattice-legacy.test.ts (58 tests) 47ms
 ✓ |coverage-raptor3| tests/raptor3/transitions/supplier-continuations-legacy.test.ts (10 tests) 18ms
 ✓ |coverage-raptor3| tests/raptor3/expanded/variant-identity-legacy.test.ts (42 tests) 54ms
 ✓ |coverage-raptor3| tests/raptor3/expanded/lifetime-legacy.test.ts (16 tests) 21ms
 ✓ |coverage-raptor3| tests/raptor3/transitions/occupied-keys-legacy.test.ts (8 tests) 18ms
 ✓ |coverage-raptor3| tests/raptor3/fixed.test.ts (24 tests) 37ms
 ✓ |coverage-raptor3| tests/raptor3/generated-smoke.test.ts (32 tests) 226ms
 Test Files  164 passed (164)
      Tests  1661 passed (1661)
All files          |      88 |    91.19 |    90.9 |      88 |                   
