[test:all] raptor3-provider: tests/raptor3/expanded/produced-commands.test.ts
 ✓ |raptor3-provider| tests/raptor3/expanded/produced-commands.test.ts (3 tests) 795ms
 Test Files  1 passed (1)
      Tests  3 passed (3)
[test:all] raptor3-provider: tests/raptor3/expanded/produced-commands.test.ts: 4.33s wall, 1428.2 MiB peak sampled process-group RSS (sampled ceiling 2560 MiB, isolated live-PGlite provider). Teardown
[test:all] raptor3-provider: tests/raptor3/expanded/batch-produced-commands.test.ts
 ✓ |raptor3-provider| tests/raptor3/expanded/batch-produced-commands.test.ts (2 tests) 769ms
 Test Files  1 passed (1)
      Tests  2 passed (2)
[test:all] raptor3-provider: tests/raptor3/expanded/batch-produced-commands.test.ts: 3.90s wall, 1479.3 MiB peak sampled process-group RSS (sampled ceiling 2560 MiB, isolated live-PGlite provider). Te
[test:all] raptor3-provider: tests/raptor3/post-prep/g29-result-progress-pglite.test.ts
 ✓ |raptor3-provider| tests/raptor3/post-prep/g29-result-progress-pglite.test.ts (1 test) 820ms
 Test Files  1 passed (1)
      Tests  1 passed (1)
[test:all] raptor3-provider: tests/raptor3/post-prep/g29-result-progress-pglite.test.ts: 3.95s wall, 1386.1 MiB peak sampled process-group RSS (sampled ceiling 2560 MiB, isolated live-PGlite provider)
[test:all] raptor3-provider: tests/raptor3/g4/parity/postgres-identity-scratch.test.ts
 ✓ |raptor3-provider| tests/raptor3/g4/parity/postgres-identity-scratch.test.ts (2 tests) 796ms
 Test Files  1 passed (1)
      Tests  2 passed (2)
[test:all] raptor3-provider: tests/raptor3/g4/parity/postgres-identity-scratch.test.ts: 3.88s wall, 1458.7 MiB peak sampled process-group RSS (sampled ceiling 2560 MiB, isolated live-PGlite provider).
[test:all] raptor3-provider: tests/raptor3/expanded/produced-legacy.test.ts
 ✓ |raptor3-provider| tests/raptor3/expanded/produced-legacy.test.ts (3 tests) 874ms
 Test Files  1 passed (1)
      Tests  3 passed (3)
[test:all] raptor3-provider: tests/raptor3/expanded/produced-legacy.test.ts: 4.08s wall, 1323.5 MiB peak sampled process-group RSS (sampled ceiling 2560 MiB, isolated live-PGlite provider). Teardown v
[test:all] raptor3-provider: tests/raptor3/expanded/batch-produced-legacy.test.ts
 ✓ |raptor3-provider| tests/raptor3/expanded/batch-produced-legacy.test.ts (2 tests) 846ms
 Test Files  1 passed (1)
      Tests  2 passed (2)
[test:all] raptor3-provider: tests/raptor3/expanded/batch-produced-legacy.test.ts: 4.07s wall, 1429.0 MiB peak sampled process-group RSS (sampled ceiling 2560 MiB, isolated live-PGlite provider). Tear
