[test:all] extended-local shared-family shard 3/8 (14 suites)
 ✓ |extended-local| tests/contracts/engine/query/nested-mutation-routing.test.ts (72 tests) 1839ms
 ❯ |extended-local| tests/contracts/engine/write/progressive-parent-rowkey.test.ts (9 tests | 7 failed) 546ms
 ✓ |extended-local| tests/contracts/public-client/undefined-projection-keys.test.ts (19 tests) 576ms
 ✓ |extended-local| tests/unit/migrations/decimal-list-defaults.test.ts (5 tests) 733ms
 ✓ |extended-local| tests/contracts/engine/write/nested-depth-lift.test.ts (6 tests) 477ms
 ✓ |extended-local| tests/contracts/public-client/aggregate-result-types.test.ts (9 tests) 416ms
 ✓ |extended-local| tests/contracts/engine/query/to-one-filter-shorthand.test.ts (12 tests) 469ms
 ❯ |extended-local| tests/contracts/engine/write/generated-output-fallback.test.ts (5 tests | 1 failed) 561ms
 ✓ |extended-local| tests/contracts/engine/write/type-depth-ceiling.test.ts (2 tests) 592ms
 ✓ |extended-local| tests/contracts/engine/query/orderby-relation-depth.test.ts (4 tests) 449ms
 ✓ |extended-local| tests/contracts/engine/write/nested-update-pk-transition-cascade-occupied.test.ts (6 tests) 499ms
 ✓ |extended-local| tests/contracts/drivers/transaction-scope-scheduler.provider.test.ts (1 test) 508ms
 ✓ |extended-local| tests/contracts/public-client/nested-transaction-contract.test.ts (1 test) 519ms
 ✓ |extended-local| tests/contracts/engine/write/compound-relation-adoption.test.ts (4 tests) 559ms
 FAIL  |extended-local| tests/contracts/engine/write/generated-output-fallback.test.ts > generated output exact batch scratch > a nested generated key and relation-supplied publication stay in one nat
 FAIL  |extended-local| tests/contracts/engine/write/progressive-parent-rowkey.test.ts > H1 — the complete parent row key at a progressive nested series > row liveness and non-PK membership remain s
 FAIL  |extended-local| tests/contracts/engine/write/progressive-parent-rowkey.test.ts > H1 — the complete parent row key at a progressive nested series > a concurrent move of the referenced value f
 FAIL  |extended-local| tests/contracts/engine/write/progressive-parent-rowkey.test.ts > H1 — the complete parent row key at a progressive nested series > a child-held updateMany cannot continue und
 FAIL  |extended-local| tests/contracts/engine/write/progressive-parent-rowkey.test.ts > H1 — the complete parent row key at a progressive nested series > a before-root series re-pins the selected r
 FAIL  |extended-local| tests/contracts/engine/write/progressive-parent-rowkey.test.ts > H1 — each placement guards its exact progressive premise > a junction relation-bearing createMany
 FAIL  |extended-local| tests/contracts/engine/write/progressive-parent-rowkey.test.ts > H1 — each placement guards its exact progressive premise > a junction relation-bearing updateMany
 FAIL  |extended-local| tests/contracts/engine/write/progressive-parent-rowkey.test.ts > H1 — each placement guards its exact progressive premise > a child-held relation-bearing updateMany
 Test Files  2 failed | 12 passed (14)
      Tests  8 failed | 147 passed (155)
[test:all] extended-local shared-family shard 3/8 (14 suites): 12.41s wall, 1846.1 MiB peak sampled process-group RSS (sampled ceiling 2560 MiB, isolated live-PGlite provider). Teardown verified.
