[test:all] extended-local shared-family shard 4/8 (14 suites)
 ✓ |extended-local| tests/contracts/public-client/all-field-types.test.ts (8 tests) 753ms
 ❯ |extended-local| tests/contracts/engine/write/inverse-to-one-update-depth.test.ts (33 tests | 2 failed) 849ms
 ✓ |extended-local| tests/contracts/public-client/official-cache-invalidation.test.ts (11 tests) 609ms
 ✓ |extended-local| tests/contracts/engine/write/upsert-arm-referenced-edge.test.ts (18 tests) 628ms
 ✓ |extended-local| tests/contracts/engine/query/bulk-insert-row-shapes.test.ts (8 tests) 534ms
 ✓ |extended-local| tests/contracts/engine/query/nested-not-filter.test.ts (12 tests) 441ms
 ✓ |extended-local| tests/contracts/engine/query/relation-key-update-legality-local-fk.test.ts (6 tests) 627ms
 ✓ |extended-local| tests/unit/migrations/decimal-list-storage-agreement.test.ts (4 tests) 529ms
 ✓ |extended-local| tests/contracts/engine/write/adopt-family-depth.test.ts (4 tests) 526ms
 ✓ |extended-local| tests/unit/cache/batch-transaction-invalidation.test.ts (10 tests) 571ms
 ✓ |extended-local| tests/contracts/engine/write/nested-update-pk-transition-cascade-ordering.test.ts (6 tests) 455ms
 ✓ |extended-local| tests/contracts/engine/write/nested-depth-stress.test.ts (7 tests) 483ms
 ✓ |extended-local| tests/contracts/engine/write/reads.test.ts (54 tests) 718ms
 ❯ |extended-local| tests/contracts/engine/write/create-junction-upsert.test.ts (26 tests | 2 failed) 809ms
 FAIL  |extended-local| tests/contracts/engine/write/create-junction-upsert.test.ts > E5-U1 m2m upsert under a create root (transaction) > M7: two upsert items are refused even with DISJOINT selectors
 FAIL  |extended-local| tests/contracts/engine/write/create-junction-upsert.test.ts > E5-U1 m2m upsert under a create root (atomic batch) > M7: two upsert items are refused even with DISJOINT selector
 FAIL  |extended-local| tests/contracts/engine/write/inverse-to-one-update-depth.test.ts > E2-U1 provenance: the deeper key comes from the row the probe locked > a probe row without the located key fa
 FAIL  |extended-local| tests/contracts/engine/write/inverse-to-one-update-depth.test.ts > E2-U1 provenance: the deeper key comes from the row the probe locked > a probe row without the located key fa
 Test Files  2 failed | 12 passed (14)
      Tests  4 failed | 203 passed (207)
[test:all] extended-local shared-family shard 4/8 (14 suites): 12.20s wall, 2076.7 MiB peak sampled process-group RSS (sampled ceiling 2560 MiB, isolated live-PGlite provider). Teardown verified.
