
 RUN  v3.1.4 /Users/arnaud/code/viborm

 ✓ |raptor3| tests/raptor3/transitions/diagnostics.test.ts (2 tests) 116ms
 ✓ |raptor3| tests/raptor3/transitions/conditional-upsert-commands.test.ts (11 tests) 66ms
 ✓ |raptor3| tests/raptor3/transitions/singular-lattice-commands.test.ts (58 tests) 195ms
 ✓ |raptor3| tests/raptor3/transitions/shared-key-suppliers-commands.test.ts (4 tests) 31ms
 ✓ |raptor3| tests/raptor3/transitions/junction-identity-commands.test.ts (2 tests) 26ms
 ✓ |raptor3| tests/raptor3/transitions/series-staleness-commands.test.ts (4 tests) 55ms
 ✓ |raptor3| tests/raptor3/transitions/mixed-key-transitions-commands.test.ts (8 tests) 68ms
 ✓ |raptor3| tests/raptor3/transitions/supplier-continuations-commands.test.ts (10 tests) 67ms
 ✓ |raptor3| tests/raptor3/transitions/membership-own-write-commands.test.ts (8 tests) 51ms
 ✓ |raptor3| tests/raptor3/transitions/staleness-commands.test.ts (3 tests) 22ms
 ✓ |raptor3| tests/raptor3/transitions/singular-commands.test.ts (20 tests) 87ms
 ✓ |raptor3| tests/raptor3/transitions/junctions-commands.test.ts (26 tests) 186ms
 ✓ |raptor3| tests/raptor3/transitions/variant-removals-commands.test.ts (14 tests) 72ms
 ✓ |raptor3| tests/raptor3/transitions/occupied-keys-commands.test.ts (8 tests) 68ms
 ✓ |raptor3| tests/raptor3/transitions/required-commands.test.ts (8 tests) 35ms
 ✓ |raptor3| tests/raptor3/transitions/keys-commands.test.ts (14 tests) 73ms
 ✓ |raptor3| tests/raptor3/transitions/own-write-commands.test.ts (18 tests) 81ms

 Test Files  17 passed (17)
      Tests  218 passed (218)
   Start at  02:41:59
   Duration  4.50s (transform 1.16s, setup 18ms, collect 2.90s, tests 1.30s, environment 0ms, prepare 27ms)

Vitest resources: 6.63s wall, 860.2 MiB peak sampled process-group RSS (sampled ceiling 1536 MiB). Teardown verified.
exit=0
