
 RUN  v3.1.4 /Users/arnaud/code/viborm

 ✓ |raptor3| tests/raptor3/transitions/conditional-upsert-commands.test.ts (11 tests) 148ms
 ✓ |raptor3| tests/raptor3/transitions/singular-lattice-commands.test.ts (58 tests) 301ms
 ✓ |raptor3| tests/raptor3/transitions/shared-key-suppliers-commands.test.ts (4 tests) 76ms
 ✓ |raptor3| tests/raptor3/transitions/junction-identity-commands.test.ts (2 tests) 161ms
 ✓ |raptor3| tests/raptor3/transitions/series-staleness-commands.test.ts (4 tests) 75ms
 ✓ |raptor3| tests/raptor3/transitions/mixed-key-transitions-commands.test.ts (8 tests) 127ms
 ✓ |raptor3| tests/raptor3/transitions/supplier-continuations-commands.test.ts (10 tests) 120ms
 ✓ |raptor3| tests/raptor3/transitions/membership-own-write-commands.test.ts (8 tests) 96ms
 ✓ |raptor3| tests/raptor3/transitions/staleness-commands.test.ts (3 tests) 62ms
 ✓ |raptor3| tests/raptor3/transitions/singular-commands.test.ts (20 tests) 163ms
 ✓ |raptor3| tests/raptor3/transitions/junctions-commands.test.ts (26 tests) 289ms
 ✓ |raptor3| tests/raptor3/transitions/variant-removals-commands.test.ts (14 tests) 125ms
 ✓ |raptor3| tests/raptor3/transitions/occupied-keys-commands.test.ts (8 tests) 122ms
 ✓ |raptor3| tests/raptor3/transitions/required-commands.test.ts (8 tests) 80ms
 ✓ |raptor3| tests/raptor3/transitions/keys-commands.test.ts (14 tests) 129ms
 ✓ |raptor3| tests/raptor3/transitions/own-write-commands.test.ts (18 tests) 140ms

 Test Files  16 passed (16)
      Tests  216 passed (216)
   Start at  16:07:39
   Duration  6.11s (transform 1.44s, setup 21ms, collect 3.66s, tests 2.21s, environment 0ms, prepare 27ms)

JSON report written to /var/folders/2c/xh5rx2d91wd_lk8rvnnhlr4m0000gn/T/viborm-raptor3-g0-6tIkH9/vitest.json
Vitest resources: 8.22s wall, 819.5 MiB peak sampled process-group RSS (sampled ceiling 1536 MiB). Teardown verified.
Raptor 3 g2-contracts contract gate verified. Evidence: /var/folders/2c/xh5rx2d91wd_lk8rvnnhlr4m0000gn/T/viborm-raptor3-g0-6tIkH9
