
 RUN  v3.1.4 /Users/arnaud/code/viborm

 ✓ |raptor3| tests/raptor3/candidate-handoff.test.ts (6 tests) 24ms
 ❯ |raptor3| tests/raptor3/candidate.test.ts (48 tests | 8 failed) 293ms
   ✓ Raptor 3 G1-01: commands > sqlite-interactive > s1-parent-found 12ms
   ✓ Raptor 3 G1-01: commands > sqlite-interactive > s1-parent-missing 7ms
   ✓ Raptor 3 G1-01: commands > sqlite-interactive > s1-parent-rollback 9ms
   ✓ Raptor 3 G1-01: commands > sqlite-interactive > s1-child-found 8ms
   ✓ Raptor 3 G1-01: commands > sqlite-interactive > s1-child-missing 7ms
   ✓ Raptor 3 G1-01: commands > sqlite-interactive > s1-child-rollback 7ms
   × Raptor 3 G1-01: commands > sqlite-interactive > s2-distinct-defaults 6ms
     → Expected values to be strictly deep-equal:
+ actual - expected
... Skipped lines

  [
    {
      name: 'ticket.id',
      value: 'ticket-1'
    },
...
    },
-   {
-     name: 'ticket.id',
-     value: 'ticket-4'
-   },
-   {
-     name: 'ticket.id',
-     value: 'ticket-5'
-   }
  ]

   × Raptor 3 G1-01: commands > sqlite-interactive > s2-changed-dependency 4ms
     → Expected values to be strictly deep-equal:
+ actual - expected
... Skipped lines

  [
    {
      name: 'target.id',
      value: 1
    },
...
      name: 'target.id',
-     value: 1
-   },
-   {
-     name: 'target.id',
      value: 2
    }
  ]

   ✓ Raptor 3 G1-01: commands > sqlite-interactive > s3-grouped 2ms
   ✓ Raptor 3 G1-01: commands > sqlite-interactive > s3-empty 2ms
   ✓ Raptor 3 G1-01: commands > sqlite-interactive > s4-parent-pages 5ms
   ✓ Raptor 3 G1-01: commands > sqlite-interactive > s4-shared-occurrences 3ms
   ✓ Raptor 3 G1-01: commands > sqlite-atomic-batch > s1-parent-found 8ms
   ✓ Raptor 3 G1-01: commands > sqlite-atomic-batch > s1-parent-missing 17ms
   ✓ Raptor 3 G1-01: commands > sqlite-atomic-batch > s1-parent-rollback 10ms
   ✓ Raptor 3 G1-01: commands > sqlite-atomic-batch > s1-child-found 9ms
   ✓ Raptor 3 G1-01: commands > sqlite-atomic-batch > s1-child-missing 8ms
   ✓ Raptor 3 G1-01: commands > sqlite-atomic-batch > s1-child-rollback 7ms
   × Raptor 3 G1-01: commands > sqlite-atomic-batch > s2-distinct-defaults 3ms
     → Expected values to be strictly deep-equal:
+ actual - expected
... Skipped lines

  [
    {
      name: 'ticket.id',
      value: 'ticket-1'
    },
...
    },
-   {
-     name: 'ticket.id',
-     value: 'ticket-4'
-   },
-   {
-     name: 'ticket.id',
-     value: 'ticket-5'
-   }
  ]

   × Raptor 3 G1-01: commands > sqlite-atomic-batch > s2-changed-dependency 3ms
     → Expected values to be strictly deep-equal:
+ actual - expected
... Skipped lines

  [
    {
      name: 'target.id',
      value: 1
    },
...
      name: 'target.id',
-     value: 1
-   },
-   {
-     name: 'target.id',
      value: 2
    }
  ]

   ✓ Raptor 3 G1-01: commands > sqlite-atomic-batch > s3-grouped 2ms
   ✓ Raptor 3 G1-01: commands > sqlite-atomic-batch > s3-empty 1ms
   ✓ Raptor 3 G1-01: commands > sqlite-atomic-batch > s4-parent-pages 3ms
   ✓ Raptor 3 G1-01: commands > sqlite-atomic-batch > s4-shared-occurrences 3ms
   ✓ Raptor 3 G1-01: program > sqlite-interactive > s1-parent-found 19ms
   ✓ Raptor 3 G1-01: program > sqlite-interactive > s1-parent-missing 5ms
   ✓ Raptor 3 G1-01: program > sqlite-interactive > s1-parent-rollback 7ms
   ✓ Raptor 3 G1-01: program > sqlite-interactive > s1-child-found 6ms
   ✓ Raptor 3 G1-01: program > sqlite-interactive > s1-child-missing 7ms
   ✓ Raptor 3 G1-01: program > sqlite-interactive > s1-child-rollback 6ms
   × Raptor 3 G1-01: program > sqlite-interactive > s2-distinct-defaults 2ms
     → Expected values to be strictly deep-equal:
+ actual - expected
... Skipped lines

  [
    {
      name: 'ticket.id',
      value: 'ticket-1'
    },
...
    },
-   {
-     name: 'ticket.id',
-     value: 'ticket-4'
-   },
-   {
-     name: 'ticket.id',
-     value: 'ticket-5'
-   }
  ]

   × Raptor 3 G1-01: program > sqlite-interactive > s2-changed-dependency 2ms
     → Expected values to be strictly deep-equal:
+ actual - expected
... Skipped lines

  [
    {
      name: 'target.id',
      value: 1
    },
...
      name: 'target.id',
-     value: 1
-   },
-   {
-     name: 'target.id',
      value: 2
    }
  ]

   ✓ Raptor 3 G1-01: program > sqlite-interactive > s3-grouped 1ms
   ✓ Raptor 3 G1-01: program > sqlite-interactive > s3-empty 1ms
   ✓ Raptor 3 G1-01: program > sqlite-interactive > s4-parent-pages 3ms
   ✓ Raptor 3 G1-01: program > sqlite-interactive > s4-shared-occurrences 3ms
   ✓ Raptor 3 G1-01: program > sqlite-atomic-batch > s1-parent-found 6ms
   ✓ Raptor 3 G1-01: program > sqlite-atomic-batch > s1-parent-missing 5ms
   ✓ Raptor 3 G1-01: program > sqlite-atomic-batch > s1-parent-rollback 12ms
   ✓ Raptor 3 G1-01: program > sqlite-atomic-batch > s1-child-found 5ms
   ✓ Raptor 3 G1-01: program > sqlite-atomic-batch > s1-child-missing 7ms
   ✓ Raptor 3 G1-01: program > sqlite-atomic-batch > s1-child-rollback 6ms
   × Raptor 3 G1-01: program > sqlite-atomic-batch > s2-distinct-defaults 2ms
     → Expected values to be strictly deep-equal:
+ actual - expected
... Skipped lines

  [
    {
      name: 'ticket.id',
      value: 'ticket-1'
    },
...
    },
-   {
-     name: 'ticket.id',
-     value: 'ticket-4'
-   },
-   {
-     name: 'ticket.id',
-     value: 'ticket-5'
-   }
  ]

   × Raptor 3 G1-01: program > sqlite-atomic-batch > s2-changed-dependency 2ms
     → Expected values to be strictly deep-equal:
+ actual - expected
... Skipped lines

  [
    {
      name: 'target.id',
      value: 1
    },
...
      name: 'target.id',
-     value: 1
-   },
-   {
-     name: 'target.id',
      value: 2
    }
  ]

   ✓ Raptor 3 G1-01: program > sqlite-atomic-batch > s3-grouped 1ms
   ✓ Raptor 3 G1-01: program > sqlite-atomic-batch > s3-empty 1ms
   ✓ Raptor 3 G1-01: program > sqlite-atomic-batch > s4-parent-pages 3ms
   ✓ Raptor 3 G1-01: program > sqlite-atomic-batch > s4-shared-occurrences 2ms
 ✓ |raptor3| tests/raptor3/candidate-pagination.test.ts (8 tests) 10ms
 ❯ |raptor3| tests/raptor3/candidate-ordering.test.ts (4 tests | 4 failed) 16ms
   × Raptor 3 relation key order: commands > sqlite-interactive 7ms
     → Expected values to be strictly deep-equal:
+ actual - expected
... Skipped lines

  [
    {
      name: 'target.id',
      value: 1
    },
...
      name: 'target.id',
-     value: 1
-   },
-   {
-     name: 'target.id',
      value: 2
    }
  ]

   × Raptor 3 relation key order: commands > sqlite-atomic-batch 3ms
     → Expected values to be strictly deep-equal:
+ actual - expected
... Skipped lines

  [
    {
      name: 'target.id',
      value: 1
    },
...
      name: 'target.id',
-     value: 1
-   },
-   {
-     name: 'target.id',
      value: 2
    }
  ]

   × Raptor 3 relation key order: program > sqlite-interactive 3ms
     → Expected values to be strictly deep-equal:
+ actual - expected
... Skipped lines

  [
    {
      name: 'target.id',
      value: 1
    },
...
      name: 'target.id',
-     value: 1
-   },
-   {
-     name: 'target.id',
      value: 2
    }
  ]

   × Raptor 3 relation key order: program > sqlite-atomic-batch 3ms
     → Expected values to be strictly deep-equal:
+ actual - expected
... Skipped lines

  [
    {
      name: 'target.id',
      value: 1
    },
...
      name: 'target.id',
-     value: 1
-   },
-   {
-     name: 'target.id',
      value: 2
    }
  ]


⎯⎯⎯⎯⎯⎯ Failed Tests 12 ⎯⎯⎯⎯⎯⎯⎯

 FAIL  |raptor3| tests/raptor3/candidate-ordering.test.ts > Raptor 3 relation key order: commands > sqlite-interactive
 FAIL  |raptor3| tests/raptor3/candidate-ordering.test.ts > Raptor 3 relation key order: commands > sqlite-atomic-batch
 FAIL  |raptor3| tests/raptor3/candidate-ordering.test.ts > Raptor 3 relation key order: program > sqlite-interactive
 FAIL  |raptor3| tests/raptor3/candidate-ordering.test.ts > Raptor 3 relation key order: program > sqlite-atomic-batch
AssertionError: Expected values to be strictly deep-equal:
+ actual - expected
... Skipped lines

  [
    {
      name: 'target.id',
      value: 1
    },
...
      name: 'target.id',
-     value: 1
-   },
-   {
-     name: 'target.id',
      value: 2
    }
  ]


[32m- Expected[39m
[31m+ Received[39m

[33m@@ -7,12 +7,8 @@[39m
[2m      "name": "target.id",[22m
[2m      "value": 1,[22m
[2m    },[22m
[2m    {[22m
[2m      "name": "target.id",[22m
[32m-     "value": 1,[39m
[32m-   },[39m
[32m-   {[39m
[32m-     "name": "target.id",[39m
[2m      "value": 2,[22m
[2m    },[22m
[2m  ][22m

 ❯ Object.assert tests/raptor3/scenarios/contracts/instances.ts:362:16
    360|           "Nested operation 'set' on relation 'targets' depends on an …
    361|         );
    362|         assert.deepEqual(observation.defaults, [
       |                ^
    363|           { name: "target.id", value: 1 },
    364|           { name: "target.id", value: 1 },
 ❯ Object.assert tests/raptor3/harness/sqlite-world.ts:421:19
 ❯ verifyG0Pair tests/raptor3/harness/replay.ts:249:20
 ❯ tests/raptor3/candidate-ordering.test.ts:61:7

⎯⎯⎯⎯⎯⎯⎯⎯⎯⎯⎯⎯⎯⎯⎯⎯⎯⎯⎯⎯⎯⎯⎯[1/12]⎯

 FAIL  |raptor3| tests/raptor3/candidate.test.ts > Raptor 3 G1-01: commands > sqlite-interactive > s2-distinct-defaults
 FAIL  |raptor3| tests/raptor3/candidate.test.ts > Raptor 3 G1-01: commands > sqlite-atomic-batch > s2-distinct-defaults
 FAIL  |raptor3| tests/raptor3/candidate.test.ts > Raptor 3 G1-01: program > sqlite-interactive > s2-distinct-defaults
 FAIL  |raptor3| tests/raptor3/candidate.test.ts > Raptor 3 G1-01: program > sqlite-atomic-batch > s2-distinct-defaults
AssertionError: Expected values to be strictly deep-equal:
+ actual - expected
... Skipped lines

  [
    {
      name: 'ticket.id',
      value: 'ticket-1'
    },
...
    },
-   {
-     name: 'ticket.id',
-     value: 'ticket-4'
-   },
-   {
-     name: 'ticket.id',
-     value: 'ticket-5'
-   }
  ]


[32m- Expected[39m
[31m+ Received[39m

[33m@@ -9,14 +9,6 @@[39m
[2m    },[22m
[2m    {[22m
[2m      "name": "ticket.id",[22m
[2m      "value": "ticket-3",[22m
[2m    },[22m
[32m-   {[39m
[32m-     "name": "ticket.id",[39m
[32m-     "value": "ticket-4",[39m
[32m-   },[39m
[32m-   {[39m
[32m-     "name": "ticket.id",[39m
[32m-     "value": "ticket-5",[39m
[32m-   },[39m
[2m  ][22m

 ❯ Object.assert tests/raptor3/scenarios/contracts/instances.ts:182:16
    180|         // The envelope and each captured occurrence admit once in Rap…
    181|         // Keep the old duplicate relation evaluations visible in its …
    182|         assert.deepEqual(observation.defaults, [
       |                ^
    183|           { name: "ticket.id", value: "ticket-1" },
    184|           { name: "ticket.id", value: "ticket-2" },
 ❯ Object.assert tests/raptor3/harness/sqlite-world.ts:421:19
 ❯ verifyInstanceAdmissionPair tests/raptor3/scenarios/contracts/instances.ts:64:20
 ❯ tests/raptor3/candidate.test.ts:71:13

⎯⎯⎯⎯⎯⎯⎯⎯⎯⎯⎯⎯⎯⎯⎯⎯⎯⎯⎯⎯⎯⎯⎯[2/12]⎯

 FAIL  |raptor3| tests/raptor3/candidate.test.ts > Raptor 3 G1-01: commands > sqlite-interactive > s2-changed-dependency
 FAIL  |raptor3| tests/raptor3/candidate.test.ts > Raptor 3 G1-01: commands > sqlite-atomic-batch > s2-changed-dependency
 FAIL  |raptor3| tests/raptor3/candidate.test.ts > Raptor 3 G1-01: program > sqlite-interactive > s2-changed-dependency
 FAIL  |raptor3| tests/raptor3/candidate.test.ts > Raptor 3 G1-01: program > sqlite-atomic-batch > s2-changed-dependency
AssertionError: Expected values to be strictly deep-equal:
+ actual - expected
... Skipped lines

  [
    {
      name: 'target.id',
      value: 1
    },
...
      name: 'target.id',
-     value: 1
-   },
-   {
-     name: 'target.id',
      value: 2
    }
  ]


[32m- Expected[39m
[31m+ Received[39m

[33m@@ -7,12 +7,8 @@[39m
[2m      "name": "target.id",[22m
[2m      "value": 1,[22m
[2m    },[22m
[2m    {[22m
[2m      "name": "target.id",[22m
[32m-     "value": 1,[39m
[32m-   },[39m
[32m-   {[39m
[32m-     "name": "target.id",[39m
[2m      "value": 2,[22m
[2m    },[22m
[2m  ][22m

 ❯ Object.assert tests/raptor3/scenarios/contracts/instances.ts:362:16
    360|           "Nested operation 'set' on relation 'targets' depends on an …
    361|         );
    362|         assert.deepEqual(observation.defaults, [
       |                ^
    363|           { name: "target.id", value: 1 },
    364|           { name: "target.id", value: 1 },
 ❯ Object.assert tests/raptor3/harness/sqlite-world.ts:421:19
 ❯ verifyInstanceAdmissionPair tests/raptor3/scenarios/contracts/instances.ts:64:20
 ❯ tests/raptor3/candidate.test.ts:71:13

⎯⎯⎯⎯⎯⎯⎯⎯⎯⎯⎯⎯⎯⎯⎯⎯⎯⎯⎯⎯⎯⎯⎯[3/12]⎯


 Test Files  2 failed | 2 passed (4)
      Tests  12 failed | 54 passed (66)
   Start at  23:10:45
   Duration  2.54s (transform 1.16s, setup 17ms, collect 2.03s, tests 343ms, environment 0ms, prepare 31ms)

JSON report written to /var/folders/2c/xh5rx2d91wd_lk8rvnnhlr4m0000gn/T/viborm-raptor3-g0-fvpyUD/vitest.json
Vitest resources: 4.51s wall, 672.2 MiB peak sampled process-group RSS (sampled ceiling 1536 MiB). Teardown verified.
Raptor 3 verification failed; diagnostics: /var/folders/2c/xh5rx2d91wd_lk8rvnnhlr4m0000gn/T/viborm-raptor3-g0-fvpyUD
