
> viborm@0.1.0 package:lint /private/tmp/viborm-followups
> publint run --strict && attw --pack . --profile esm-only

Running publint v0.3.24 for viborm...
Packing files with `pnpm pack`...
Linting...
All good!

viborm v0.1.0

Build tools:
- @arethetypeswrong/cli@0.18.5
- typescript@5.9.3
- tsdown@0.19.0-beta.4

 (ignoring resolutions: 'node10', 'node16-cjs')

(ignored per resolution) ⚠️ A require call resolved to an ESM JavaScript file, which is an error in Node and some bundlers. CommonJS consumers will need to use a dynamic import. https://github.com/arethetypeswrong/arethetypeswrong.github.io/blob/main/docs/problems/CJSResolvesToESM.md

(ignored per resolution) 💀 Import failed to resolve to type declarations or JavaScript files. https://github.com/arethetypeswrong/arethetypeswrong.github.io/blob/main/docs/problems/NoResolution.md


"viborm"

node16 (from ESM): 🟢 (ESM)
bundler: 🟢 
node10: (ignored) 🟢 
node16 (from CJS): (ignored) ⚠️ ESM (dynamic import only)

***********************************

"viborm/schema"

node16 (from ESM): 🟢 (ESM)
bundler: 🟢 
node10: (ignored) 💀 Resolution failed
node16 (from CJS): (ignored) ⚠️ ESM (dynamic import only)

***********************************

"viborm/schema/json"

node16 (from ESM): 🟢 (ESM)
bundler: 🟢 
node10: (ignored) 💀 Resolution failed
node16 (from CJS): (ignored) ⚠️ ESM (dynamic import only)

***********************************

"viborm/driver"

node16 (from ESM): 🟢 (ESM)
bundler: 🟢 
node10: (ignored) 💀 Resolution failed
node16 (from CJS): (ignored) ⚠️ ESM (dynamic import only)

***********************************

"viborm/sql"

node16 (from ESM): 🟢 (ESM)
bundler: 🟢 
node10: (ignored) 💀 Resolution failed
node16 (from CJS): (ignored) ⚠️ ESM (dynamic import only)

***********************************

"viborm/pg"

node16 (from ESM): 🟢 (ESM)
bundler: 🟢 
node10: (ignored) 💀 Resolution failed
node16 (from CJS): (ignored) ⚠️ ESM (dynamic import only)

***********************************

"viborm/postgres"

node16 (from ESM): 🟢 (ESM)
bundler: 🟢 
node10: (ignored) 💀 Resolution failed
node16 (from CJS): (ignored) ⚠️ ESM (dynamic import only)

***********************************

"viborm/pglite"

node16 (from ESM): 🟢 (ESM)
bundler: 🟢 
node10: (ignored) 💀 Resolution failed
node16 (from CJS): (ignored) ⚠️ ESM (dynamic import only)

***********************************

"viborm/neon-http"

node16 (from ESM): 🟢 (ESM)
bundler: 🟢 
node10: (ignored) 💀 Resolution failed
node16 (from CJS): (ignored) ⚠️ ESM (dynamic import only)

***********************************

"viborm/bun-sql"

node16 (from ESM): 🟢 (ESM)
bundler: 🟢 
node10: (ignored) 💀 Resolution failed
node16 (from CJS): (ignored) ⚠️ ESM (dynamic import only)

***********************************

"viborm/mysql2"

node16 (from ESM): 🟢 (ESM)
bundler: 🟢 
node10: (ignored) 💀 Resolution failed
node16 (from CJS): (ignored) ⚠️ ESM (dynamic import only)

***********************************

"viborm/planetscale"

node16 (from ESM): 🟢 (ESM)
bundler: 🟢 
node10: (ignored) 💀 Resolution failed
node16 (from CJS): (ignored) ⚠️ ESM (dynamic import only)

***********************************

"viborm/sqlite3"

node16 (from ESM): 🟢 (ESM)
bundler: 🟢 
node10: (ignored) 💀 Resolution failed
node16 (from CJS): (ignored) ⚠️ ESM (dynamic import only)

***********************************

"viborm/libsql"

node16 (from ESM): 🟢 (ESM)
bundler: 🟢 
node10: (ignored) 💀 Resolution failed
node16 (from CJS): (ignored) ⚠️ ESM (dynamic import only)

***********************************

"viborm/d1"

node16 (from ESM): 🟢 (ESM)
bundler: 🟢 
node10: (ignored) 💀 Resolution failed
node16 (from CJS): (ignored) ⚠️ ESM (dynamic import only)

***********************************

"viborm/bun-sqlite"

node16 (from ESM): 🟢 (ESM)
bundler: 🟢 
node10: (ignored) 💀 Resolution failed
node16 (from CJS): (ignored) ⚠️ ESM (dynamic import only)

***********************************

"viborm/cache"

node16 (from ESM): 🟢 (ESM)
bundler: 🟢 
node10: (ignored) 💀 Resolution failed
node16 (from CJS): (ignored) ⚠️ ESM (dynamic import only)

***********************************

"viborm/cache/memory"

node16 (from ESM): 🟢 (ESM)
bundler: 🟢 
node10: (ignored) 💀 Resolution failed
node16 (from CJS): (ignored) ⚠️ ESM (dynamic import only)

***********************************

"viborm/cache/cloudflare-kv"

node16 (from ESM): 🟢 (ESM)
bundler: 🟢 
node10: (ignored) 💀 Resolution failed
node16 (from CJS): (ignored) ⚠️ ESM (dynamic import only)

***********************************

"viborm/migrations"

node16 (from ESM): 🟢 (ESM)
bundler: 🟢 
node10: (ignored) 💀 Resolution failed
node16 (from CJS): (ignored) ⚠️ ESM (dynamic import only)

***********************************

"viborm/migrations/storage/fs"

node16 (from ESM): 🟢 (ESM)
bundler: 🟢 
node10: (ignored) 💀 Resolution failed
node16 (from CJS): (ignored) ⚠️ ESM (dynamic import only)

***********************************

"viborm/config"

node16 (from ESM): 🟢 (ESM)
bundler: 🟢 
node10: (ignored) 💀 Resolution failed
node16 (from CJS): (ignored) ⚠️ ESM (dynamic import only)

***********************************

"viborm/client"

node16 (from ESM): 🟢 (ESM)
bundler: 🟢 
node10: (ignored) 💀 Resolution failed
node16 (from CJS): (ignored) ⚠️ ESM (dynamic import only)

***********************************

"viborm/validation"

node16 (from ESM): 🟢 (ESM)
bundler: 🟢 
node10: (ignored) 💀 Resolution failed
node16 (from CJS): (ignored) ⚠️ ESM (dynamic import only)

***********************************

"viborm/instrumentation"

node16 (from ESM): 🟢 (ESM)
bundler: 🟢 
node10: (ignored) 💀 Resolution failed
node16 (from CJS): (ignored) ⚠️ ESM (dynamic import only)

***********************************

"viborm/adapters"

node16 (from ESM): 🟢 (ESM)
bundler: 🟢 
node10: (ignored) 💀 Resolution failed
node16 (from CJS): (ignored) ⚠️ ESM (dynamic import only)

***********************************
