
 RUN  v3.1.4 /private/tmp/viborm-rulings-scratch-ra

 ❯ |raptor3| tests/raptor3/g3/review-execution-boundaries.test.ts (6 tests | 3 failed) 72ms
   ✓ G3-02 execution boundary review > keeps standalone multi-statement createMany on its atomic batch route 33ms
   × G3-02 execution boundary review > reads a supported incremented key when the public result omits it 14ms
     → Raptor 3 createMany final read returned inconsistent row counts.
   × G3-02 execution boundary review > reads through a supported compound key transition with omitted result keys 11ms
     → Raptor 3 createMany final read returned inconsistent row counts.
   ✓ G3-02 execution boundary review > reads a supported decimal key increment through its provider expression 5ms
   ✓ G3-02 execution boundary review > partitions set inserts by compiled bind count and preserves result order 5ms
   × G3-02 execution boundary review > partitions non-returning terminal reads by bind count and preserves input order 5ms
     → Raptor 3 createMany final read returned inconsistent row counts.

⎯⎯⎯⎯⎯⎯⎯ Failed Tests 3 ⎯⎯⎯⎯⎯⎯⎯

 FAIL  |raptor3| tests/raptor3/g3/review-execution-boundaries.test.ts > G3-02 execution boundary review > reads a supported incremented key when the public result omits it
QueryEngineError: Raptor 3 createMany final read returned inconsistent row counts.
⎯⎯⎯⎯⎯⎯⎯⎯⎯⎯⎯⎯⎯⎯⎯⎯⎯⎯⎯⎯⎯⎯⎯⎯[1/3]⎯

 FAIL  |raptor3| tests/raptor3/g3/review-execution-boundaries.test.ts > G3-02 execution boundary review > reads through a supported compound key transition with omitted result keys
QueryEngineError: Raptor 3 createMany final read returned inconsistent row counts.
⎯⎯⎯⎯⎯⎯⎯⎯⎯⎯⎯⎯⎯⎯⎯⎯⎯⎯⎯⎯⎯⎯⎯⎯[2/3]⎯

 FAIL  |raptor3| tests/raptor3/g3/review-execution-boundaries.test.ts > G3-02 execution boundary review > partitions non-returning terminal reads by bind count and preserves input order
QueryEngineError: Raptor 3 createMany final read returned inconsistent row counts.
⎯⎯⎯⎯⎯⎯⎯⎯⎯⎯⎯⎯⎯⎯⎯⎯⎯⎯⎯⎯⎯⎯⎯⎯[3/3]⎯


 Test Files  1 failed (1)
      Tests  3 failed | 3 passed (6)
   Start at  21:13:53
   Duration  1.86s (transform 953ms, setup 9ms, collect 1.44s, tests 72ms, environment 0ms, prepare 38ms)

JSON report written to /private/tmp/viborm-rulings-tmp-ra/viborm-raptor3-g0-cUzUsI/vitest.json
Vitest resources: 4.05s wall, 464.7 MiB peak sampled process-group RSS (sampled ceiling 1536 MiB). Teardown verified.
Raptor 3 verification failed; diagnostics: /private/tmp/viborm-rulings-tmp-ra/viborm-raptor3-g0-cUzUsI
