
 RUN  v3.1.4 /Users/arnaud/code/viborm

 ❯ |raptor3-live-provider| tests/raptor3/g4/native/read-envelope-native.test.ts (4 tests | 4 failed) 9ms
   × G4 native pg read envelope > g4-native-scalar-codec-round-trip 6ms
     → connect ECONNREFUSED 127.0.0.1:5434
   × G4 native pg read envelope > g4-native-string-mode-and-nulls-ordering 1ms
     → connect ECONNREFUSED 127.0.0.1:5434
   × G4 native pg read envelope > g4-native-cursor-pagination-and-aggregate-shapes 1ms
     → connect ECONNREFUSED 127.0.0.1:5434
   × G4 native pg read envelope > g4-native-recursive-read-fit 1ms
     → connect ECONNREFUSED 127.0.0.1:5434

⎯⎯⎯⎯⎯⎯⎯ Failed Tests 4 ⎯⎯⎯⎯⎯⎯⎯

 FAIL  |raptor3-live-provider| tests/raptor3/g4/native/read-envelope-native.test.ts > G4 native pg read envelope > g4-native-scalar-codec-round-trip
Error: connect ECONNREFUSED 127.0.0.1:5434
 ❯ node_modules/.pnpm/pg-pool@3.14.0_pg@8.22.0/node_modules/pg-pool/index.js:45:11
 ❯ write tests/raptor3/transitions/live-world.ts:384:13
    382|   let peerDriver: AnyDriver | undefined;
    383|   const write: NativeWrite = async (statement, parameters = []) => {
    384|     if (pg) await pg.query(statement, parameters);
       |             ^
    385|     else await mysql!.query(statement, parameters);
    386|   };
 ❯ runLiveWorld tests/raptor3/transitions/live-world.ts:394:5
 ❯ runCodecRoundTrip tests/raptor3/g4/native/read-envelope-native.test.ts:165:17

⎯⎯⎯⎯⎯⎯⎯⎯⎯⎯⎯⎯⎯⎯⎯⎯⎯⎯⎯⎯⎯⎯⎯⎯[1/4]⎯

 FAIL  |raptor3-live-provider| tests/raptor3/g4/native/read-envelope-native.test.ts > G4 native pg read envelope > g4-native-string-mode-and-nulls-ordering
Error: connect ECONNREFUSED 127.0.0.1:5434
 ❯ node_modules/.pnpm/pg-pool@3.14.0_pg@8.22.0/node_modules/pg-pool/index.js:45:11
 ❯ write tests/raptor3/transitions/live-world.ts:384:13
    382|   let peerDriver: AnyDriver | undefined;
    383|   const write: NativeWrite = async (statement, parameters = []) => {
    384|     if (pg) await pg.query(statement, parameters);
       |             ^
    385|     else await mysql!.query(statement, parameters);
    386|   };
 ❯ runLiveWorld tests/raptor3/transitions/live-world.ts:394:5
 ❯ runCollationAndNulls tests/raptor3/g4/native/read-envelope-native.test.ts:221:17

⎯⎯⎯⎯⎯⎯⎯⎯⎯⎯⎯⎯⎯⎯⎯⎯⎯⎯⎯⎯⎯⎯⎯⎯[2/4]⎯

 FAIL  |raptor3-live-provider| tests/raptor3/g4/native/read-envelope-native.test.ts > G4 native pg read envelope > g4-native-cursor-pagination-and-aggregate-shapes
Error: connect ECONNREFUSED 127.0.0.1:5434
 ❯ node_modules/.pnpm/pg-pool@3.14.0_pg@8.22.0/node_modules/pg-pool/index.js:45:11
 ❯ write tests/raptor3/transitions/live-world.ts:384:13
    382|   let peerDriver: AnyDriver | undefined;
    383|   const write: NativeWrite = async (statement, parameters = []) => {
    384|     if (pg) await pg.query(statement, parameters);
       |             ^
    385|     else await mysql!.query(statement, parameters);
    386|   };
 ❯ runLiveWorld tests/raptor3/transitions/live-world.ts:394:5
 ❯ runCursorAndAggregates tests/raptor3/g4/native/read-envelope-native.test.ts:280:17

⎯⎯⎯⎯⎯⎯⎯⎯⎯⎯⎯⎯⎯⎯⎯⎯⎯⎯⎯⎯⎯⎯⎯⎯[3/4]⎯

 FAIL  |raptor3-live-provider| tests/raptor3/g4/native/read-envelope-native.test.ts > G4 native pg read envelope > g4-native-recursive-read-fit
Error: connect ECONNREFUSED 127.0.0.1:5434
 ❯ node_modules/.pnpm/pg-pool@3.14.0_pg@8.22.0/node_modules/pg-pool/index.js:45:11
 ❯ write tests/raptor3/transitions/live-world.ts:384:13
    382|   let peerDriver: AnyDriver | undefined;
    383|   const write: NativeWrite = async (statement, parameters = []) => {
    384|     if (pg) await pg.query(statement, parameters);
       |             ^
    385|     else await mysql!.query(statement, parameters);
    386|   };
 ❯ runLiveWorld tests/raptor3/transitions/live-world.ts:394:5
 ❯ runRecursiveFit tests/raptor3/g4/native/read-envelope-native.test.ts:378:17

⎯⎯⎯⎯⎯⎯⎯⎯⎯⎯⎯⎯⎯⎯⎯⎯⎯⎯⎯⎯⎯⎯⎯⎯[4/4]⎯


 Test Files  1 failed (1)
      Tests  4 failed (4)
   Start at  23:38:51
   Duration  2.05s (transform 1.19s, setup 10ms, collect 1.88s, tests 9ms, environment 0ms, prepare 44ms)

JSON report written to /var/folders/2c/xh5rx2d91wd_lk8rvnnhlr4m0000gn/T/viborm-raptor3-g0-9FT8CW/vitest.json
Vitest resources: 4.69s wall, 512.7 MiB peak sampled process-group RSS (sampled ceiling 1536 MiB). Teardown verified.
Raptor 3 verification failed; diagnostics: /var/folders/2c/xh5rx2d91wd_lk8rvnnhlr4m0000gn/T/viborm-raptor3-g0-9FT8CW
