
 RUN  v3.1.4 /Users/arnaud/code/viborm

 ❯ |raptor3| tests/raptor3/gate.test.ts (1 test | 1 failed) 5ms
   × replays the saved corpus against its exact executed-source identity 4ms
     → [
  {
    "code": "unrecognized_keys",
    "keys": [
      "subject"
    ],
    "path": [],
    "message": "Unrecognized key: \"subject\""
  }
]

⎯⎯⎯⎯⎯⎯⎯ Failed Tests 1 ⎯⎯⎯⎯⎯⎯⎯

 FAIL  |raptor3| tests/raptor3/gate.test.ts > replays the saved corpus against its exact executed-source identity
ZodError: [
  {
    "code": "unrecognized_keys",
    "keys": [
      "subject"
    ],
    "path": [],
    "message": "Unrecognized key: \"subject\""
  }
]
 ❯ tests/raptor3/gate.test.ts:131:37
    129| } else if (replayPath) {
    130|   it("replays the saved corpus against its exact executed-source ident…
    131|     const envelope = envelopeSchema.parse(
       |                                     ^
    132|       JSON.parse(await readFile(replayPath, "utf8"))
    133|     );

⎯⎯⎯⎯⎯⎯⎯⎯⎯⎯⎯⎯⎯⎯⎯⎯⎯⎯⎯⎯⎯⎯⎯⎯[1/1]⎯


 Test Files  1 failed (1)
      Tests  1 failed (1)
   Start at  00:01:33
   Duration  2.08s (transform 1.26s, setup 8ms, collect 1.94s, tests 5ms, environment 0ms, prepare 28ms)

JSON report written to /var/folders/2c/xh5rx2d91wd_lk8rvnnhlr4m0000gn/T/viborm-raptor3-g0-vRPisy/vitest.json
Vitest resources: 4.15s wall, 552.9 MiB peak sampled process-group RSS (sampled ceiling 1536 MiB). Teardown verified.
Raptor 3 verification failed; diagnostics: /var/folders/2c/xh5rx2d91wd_lk8rvnnhlr4m0000gn/T/viborm-raptor3-g0-vRPisy
