source b5fde8c1eec56992eaadd898c72e462a191151e5
tree-clean-tracked 3
harness-identity 09e5ff964ae8f5af3642aa0ad89096407e01ef130dbb39592c49b2bf1f8d649f
node v24.21.0 pnpm 10.11.0 lockfile c366c9806e268e19970626c34e0c5ea1bb74cc7c24b388fa072d580d7bf9aceb
started 2026-09-21T11:55:26Z
13:55  up 21 days, 13:35, 3 users, load averages: 7.02 9.51 9.42
=== typecheck
exit=0
=== fixed
exit=0
 Test Files  89 passed (89)
      Tests  955 passed (955)
Vitest resources: 13.53s wall, 856.6 MiB peak sampled process-group RSS (sampled ceiling 1536 MiB). Teardown verified.
=== parity-1
exit=0
 Test Files  19 passed (19)
      Tests  172 passed (172)
Vitest resources: 8.09s wall, 747.5 MiB peak sampled process-group RSS (sampled ceiling 1536 MiB). Teardown verified.
=== parity-2
exit=0
 Test Files  15 passed (15)
      Tests  140 passed (140)
Vitest resources: 8.16s wall, 681.9 MiB peak sampled process-group RSS (sampled ceiling 1536 MiB). Teardown verified.
=== parity-3
exit=0
 Test Files  21 passed (21)
      Tests  215 passed (215)
Vitest resources: 8.60s wall, 738.1 MiB peak sampled process-group RSS (sampled ceiling 1536 MiB). Teardown verified.
=== conf-fk
exit=0
 Test Files  1 passed (1)
      Tests  28 passed (28)
Vitest resources: 4.53s wall, 1588.9 MiB peak sampled process-group RSS (sampled ceiling 2560 MiB, isolated PGlite provider). Teardown verified.
=== conf-m2m
exit=0
 Test Files  1 passed (1)
      Tests  34 passed (34)
Vitest resources: 6.02s wall, 1535.4 MiB peak sampled process-group RSS (sampled ceiling 2560 MiB, isolated PGlite provider). Teardown verified.
=== conf-membership
exit=0
 Test Files  1 passed (1)
      Tests  30 passed (30)
Vitest resources: 6.66s wall, 1582.0 MiB peak sampled process-group RSS (sampled ceiling 2560 MiB, isolated PGlite provider). Teardown verified.
=== conf-root-dependency
exit=0
 Test Files  1 passed (1)
      Tests  30 passed (30)
Vitest resources: 5.22s wall, 1575.8 MiB peak sampled process-group RSS (sampled ceiling 2560 MiB, isolated PGlite provider). Teardown verified.
=== conf-to-one
exit=0
 Test Files  1 passed (1)
      Tests  19 passed (19)
Vitest resources: 4.79s wall, 1553.9 MiB peak sampled process-group RSS (sampled ceiling 2560 MiB, isolated PGlite provider). Teardown verified.
=== conf-transitive
exit=0
 Test Files  1 passed (1)
      Tests  31 passed (31)
Vitest resources: 5.05s wall, 1667.4 MiB peak sampled process-group RSS (sampled ceiling 2560 MiB, isolated PGlite provider). Teardown verified.
=== g2-baseline
exit=0
 Test Files  16 passed (16)
      Tests  216 passed (216)
Vitest resources: 4.61s wall, 711.6 MiB peak sampled process-group RSS (sampled ceiling 1536 MiB). Teardown verified.
=== g2-contracts
exit=0
 Test Files  16 passed (16)
      Tests  216 passed (216)
Vitest resources: 5.93s wall, 757.4 MiB peak sampled process-group RSS (sampled ceiling 1536 MiB). Teardown verified.
=== g1-compare
exit=0
 Test Files  4 passed (4)
      Tests  36 passed (36)
Vitest resources: 3.60s wall, 589.1 MiB peak sampled process-group RSS (sampled ceiling 1536 MiB). Teardown verified.
=== transport-smoke
exit=0
 Test Files  1 passed (1)
      Tests  1 passed (1)
Vitest resources: 3.29s wall, 474.3 MiB peak sampled process-group RSS (sampled ceiling 1536 MiB). Teardown verified.
=== transaction-array
exit=0
 Test Files  1 passed (1)
      Tests  4 passed (4)
Vitest resources: 3.12s wall, 481.7 MiB peak sampled process-group RSS (sampled ceiling 1536 MiB). Teardown verified.
=== pglite-provider
exit=0
 Test Files  3 passed (3)
      Tests  7 passed (7)
Vitest resources: 5.09s wall, 1716.9 MiB peak sampled process-group RSS (sampled ceiling 2560 MiB, isolated PGlite provider). Teardown verified.
=== census
exit=0
=== build
exit=0
ℹ dist/diagnostics-CFGk6R7k.mjs.map                    48.47 kB │ gzip:  11.73 kB
ℹ dist/diagnostics-CFGk6R7k.mjs                        11.81 kB │ gzip:   4.53 kB
Node resources: 2.57s wall, 867.3 MiB peak sampled process-group RSS (sampled ceiling 1536 MiB). Teardown verified.
=== campaign-receipts
exit=0
Node resources: 0.48s wall, 62.2 MiB peak sampled process-group RSS (sampled ceiling 1536 MiB). Teardown verified.
=== coverage-policy
exit=0
Node resources: 0.42s wall, 0.5 MiB peak sampled process-group RSS (sampled ceiling 1536 MiB). Teardown verified.
Node resources: 6.45s wall, 61.0 MiB peak sampled process-group RSS (sampled ceiling 1536 MiB). Teardown verified.
Node resources: 0.58s wall, 0.6 MiB peak sampled process-group RSS (sampled ceiling 1536 MiB). Teardown verified.
Node resources: 6.70s wall, 310.7 MiB peak sampled process-group RSS (sampled ceiling 1536 MiB). Teardown verified.
=== native mysql2 (docker, per file)
tests/providers/docker/mysql2-cascaded-identity.test.ts exit=0       Tests  4 passed (4)
tests/providers/docker/mysql2-concurrency-policy.test.ts exit=0       Tests  11 passed (11)
tests/providers/docker/mysql2-generated-key.test.ts exit=0       Tests  5 passed (5)
tests/providers/docker/mysql2-read-surface.test.ts exit=0       Tests  122 passed (122)
tests/providers/docker/mysql2-reference-representability.test.ts exit=0       Tests  5 passed (5)
tests/providers/docker/mysql2-relations-ddl.test.ts exit=0       Tests  106 passed (106)
tests/providers/docker/mysql2-scalars.test.ts exit=0       Tests  293 passed (293)
tests/providers/docker/mysql2-schema-attestation.test.ts exit=0       Tests  5 passed (5)
tests/providers/docker/mysql2-writes-raw.test.ts exit=0       Tests  92 passed (92)
tests/providers/docker/mysql2.test.ts exit=0       Tests  84 passed | 1 skipped (85)
tests/unit/migrations/mysql-strict-mode-docker.test.ts exit=0       Tests  8 passed (8)
mysql2 red cells: 0
=== native pg (docker, per file)
tests/providers/docker/pg-captured-set-concurrency.test.ts exit=0       Tests  17 passed (17)
tests/providers/docker/pg-nested-write-races.test.ts exit=0       Tests  95 passed (95)
tests/providers/docker/pg-polymorphism-ddl.test.ts exit=0       Tests  60 passed (60)
tests/providers/docker/pg-read-surface.test.ts exit=0       Tests  76 passed (76)
tests/providers/docker/pg-reference-representability.test.ts exit=0       Tests  5 passed (5)
tests/providers/docker/pg.test.ts exit=0       Tests  220 passed | 7 skipped (227)
finished 2026-09-21T12:09:27Z
14:09  up 21 days, 13:49, 3 users, load averages: 9.11 13.35 12.72
GATE DONE
=== mysql2__mysql2-cascaded-identity
exit=0
=== mysql2__mysql2-concurrency-policy
exit=0
=== mysql2__mysql2-generated-key
exit=0
=== mysql2__mysql2-read-surface
exit=0
=== mysql2__mysql2-reference-representability
exit=0
=== mysql2__mysql2-relations-ddl
exit=0
=== mysql2__mysql2-scalars
exit=0
=== mysql2__mysql2-schema-attestation
exit=0
=== mysql2__mysql2-writes-raw
exit=0
=== mysql2__mysql2
exit=0
=== mysql2__mysql-strict-mode-docker
exit=0
=== pg__pg-captured-set-concurrency
exit=0
=== pg__pg-nested-write-races
exit=0
=== pg__pg-polymorphism-ddl
exit=0
=== pg__pg-read-surface
exit=0
=== pg__pg-reference-representability
exit=0
=== pg__pg
exit=0
