
 RUN  v3.1.4 /Users/arnaud/code/viborm

 ✓ |g4-unit02-author| tests/raptor3/g4/unit02/unique-discriminator.test.ts (5 tests) 634ms
   ✓ G4-02 native MySQL discriminator scope > addresses through the constraint exactly the call sites the shipped engine compiles with buildWhereUnique  360ms
 ✓ |g4-unit02-author| tests/raptor3/g4/unit02/key-arithmetic.test.ts (19 tests) 55ms
 ✓ |g4-unit02-author| tests/raptor3/g4/unit02/upsert-key-portability.test.ts (17 tests) 88ms
 ✓ |g4-unit02-author| tests/raptor3/g4/unit02/malformed-result-cuts.test.ts (4 tests) 8ms
 ✓ |g4-unit02-author| tests/raptor3/g4/unit02/phase2-envelope-and-arithmetic.test.ts (7 tests) 18ms
 ✓ |g4-unit02-author| tests/raptor3/g4/unit02/recursive-codec-fit.test.ts (3 tests) 15ms
 ✓ |g4-unit02-author| tests/raptor3/g4/unit02/physical-envelope.test.ts (10 tests) 20ms
 ✓ |g4-unit02-author| tests/raptor3/g4/unit02/borrowed-envelope.test.ts (5 tests) 18ms
 ✓ |g4-unit02-author| tests/raptor3/g4/unit02/root-member-cut-trace.test.ts (4 tests) 12ms
 ✓ |g4-unit02-author| tests/raptor3/g4/unit02/packaged-array.test.ts (5 tests) 13ms
 ✓ |g4-unit02-author| tests/raptor3/g4/unit02/prepared-operation.test.ts (5 tests) 11ms
 ✓ |g4-unit02-author| tests/raptor3/g4/unit02/decimal-having-operand.test.ts (3 tests) 5ms
 ✓ |g4-unit02-author| tests/raptor3/g4/unit02/vector-capability.test.ts (1 test) 5ms
 ✓ |g4-unit02-author| tests/raptor3/g4/unit02/root-delete.test.ts (6 tests) 17ms
 ✓ |g4-unit02-author| tests/raptor3/g4/unit02/native-key-arithmetic.test.ts (5 tests) 97ms
 ✓ |g4-unit02-author| tests/raptor3/g4/unit02/returning-safety-gate.test.ts (5 tests) 1ms
 ↓ |g4-unit02-author| tests/raptor3/g4/unit02/native-date-codec.test.ts (1 test | 1 skipped)
 ✓ |g4-unit02-author| tests/raptor3/g4/unit02/k-competing-refusals.test.ts (4 tests) 5ms
 ✓ |g4-unit02-author| tests/raptor3/g4/unit02/k-refusal-order-history.test.ts (3 tests) 4ms

 Test Files  18 passed | 1 skipped (19)
      Tests  111 passed | 1 skipped (112)
   Start at  16:39:08
   Duration  4.53s (transform 1.34s, setup 18ms, collect 3.35s, tests 1.03s, environment 0ms, prepare 25ms)

Vitest resources: 5.05s wall, 701.6 MiB peak sampled process-group RSS (sampled ceiling 1536 MiB). Teardown verified.
