
 RUN  v3.1.4 /private/tmp/viborm-parity-x

 ✓ |layer-client| tests/contracts/public-client/query-interceptors-array.core.test.ts (54 tests) 63ms
 ✓ |layer-client| tests/contracts/public-client/query-interceptors-integration.core.test.ts (48 tests) 28ms
 ✓ |layer-client| tests/contracts/public-client/query-interceptors.core.test.ts (43 tests) 8ms
 ✓ |layer-client| tests/contracts/public-client/request-transforms.core.test.ts (43 tests) 14ms
 ✓ |layer-client| tests/contracts/public-client/official-statement-instrumentation.core.test.ts (11 tests) 33ms
 ✓ |layer-client| tests/contracts/public-client/official-cache-instrumentation.core.test.ts (8 tests) 27ms
 ✓ |layer-client| tests/contracts/public-client/errors/diagnostics.core.test.ts (25 tests) 5ms
 ✓ |layer-client| tests/contracts/public-client/official-driver-lifecycle-instrumentation.core.test.ts (9 tests) 24ms
 ✓ |layer-client| tests/contracts/public-client/protected-driver-lifecycle-observers.core.test.ts (13 tests) 11ms
 ✓ |layer-client| tests/contracts/public-client/extensions-foundation.core.test.ts (16 tests) 10ms
 ❯ |layer-client| tests/contracts/public-client/official-cache-swr.core.test.ts (7 tests | 1 failed) 10ms
   ✓ official cache stale-while-revalidate > returns a detached stale value and replays only the inner core executor 4ms
   ✓ official cache stale-while-revalidate > keeps true and numeric stale windows and the exact chain scheduler 1ms
   ✓ official cache stale-while-revalidate > hands claim acquisition to waitUntil before the stale response settles 0ms
   ✓ official cache stale-while-revalidate > suppresses a later stale replay after the shared marker is acquired 0ms
   × official cache stale-while-revalidate > contains provider, snapshot, set, and cleanup failures 3ms
     → expected +0 to be 1 // Object.is equality
   ✓ official cache stale-while-revalidate > retains combined worker and cleanup failure for protected observation 1ms
   ✓ official cache stale-while-revalidate > keeps array and statement-transform executions outside official SWR 1ms
 ✓ |layer-client| tests/contracts/public-client/official-instrumentation-extension.core.test.ts (12 tests) 18ms
 ✓ |layer-client| tests/contracts/public-client/implicit-returning-types.core.test.ts (28 tests) 1ms
 ✓ |layer-client| tests/contracts/public-client/protected-cache-observers.core.test.ts (7 tests) 7ms
 ✓ |layer-client| tests/contracts/public-client/polymorphic-collection-client.core.test.ts (24 tests) 17ms
 ✓ |layer-client| tests/contracts/public-client/client-coverage.core.test.ts (11 tests) 10ms
 ✓ |layer-client| tests/contracts/public-client/polymorphic-client-omit.core.test.ts (11 tests) 1ms
 ✓ |layer-client| tests/contracts/public-client/array-transaction-closure.core.test.ts (8 tests) 14ms
 ✓ |layer-client| tests/contracts/public-client/official-cache-extension.core.test.ts (10 tests) 3ms
 ✓ |layer-client| tests/contracts/public-client/errors/public-helpers.core.test.ts (10 tests) 3ms
 ✓ |layer-client| tests/contracts/public-client/default-omit-extension.core.test.ts (8 tests) 7ms
 ✓ |layer-client| tests/contracts/public-client/omit-result-types.core.test.ts (21 tests) 1ms
 ✓ |layer-client| tests/contracts/public-client/schema-introspection.core.test.ts (9 tests) 13ms
 ✓ |layer-client| tests/contracts/public-client/nested-transaction-contract.core.test.ts (8 tests) 4ms
 ✓ |layer-client| tests/contracts/public-client/array-transaction-observed-legacy-coverage.core.test.ts (4 tests) 4ms
 ✓ |layer-client| tests/contracts/public-client/client-omit-closure.core.test.ts (9 tests) 1ms
 ✓ |layer-client| tests/contracts/public-client/client-configuration-boundaries.core.test.ts (16 tests) 3ms
 ✓ |layer-client| tests/contracts/public-client/client-construction-boundaries.core.test.ts (12 tests) 4ms
 ✓ |layer-client| tests/contracts/public-client/client-surface-closure.core.test.ts (4 tests) 2ms
 ✓ |layer-client| tests/contracts/public-client/extensions/array-admission.core.test.ts (9 tests) 1ms
 ✓ |layer-client| tests/contracts/public-client/statement-transforms-integration.core.test.ts (5 tests) 4ms
 ✓ |layer-client| tests/contracts/public-client/one-resolution-identity.core.test.ts (3 tests) 4ms
 ✓ |layer-client| tests/contracts/public-client/array-transaction-legacy-batch-boundaries.core.test.ts (5 tests) 2ms
 ✓ |layer-client| tests/contracts/public-client/client-initialization-errors.core.test.ts (4 tests) 1ms
 ✓ |layer-client| tests/contracts/public-client/raw-observation-closure.core.test.ts (1 test) 3ms
 ✓ |layer-client| tests/contracts/public-client/typescript-renderer-nullability.core.test.ts (3 tests) 4ms
 ✓ |layer-client| tests/contracts/public-client/client-lifecycle-boundaries.core.test.ts (1 test) 2ms
 ✓ |layer-client| tests/contracts/public-client/typescript-renderer-closure.core.test.ts (5 tests) 2ms
 ✓ |layer-client| tests/contracts/public-client/typescript-renderer-boundaries.core.test.ts (4 tests) 1ms
 ✓ |layer-client| tests/contracts/public-client/public-runtime-surface.core.test.ts (1 test) 0ms
 ✓ |layer-client| tests/contracts/public-client/default-omit-bulk-projection.core.test.ts (5 tests) 0ms
 ✓ |layer-client| tests/contracts/public-client/config-subpath.core.test.ts (1 test) 0ms
 ✓ |layer-drivers| tests/contracts/drivers/error-mapping.core.test.ts (52 tests) 25ms
 ✓ |layer-drivers| tests/contracts/drivers/supplied-pool-ownership.core.test.ts (56 tests) 16ms
 ✓ |layer-drivers| tests/contracts/drivers/namespace-options.core.test.ts (113 tests) 22ms
 ✓ |layer-drivers| tests/contracts/drivers/provider-result-contracts.core.test.ts (115 tests) 55ms
 ✓ |layer-drivers| tests/contracts/drivers/protected-observers.core.test.ts (24 tests) 14ms
 ✓ |layer-drivers| tests/contracts/drivers/transaction-lifecycle.core.test.ts (20 tests) 7ms
 ✓ |layer-drivers| tests/contracts/drivers/savepoint-queue.core.test.ts (17 tests) 88ms
 ✓ |layer-drivers| tests/contracts/drivers/instrumentation-observed-statements.core.test.ts (15 tests) 16ms
 ✓ |layer-drivers| tests/contracts/drivers/pinned-session-condemned.core.test.ts (12 tests) 3ms
 ✓ |layer-drivers| tests/contracts/drivers/transaction-portability.core.test.ts (100 tests) 30ms
 ✓ |layer-drivers| tests/contracts/drivers/transaction-base-orchestration.core.test.ts (14 tests) 8ms
 ✓ |layer-drivers| tests/contracts/drivers/suppressed-failure.core.test.ts (14 tests) 1ms
 ✓ |layer-drivers| tests/contracts/drivers/transaction-base-observed-lifecycle.core.test.ts (8 tests) 8ms
 ✓ |layer-drivers| tests/contracts/drivers/error-mapping-hostile-shapes.core.test.ts (27 tests) 4ms
 ✓ |layer-drivers| tests/contracts/drivers/statement-transforms.core.test.ts (13 tests) 4ms
 ✓ |layer-drivers| tests/contracts/drivers/driver-base-pinned-session.core.test.ts (12 tests) 2ms
 ✓ |layer-drivers| tests/contracts/drivers/d1-null-result-contracts.core.test.ts (43 tests) 8ms
 ✓ |layer-drivers| tests/contracts/drivers/neon-http-transport-coverage.core.test.ts (9 tests) 14ms
 ✓ |layer-drivers| tests/contracts/drivers/driver-internal-state.core.test.ts (10 tests) 2ms
 ✓ |layer-drivers| tests/contracts/drivers/driver-base-raw-parameters.core.test.ts (20 tests) 5ms
 ✓ |layer-drivers| tests/contracts/drivers/sqlite-statement-execution.core.test.ts (38 tests) 7ms
 ✓ |layer-drivers| tests/contracts/drivers/provider-managed-transaction.core.test.ts (11 tests) 2ms
 ✓ |layer-drivers| tests/contracts/drivers/provider-parameter-boundary.core.test.ts (11 tests) 3ms
 ✓ |layer-drivers| tests/contracts/drivers/transaction-scope-scheduler.core.test.ts (5 tests) 2ms
 ✓ |layer-drivers| tests/contracts/drivers/transaction-scheduler.core.test.ts (9 tests) 3ms
 ✓ |layer-drivers| tests/contracts/drivers/sqlite-integer-safety.core.test.ts (5 tests) 3ms
 ✓ |layer-drivers| tests/contracts/drivers/shared-driver-boundaries.core.test.ts (39 tests) 3ms
 ✓ |layer-drivers| tests/contracts/drivers/driver-failure-union.core.test.ts (14 tests) 2ms
 ✓ |layer-drivers| tests/contracts/drivers/async-dispose.core.test.ts (11 tests) 3ms
 ✓ |layer-drivers| tests/contracts/drivers/sqlite-binary-values.core.test.ts (3 tests) 6ms
 ✓ |layer-drivers| tests/contracts/drivers/normalized-result-and-lifecycle.core.test.ts (35 tests) 3ms
 ✓ |layer-drivers| tests/contracts/drivers/consumable-result-proof.core.test.ts (5 tests) 1ms
 ✓ |layer-drivers| tests/contracts/drivers/json-parameter-carrier.core.test.ts (12 tests) 2ms
 ✓ |layer-drivers| tests/contracts/drivers/postgres-transport-coverage.core.test.ts (3 tests) 3ms
 ✓ |layer-drivers| tests/contracts/drivers/transaction-option-timers.core.test.ts (6 tests) 1ms
 ✓ |layer-drivers| tests/contracts/drivers/statement-classification.core.test.ts (38 tests) 1ms
 ✓ |layer-drivers| tests/contracts/drivers/driver-export-surface.core.test.ts (6 tests) 9ms
 ✓ |layer-drivers| tests/contracts/drivers/transaction-options-behavior.core.test.ts (3 tests) 13ms
 ✓ |layer-drivers| tests/contracts/drivers/error-cause.core.test.ts (4 tests) 0ms
 ✓ |layer-drivers| tests/contracts/drivers/driver-instrumentation-boundaries.core.test.ts (2 tests) 0ms
 ✓ |layer-drivers| tests/contracts/drivers/bun-sql-array-parameters.core.test.ts (2 tests) 1ms
 ✓ |layer-drivers| tests/contracts/drivers/pglite-controlled-transport-coverage.core.test.ts (1 test) 1ms
 ✓ |layer-drivers| tests/contracts/drivers/bind-parameter-capacity.core.test.ts (12 tests) 0ms
 ✓ |layer-query-engine| tests/contracts/engine/query/operand-callback-sql.core.test.ts (62 tests) 90ms
 ✓ |layer-query-engine| tests/contracts/engine/query/pending-operation-contracts.core.test.ts (27 tests) 16ms
 ✓ |layer-query-engine| tests/contracts/engine/query/field-reference-sql.core.test.ts (49 tests) 20ms
 ✓ |layer-query-engine| tests/contracts/architecture/extension-system-census.core.test.ts (8 tests) 558ms
   ✓ extension-system source census > keeps no superseded owner or parallel runtime handler carrier  556ms
 ✓ |layer-query-engine| tests/contracts/engine/query/geopoint-sql.core.test.ts (14 tests) 10ms
 ✓ |layer-query-engine| tests/contracts/engine/query/decimal-having-operand-sql.core.test.ts (42 tests) 28ms
 ✓ |layer-query-engine| tests/contracts/engine/query/namespace-qualification.core.test.ts (122 tests) 24ms
 ✓ |layer-query-engine| tests/contracts/engine/query/model-key-catalog.core.test.ts (22 tests) 2ms
 ✓ |layer-query-engine| tests/contracts/engine/query/cache-result-codec-boundaries.core.test.ts (9 tests) 4ms
 ✓ |layer-query-engine| tests/contracts/engine/query/starts-with-prefix-sql.core.test.ts (31 tests) 8ms
 ✓ |layer-query-engine| tests/contracts/architecture/geopoint-language-census.core.test.ts (4 tests) 1248ms
   ✓ GeoPoint shipped-language census > the complete shipped executable source has zero retired owners  565ms
   ✓ GeoPoint shipped-language census > the codecs and fixed radius each have one declaration owner  682ms
 ✓ |layer-query-engine| tests/contracts/architecture/core-taxonomy-census.core.test.ts (4 tests) 145ms
 ✓ |layer-query-engine| tests/contracts/engine/query/batch-attribution-hazard-signature.core.test.ts (5 tests) 3ms
 ✓ |layer-query-engine| tests/contracts/engine/query/for-update-dialects.core.test.ts (17 tests) 3ms
 ✓ |layer-query-engine| tests/contracts/engine/query/query-inspection.core.test.ts (8 tests) 1ms
 ✓ |layer-query-engine| tests/contracts/engine/query/json-null-sentinel-sql.core.test.ts (21 tests) 5ms
 ❯ |layer-query-engine| tests/contracts/architecture/contract-matrix.core.test.ts (5 tests | 1 failed) 104ms
   ✓ contract and provider matrix > keeps one stable ContractDefinition ID per behavior registration 42ms
   ✓ contract and provider matrix > assigns every contract to every provider exactly once 10ms
   ✓ contract and provider matrix > matches matrix run decisions to provider registrations 19ms
   ✓ contract and provider matrix > gives every layer one runtime core owner and one type core 16ms
   × contract and provider matrix > inventories every executable test by owner and boundary 16ms
     → tests/raptor3/candidate-handoff.test.ts: expected undefined to be defined
 ✓ |layer-query-engine| tests/contracts/engine/query/lateral-joins.core.test.ts (11 tests) 6ms
 ✓ |layer-query-engine| tests/contracts/engine/query/operation-program-read-contracts.core.test.ts (2 tests) 6ms
 ✓ |layer-query-engine| tests/contracts/engine/query/select-mode-capability-matrix.core.test.ts (3 tests) 6ms
 ✓ |layer-query-engine| tests/contracts/engine/query/orderby-relation-depth.core.test.ts (4 tests) 2ms
 ✓ |layer-query-engine| tests/contracts/architecture/system-clock.core.test.ts (5 tests) 3ms
 ✓ |layer-query-engine| tests/contracts/engine/query/default-insert-sql.core.test.ts (3 tests) 0ms
 ❯ |layer-query-engine| tests/contracts/engine/query/bulk-insert-row-shapes.core.test.ts (2 tests | 1 failed) 7ms
   × bulk insert row-shape planning > empty createMany rejects during batch preparation 5ms
     → promise resolved "[ { count: +0 } ]" instead of rejecting
   ✓ bulk insert row-shape planning > mixed row shapes require an atomic substrate 2ms
 ✓ |layer-query-engine| tests/contracts/engine/query/result-aliases.core.test.ts (14 tests) 1ms
 ✓ |layer-query-engine| tests/contracts/engine/query/bind-budget.core.test.ts (2 tests) 0ms
 ✓ |layer-query-engine| tests/contracts/engine/query/nested-captured-target-signature.core.test.ts (1 test) 0ms
 ✓ |layer-write-engine| tests/contracts/engine/write/parse-boundary-gate.core.test.ts (3 tests) 2ms
 ✓ |layer-write-engine| tests/contracts/engine/write/dead-symbol-gate.core.test.ts (43 tests) 678ms
 ✓ |layer-write-engine| tests/contracts/engine/write/atomic-unit-batch.core.test.ts (3 tests) 0ms
 ✓ |layer-write-engine| tests/contracts/engine/query/nested-create-many.core.test.ts (1 test) 7ms

⎯⎯⎯⎯⎯⎯⎯ Failed Tests 3 ⎯⎯⎯⎯⎯⎯⎯

 FAIL  |layer-client| tests/contracts/public-client/official-cache-swr.core.test.ts > official cache stale-while-revalidate > contains provider, snapshot, set, and cleanup failures
AssertionError: expected +0 to be 1 // Object.is equality

[32m- Expected[39m
[31m+ Received[39m

[32m- 1[39m
[31m+ 0[39m

 ❯ tests/contracts/public-client/official-cache-swr.core.test.ts:550:48
    548|       expect(state.scheduled).toEqual([]);
    549|       if (scenario === "snapshot") {
    550|         expect(hostileJsonReadsAtCoreBoundary).toBe(1);
       |                                                ^
    551|         expect(hostileJsonGetterReads).toBe(hostileJsonReadsAtCoreBoun…
    552|         publishHostileJson = false;

⎯⎯⎯⎯⎯⎯⎯⎯⎯⎯⎯⎯⎯⎯⎯⎯⎯⎯⎯⎯⎯⎯⎯⎯[1/3]⎯

 FAIL  |layer-query-engine| tests/contracts/architecture/contract-matrix.core.test.ts > contract and provider matrix > inventories every executable test by owner and boundary
AssertionError: tests/raptor3/candidate-handoff.test.ts: expected undefined to be defined
 ❯ tests/contracts/architecture/contract-matrix.core.test.ts:205:31
    203|     for (const file of testFiles) {
    204|       const inventory = classifyTestFile(file);
    205|       expect(inventory, file).toBeDefined();
       |                               ^
    206|       expect(inventory?.file).toBe(file);
    207|     }

⎯⎯⎯⎯⎯⎯⎯⎯⎯⎯⎯⎯⎯⎯⎯⎯⎯⎯⎯⎯⎯⎯⎯⎯[2/3]⎯

 FAIL  |layer-query-engine| tests/contracts/engine/query/bulk-insert-row-shapes.core.test.ts > bulk insert row-shape planning > empty createMany rejects during batch preparation
AssertionError: promise resolved "[ { count: +0 } ]" instead of rejecting

[32m- Expected:[39m 
Error {
  "message": "rejected promise",
}

[31m+ Received:[39m 
[
  {
    "count": 0,
  },
]

 ❯ tests/contracts/engine/query/bulk-insert-row-shapes.core.test.ts:26:5
     24|     await expect(
     25|       client.$transaction([client.batchRow.createMany({ data: [] })])
     26|     ).rejects.toThrow("No data to insert");
       |     ^
     27|   });
     28| 

⎯⎯⎯⎯⎯⎯⎯⎯⎯⎯⎯⎯⎯⎯⎯⎯⎯⎯⎯⎯⎯⎯⎯⎯[3/3]⎯


 Test Files  3 failed | 113 passed (116)
      Tests  3 failed | 2049 passed (2052)
   Start at  12:08:49
   Duration  19.47s (transform 4.83s, setup 141ms, collect 14.50s, tests 3.77s, environment 0ms, prepare 145ms)

Vitest resources: 22.99s wall, 937.5 MiB peak sampled process-group RSS (sampled ceiling 1536 MiB). Teardown verified.
