=== extended-local: lane X parity falsifiers ===

 RUN  v3.1.4 /private/tmp/viborm-parity-x

 ✓ |extended-local| tests/raptor3/g4/parity/lane-x-set-mutations.test.ts (9 tests) 89ms
 ✓ |extended-local| tests/raptor3/g4/parity/lane-x-route-seam.test.ts (3 tests) 3ms

 Test Files  2 passed (2)
      Tests  12 passed (12)
   Start at  12:12:16
   Duration  2.98s (transform 1.64s, setup 20ms, collect 2.59s, tests 91ms, environment 0ms, prepare 66ms)

Vitest resources: 6.18s wall, 532.4 MiB peak sampled process-group RSS (sampled ceiling 1536 MiB). Teardown verified.

=== raptor3: suppression and bulk-series probes ===

 RUN  v3.1.4 /private/tmp/viborm-parity-x

 ✓ |raptor3| tests/raptor3/prep/suppression-replay.test.ts (5 tests) 73ms
 ✓ |raptor3| tests/raptor3/g3/bulk-series-contract.test.ts (6 tests) 16ms
 ✓ |raptor3| tests/raptor3/g3/suppression-retry-contract.test.ts (2 tests) 15ms

 Test Files  3 passed (3)
      Tests  13 passed (13)
   Start at  12:12:22
   Duration  2.38s (transform 1.23s, setup 18ms, collect 2.07s, tests 104ms, environment 0ms, prepare 38ms)

Vitest resources: 5.18s wall, 524.9 MiB peak sampled process-group RSS (sampled ceiling 1536 MiB). Teardown verified.

=== raptor3-live-provider (pg 55729): recovery and race pins ===

 RUN  v3.1.4 /private/tmp/viborm-parity-x

 ✓ |raptor3-live-provider| tests/raptor3/transitions/unique-races-live-commands.test.ts (3 tests) 219ms
 ✓ |raptor3-live-provider| tests/raptor3/transitions/recovery-boundaries-live-commands.test.ts (2 tests) 117ms
 ✓ |raptor3-live-provider| tests/raptor3/transitions/junction-races-live-commands.test.ts (3 tests) 299ms

 Test Files  3 passed (3)
      Tests  8 passed (8)
   Start at  12:12:27
   Duration  2.43s (transform 915ms, setup 13ms, collect 1.62s, tests 636ms, environment 0ms, prepare 37ms)

Vitest resources: 5.19s wall, 515.3 MiB peak sampled process-group RSS (sampled ceiling 1536 MiB). Teardown verified.
