
 RUN  v3.1.4 /private/tmp/viborm-parity-x

(node:16274) DeprecationWarning: Calling client.query() when the client is already executing a query is deprecated and will be removed in pg@9.0. Use async/await or an external async flow control mechanism instead.
(Use `node --trace-deprecation ...` to show where the warning was created)
 ❯ |provider-pg| tests/providers/docker/pg-nested-write-races.test.ts (95 tests | 7 failed) 20508ms
   ✓ pg Driver > pg upsert atomicity behavior > plain upsert creates the row when missing 175ms
   ✓ pg Driver > pg upsert atomicity behavior > plain upsert updates the row when present 133ms
   ✓ pg Driver > pg upsert atomicity behavior > does not take the update branch for a conflict outside the requested target 139ms
   ✓ pg Driver > pg upsert atomicity behavior > unique upsert targets distinguish case, accents, and trailing spaces 161ms
   ✓ pg Driver > pg upsert atomicity behavior > plain upsert returns the row when the update is a no-op 128ms
   ✓ pg Driver > pg upsert atomicity behavior > plain upsert create branch resolves auto-increment ids 135ms
   ✓ pg Driver > pg upsert atomicity behavior > upsert update branch may rewrite the unique where field 170ms
   ✓ pg Driver > pg upsert atomicity behavior > upsert supports select on both branches 176ms
   ✓ pg Driver > pg upsert atomicity behavior > upsert with include returns the relation payload on both branches 163ms
   ✓ pg Driver > pg upsert atomicity behavior > delete with include returns the relation payload 193ms
   ✓ pg Driver > pg upsert atomicity behavior > concurrent plain upserts of the same missing key both succeed 187ms
   ✓ pg Driver > pg upsert atomicity behavior > concurrent fallback upserts of the same missing key both succeed  325ms
   ✓ pg Driver > pg nested-write concurrency behavior > concurrent upsert of a missing key converges to one row (tx) 161ms
   ✓ pg Driver > pg nested-write concurrency behavior > concurrent nested connectOrCreate of a missing key converges to one row (tx) 194ms
   ✓ pg Driver > pg nested-write concurrency behavior > concurrent upsert of a missing key converges to one row (batch) 163ms
   ✓ pg Driver > pg nested-write concurrency behavior > concurrent nested connectOrCreate of a missing key converges to one row (batch) 140ms
   ✓ pg Driver > pg nested-write concurrency behavior > planned-path create-branch race loser surfaces a UniqueConstraintError, then the retry converges 164ms
   ✓ pg Driver > pg singular polymorphic slot transfer under concurrency > two adopters of a held target leave one membership owned by an adopter that succeeded (tx) 157ms
   ✓ pg Driver > pg singular polymorphic slot transfer under concurrency > two adopters of an empty slot are arbitrated to one membership (tx) 148ms
   ✓ pg Driver > pg singular polymorphic slot transfer under concurrency > two adopters of a held target leave one membership owned by an adopter that succeeded (batch) 160ms
   ✓ pg Driver > pg singular polymorphic slot transfer under concurrency > two adopters of an empty slot are arbitrated to one membership (batch) 156ms
   ✓ pg Driver > pg singular polymorphic slot transfer under concurrency > an adopter whose captured owner was replaced fails and leaves the winner's row 152ms
   ✓ pg Driver > pg singular polymorphic slot transfer under concurrency > two adopters that captured the SAME old owner produce exactly one winner 184ms
   ✓ pg Driver > pg singular polymorphic slot transfer under concurrency > two adopters that both observed the slot EMPTY produce exactly one winner 178ms
   × pg Driver > pg filtered m2m deleteMany staleness > a member added after the plan-time read aborts the guard, then the retry converges 243ms
     → expected 0 to be greater than or equal to 1
   ✓ pg Driver > pg nested write behavior > declares an atomic strategy for nested writes 240ms
   ✓ pg Driver > pg nested write behavior > rejects default-only createMany duplicate skipping before writing 203ms
   × pg Driver > pg nested write behavior > rejects nested default-only duplicate skipping before the parent write 267ms
     → promise resolved "{ id: 'default-only-parent' }" instead of rejecting
   ✓ pg Driver > pg nested write behavior > create derives to-one and to-many foreign keys 268ms
   ✓ pg Driver > pg nested write behavior > create connects and connect-or-creates nullable children 293ms
   ✓ pg Driver > pg nested write behavior > update creates, createManys, and connects children 287ms
   ✓ pg Driver > pg nested write behavior > update disconnects and sets nullable children  328ms
   ✓ pg Driver > pg nested write behavior > update and updateMany keep child mutations parent-correlated  349ms
   ✓ pg Driver > pg nested write behavior > delete and deleteMany keep child mutations parent-correlated  381ms
   ✓ pg Driver > pg nested write behavior > to-many upsert creates and updates the current parent's child  325ms
   ✓ pg Driver > pg nested write behavior > to-one upsert creates and updates the current target  379ms
   ✓ pg Driver > pg nested write behavior > to-one nested update modifies the connected author 284ms
   ✓ pg Driver > pg nested write behavior > to-one disconnect true nulls the foreign key, both rows survive  405ms
   ✓ pg Driver > pg nested write behavior > to-one delete true deletes the related row  322ms
   ✓ pg Driver > pg nested write behavior > to-one delete true (FK-holder side) nulls the FK then deletes the author 274ms
   ✓ pg Driver > pg nested write behavior > inverse-side to-one upsert: absent creates, found updates, witness survives 278ms
   ✓ pg Driver > pg nested write behavior > explicit join rows work as a practical many-to-many case  374ms
   ✓ pg Driver > pg nested write behavior > unsupported nested create keys reject before parent mutation 242ms
   ✓ pg Driver > pg nested write behavior > nested child failures roll back parent and prior children  301ms
   ✓ pg Driver > pg nested write behavior > to-many updates cannot target another parent's child  319ms
   ✓ pg Driver > pg nested write behavior > non-nullable child foreign keys reject disconnect atomically 247ms
   ✓ pg Driver > pg nested write behavior > nested create propagates foreign keys through mapped columns 233ms
   ✓ pg Driver > pg nested write behavior > nested create derives mapped foreign keys for createMany and connect 228ms
   ✓ pg Driver > pg nested write behavior > set keeping all required-FK children is a no-op and succeeds 255ms
   ✓ pg Driver > pg nested write behavior > set on required-FK children rejects only when rows would be orphaned 243ms
   ✓ pg Driver > pg nested write behavior > set disconnects only nullable-FK children leaving the set 246ms
   ✓ pg Driver > pg nested write behavior > connect with a list of targets reparents every one of them 238ms
   ✓ pg Driver > pg nested write behavior > a connect list with one absent target writes nothing 251ms
   ✓ pg Driver > pg nested write behavior > disconnect with a list nulls every one of them 213ms
   ✓ pg Driver > pg nested write behavior > a disconnect list naming ANOTHER parent's child nulls nothing  325ms
   ✓ pg Driver > pg nested write behavior > a create tree's connect list reparents every one of them 194ms
   ✓ pg Driver > pg nested write behavior > delete with a relation projection > a to-many relation inside `select` comes back, and the row is gone 195ms
   ✓ pg Driver > pg nested write behavior > delete with a relation projection > a to-one relation inside `select` comes back, and the row is gone 182ms
   ✓ pg Driver > pg nested write behavior > delete with a relation projection > the `include` spelling is unaffected 196ms
   ✓ pg Driver > pg advanced nested write behavior > connectOrCreate create branch accepts recursive nested writes 200ms
   ✓ pg Driver > pg advanced nested write behavior > top-level upsert guards gate nested update branch 214ms
   ✓ pg Driver > pg client raw/orThrow/exist behavior > $queryRaw > binds a tagged interpolation and rows round-trip 180ms
   ✓ pg Driver > pg client raw/orThrow/exist behavior > $queryRaw > binds multiple tagged interpolations in order 156ms
   ✓ pg Driver > pg client raw/orThrow/exist behavior > $queryRaw > accepts a prebuilt sql`` fragment 137ms
   ✓ pg Driver > pg client raw/orThrow/exist behavior > $queryRawUnsafe > splices the statement verbatim and binds positional params 146ms
   ✓ pg Driver > pg client raw/orThrow/exist behavior > $executeRaw > mutates and answers the affected count, visible to the ORM read path 147ms
   ✓ pg Driver > pg client raw/orThrow/exist behavior > $executeRawUnsafe > mutates through a hand-written statement 149ms
   ✓ pg Driver > pg client raw/orThrow/exist behavior > direct mutation misses > update reports NotFoundError 177ms
   ✓ pg Driver > pg client raw/orThrow/exist behavior > direct mutation misses > delete reports NotFoundError 165ms
   ✓ pg Driver > pg client raw/orThrow/exist behavior > findFirstOrThrow > returns the matching row when found 156ms
   ✓ pg Driver > pg client raw/orThrow/exist behavior > findFirstOrThrow > throws NotFoundError when nothing matches 141ms
   ✓ pg Driver > pg client raw/orThrow/exist behavior > findUniqueOrThrow > returns the matching row when found 154ms
   ✓ pg Driver > pg client raw/orThrow/exist behavior > findUniqueOrThrow > throws NotFoundError when the id does not exist 178ms
   ✓ pg Driver > pg client raw/orThrow/exist behavior > exist > returns true when a matching row exists 172ms
   ✓ pg Driver > pg client raw/orThrow/exist behavior > exist > returns false when no row matches 153ms
   ✓ pg Driver > raw/model array transactions (Docker PostgreSQL) > execute in declared order and return each public result 163ms
   ✓ pg Driver > raw/model array transactions (Docker PostgreSQL) > a later raw failure rolls model and raw writes back 156ms
   × pg Driver > pg batch-only batch primary-key dataflow > generated parent ID feeds to-many child FK 181ms
     → Raptor 3 G1 atomic output requires exact identity scratch or segmented RETURNING
   × pg Driver > pg batch-only batch primary-key dataflow > generated parent ID feeds nested createMany child FKs 225ms
     → Raptor 3 G1 atomic output requires exact identity scratch or segmented RETURNING
   × pg Driver > pg batch-only batch primary-key dataflow > generated child ID feeds to-one parent FK 216ms
     → Raptor 3 G1 atomic output requires exact identity scratch or segmented RETURNING
   × pg Driver > pg batch-only batch primary-key dataflow > generated parent ID feeds multiple sibling relation branches 194ms
     → Raptor 3 G1 atomic output requires exact identity scratch or segmented RETURNING
   × pg Driver > pg batch-only batch primary-key dataflow > generated parent, child, and grandchild IDs flow through recursive create 199ms
     → Raptor 3 G1 atomic output requires exact identity scratch or segmented RETURNING
   ✓ pg Driver > pg batch-only batch primary-key dataflow > top-level update changes PK with direct literal and nested create uses it 261ms
   ✓ pg Driver > pg batch-only batch primary-key dataflow > top-level update changes PK with set operation and nested create uses it  404ms
   ✓ pg Driver > pg batch-only batch primary-key dataflow > top-level update changes numeric PK with increment and nested create uses it 247ms
   ✓ pg Driver > pg batch-only batch primary-key dataflow > top-level update changes numeric PK with decrement and nested create uses it 209ms
   ✓ pg Driver > pg batch-only batch primary-key dataflow > top-level update changes numeric PK with multiply and nested create uses it 254ms
   ✓ pg Driver > pg batch-only batch primary-key dataflow > top-level update changes numeric PK with divide and nested create uses it 217ms
   ✓ pg Driver > pg batch-only batch primary-key dataflow > top-level upsert update branch changes PK before nested create 197ms
   ✓ pg Driver > pg batch-only batch primary-key dataflow > failure after generated refs rolls back parent and children 208ms
   ✓ pg Driver > pg batch-only batch primary-key dataflow > unsupported compound primary-key dataflow rejects before parent mutation 182ms
   ✓ pg Driver > pg batch-only batch primary-key dataflow > unsafe PK update shape rejects before parent mutation 199ms
   ✓ pg Driver > pg createMany select fold > four same-shape rows are ONE statement, and the rows come back in input order 176ms
   ✓ pg Driver > pg createMany select fold > row shapes that differ split into one statement per contiguous run, still in input order 171ms
   ✓ pg Driver > pg createMany select fold > skipDuplicates with select is ONE statement whose rows are exactly the rows inserted 171ms

⎯⎯⎯⎯⎯⎯⎯ Failed Tests 7 ⎯⎯⎯⎯⎯⎯⎯

 FAIL  |provider-pg| tests/providers/docker/pg-nested-write-races.test.ts > pg Driver > pg filtered m2m deleteMany staleness > a member added after the plan-time read aborts the guard, then the retry converges
AssertionError: expected 0 to be greater than or equal to 1
 ❯ tests/contracts/drivers/behaviors/m2m-deletemany-staleness-behavior.ts:153:36
    151|         // The first atomic batch aborted on the staleness guard (fail…
    152|         // not silently missing the new member).
    153|         expect(batchErrors.length).toBeGreaterThanOrEqual(1);
       |                                    ^
    154| 
    155|         // Converged: the post has no matching-tag members left, and b…

⎯⎯⎯⎯⎯⎯⎯⎯⎯⎯⎯⎯⎯⎯⎯⎯⎯⎯⎯⎯⎯⎯⎯⎯[1/7]⎯

 FAIL  |provider-pg| tests/providers/docker/pg-nested-write-races.test.ts > pg Driver > pg nested write behavior > rejects nested default-only duplicate skipping before the parent write
AssertionError: promise resolved "{ id: 'default-only-parent' }" instead of rejecting

[32m- Expected[39m
[31m+ Received[39m

[32m- Error {[39m
[32m-   "message": "rejected promise",[39m
[31m+ {[39m
[31m+   "id": "default-only-parent",[39m
[2m  }[22m

 ❯ tests/contracts/drivers/behaviors/nested-write-behavior.ts:85:7
     83|           },
     84|         })
     85|       ).rejects.toThrow("no portable duplicate-only DEFAULT VALUES pri…
       |       ^
     86| 
     87|       expect(await currentClient.defaultOnlyParent.count()).toBe(0);

⎯⎯⎯⎯⎯⎯⎯⎯⎯⎯⎯⎯⎯⎯⎯⎯⎯⎯⎯⎯⎯⎯⎯⎯[2/7]⎯

 FAIL  |provider-pg| tests/providers/docker/pg-nested-write-races.test.ts > pg Driver > pg batch-only batch primary-key dataflow > generated parent ID feeds to-many child FK
 FAIL  |provider-pg| tests/providers/docker/pg-nested-write-races.test.ts > pg Driver > pg batch-only batch primary-key dataflow > generated parent ID feeds nested createMany child FKs
 FAIL  |provider-pg| tests/providers/docker/pg-nested-write-races.test.ts > pg Driver > pg batch-only batch primary-key dataflow > generated parent ID feeds multiple sibling relation branches
 FAIL  |provider-pg| tests/providers/docker/pg-nested-write-races.test.ts > pg Driver > pg batch-only batch primary-key dataflow > generated parent, child, and grandchild IDs flow through recursive create
Error: Raptor 3 G1 atomic output requires exact identity scratch or segmented RETURNING
 ❯ OperationContext.insert src/query-engine/raptor3/shared/operation-context.ts:2021:17
    2019|           adapter.capabilities.supportsCteWithMutations
    2020|         )
    2021|           throw new Error(
       |                 ^
    2022|             "Raptor 3 G1 atomic output requires exact identity scratch…
    2023|           );
 ❯ CommandExecution.run src/query-engine/raptor3/commands/execution.ts:315:25
 ❯ CommandExecution.complete src/query-engine/raptor3/commands/execution.ts:220:9
 ❯ OperationContext.run src/query-engine/raptor3/shared/operation-context.ts:668:27

⎯⎯⎯⎯⎯⎯⎯⎯⎯⎯⎯⎯⎯⎯⎯⎯⎯⎯⎯⎯⎯⎯⎯⎯[3/7]⎯

 FAIL  |provider-pg| tests/providers/docker/pg-nested-write-races.test.ts > pg Driver > pg batch-only batch primary-key dataflow > generated child ID feeds to-one parent FK
Error: Raptor 3 G1 atomic output requires exact identity scratch or segmented RETURNING
 ❯ OperationContext.insert src/query-engine/raptor3/shared/operation-context.ts:2021:17
    2019|           adapter.capabilities.supportsCteWithMutations
    2020|         )
    2021|           throw new Error(
       |                 ^
    2022|             "Raptor 3 G1 atomic output requires exact identity scratch…
    2023|           );
 ❯ CommandExecution.run src/query-engine/raptor3/commands/execution.ts:315:25
 ❯ CommandExecution.run src/query-engine/raptor3/commands/execution.ts:302:45
 ❯ CommandExecution.complete src/query-engine/raptor3/commands/execution.ts:220:9
 ❯ OperationContext.run src/query-engine/raptor3/shared/operation-context.ts:668:27
 ❯ Object.execute src/query-engine/raptor3/route/client-route.ts:218:25
 ❯ tests/contracts/drivers/behaviors/batch-primary-key-dataflow-behavior.ts:127:23

⎯⎯⎯⎯⎯⎯⎯⎯⎯⎯⎯⎯⎯⎯⎯⎯⎯⎯⎯⎯⎯⎯⎯⎯[4/7]⎯


 Test Files  1 failed (1)
      Tests  7 failed | 88 passed (95)
   Start at  12:09:55
   Duration  22.16s (transform 986ms, setup 9ms, collect 1.50s, tests 20.51s, environment 0ms, prepare 39ms)

Vitest resources: 24.24s wall, 568.5 MiB peak sampled process-group RSS (sampled ceiling 1536 MiB). Teardown verified.
