
 RUN  v3.1.4 /private/tmp/viborm-r13

 ❯ |raptor3| tests/raptor3/core-structure/measurement/cs02-structure-measure.test.ts (1 test | 1 failed) 24ms
   × collects the frozen CS-02 structural work matrix 24ms
     → Expected values to be strictly deep-equal:
+ actual - expected
... Skipped lines

  {
+   activationIds: [],
-   activationIds: [
-     'activation:structure/depth-create/1:attempt/0/unconditional'
-   ],
    commandIds: [
      'command:structure/depth-create/1:root',
      'command:structure/depth-create/1:root/children/0'
    ],
    occurrences: [
      {
-       commandId: 'command:structure/depth-create/1:root',
-       occurrenceId: 'occurrence:structure/depth-create/1:root'
-     },
-     {
        commandId: 'command:structure/depth-create/1:root/children/0',
        occurrenceId: 'occurrence:structure/depth-create/1:root/children/0'
      }
    ],
    reads: [],
...
      {
-       occurrenceId: 'occurrence:structure/depth-create/1:root',
-       writeId: 'write:structure/depth-create/1:root'
-     },
-     {
        occurrenceId: 'occurrence:structure/depth-create/1:root/children/0',
        writeId: 'write:structure/depth-create/1:root/children/0'
      }
    ]
  }


⎯⎯⎯⎯⎯⎯⎯ Failed Tests 1 ⎯⎯⎯⎯⎯⎯⎯

 FAIL  |raptor3| tests/raptor3/core-structure/measurement/cs02-structure-measure.test.ts > collects the frozen CS-02 structural work matrix
AssertionError: Expected values to be strictly deep-equal:
+ actual - expected
... Skipped lines

  {
+   activationIds: [],
-   activationIds: [
-     'activation:structure/depth-create/1:attempt/0/unconditional'
-   ],
    commandIds: [
      'command:structure/depth-create/1:root',
      'command:structure/depth-create/1:root/children/0'
    ],
    occurrences: [
      {
-       commandId: 'command:structure/depth-create/1:root',
-       occurrenceId: 'occurrence:structure/depth-create/1:root'
-     },
-     {
        commandId: 'command:structure/depth-create/1:root/children/0',
        occurrenceId: 'occurrence:structure/depth-create/1:root/children/0'
      }
    ],
    reads: [],
...
      {
-       occurrenceId: 'occurrence:structure/depth-create/1:root',
-       writeId: 'write:structure/depth-create/1:root'
-     },
-     {
        occurrenceId: 'occurrence:structure/depth-create/1:root/children/0',
        writeId: 'write:structure/depth-create/1:root/children/0'
      }
    ]
  }


[32m- Expected[39m
[31m+ Received[39m

[33m@@ -1,30 +1,20 @@[39m
[2m  {[22m
[32m-   "activationIds": [[39m
[32m-     "activation:structure/depth-create/1:attempt/0/unconditional",[39m
[32m-   ],[39m
[31m+   "activationIds": [],[39m
[2m    "commandIds": [[22m
[2m      "command:structure/depth-create/1:root",[22m
[2m      "command:structure/depth-create/1:root/children/0",[22m
[2m    ],[22m
[2m    "occurrences": [[22m
[32m-     {[39m
[32m-       "commandId": "command:structure/depth-create/1:root",[39m
[32m-       "occurrenceId": "occurrence:structure/depth-create/1:root",[39m
[32m-     },[39m
[2m      {[22m
[2m        "commandId": "command:structure/depth-create/1:root/children/0",[22m
[2m        "occurrenceId": "occurrence:structure/depth-create/1:root/children/0",[22m
[2m      },[22m
[2m    ],[22m
[2m    "reads": [],[22m
[2m    "selectionIds": [],[22m
[2m    "writes": [[22m
[32m-     {[39m
[32m-       "occurrenceId": "occurrence:structure/depth-create/1:root",[39m
[32m-       "writeId": "write:structure/depth-create/1:root",[39m
[32m-     },[39m
[2m      {[22m
[2m        "occurrenceId": "occurrence:structure/depth-create/1:root/children/0",[22m
[2m        "writeId": "write:structure/depth-create/1:root/children/0",[22m
[2m      },[22m
[2m    ],[22m

 ❯ measureCreate tests/raptor3/core-structure/measurement/cs02-structure-measure.test.ts:1087:10
    1085|     }
    1086|   );
    1087|   assert.deepEqual(
       |          ^
    1088|     captured.semanticInventory,
    1089|     canonicalInventory(recipe.semanticInventory)
 ❯ tests/raptor3/core-structure/measurement/cs02-structure-measure.test.ts:1139:22

⎯⎯⎯⎯⎯⎯⎯⎯⎯⎯⎯⎯⎯⎯⎯⎯⎯⎯⎯⎯⎯⎯⎯⎯[1/1]⎯


 Test Files  1 failed (1)
      Tests  1 failed (1)
   Start at  10:14:16
   Duration  3.56s (transform 1.07s, setup 12ms, collect 1.64s, tests 24ms, environment 0ms, prepare 42ms)

Vitest resources: 6.41s wall, 507.5 MiB peak sampled process-group RSS (sampled ceiling 1536 MiB). Teardown verified.
