
[test:all] raptor3-provider: tests/raptor3/expanded/produced-commands.test.ts

 RUN  v3.1.4 /Users/arnaud/code/viborm

 ✓ |raptor3-provider| tests/raptor3/expanded/produced-commands.test.ts (3 tests) 753ms

 Test Files  1 passed (1)
      Tests  3 passed (3)
   Start at  23:39:20
   Duration  2.21s (transform 875ms, setup 9ms, collect 1.32s, tests 753ms, environment 0ms, prepare 26ms)

[test:all] raptor3-provider: tests/raptor3/expanded/produced-commands.test.ts: 4.22s wall, 1486.8 MiB peak sampled process-group RSS (sampled ceiling 2560 MiB, isolated live-PGlite provider). Teardown verified.

[test:all] raptor3-provider: tests/raptor3/expanded/batch-produced-commands.test.ts

 RUN  v3.1.4 /Users/arnaud/code/viborm

 ✓ |raptor3-provider| tests/raptor3/expanded/batch-produced-commands.test.ts (2 tests) 714ms

 Test Files  1 passed (1)
      Tests  2 passed (2)
   Start at  23:39:25
   Duration  2.18s (transform 870ms, setup 9ms, collect 1.32s, tests 714ms, environment 0ms, prepare 29ms)

[test:all] raptor3-provider: tests/raptor3/expanded/batch-produced-commands.test.ts: 4.08s wall, 1437.0 MiB peak sampled process-group RSS (sampled ceiling 2560 MiB, isolated live-PGlite provider). Teardown verified.

[test:all] raptor3-provider: tests/raptor3/post-prep/g29-result-progress-pglite.test.ts

 RUN  v3.1.4 /Users/arnaud/code/viborm

 ✓ |raptor3-provider| tests/raptor3/post-prep/g29-result-progress-pglite.test.ts (1 test) 653ms
   ✓ G2.9 generated-result progress [commands] > preserves malformed generated-id translation on the statement the fold uses  652ms

 Test Files  1 passed (1)
      Tests  1 passed (1)
   Start at  23:39:29
   Duration  2.07s (transform 836ms, setup 9ms, collect 1.27s, tests 653ms, environment 0ms, prepare 28ms)

[test:all] raptor3-provider: tests/raptor3/post-prep/g29-result-progress-pglite.test.ts: 4.05s wall, 1439.7 MiB peak sampled process-group RSS (sampled ceiling 2560 MiB, isolated live-PGlite provider). Teardown verified.

[test:all] raptor3-provider: tests/raptor3/expanded/produced-legacy.test.ts

 RUN  v3.1.4 /Users/arnaud/code/viborm

 ✓ |raptor3-provider| tests/raptor3/expanded/produced-legacy.test.ts (3 tests) 739ms

 Test Files  1 passed (1)
      Tests  3 passed (3)
   Start at  23:39:33
   Duration  2.24s (transform 895ms, setup 12ms, collect 1.35s, tests 739ms, environment 0ms, prepare 32ms)

[test:all] raptor3-provider: tests/raptor3/expanded/produced-legacy.test.ts: 4.17s wall, 1474.3 MiB peak sampled process-group RSS (sampled ceiling 2560 MiB, isolated live-PGlite provider). Teardown verified.

[test:all] raptor3-provider: tests/raptor3/expanded/batch-produced-legacy.test.ts

 RUN  v3.1.4 /Users/arnaud/code/viborm

 ✓ |raptor3-provider| tests/raptor3/expanded/batch-produced-legacy.test.ts (2 tests) 671ms

 Test Files  1 passed (1)
      Tests  2 passed (2)
   Start at  23:39:37
   Duration  2.12s (transform 856ms, setup 9ms, collect 1.31s, tests 671ms, environment 0ms, prepare 27ms)

[test:all] raptor3-provider: tests/raptor3/expanded/batch-produced-legacy.test.ts: 4.04s wall, 1449.8 MiB peak sampled process-group RSS (sampled ceiling 2560 MiB, isolated live-PGlite provider). Teardown verified.
