
 RUN  v3.1.4 /Users/arnaud/code/viborm

 ✓ |raptor3| tests/raptor3/g4/route-transactions.test.ts (13 tests) 161ms
 ❯ |raptor3| tests/raptor3/g4/route-lifecycle.test.ts (8 tests | 2 failed) 51ms
   ✓ G4-03 C13 candidate client lifecycle > LX-01 a model call is lazy and memoizes one preparation, value and failure 12ms
   ✓ G4-03 C13 candidate client lifecycle > LX-09/LX-11 request transforms run once, before admission, and default omit still applies 5ms
   ✓ G4-03 C13 candidate client lifecycle > LX-10 the extension chain keeps its order and its collision refusal 4ms
   × G4-03 C13 candidate client lifecycle > LX-12 a query interceptor owns proceed() and short-circuit, and its input is the admitted payload on both routes 11ms
     → Expected values to be strictly deep-equal:
+ actual - expected

  [
    {
      select: {
        email: true
      },
      where: {
+       email: 'intercepted@example.test'
-       email: {
-         equals: 'intercepted@example.test'
-       }
      }
    }
  ]

   × G4-03 C13 candidate client lifecycle > D-6 PIN the interceptor input for upsert is the caller's raw arms on the shipped route and the ONE admission on the candidate 11ms
     → Expected values to be strictly deep-equal:
+ actual - expected

  [
    {
-     include: undefined,
-     omit: undefined,
-     select: undefined,
-     setWhere: undefined,
-     targetWhere: undefined,
      where: {
        email: 'upsert@example.test'
      }
    },
    {
-     include: undefined,
-     omit: undefined,
-     select: undefined,
-     setWhere: undefined,
-     targetWhere: undefined,
      where: {
        email: 'upsert@example.test'
      }
    }
  ]

   ✓ G4-03 C13 candidate client lifecycle > LX-13 statement transforms see the same statements on both routes 3ms
   ✓ G4-03 C13 candidate client lifecycle > LX-14 every observed unit matches the shipped route, operation and statement alike 2ms
   ✓ G4-03 C13 candidate client lifecycle > LX-16/LX-17 lifecycle and introspection stay on the existing owners 3ms
 ❯ |raptor3| tests/raptor3/g4/route-admission.test.ts (7 tests | 1 failed) 39ms
   ✓ G4-03 C13 candidate admission, results and refusals > one admitted input is evaluated exactly once, request transform first 4ms
   ✓ G4-03 C13 candidate admission, results and refusals > the same admission count as the shipped route for the same payload 11ms
   × G4-03 C13 candidate admission, results and refusals > the payload published before proceed() is the ONE admission, on both routes 4ms
     → Expected values to be strictly deep-equal:
+ actual - expected

  [
    {
      data: {
-       id: undefined,
        slug: 'payload',
+       title: 'value'
-       title: 'value-admitted'
      },
-     include: undefined,
-     omit: undefined,
-     select: undefined
    }
  ]

   ✓ G4-03 C13 candidate admission, results and refusals > every client verb is answered by the route and agrees with the shipped route 14ms
   ✓ G4-03 C13 candidate admission, results and refusals > results are fresh containers and errors keep their public identity 3ms
   ✓ G4-03 C13 candidate admission, results and refusals > B-3 the candidate admits through the schema registry the client handed it 1ms
   ✓ G4-03 C13 candidate admission, results and refusals > a findUnique miss answers null on both routes 2ms
 ✓ |raptor3| tests/raptor3/g4/route-cache.test.ts (7 tests) 20ms

⎯⎯⎯⎯⎯⎯⎯ Failed Tests 3 ⎯⎯⎯⎯⎯⎯⎯

 FAIL  |raptor3| tests/raptor3/g4/route-admission.test.ts > G4-03 C13 candidate admission, results and refusals > the payload published before proceed() is the ONE admission, on both routes
AssertionError: Expected values to be strictly deep-equal:
+ actual - expected

  [
    {
      data: {
-       id: undefined,
        slug: 'payload',
+       title: 'value'
-       title: 'value-admitted'
      },
-     include: undefined,
-     omit: undefined,
-     select: undefined
    }
  ]


[32m- Expected[39m
[31m+ Received[39m

[2m  [[22m
[2m    {[22m
[2m      "data": {[22m
[32m-       "id": undefined,[39m
[2m        "slug": "payload",[22m
[32m-       "title": "value-admitted",[39m
[31m+       "title": "value",[39m
[2m      },[22m
[32m-     "include": undefined,[39m
[32m-     "omit": undefined,[39m
[32m-     "select": undefined,[39m
[2m    },[22m
[2m  ][22m

 ❯ tests/raptor3/g4/route-admission.test.ts:209:12
    207|     assert.deepEqual(candidate.admissions, shipped.admissions);
    208|     // And the payload the interceptor saw is the ADMITTED one on both…
    209|     assert.deepEqual(candidate.seen, shipped.seen);
       |            ^
    210|     assert.equal(
    211|       (candidate.seen[0] as { data: { title: string } }).data.title,

⎯⎯⎯⎯⎯⎯⎯⎯⎯⎯⎯⎯⎯⎯⎯⎯⎯⎯⎯⎯⎯⎯⎯⎯[1/3]⎯

 FAIL  |raptor3| tests/raptor3/g4/route-lifecycle.test.ts > G4-03 C13 candidate client lifecycle > LX-12 a query interceptor owns proceed() and short-circuit, and its input is the admitted payload on both routes
AssertionError: Expected values to be strictly deep-equal:
+ actual - expected

  [
    {
      select: {
        email: true
      },
      where: {
+       email: 'intercepted@example.test'
-       email: {
-         equals: 'intercepted@example.test'
-       }
      }
    }
  ]


[32m- Expected[39m
[31m+ Received[39m

[33m@@ -2,11 +2,9 @@[39m
[2m    {[22m
[2m      "select": {[22m
[2m        "email": true,[22m
[2m      },[22m
[2m      "where": {[22m
[32m-       "email": {[39m
[32m-         "equals": "intercepted@example.test",[39m
[32m-       },[39m
[31m+       "email": "intercepted@example.test",[39m
[2m      },[22m
[2m    },[22m
[2m  ][22m

 ❯ tests/raptor3/g4/route-lifecycle.test.ts:351:12
    349|     // keys on (`PendingOperation.cacheKeyArgs`), which the NS-04 cell…
    350|     // `route-cache.test.ts` compares directly.
    351|     assert.deepEqual(observations.candidate.seen, observations.shipped…
       |            ^
    352|     assert.deepEqual(observations.candidate.seen, [
    353|       {

⎯⎯⎯⎯⎯⎯⎯⎯⎯⎯⎯⎯⎯⎯⎯⎯⎯⎯⎯⎯⎯⎯⎯⎯[2/3]⎯

 FAIL  |raptor3| tests/raptor3/g4/route-lifecycle.test.ts > G4-03 C13 candidate client lifecycle > D-6 PIN the interceptor input for upsert is the caller's raw arms on the shipped route and the ONE admission on the candidate
AssertionError: Expected values to be strictly deep-equal:
+ actual - expected

  [
    {
-     include: undefined,
-     omit: undefined,
-     select: undefined,
-     setWhere: undefined,
-     targetWhere: undefined,
      where: {
        email: 'upsert@example.test'
      }
    },
    {
-     include: undefined,
-     omit: undefined,
-     select: undefined,
-     setWhere: undefined,
-     targetWhere: undefined,
      where: {
        email: 'upsert@example.test'
      }
    }
  ]


[32m- Expected[39m
[31m+ Received[39m

[2m  [[22m
[2m    {[22m
[32m-     "include": undefined,[39m
[32m-     "omit": undefined,[39m
[32m-     "select": undefined,[39m
[32m-     "setWhere": undefined,[39m
[32m-     "targetWhere": undefined,[39m
[2m      "where": {[22m
[2m        "email": "upsert@example.test",[22m
[2m      },[22m
[2m    },[22m
[2m    {[22m
[32m-     "include": undefined,[39m
[32m-     "omit": undefined,[39m
[32m-     "select": undefined,[39m
[32m-     "setWhere": undefined,[39m
[32m-     "targetWhere": undefined,[39m
[2m      "where": {[22m
[2m        "email": "upsert@example.test",[22m
[2m      },[22m
[2m    },[22m
[2m  ][22m

 ❯ tests/raptor3/g4/route-lifecycle.test.ts:447:12
    445|       ...envelope
    446|     }: Record<string, unknown>) => envelope;
    447|     assert.deepEqual(
       |            ^
    448|       observations.candidate.seen.map(envelopeOf),
    449|       observations.shipped.seen.map(envelopeOf)

⎯⎯⎯⎯⎯⎯⎯⎯⎯⎯⎯⎯⎯⎯⎯⎯⎯⎯⎯⎯⎯⎯⎯⎯[3/3]⎯


 Test Files  2 failed | 2 passed (4)
      Tests  3 failed | 32 passed (35)
   Start at  11:49:53
   Duration  4.85s (transform 2.40s, setup 18ms, collect 4.18s, tests 271ms, environment 0ms, prepare 57ms)

Vitest resources: 9.40s wall, 667.2 MiB peak sampled process-group RSS (sampled ceiling 1536 MiB). Teardown verified.
