
 RUN  v3.1.4 /Users/arnaud/code/viborm

 ❯ |raptor3| tests/raptor3/g4/route-transactions.test.ts (13 tests | 1 failed) 1200ms
   ✓ G4-03 C13 candidate transactions, arrays and raw > LX-02/NS-05 one callback transaction commits, and a throw rolls every member back  393ms
   ✓ G4-03 C13 candidate transactions, arrays and raw > LX-02 a failed operation inside a callback transaction rolls back only itself 34ms
   ✓ G4-03 C13 candidate transactions, arrays and raw > LX-03 a nested transaction is a savepoint that keeps the outer effects 30ms
   ✓ G4-03 C13 candidate transactions, arrays and raw > LX-04 an array transaction keeps admission order, per-member results and atomicity 38ms
   ✓ G4-03 C13 candidate transactions, arrays and raw > LX-04 a batch-only driver packages candidate operations through the array owner 187ms
   ✓ G4-03 C13 candidate transactions, arrays and raw > LX-04 an array transaction containing a read is packaged on a batch-only driver on both routes 21ms
   × G4-03 C13 candidate transactions, arrays and raw > D-5 PIN a MULTI-statement array member is refused by the shipped route and packaged by the candidate on a batch-only driver 246ms
     → Expected values to be strictly equal:
+ actual - expected

+ 'TransactionError: query-engine-v2 cannot merge an insertId-scratch operation into a shared driver batch.'
- 'ok:[{"email":"d5@example.test"}]'

   ✓ G4-03 C13 candidate transactions, arrays and raw > LX-14 a statement-atomic write inside a callback transaction opens no region on either route 12ms
   ✓ G4-03 C13 candidate transactions, arrays and raw > LX-14 a multi-statement write inside a callback transaction opens exactly one region on either route 35ms
   ✓ G4-03 C13 candidate transactions, arrays and raw > LX-02 a FAILING statement-atomic write inside a callback transaction poisons the caller's transaction on both routes 10ms
   ✓ G4-03 C13 candidate transactions, arrays and raw > RF-09 a callback transaction stays refused on a non-interactive transport 31ms
   ✓ G4-03 C13 candidate transactions, arrays and raw > LX-05/LX-06/NS-03 raw SQL bypasses the route entirely 22ms
   ✓ G4-03 C13 candidate transactions, arrays and raw > NS-05 two clients over one database keep their own bound drivers 140ms

⎯⎯⎯⎯⎯⎯⎯ Failed Tests 1 ⎯⎯⎯⎯⎯⎯⎯

 FAIL  |raptor3| tests/raptor3/g4/route-transactions.test.ts > G4-03 C13 candidate transactions, arrays and raw > D-5 PIN a MULTI-statement array member is refused by the shipped route and packaged by the candidate on a batch-only driver
AssertionError: Expected values to be strictly equal:
+ actual - expected

+ 'TransactionError: query-engine-v2 cannot merge an insertId-scratch operation into a shared driver batch.'
- 'ok:[{"email":"d5@example.test"}]'


Expected: [32m"ok:[{"email":"d5@example.test"}]"[39m
Received: [31m"TransactionError: query-engine-v2 cannot merge an insertId-scratch operation into a shared driver batch."[39m

 ❯ tests/raptor3/g4/route-transactions.test.ts:498:12
    496| 
    497|     // The candidate answer, spelled out: one native batch, committed …
    498|     assert.equal(
       |            ^
    499|       observations.candidate.outcome,
    500|       'ok:[{"email":"d5@example.test"}]'

⎯⎯⎯⎯⎯⎯⎯⎯⎯⎯⎯⎯⎯⎯⎯⎯⎯⎯⎯⎯⎯⎯⎯⎯[1/1]⎯


 Test Files  1 failed (1)
      Tests  1 failed | 12 passed (13)
   Start at  11:51:19
   Duration  24.04s (transform 12.15s, setup 61ms, collect 19.44s, tests 1.20s, environment 0ms, prepare 388ms)

Vitest resources: 42.05s wall, 420.2 MiB peak sampled process-group RSS (sampled ceiling 1536 MiB). Teardown verified.
