
 RUN  v3.1.4 /private/tmp/viborm-parity-merge

 ✓ |raptor3| tests/raptor3/transitions/conditional-upsert-commands.test.ts (11 tests) 145ms
 ✓ |raptor3| tests/raptor3/transitions/singular-lattice-commands.test.ts (58 tests) 285ms
 ✓ |raptor3| tests/raptor3/transitions/shared-key-suppliers-commands.test.ts (4 tests) 64ms
 ✓ |raptor3| tests/raptor3/transitions/junction-identity-commands.test.ts (2 tests) 141ms
 ✓ |raptor3| tests/raptor3/transitions/series-staleness-commands.test.ts (4 tests) 81ms
 ✓ |raptor3| tests/raptor3/transitions/mixed-key-transitions-commands.test.ts (8 tests) 95ms
 ✓ |raptor3| tests/raptor3/transitions/supplier-continuations-commands.test.ts (10 tests) 95ms
 ✓ |raptor3| tests/raptor3/transitions/membership-own-write-commands.test.ts (8 tests) 66ms
 ✓ |raptor3| tests/raptor3/transitions/staleness-commands.test.ts (3 tests) 47ms
 ✓ |raptor3| tests/raptor3/transitions/singular-commands.test.ts (20 tests) 122ms
 ✓ |raptor3| tests/raptor3/transitions/junctions-commands.test.ts (26 tests) 224ms
 ✓ |raptor3| tests/raptor3/transitions/variant-removals-commands.test.ts (14 tests) 102ms
 ✓ |raptor3| tests/raptor3/transitions/occupied-keys-commands.test.ts (8 tests) 97ms
 ✓ |raptor3| tests/raptor3/transitions/required-commands.test.ts (8 tests) 61ms
 ✓ |raptor3| tests/raptor3/transitions/keys-commands.test.ts (14 tests) 95ms
 ✓ |raptor3| tests/raptor3/transitions/own-write-commands.test.ts (18 tests) 109ms

 Test Files  16 passed (16)
      Tests  216 passed (216)
   Start at  16:11:31
   Duration  4.61s (transform 976ms, setup 22ms, collect 2.54s, tests 1.83s, environment 0ms, prepare 29ms)

JSON report written to /private/tmp/viborm-parity-tmp-merge/viborm-raptor3-g0-1O0sEE/vitest.json
Vitest resources: 6.58s wall, 740.7 MiB peak sampled process-group RSS (sampled ceiling 1536 MiB). Teardown verified.
Raptor 3 g2-contracts contract gate verified. Evidence: /private/tmp/viborm-parity-tmp-merge/viborm-raptor3-g0-1O0sEE
