
 RUN  v3.1.4 /private/tmp/viborm-rulings-d33

 ❯ |extended-local| tests/raptor3/g4/parity/json-read-schema.test.ts (6 tests | 4 failed) 35ms
   × D-33 — a json().schema(…) field's schema runs at the decode boundary > publishes the schema's output on the live route, once per value 19ms
     → Expected values to be strictly equal:

4 !== 2

   × D-33 — a json().schema(…) field's schema runs at the decode boundary > publishes the schema's output for a create's RETURNING row 3ms
     → Expected values to be strictly equal:

3 !== 2

   × D-33 — a json().schema(…) field's schema runs at the decode boundary > publishes the schema's output on the prepared route, once per value 4ms
     → Expected values to be strictly equal:

9 !== 5

   ✓ D-33 — a json().schema(…) field's schema runs at the decode boundary > refuses a stored document the schema rejects, with the restored sentence 3ms
   ✓ D-33 — a json().schema(…) field's schema runs at the decode boundary > refuses one inside an array transaction the way that route refuses the decoder's other malformed values 3ms
   × D-33 — a json().schema(…) field's schema runs at the decode boundary > materializes a cached read from its snapshot without a second run 3ms
     → Expected values to be strictly equal:

2 !== 1


⎯⎯⎯⎯⎯⎯⎯ Failed Tests 4 ⎯⎯⎯⎯⎯⎯⎯

 FAIL  |extended-local| tests/raptor3/g4/parity/json-read-schema.test.ts > D-33 — a json().schema(…) field's schema runs at the decode boundary > publishes the schema's output on the live route, once per value
AssertionError: Expected values to be strictly equal:

4 !== 2


[32m- Expected[39m
[31m+ Received[39m

[32m- 2[39m
[31m+ 4[39m

 ❯ tests/raptor3/g4/parity/json-read-schema.test.ts:174:12
    172|     assert.deepEqual(many[1]?.payload, { n: 2, tag: "d33" });
    173|     // ...and two rows read are two runs: once per decoded VALUE.
    174|     assert.equal(schemaRuns, 2);
       |            ^
    175| 
    176|     schemaRuns = 0;

⎯⎯⎯⎯⎯⎯⎯⎯⎯⎯⎯⎯⎯⎯⎯⎯⎯⎯⎯⎯⎯⎯⎯⎯[1/4]⎯

 FAIL  |extended-local| tests/raptor3/g4/parity/json-read-schema.test.ts > D-33 — a json().schema(…) field's schema runs at the decode boundary > publishes the schema's output for a create's RETURNING row
AssertionError: Expected values to be strictly equal:

3 !== 2


[32m- Expected[39m
[31m+ Received[39m

[32m- 2[39m
[31m+ 3[39m

 ❯ tests/raptor3/g4/parity/json-read-schema.test.ts:217:12
    215|       { payload: { n: 4, tag: "d33" } }
    216|     );
    217|     assert.equal(schemaRuns, 2);
       |            ^
    218|   });
    219| 

⎯⎯⎯⎯⎯⎯⎯⎯⎯⎯⎯⎯⎯⎯⎯⎯⎯⎯⎯⎯⎯⎯⎯⎯[2/4]⎯

 FAIL  |extended-local| tests/raptor3/g4/parity/json-read-schema.test.ts > D-33 — a json().schema(…) field's schema runs at the decode boundary > publishes the schema's output on the prepared route, once per value
AssertionError: Expected values to be strictly equal:

9 !== 5


[32m- Expected[39m
[31m+ Received[39m

[32m- 5[39m
[31m+ 9[39m

 ❯ tests/raptor3/g4/parity/json-read-schema.test.ts:247:12
    245|     // Two rows, one row and one created row decoded, plus the create'…
    246|     // admission run: the prepared route asks exactly as often as the …
    247|     assert.equal(schemaRuns, 5);
       |            ^
    248|   });
    249| 

⎯⎯⎯⎯⎯⎯⎯⎯⎯⎯⎯⎯⎯⎯⎯⎯⎯⎯⎯⎯⎯⎯⎯⎯[3/4]⎯

 FAIL  |extended-local| tests/raptor3/g4/parity/json-read-schema.test.ts > D-33 — a json().schema(…) field's schema runs at the decode boundary > materializes a cached read from its snapshot without a second run
AssertionError: Expected values to be strictly equal:

2 !== 1


[32m- Expected[39m
[31m+ Received[39m

[32m- 1[39m
[31m+ 2[39m

 ❯ tests/raptor3/g4/parity/json-read-schema.test.ts:365:12
    363|     assert.deepEqual(await cached.document.findMany(read), transformed…
    364|     await settle();
    365|     assert.equal(schemaRuns, 1);
       |            ^
    366| 
    367|     // The HIT answers from the snapshot, which holds the DECODED valu…

⎯⎯⎯⎯⎯⎯⎯⎯⎯⎯⎯⎯⎯⎯⎯⎯⎯⎯⎯⎯⎯⎯⎯⎯[4/4]⎯


 Test Files  1 failed (1)
      Tests  4 failed | 2 passed (6)
   Start at  21:30:49
   Duration  1.42s (transform 835ms, setup 10ms, collect 1.24s, tests 35ms, environment 0ms, prepare 28ms)

Vitest resources: 3.39s wall, 479.3 MiB peak sampled process-group RSS (sampled ceiling 1536 MiB). Teardown verified.
