
 RUN  v3.1.4 /private/tmp/viborm-rulings-d33

 ✓ |layer-client| tests/contracts/public-client/query-interceptors-array.core.test.ts (54 tests) 52ms
 ✓ |layer-client| tests/contracts/public-client/query-interceptors-integration.core.test.ts (48 tests) 21ms
 ✓ |layer-client| tests/contracts/public-client/query-interceptors.core.test.ts (43 tests) 5ms
 ✓ |layer-client| tests/contracts/public-client/request-transforms.core.test.ts (43 tests) 12ms
 ✓ |layer-client| tests/contracts/public-client/official-statement-instrumentation.core.test.ts (11 tests) 27ms
 ✓ |layer-client| tests/contracts/public-client/official-cache-instrumentation.core.test.ts (8 tests) 14ms
 ✓ |layer-client| tests/contracts/public-client/errors/diagnostics.core.test.ts (25 tests) 4ms
 ✓ |layer-client| tests/contracts/public-client/official-driver-lifecycle-instrumentation.core.test.ts (9 tests) 18ms
 ✓ |layer-client| tests/contracts/public-client/protected-driver-lifecycle-observers.core.test.ts (13 tests) 7ms
 ✓ |layer-client| tests/contracts/public-client/extensions-foundation.core.test.ts (16 tests) 6ms
 ✓ |layer-client| tests/contracts/public-client/official-cache-swr.core.test.ts (7 tests) 6ms
 ✓ |layer-client| tests/contracts/public-client/official-instrumentation-extension.core.test.ts (12 tests) 13ms
 ✓ |layer-client| tests/contracts/public-client/implicit-returning-types.core.test.ts (28 tests) 1ms
 ✓ |layer-client| tests/contracts/public-client/protected-cache-observers.core.test.ts (7 tests) 5ms
 ✓ |layer-client| tests/contracts/public-client/polymorphic-collection-client.core.test.ts (24 tests) 11ms
 ✓ |layer-client| tests/contracts/public-client/client-coverage.core.test.ts (11 tests) 7ms
 ✓ |layer-client| tests/contracts/public-client/polymorphic-client-omit.core.test.ts (11 tests) 1ms
 ✓ |layer-client| tests/contracts/public-client/array-transaction-closure.core.test.ts (8 tests) 13ms
 ✓ |layer-client| tests/contracts/public-client/official-cache-extension.core.test.ts (10 tests) 3ms
 ✓ |layer-client| tests/contracts/public-client/errors/public-helpers.core.test.ts (10 tests) 3ms
 ✓ |layer-client| tests/contracts/public-client/default-omit-extension.core.test.ts (8 tests) 3ms
 ✓ |layer-client| tests/contracts/public-client/omit-result-types.core.test.ts (21 tests) 0ms
 ✓ |layer-client| tests/contracts/public-client/schema-introspection.core.test.ts (9 tests) 10ms
 ✓ |layer-client| tests/contracts/public-client/nested-transaction-contract.core.test.ts (8 tests) 3ms
 ✓ |layer-client| tests/contracts/public-client/array-transaction-observed-legacy-coverage.core.test.ts (4 tests) 4ms
 ✓ |layer-client| tests/contracts/public-client/client-omit-closure.core.test.ts (9 tests) 1ms
 ✓ |layer-client| tests/contracts/public-client/client-configuration-boundaries.core.test.ts (16 tests) 2ms
 ✓ |layer-client| tests/contracts/public-client/client-construction-boundaries.core.test.ts (12 tests) 3ms
 ✓ |layer-client| tests/contracts/public-client/client-surface-closure.core.test.ts (4 tests) 1ms
 ✓ |layer-client| tests/contracts/public-client/extensions/array-admission.core.test.ts (9 tests) 1ms
 ✓ |layer-client| tests/contracts/public-client/statement-transforms-integration.core.test.ts (5 tests) 2ms
 ✓ |layer-client| tests/contracts/public-client/one-resolution-identity.core.test.ts (3 tests) 2ms
 ✓ |layer-client| tests/contracts/public-client/array-transaction-legacy-batch-boundaries.core.test.ts (5 tests) 2ms
 ✓ |layer-client| tests/contracts/public-client/client-initialization-errors.core.test.ts (4 tests) 1ms
 ✓ |layer-client| tests/contracts/public-client/raw-observation-closure.core.test.ts (1 test) 3ms
 ✓ |layer-client| tests/contracts/public-client/typescript-renderer-nullability.core.test.ts (3 tests) 2ms
 ✓ |layer-client| tests/contracts/public-client/client-lifecycle-boundaries.core.test.ts (1 test) 1ms
 ✓ |layer-client| tests/contracts/public-client/typescript-renderer-closure.core.test.ts (5 tests) 1ms
 ✓ |layer-client| tests/contracts/public-client/typescript-renderer-boundaries.core.test.ts (4 tests) 1ms
 ✓ |layer-client| tests/contracts/public-client/public-runtime-surface.core.test.ts (1 test) 0ms
 ✓ |layer-client| tests/contracts/public-client/default-omit-bulk-projection.core.test.ts (5 tests) 0ms
 ✓ |layer-client| tests/contracts/public-client/config-subpath.core.test.ts (1 test) 0ms

 Test Files  42 passed (42)
      Tests  536 passed (536)
   Start at  21:23:11
   Duration  3.40s (transform 954ms, setup 31ms, collect 2.93s, tests 273ms, environment 0ms, prepare 26ms)

Vitest resources: 5.38s wall, 668.0 MiB peak sampled process-group RSS (sampled ceiling 1536 MiB). Teardown verified.
