
 RUN  v3.1.4 /private/tmp/viborm-rulings-d33

 ✓ |raptor3| tests/raptor3/transitions/membership-own-write-legacy.test.ts (8 tests) 87ms
 ✓ |raptor3| tests/raptor3/transitions/mixed-key-transitions-legacy.test.ts (8 tests) 73ms
 ✓ |raptor3| tests/raptor3/transitions/variant-removals-legacy.test.ts (14 tests) 123ms
 ✓ |raptor3| tests/raptor3/transitions/conditional-upsert-legacy.test.ts (11 tests) 77ms
 ✓ |raptor3| tests/raptor3/transitions/shared-key-suppliers-legacy.test.ts (4 tests) 47ms
 ✓ |raptor3| tests/raptor3/transitions/own-write-legacy.test.ts (18 tests) 43ms
 ✓ |raptor3| tests/raptor3/transitions/junction-identity-legacy.test.ts (2 tests) 52ms
 ✓ |raptor3| tests/raptor3/transitions/singular-legacy.test.ts (20 tests) 21ms
 ✓ |raptor3| tests/raptor3/transitions/junctions-legacy.test.ts (26 tests) 33ms
 ✓ |raptor3| tests/raptor3/transitions/required-legacy.test.ts (8 tests) 9ms
 ✓ |raptor3| tests/raptor3/transitions/series-staleness-legacy.test.ts (4 tests) 14ms
 ✓ |raptor3| tests/raptor3/transitions/keys-legacy.test.ts (14 tests) 17ms
 ✓ |raptor3| tests/raptor3/transitions/staleness-legacy.test.ts (3 tests) 6ms
 ✓ |raptor3| tests/raptor3/transitions/singular-lattice-legacy.test.ts (58 tests) 33ms
 ✓ |raptor3| tests/raptor3/transitions/supplier-continuations-legacy.test.ts (10 tests) 18ms
 ✓ |raptor3| tests/raptor3/transitions/occupied-keys-legacy.test.ts (8 tests) 17ms

 Test Files  16 passed (16)
      Tests  216 passed (216)
   Start at  21:23:21
   Duration  3.03s (transform 860ms, setup 18ms, collect 2.18s, tests 669ms, environment 0ms, prepare 26ms)

JSON report written to /private/tmp/viborm-rulings-tmp-d33/viborm-raptor3-g0-1HCsOH/vitest.json
Vitest resources: 4.98s wall, 679.4 MiB peak sampled process-group RSS (sampled ceiling 1536 MiB). Teardown verified.
Raptor 3 g2-baseline contract gate verified. Evidence: /private/tmp/viborm-rulings-tmp-d33/viborm-raptor3-g0-1HCsOH
