candidate 31b95f36bee59df8d097ef6ba099b94465855e96 clean=0 baseline 5a37bcd7f371fe393cf7cecb8ec9f82ef8bd3062 2026-09-23T02:39:03Z
 4:39  up 23 days,  4:19, 3 users, load averages: 12.06 9.30 8.54
=== nested-conditional-found/full cpu pass 1
exit=0
=== key-transition-cascade/full cpu pass 1
exit=0
=== fixed-collection-rowref-20/full cpu pass 1
exit=0
=== scalar-find-unique/full cpu pass 1
exit=0
=== bulk-update-returning-100/prepare cpu pass 1
exit=0
=== bulk-update-returning-100/full cpu pass 1
exit=0
=== fixed-collection-rowref-1000/parse cpu pass 1
exit=0
=== nested-conditional-found/full cpu pass 2
exit=0
=== key-transition-cascade/full cpu pass 2
exit=0
=== fixed-collection-rowref-20/full cpu pass 2
exit=0
=== scalar-find-unique/full cpu pass 2
exit=0
=== bulk-update-returning-100/prepare cpu pass 2
exit=0
=== bulk-update-returning-100/full cpu pass 2
exit=0
=== fixed-collection-rowref-1000/parse cpu pass 2
exit=0
 4:43  up 23 days,  4:23, 3 users, load averages: 10.57 10.12 9.10
| cell | pass | baseline CPU µs/op | candidate | CPU ratio | wall ratio | valid | statements B/C |
| --- | ---: | ---: | ---: | ---: | ---: | --- | --- |
| bulk-update-returning-100/full | 1 | 131.17 | 126.31 | **0.963** | 0.981 | true | 1/1 |
| bulk-update-returning-100/prepare | 1 | 21.58 | 33.59 | **1.557** | 1.201 | true | 1/1 |
| fixed-collection-rowref-1000/parse | 1 | 459.10 | 303.98 | **0.662** | 0.667 | true | 1/1 |
| fixed-collection-rowref-20/full | 1 | 74.58 | 68.93 | **0.924** | 0.970 | true | 1/1 |
| key-transition-cascade/full | 1 | 110.62 | 100.98 | **0.913** | 1.017 | true | 3/3 |
| nested-conditional-found/full | 1 | 165.44 | 135.94 | **0.822** | 0.919 | true | 4/4 |
| scalar-find-unique/full | 1 | 29.20 | 25.94 | **0.888** | 0.940 | true | 1/1 |
| bulk-update-returning-100/full | 2 | 132.30 | 124.72 | **0.943** | 0.924 | true | 1/1 |
| bulk-update-returning-100/prepare | 2 | 21.27 | 35.05 | **1.647** | 1.276 | true | 1/1 |
| fixed-collection-rowref-1000/parse | 2 | 457.66 | 305.33 | **0.667** | 0.671 | true | 1/1 |
| fixed-collection-rowref-20/full | 2 | 75.72 | 73.03 | **0.965** | 1.047 | true | 1/1 |
| key-transition-cascade/full | 2 | 110.62 | 100.68 | **0.910** | 1.035 | true | 3/3 |
| nested-conditional-found/full | 2 | 170.91 | 134.02 | **0.784** | 0.845 | true | 4/4 |
| scalar-find-unique/full | 2 | 32.12 | 25.65 | **0.799** | 0.846 | true | 1/1 |

DONE
