
 RUN  v3.1.4 /Users/arnaud/code/viborm

 ✓ |raptor3| tests/raptor3/transitions/conditional-upsert-commands.test.ts (11 tests) 112ms
 ✓ |raptor3| tests/raptor3/transitions/singular-lattice-commands.test.ts (58 tests) 242ms
 ✓ |raptor3| tests/raptor3/transitions/shared-key-suppliers-commands.test.ts (4 tests) 62ms
 ✓ |raptor3| tests/raptor3/transitions/junction-identity-commands.test.ts (2 tests) 142ms
 ✓ |raptor3| tests/raptor3/transitions/series-staleness-commands.test.ts (4 tests) 65ms
 ✓ |raptor3| tests/raptor3/transitions/mixed-key-transitions-commands.test.ts (8 tests) 85ms
 ✓ |raptor3| tests/raptor3/transitions/supplier-continuations-commands.test.ts (10 tests) 89ms
 ✓ |raptor3| tests/raptor3/transitions/membership-own-write-commands.test.ts (8 tests) 73ms
 ✓ |raptor3| tests/raptor3/transitions/staleness-commands.test.ts (3 tests) 48ms
 ✓ |raptor3| tests/raptor3/transitions/singular-commands.test.ts (20 tests) 122ms
 ✓ |raptor3| tests/raptor3/transitions/junctions-commands.test.ts (26 tests) 207ms
 ✓ |raptor3| tests/raptor3/transitions/variant-removals-commands.test.ts (14 tests) 97ms
 ✓ |raptor3| tests/raptor3/transitions/occupied-keys-commands.test.ts (8 tests) 102ms
 ✓ |raptor3| tests/raptor3/transitions/required-commands.test.ts (8 tests) 59ms
 ✓ |raptor3| tests/raptor3/transitions/keys-commands.test.ts (14 tests) 94ms
 ✓ |raptor3| tests/raptor3/transitions/own-write-commands.test.ts (18 tests) 112ms

 Test Files  16 passed (16)
      Tests  216 passed (216)
   Start at  05:48:35
   Duration  4.74s (transform 1.19s, setup 18ms, collect 2.85s, tests 1.71s, environment 0ms, prepare 26ms)

JSON report written to /var/folders/2c/xh5rx2d91wd_lk8rvnnhlr4m0000gn/T/viborm-raptor3-g0-m1Dnxw/vitest.json
Vitest resources: 6.78s wall, 821.4 MiB peak sampled process-group RSS (sampled ceiling 1536 MiB). Teardown verified.
Raptor 3 g2-contracts contract gate verified. Evidence: /var/folders/2c/xh5rx2d91wd_lk8rvnnhlr4m0000gn/T/viborm-raptor3-g0-m1Dnxw
