
> viborm@0.1.0 test:coverage:policy /Users/arnaud/code/viborm
> node scripts/run-node-safe.mjs 512 60000 scripts/coverage-policy.test.mjs && node scripts/run-node-safe.mjs 512 60000 scripts/bounded-process.test.mjs && node scripts/run-node-safe.mjs 512 60000 scripts/test-run-lock.test.mjs && node scripts/run-node-safe.mjs 512 60000 scripts/raptor3-refusal-census.test.mjs

✔ every TypeScript source has exactly one coverage owner (5.920375ms)
✔ subsystem configs derive includes and thresholds from the manifest (0.271958ms)
✔ waived sources remain owned and included (0.153417ms)
✔ test fixtures use the workspace alias instead of root-absolute imports (155.54475ms)
✔ migration coverage admits every credential-free local contract (2.305166ms)
✔ migration core contracts open no database outside the named in-memory SQLite exception (12.656709ms)
✔ client coverage admits the core and audited deterministic contracts (0.375958ms)
✔ driver coverage isolates provider resources and admits only audited local providers (4.633583ms)
✔ query coverage admits every core contract exactly once (4.719125ms)
✔ write coverage admits the core and audited high-signal local contracts (3.94525ms)
✔ cache coverage admits every deterministic cache contract exactly once (1.57ms)
ℹ tests 11
ℹ suites 0
ℹ pass 11
ℹ fail 0
ℹ cancelled 0
ℹ skipped 0
ℹ todo 0
ℹ duration_ms 196.131167
Node resources: 0.55s wall, 0.7 MiB peak sampled process-group RSS (sampled ceiling 1536 MiB). Teardown verified.
✔ fails closed where process-tree bounds cannot be verified (0.9395ms)
✔ process-group RSS sums every member and ignores other groups (0.199042ms)
✔ process-group teardown ignores zombie-only groups (0.091916ms)
✔ heap replacement preserves unrelated Node options (0.107083ms)
✔ RSS limit defaults to the project cap and is configurable (0.4825ms)
✔ the ordinary ceiling is 1536 MiB and may only ever be lowered (0.101666ms)
✔ no ordinary caller can reach the 2560 MiB PGlite allowance (0.206458ms)
✔ the allowlisted typecheck ceiling reaches 8192 MiB and stops there (0.0995ms)
✔ the allowlisted PGlite ceiling reaches 2560 MiB and stops there (0.090584ms)
✔ the resource line names the ceiling that was applied (0.171875ms)
✔ a bounded run reports the ceiling it enforced (283.552ms)
✔ heap limits may be lowered but never raised above the caller cap (0.230625ms)
✔ Vitest arguments end with the enforced single-worker policy (0.064167ms)
RSS limit witness exceeded its 48 MiB sampled process-group RSS ceiling (ordinary project).
✔ the sampled RSS ceiling terminates the complete child group (785.938584ms)
RSS group teardown witness exceeded its 48 MiB sampled process-group RSS ceiling (ordinary project).
RSS group teardown witness exceeded its 48 MiB sampled process-group RSS ceiling (ordinary project).
RSS group teardown witness exceeded its 48 MiB sampled process-group RSS ceiling (ordinary project).
RSS group teardown witness exceeded its 48 MiB sampled process-group RSS ceiling (ordinary project).
RSS group teardown witness exceeded its 48 MiB sampled process-group RSS ceiling (ordinary project).
RSS group teardown witness exceeded its 48 MiB sampled process-group RSS ceiling (ordinary project).
RSS group teardown witness exceeded its 48 MiB sampled process-group RSS ceiling (ordinary project).
RSS group teardown witness exceeded its 48 MiB sampled process-group RSS ceiling (ordinary project).
✔ RSS teardown verifies a group whose leader and worker exit together (6925.438ms)
✔ normal leader exit still tears down inherited descendants (678.762666ms)
ℹ tests 16
ℹ suites 0
ℹ pass 16
ℹ fail 0
ℹ cancelled 0
ℹ skipped 0
ℹ todo 0
ℹ duration_ms 8681.633125
Node resources: 9.02s wall, 62.6 MiB peak sampled process-group RSS (sampled ceiling 1536 MiB). Teardown verified.
✔ a bounded descendant inherits its ancestor's workspace lock (325.395584ms)
✔ parses complete process rows without truncating commands (0.37825ms)
✔ refuses malformed, duplicate, and incomplete process graphs (0.174667ms)
✔ excludes every direct, pnpm, and coverage-wrapper ancestor (0.121125ms)
✔ finds stale Vitest, TypeScript, tsdown, and Vitest worker processes (0.16925ms)
✔ does not confuse a sibling path with the current workspace (0.063167ms)
ℹ tests 6
ℹ suites 0
ℹ pass 6
ℹ fail 0
ℹ cancelled 0
ℹ skipped 0
ℹ todo 0
ℹ duration_ms 329.246084
Node resources: 0.63s wall, 0.6 MiB peak sampled process-group RSS (sampled ceiling 1536 MiB). Teardown verified.
✔ reads the sentence a site built into a local const and handed to the failure owner (969.900291ms)
✔ reads the sentence the site's own factory built and handed to the failure owner (1181.695041ms)
✔ does not attribute a caught value to the site that rethrows it through the failure owner (1096.6425ms)
✔ reads the failure owner's own substituted sentence once, at the owner (1002.416291ms)
✔ does not mistake a zero-argument `failure()` member for the failure owner (993.678709ms)
✔ refuses loudly when the declared failure owner is not where the census reads it (1007.142208ms)
✔ the engine's own tree still declares the failure owner the census reads (905.215792ms)
ℹ tests 7
ℹ suites 0
ℹ pass 7
ℹ fail 0
ℹ cancelled 0
ℹ skipped 0
ℹ todo 0
ℹ duration_ms 7160.064292
Node resources: 7.40s wall, 309.6 MiB peak sampled process-group RSS (sampled ceiling 1536 MiB). Teardown verified.
