
> viborm@0.1.0 test:coverage:query-engine-core /private/tmp/viborm-followups
> node --max-old-space-size=768 scripts/run-coverage.mjs query-engine-core

Coverage query-engine core: 38 source files, 98% target.
Coverage query-engine core part 1/4: layer-query-engine.

 RUN  v3.1.4 /private/tmp/viborm-followups
      Coverage enabled with v8

 ✓ |layer-query-engine| tests/contracts/engine/query/operand-callback-sql.core.test.ts (62 tests) 50ms
 ✓ |layer-query-engine| tests/contracts/engine/query/pending-operation-contracts.core.test.ts (27 tests) 13ms
 ✓ |layer-query-engine| tests/contracts/engine/query/field-reference-sql.core.test.ts (49 tests) 16ms
 ✓ |layer-query-engine| tests/contracts/architecture/extension-system-census.core.test.ts (8 tests) 1200ms
   ✓ extension-system source census > keeps no superseded owner or parallel runtime handler carrier  1195ms
 ✓ |layer-query-engine| tests/contracts/engine/query/geopoint-sql.core.test.ts (14 tests) 8ms
 ✓ |layer-query-engine| tests/contracts/engine/query/decimal-having-operand-sql.core.test.ts (42 tests) 18ms
 ✓ |layer-query-engine| tests/contracts/engine/query/namespace-qualification.core.test.ts (122 tests) 18ms
 ✓ |layer-query-engine| tests/contracts/engine/query/model-key-catalog.core.test.ts (22 tests) 2ms
 ✓ |layer-query-engine| tests/contracts/engine/query/parity-admission.core.test.ts (75 tests) 34ms
 ✓ |layer-query-engine| tests/contracts/engine/query/parity-lowering.core.test.ts (20 tests) 11ms
 ✓ |layer-query-engine| tests/contracts/engine/query/cache-result-codec-boundaries.core.test.ts (9 tests) 3ms
 ✓ |layer-query-engine| tests/contracts/engine/query/starts-with-prefix-sql.core.test.ts (31 tests) 6ms
 ✓ |layer-query-engine| tests/contracts/architecture/geopoint-language-census.core.test.ts (4 tests) 2589ms
   ✓ GeoPoint shipped-language census > the complete shipped executable source has zero retired owners  1261ms
   ✓ GeoPoint shipped-language census > the codecs and fixed radius each have one declaration owner  1326ms
 ✓ |layer-query-engine| tests/contracts/engine/query/parity-decoding.core.test.ts (10 tests) 7ms
 ✓ |layer-query-engine| tests/contracts/architecture/core-taxonomy-census.core.test.ts (4 tests) 107ms
 ✓ |layer-query-engine| tests/contracts/engine/query/batch-attribution-hazard-signature.core.test.ts (5 tests) 2ms
 ✓ |layer-query-engine| tests/contracts/engine/query/for-update-dialects.core.test.ts (17 tests) 1ms
 ✓ |layer-query-engine| tests/contracts/engine/query/query-inspection.core.test.ts (8 tests) 1ms
 ✓ |layer-query-engine| tests/contracts/engine/query/json-null-sentinel-sql.core.test.ts (21 tests) 5ms
 ✓ |layer-query-engine| tests/contracts/architecture/contract-matrix.core.test.ts (5 tests) 68ms
 ✓ |layer-query-engine| tests/contracts/engine/query/parity-preparation.core.test.ts (36 tests) 9ms
 ✓ |layer-query-engine| tests/contracts/engine/query/parity-assignments.core.test.ts (6 tests) 7ms
 ✓ |layer-query-engine| tests/contracts/engine/query/lateral-joins.core.test.ts (11 tests) 2ms
 ✓ |layer-query-engine| tests/contracts/engine/query/operation-program-read-contracts.core.test.ts (2 tests) 5ms
 ✓ |layer-query-engine| tests/contracts/engine/query/select-mode-capability-matrix.core.test.ts (3 tests) 3ms
 ✓ |layer-query-engine| tests/contracts/engine/query/orderby-relation-depth.core.test.ts (4 tests) 1ms
 ✓ |layer-query-engine| tests/contracts/architecture/system-clock.core.test.ts (5 tests) 2ms
 ✓ |layer-query-engine| tests/contracts/engine/query/default-insert-sql.core.test.ts (3 tests) 0ms
 ✓ |layer-query-engine| tests/contracts/engine/query/bulk-insert-row-shapes.core.test.ts (2 tests) 3ms
 ✓ |layer-query-engine| tests/contracts/engine/query/result-aliases.core.test.ts (14 tests) 0ms
 ✓ |layer-query-engine| tests/contracts/engine/query/bind-budget.core.test.ts (2 tests) 0ms
 ✓ |layer-query-engine| tests/contracts/engine/query/nested-captured-target-signature.core.test.ts (1 test) 0ms

 Test Files  32 passed (32)
      Tests  644 passed (644)
   Start at  18:16:07
   Duration  10.68s (transform 799ms, setup 25ms, collect 4.42s, tests 4.19s, environment 0ms, prepare 36ms)

Vitest resources: 12.61s wall, 917.5 MiB peak sampled process-group RSS (sampled ceiling 1536 MiB). Teardown verified.
Coverage query-engine core part 2/4: coverage-write-engine-core.

 RUN  v3.1.4 /private/tmp/viborm-followups
      Coverage enabled with v8

 ✓ |coverage-write-engine-core| tests/contracts/engine/write/parse-boundary-gate.core.test.ts (3 tests) 10ms
 ✓ |coverage-write-engine-core| tests/contracts/engine/write/dead-symbol-gate.core.test.ts (43 tests) 511ms
 ✓ |coverage-write-engine-core| tests/contracts/engine/write/atomic-unit-batch.core.test.ts (3 tests) 0ms
 ✓ |coverage-write-engine-core| tests/contracts/engine/query/nested-create-many.core.test.ts (1 test) 7ms

 Test Files  4 passed (4)
      Tests  50 passed (50)
   Start at  18:16:20
   Duration  2.61s (transform 590ms, setup 10ms, collect 903ms, tests 528ms, environment 0ms, prepare 31ms)

Vitest resources: 4.33s wall, 531.6 MiB peak sampled process-group RSS (sampled ceiling 1536 MiB). Teardown verified.
Coverage query-engine core part 3/4: coverage-write-engine.

 RUN  v3.1.4 /private/tmp/viborm-followups
      Coverage enabled with v8

 ❯ |coverage-write-engine| tests/contracts/engine/write/neon-committed-segments-capability.test.ts (12 tests | 1 failed) 77ms
   ✓ H2 — Neon HTTP declares no ordered committed segments > typed direct execution requests object-row full results 2ms
   ✓ H2 — Neon HTTP declares no ordered committed segments > raw direct execution retains named provider rows 0ms
   ✓ H2 — Neon HTTP declares no ordered committed segments > the capability is false, beside the two that are true 2ms
   ✓ H2 — Neon HTTP declares no ordered committed segments > raw and model operations share one native Neon array transaction 6ms
   × H2 — Neon HTTP declares no ordered committed segments > generated scalar create and upsert return from one native Neon request 6ms
     → Driver "neon-http" does not support callback transactions and this transaction contains operations that cannot be batched atomically.
   ✓ H2 — Neon HTTP declares no ordered committed segments > a ROOT relation-bearing createMany awaits batch execution while the capability is false 54ms
   ✓ H2 — Neon HTTP declares no ordered committed segments > an ordinary write on the same driver DOES reach the provider 2ms
   ✓ H2 — Neon HTTP declares no ordered committed segments > the native batch acknowledges commit after transaction resolution and before returning 2ms
   ✓ H2 — Neon HTTP declares no ordered committed segments > a committed callback precedes result-cardinality failure 0ms
   ✓ H2 — Neon HTTP declares no ordered committed segments > a committed callback precedes statement-result parsing failure 0ms
   ✓ H2 — Neon HTTP declares no ordered committed segments > a rejected native transaction never acknowledges a commit 0ms
   ✓ H2 — Neon HTTP declares no ordered committed segments > attributes a one-statement provider rejection and keeps an opaque multi-statement rejection at batch scope 1ms
 ✓ |coverage-write-engine| tests/contracts/engine/write/parse-boundary-gate.core.test.ts (3 tests) 8ms
 ✓ |coverage-write-engine| tests/contracts/engine/write/dead-symbol-gate.core.test.ts (43 tests) 506ms
 ✓ |coverage-write-engine| tests/contracts/engine/write/atomic-unit-batch.core.test.ts (3 tests) 0ms
 ✓ |coverage-write-engine| tests/contracts/engine/query/nested-create-many.core.test.ts (1 test) 2ms

⎯⎯⎯⎯⎯⎯⎯ Failed Tests 1 ⎯⎯⎯⎯⎯⎯⎯

 FAIL  |coverage-write-engine| tests/contracts/engine/write/neon-committed-segments-capability.test.ts > H2 — Neon HTTP declares no ordered committed segments > generated scalar create and upsert return from one native Neon request
TransactionError: Driver "neon-http" does not support callback transactions and this transaction contains operations that cannot be batched atomically.
⎯⎯⎯⎯⎯⎯⎯⎯⎯⎯⎯⎯⎯⎯⎯⎯⎯⎯⎯⎯⎯⎯⎯⎯[1/1]⎯


 Test Files  1 failed | 4 passed (5)
      Tests  1 failed | 61 passed (62)
   Start at  18:16:25
   Duration  2.59s (transform 613ms, setup 9ms, collect 808ms, tests 593ms, environment 0ms, prepare 31ms)

Vitest resources: 4.39s wall, 498.4 MiB peak sampled process-group RSS (sampled ceiling 1536 MiB). Teardown verified.
 ELIFECYCLE  Command failed with exit code 1.
