Measuring query-engine core: 38 sources, 3 parts.
Part 1/3: layer-query-engine

 RUN  v3.1.4 /private/tmp/viborm-followups
      Coverage enabled with v8

 ✓ |layer-query-engine| tests/contracts/engine/query/operand-callback-sql.core.test.ts (62 tests) 57ms
 ✓ |layer-query-engine| tests/contracts/engine/query/pending-operation-contracts.core.test.ts (27 tests) 14ms
 ✓ |layer-query-engine| tests/contracts/engine/query/field-reference-sql.core.test.ts (49 tests) 17ms
 ✓ |layer-query-engine| tests/contracts/architecture/extension-system-census.core.test.ts (8 tests) 1213ms
   ✓ extension-system source census > keeps no superseded owner or parallel runtime handler carrier  1209ms
 ✓ |layer-query-engine| tests/contracts/engine/query/geopoint-sql.core.test.ts (14 tests) 9ms
 ✓ |layer-query-engine| tests/contracts/engine/query/decimal-having-operand-sql.core.test.ts (42 tests) 18ms
 ✓ |layer-query-engine| tests/contracts/engine/query/namespace-qualification.core.test.ts (122 tests) 19ms
 ✓ |layer-query-engine| tests/contracts/engine/query/model-key-catalog.core.test.ts (22 tests) 2ms
 ✓ |layer-query-engine| tests/contracts/engine/query/parity-admission.core.test.ts (75 tests) 38ms
 ✓ |layer-query-engine| tests/contracts/engine/query/parity-lowering.core.test.ts (20 tests) 11ms
 ✓ |layer-query-engine| tests/contracts/engine/query/cache-result-codec-boundaries.core.test.ts (9 tests) 4ms
 ✓ |layer-query-engine| tests/contracts/engine/query/starts-with-prefix-sql.core.test.ts (31 tests) 9ms
 ✓ |layer-query-engine| tests/contracts/architecture/geopoint-language-census.core.test.ts (4 tests) 2571ms
   ✓ GeoPoint shipped-language census > the complete shipped executable source has zero retired owners  1276ms
   ✓ GeoPoint shipped-language census > the codecs and fixed radius each have one declaration owner  1293ms
 ✓ |layer-query-engine| tests/contracts/engine/query/parity-decoding.core.test.ts (10 tests) 7ms
 ✓ |layer-query-engine| tests/contracts/architecture/core-taxonomy-census.core.test.ts (4 tests) 146ms
 ✓ |layer-query-engine| tests/contracts/engine/query/batch-attribution-hazard-signature.core.test.ts (5 tests) 2ms
 ✓ |layer-query-engine| tests/contracts/engine/query/for-update-dialects.core.test.ts (17 tests) 2ms
 ✓ |layer-query-engine| tests/contracts/engine/query/query-inspection.core.test.ts (8 tests) 1ms
 ✓ |layer-query-engine| tests/contracts/engine/query/json-null-sentinel-sql.core.test.ts (21 tests) 6ms
 ❯ |layer-query-engine| tests/contracts/architecture/contract-matrix.core.test.ts (5 tests | 1 failed) 68ms
   ✓ contract and provider matrix > keeps one stable ContractDefinition ID per behavior registration 12ms
   ✓ contract and provider matrix > assigns every contract to every provider exactly once 8ms
   ✓ contract and provider matrix > matches matrix run decisions to provider registrations 11ms
   ✓ contract and provider matrix > gives every layer one runtime core owner and one type core 13ms
   × contract and provider matrix > inventories every executable test by owner and boundary 25ms
     → tests/raptor3/candidate-handoff.test.ts: expected undefined to be defined
 ✓ |layer-query-engine| tests/contracts/engine/query/parity-preparation.core.test.ts (36 tests) 9ms
 ✓ |layer-query-engine| tests/contracts/engine/query/parity-assignments.core.test.ts (6 tests) 8ms
 ✓ |layer-query-engine| tests/contracts/engine/query/lateral-joins.core.test.ts (11 tests) 2ms
 ✓ |layer-query-engine| tests/contracts/engine/query/operation-program-read-contracts.core.test.ts (2 tests) 7ms
 ✓ |layer-query-engine| tests/contracts/engine/query/select-mode-capability-matrix.core.test.ts (3 tests) 5ms
 ✓ |layer-query-engine| tests/contracts/engine/query/orderby-relation-depth.core.test.ts (4 tests) 2ms
 ✓ |layer-query-engine| tests/contracts/architecture/system-clock.core.test.ts (5 tests) 2ms
 ✓ |layer-query-engine| tests/contracts/engine/query/default-insert-sql.core.test.ts (3 tests) 0ms
 ✓ |layer-query-engine| tests/contracts/engine/query/bulk-insert-row-shapes.core.test.ts (2 tests) 3ms
 ✓ |layer-query-engine| tests/contracts/engine/query/result-aliases.core.test.ts (14 tests) 1ms
 ✓ |layer-query-engine| tests/contracts/engine/query/bind-budget.core.test.ts (2 tests) 0ms
 ✓ |layer-query-engine| tests/contracts/engine/query/nested-captured-target-signature.core.test.ts (1 test) 0ms

⎯⎯⎯⎯⎯⎯⎯ Failed Tests 1 ⎯⎯⎯⎯⎯⎯⎯

 FAIL  |layer-query-engine| tests/contracts/architecture/contract-matrix.core.test.ts > contract and provider matrix > inventories every executable test by owner and boundary
AssertionError: tests/raptor3/candidate-handoff.test.ts: expected undefined to be defined
 ❯ tests/contracts/architecture/contract-matrix.core.test.ts:205:31
    203|     for (const file of testFiles) {
    204|       const inventory = classifyTestFile(file);
    205|       expect(inventory, file).toBeDefined();
       |                               ^
    206|       expect(inventory?.file).toBe(file);
    207|     }

⎯⎯⎯⎯⎯⎯⎯⎯⎯⎯⎯⎯⎯⎯⎯⎯⎯⎯⎯⎯⎯⎯⎯⎯[1/1]⎯


 Test Files  1 failed | 31 passed (32)
      Tests  1 failed | 643 passed (644)
   Start at  01:06:50
   Duration  11.46s (transform 983ms, setup 31ms, collect 4.98s, tests 4.26s, environment 0ms, prepare 34ms)

Vitest resources: 13.30s wall, 936.6 MiB peak sampled process-group RSS (sampled ceiling 1536 MiB). Teardown verified.
Part 1 exited 1 (tests red); its coverage is still counted.
Part 2/3: coverage-write-engine-core

 RUN  v3.1.4 /private/tmp/viborm-followups
      Coverage enabled with v8

 ✓ |coverage-write-engine-core| tests/contracts/engine/write/parse-boundary-gate.core.test.ts (3 tests) 11ms
 ✓ |coverage-write-engine-core| tests/contracts/engine/write/dead-symbol-gate.core.test.ts (43 tests) 547ms
 ✓ |coverage-write-engine-core| tests/contracts/engine/write/atomic-unit-batch.core.test.ts (3 tests) 0ms
 ✓ |coverage-write-engine-core| tests/contracts/engine/query/nested-create-many.core.test.ts (1 test) 7ms

 Test Files  4 passed (4)
      Tests  50 passed (50)
   Start at  01:07:03
   Duration  2.95s (transform 689ms, setup 11ms, collect 1.05s, tests 566ms, environment 0ms, prepare 36ms)

Vitest resources: 4.91s wall, 491.1 MiB peak sampled process-group RSS (sampled ceiling 1536 MiB). Teardown verified.
Part 3/3: coverage-write-engine

 RUN  v3.1.4 /private/tmp/viborm-followups
      Coverage enabled with v8

 ❯ |coverage-write-engine| tests/contracts/engine/write/neon-committed-segments-capability.test.ts (12 tests | 1 failed) 82ms
   ✓ H2 — Neon HTTP declares no ordered committed segments > typed direct execution requests object-row full results 3ms
   ✓ H2 — Neon HTTP declares no ordered committed segments > raw direct execution retains named provider rows 1ms
   ✓ H2 — Neon HTTP declares no ordered committed segments > the capability is false, beside the two that are true 2ms
   ✓ H2 — Neon HTTP declares no ordered committed segments > raw and model operations share one native Neon array transaction 7ms
   × H2 — Neon HTTP declares no ordered committed segments > generated scalar create and upsert return from one native Neon request 7ms
     → Driver "neon-http" does not support callback transactions and this transaction contains operations that cannot be batched atomically.
   ✓ H2 — Neon HTTP declares no ordered committed segments > a ROOT relation-bearing createMany awaits batch execution while the capability is false 54ms
   ✓ H2 — Neon HTTP declares no ordered committed segments > an ordinary write on the same driver DOES reach the provider 2ms
   ✓ H2 — Neon HTTP declares no ordered committed segments > the native batch acknowledges commit after transaction resolution and before returning 2ms
   ✓ H2 — Neon HTTP declares no ordered committed segments > a committed callback precedes result-cardinality failure 1ms
   ✓ H2 — Neon HTTP declares no ordered committed segments > a committed callback precedes statement-result parsing failure 0ms
   ✓ H2 — Neon HTTP declares no ordered committed segments > a rejected native transaction never acknowledges a commit 0ms
   ✓ H2 — Neon HTTP declares no ordered committed segments > attributes a one-statement provider rejection and keeps an opaque multi-statement rejection at batch scope 2ms
 ✓ |coverage-write-engine| tests/contracts/engine/write/parse-boundary-gate.core.test.ts (3 tests) 8ms
 ✓ |coverage-write-engine| tests/contracts/engine/write/dead-symbol-gate.core.test.ts (43 tests) 546ms
 ✓ |coverage-write-engine| tests/contracts/engine/write/atomic-unit-batch.core.test.ts (3 tests) 0ms
 ✓ |coverage-write-engine| tests/contracts/engine/query/nested-create-many.core.test.ts (1 test) 2ms

⎯⎯⎯⎯⎯⎯⎯ Failed Tests 1 ⎯⎯⎯⎯⎯⎯⎯

 FAIL  |coverage-write-engine| tests/contracts/engine/write/neon-committed-segments-capability.test.ts > H2 — Neon HTTP declares no ordered committed segments > generated scalar create and upsert return from one native Neon request
TransactionError: Driver "neon-http" does not support callback transactions and this transaction contains operations that cannot be batched atomically.
⎯⎯⎯⎯⎯⎯⎯⎯⎯⎯⎯⎯⎯⎯⎯⎯⎯⎯⎯⎯⎯⎯⎯⎯[1/1]⎯


 Test Files  1 failed | 4 passed (5)
      Tests  1 failed | 61 passed (62)
   Start at  01:07:08
   Duration  2.89s (transform 741ms, setup 17ms, collect 990ms, tests 639ms, environment 0ms, prepare 32ms)

Vitest resources: 4.84s wall, 485.3 MiB peak sampled process-group RSS (sampled ceiling 1536 MiB). Teardown verified.
Part 3 exited 1 (tests red); its coverage is still counted.
query-engine core thresholds: statements 56.65% (floor 0%), branches 76.56% (floor 0%), functions 72.39% (floor 0%), lines 56.65% (floor 0%)
Every metric is at or above its current floor.
