
 RUN  v3.1.4 /private/tmp/viborm-followups

 ❯ |raptor3| tests/raptor3/core-structure/measurement/cs02-structure-measure.test.ts (1 test | 1 failed) 21ms
   × collects the frozen CS-02 structural work matrix 21ms
     → Expected values to be strictly deep-equal:
+ actual - expected
... Skipped lines

  {
+   activationIds: [],
-   activationIds: [
-     'activation:structure/depth-create/1:attempt/0/unconditional'
-   ],
    commandIds: [
      'command:structure/depth-create/1:root',
      'command:structure/depth-create/1:root/children/0'
    ],
    occurrences: [
      {
-       commandId: 'command:structure/depth-create/1:root',
-       occurrenceId: 'occurrence:structure/depth-create/1:root'
-     },
-     {
        commandId: 'command:structure/depth-create/1:root/children/0',
        occurrenceId: 'occurrence:structure/depth-create/1:root/children/0'
      }
    ],
    reads: [],
...
      {
-       occurrenceId: 'occurrence:structure/depth-create/1:root',
-       writeId: 'write:structure/depth-create/1:root'
-     },
-     {
        occurrenceId: 'occurrence:structure/depth-create/1:root/children/0',
        writeId: 'write:structure/depth-create/1:root/children/0'
      }
    ]
  }

 ✓ |raptor3| tests/raptor3/post-prep/g29-member-dependency.test.ts (14 tests) 92ms
 ✓ |raptor3| tests/raptor3/core-structure/member-scope.contract.test.ts (8 tests) 22ms
 ✓ |raptor3| tests/raptor3/g4/unit02/key-arithmetic.test.ts (21 tests) 49ms
 ✓ |raptor3| tests/raptor3/g3/author-execution-regressions.test.ts (3 tests) 16ms
 ✓ |raptor3| tests/raptor3/core-structure/structural-reference.test.ts (10 tests) 21ms
 ✓ |raptor3| tests/raptor3/g4/unit02/uncertain-outcome-meta.test.ts (8 tests) 15ms
 ✓ |raptor3| tests/raptor3/prep/recursive-read-fit.test.ts (6 tests) 10ms
 ✓ |raptor3| tests/raptor3/prep/suppression-replay.test.ts (5 tests) 25ms
 ✓ |raptor3| tests/raptor3/post-prep/g29-dependency-choices.test.ts (10 tests) 30ms
 ✓ |raptor3| tests/raptor3/gate.test.ts (8 tests) 87ms
 ✓ |raptor3| tests/raptor3/g4/unit02/upsert-key-portability.test.ts (19 tests) 100ms
 ✓ |raptor3| tests/raptor3/g4/read-codecs.test.ts (12 tests) 43ms
 ✓ |raptor3| tests/raptor3/prep/set-preparation.test.ts (6 tests) 8ms
 ✓ |raptor3| tests/raptor3/g4/unit02/lone-statement-transport.test.ts (7 tests) 17ms
 ✓ |raptor3| tests/raptor3/prep/selector-dependencies.test.ts (11 tests) 54ms
 ✓ |raptor3| tests/raptor3/prep/g3p04-review-regressions.test.ts (5 tests) 14ms
 ✓ |raptor3| tests/raptor3/g4/read-filters.test.ts (13 tests) 59ms
 ✓ |raptor3| tests/raptor3/core-structure/repeated-occurrence-ownership.test.ts (5 tests) 4ms
 ✓ |raptor3| tests/raptor3/prep/variant-collection-order.test.ts (4 tests) 30ms
 ✓ |raptor3| tests/raptor3/g4/unit01/repairs.test.ts (13 tests) 24ms
 ✓ |raptor3| tests/raptor3/g4/generation/harness.selftest.test.ts (6 tests) 95ms
 ✓ |raptor3| tests/raptor3/post-prep/g29-dependency-boundaries.test.ts (4 tests) 14ms
 ✓ |raptor3| tests/raptor3/core-structure/extension-a.contract.test.ts (6 tests) 15ms
 ✓ |raptor3| tests/raptor3/g4/review/unit01-followup2/distance-depth.test.ts (13 tests) 9ms
 ✓ |raptor3| tests/raptor3/ownership/commands.test.ts (6 tests) 5ms
 ✓ |raptor3| tests/raptor3/post-prep/projection-preparation.test.ts (4 tests) 5ms
 ✓ |raptor3| tests/raptor3/transport.test.ts (44 tests) 468ms
 ✓ |raptor3| tests/raptor3/post-prep/selector-preparation.test.ts (4 tests) 5ms
 ✓ |raptor3| tests/raptor3/g3/scope-failure-contract.test.ts (2 tests) 8ms
 ✓ |raptor3| tests/raptor3/g4/unit02/malformed-result-cuts.test.ts (4 tests) 8ms
 ✓ |raptor3| tests/raptor3/g4/unit01/repair2.test.ts (22 tests) 21ms
 ✓ |raptor3| tests/raptor3/g4/unit02/nested-key-refusal.test.ts (6 tests) 33ms
 ✓ |raptor3| tests/raptor3/g4/unit01/repair3.test.ts (14 tests) 14ms
 ✓ |raptor3| tests/raptor3/g3/transaction-array-contract.test.ts (4 tests) 10ms
 ✓ |raptor3| tests/raptor3/g4/unit02/phase2-envelope-and-arithmetic.test.ts (7 tests) 17ms
 ✓ |raptor3| tests/raptor3/g4/unit01/read-verbs.test.ts (9 tests) 7ms
 ✓ |raptor3| tests/raptor3/g4/read-recursive-fit.test.ts (3 tests) 13ms
 ✓ |raptor3| tests/raptor3/g4/unit02/recursive-codec-fit.test.ts (3 tests) 12ms
 ✓ |raptor3| tests/raptor3/post-prep/history-analysis.test.ts (5 tests) 3ms
 ✓ |raptor3| tests/raptor3/g3/review-execution-boundaries.test.ts (6 tests) 14ms
 ✓ |raptor3| tests/raptor3/core-structure/extension-composition.contract.test.ts (4 tests) 14ms
 ✓ |raptor3| tests/raptor3/g4/unit02/prepared-projection-reuse.test.ts (5 tests) 2ms
 ✓ |raptor3| tests/raptor3/g4/unit02/physical-envelope.test.ts (10 tests) 19ms
 ✓ |raptor3| tests/raptor3/g4/unit02/borrowed-envelope.test.ts (5 tests) 15ms
 ✓ |raptor3| tests/raptor3/g4/review/unit01-followup3/decimal-domains.test.ts (17 tests) 18ms
 ✓ |raptor3| tests/raptor3/post-prep/g29-result-progress.test.ts (2 tests) 4ms
 ✓ |raptor3| tests/raptor3/g3/bulk-series-contract.test.ts (6 tests) 10ms
 ✓ |raptor3| tests/raptor3/g3/bulk-result-boundary.test.ts (5 tests) 9ms
 ✓ |raptor3| tests/raptor3/g4/unit01/filters.test.ts (8 tests) 9ms
 ✓ |raptor3| tests/raptor3/g3/suppression-retry-contract.test.ts (2 tests) 9ms
 ✓ |raptor3| tests/raptor3/g4/read-operations.test.ts (11 tests) 47ms
 ✓ |raptor3| tests/raptor3/g3/generation/generated-smoke.test.ts (6 tests) 126ms
 ✓ |raptor3| tests/raptor3/g3/depth-recurrence-contract.test.ts (6 tests) 18ms
 ✓ |raptor3| tests/raptor3/g4/unit01/order-projection.test.ts (6 tests) 6ms
 ✓ |raptor3| tests/raptor3/g4/unit02/prepared-operation.test.ts (6 tests) 15ms
 ✓ |raptor3| tests/raptor3/g4/unit02/root-member-cut-trace.test.ts (4 tests) 10ms
 ✓ |raptor3| tests/raptor3/g4/review/unit01-followup/distance-parity.test.ts (7 tests) 3ms
 ✓ |raptor3| tests/raptor3/core-structure/measurement/extension-recipes.selftest.test.ts (5 tests) 15ms
 ✓ |raptor3| tests/raptor3/core-structure/extension-b.contract.test.ts (4 tests) 8ms
 ✓ |raptor3| tests/raptor3/g4/read-projection.test.ts (7 tests) 34ms
 ✓ |raptor3| tests/raptor3/polish/commands.test.ts (6 tests) 32ms
 ✓ |raptor3| tests/raptor3/g4/review/unit01-followup/nested-reversal.test.ts (5 tests) 9ms
 ✓ |raptor3| tests/raptor3/g4/review/unit01-followup3/json-sentinel-sweep.test.ts (9 tests) 9ms
 ✓ |raptor3| tests/raptor3/g4/review/unit01-followup2/combinator-depth.test.ts (24 tests) 25ms
 ✓ |raptor3| tests/raptor3/g4/review/unit01-followup/order-oracle.test.ts (9 tests) 15ms
 ✓ |raptor3| tests/raptor3/g4/read-aggregates.test.ts (5 tests) 27ms
 ✓ |raptor3| tests/raptor3/transitions/diagnostics.test.ts (2 tests) 89ms
 ✓ |raptor3| tests/raptor3/g4/unit02/packaged-array.test.ts (3 tests) 6ms
 ✓ |raptor3| tests/raptor3/g4/unit02/prepared-statement-stability.test.ts (3 tests) 10ms
 ✓ |raptor3| tests/raptor3/g2-generated.test.ts (46 tests) 509ms
 ✓ |raptor3| tests/raptor3/g4/review/unit01-followup2/distance-pins.test.ts (4 tests) 4ms
 ✓ |raptor3| tests/raptor3/g4/review/unit01/shipped-parity.test.ts (8 tests) 14ms
 ✓ |raptor3| tests/raptor3/g4/read-ordering.test.ts (5 tests) 28ms
 ✓ |raptor3| tests/raptor3/g4/read-pagination.test.ts (6 tests) 27ms
 ✓ |raptor3| tests/raptor3/g2-transport.test.ts (16 tests) 387ms
 ✓ |raptor3| tests/raptor3/g4/review/unit01/decode-strictness.test.ts (7 tests) 6ms
 ✓ |raptor3| tests/raptor3/g4/review/unit01/having-projection.test.ts (5 tests) 4ms
 ✓ |raptor3| tests/raptor3/g4/review/unit01/order-cursor.test.ts (6 tests) 5ms
 ✓ |raptor3| tests/raptor3/g4/review/unit01-followup/operand-and-logic.test.ts (9 tests) 10ms
 ✓ |raptor3| tests/raptor3/post-prep/clearability-consumption.test.ts (4 tests) 13ms
 ✓ |raptor3| tests/raptor3/candidate-handoff.test.ts (6 tests) 7ms
 ✓ |raptor3| tests/raptor3/cleanup-failure.test.ts (2 tests) 23ms
 ✓ |raptor3| tests/raptor3/g4/unit01/codec-roundtrip.test.ts (5 tests) 4ms
 ✓ |raptor3| tests/raptor3/g3/generation/generated-transport-smoke.test.ts (1 test) 76ms
 ✓ |raptor3| tests/raptor3/transport-campaign.test.ts (1 test) 525ms
   ✓ completes the exact admitted transport seed batch  525ms
 ✓ |raptor3| tests/raptor3/g4/review/unit01-followup3/cursor-refusal-sweep.test.ts (11 tests) 8ms
 ✓ |raptor3| tests/raptor3/g4/unit02/vector-capability.test.ts (1 test) 4ms
 ✓ |raptor3| tests/raptor3/g4/unit02/root-delete.test.ts (6 tests) 14ms
 ✓ |raptor3| tests/raptor3/g4/unit01/variants.test.ts (3 tests) 4ms
 ✓ |raptor3| tests/raptor3/g2-harness.test.ts (6 tests) 34ms
 ✓ |raptor3| tests/raptor3/g4/unit02/decimal-having-operand.test.ts (1 test) 1ms
 ✓ |raptor3| tests/raptor3/g4/review/unit01-followup2/selector-facts.test.ts (5 tests) 13ms
 ✓ |raptor3| tests/raptor3/g4/review/unit01/whole-value-operands.test.ts (7 tests) 6ms
 ✓ |raptor3| tests/raptor3/g4/review/unit01/null-placement-parity.test.ts (2 tests) 2ms
 ✓ |raptor3| tests/raptor3/g4/unit01/recursive-vocabulary.test.ts (1 test) 2ms
 ✓ |raptor3| tests/raptor3/g4/unit02/returning-safety-gate.test.ts (5 tests) 1ms
 ✓ |raptor3| tests/raptor3/g4/review/unit01-followup2/decimal-fieldref.test.ts (2 tests) 3ms
 ✓ |raptor3| tests/raptor3/generated-gate.test.ts (3 tests) 36ms
 ✓ |raptor3| tests/raptor3/g4/review/unit01/nested-window.test.ts (3 tests) 3ms
 ✓ |raptor3| tests/raptor3/candidate.test.ts (48 tests) 219ms
 ✓ |raptor3| tests/raptor3/g4/unit01/geo-capability.test.ts (2 tests) 3ms
 ✓ |raptor3| tests/raptor3/g4/review/unit01/logical-forms.test.ts (3 tests) 4ms
 ✓ |raptor3| tests/raptor3/g4/review/unit01/variant-arms.test.ts (2 tests) 3ms
 ✓ |raptor3| tests/raptor3/g4/review/unit01-followup2/json-sentinel.test.ts (3 tests) 3ms
 ✓ |raptor3| tests/raptor3/candidate-pagination.test.ts (8 tests) 7ms
 ✓ |raptor3| tests/raptor3/g4/unit02/k-competing-refusals.test.ts (4 tests) 5ms
 ✓ |raptor3| tests/raptor3/post-prep/schema-view-reuse.test.ts (1 test) 1ms
 ✓ |raptor3| tests/raptor3/g4/review/unit01-followup3/decimal-reach.test.ts (5 tests) 5ms
 ✓ |raptor3| tests/raptor3/g4/review/unit01/distance-projection.test.ts (1 test) 2ms
 ✓ |raptor3| tests/raptor3/g4/review/unit01-followup2/characterize.test.ts (10 tests) 8ms
 ✓ |raptor3| tests/raptor3/g4/unit02/k-refusal-order-history.test.ts (3 tests) 3ms
 ✓ |raptor3| tests/raptor3/candidate-ordering.test.ts (4 tests) 17ms
 ✓ |raptor3| tests/raptor3/g3/generation/failure-minimization.test.ts (1 test) 14ms
 ✓ |raptor3| tests/raptor3/g4/review/unit01-followup3/competing-refusals.test.ts (4 tests) 5ms
 ✓ |raptor3| tests/raptor3/g4/review/unit01-followup/empty-arm.test.ts (12 tests) 10ms
 ✓ |raptor3| tests/raptor3/g4/review/unit01-followup3/refusal-order-history.test.ts (3 tests) 4ms
 ✓ |raptor3| tests/raptor3/expanded/lifetime-commands.test.ts (16 tests) 39ms
 ❯ |raptor3| tests/raptor3/core-structure/measurement/extension-campaign.selftest.test.ts (42 tests | 10 failed) 169ms
   ✓ records and exactly replays CS-03 A seed 7103 under 'sqlite-interactive' 12ms
   ✓ records and exactly replays CS-03 A seed 7103 under 'sqlite-atomic-batch' 12ms
   ✓ records and exactly replays CS-03 A seed 7112 under 'sqlite-interactive' 5ms
   ✓ records and exactly replays CS-03 A seed 7112 under 'sqlite-atomic-batch' 7ms
   × records and exactly replays CS-03 A seed 7117 under 'sqlite-interactive' 2ms
     → Missing semantic cut capture:nested/root-member/0; observed outcome: {"kind":"success","value":[{"id":1,"label":"nested-written"},{"id":2,"label":"root-written"}]}
   × records and exactly replays CS-03 A seed 7117 under 'sqlite-atomic-batch' 1ms
     → Missing semantic cut capture:nested/root-member/0; observed outcome: {"kind":"success","value":[{"id":1,"label":"nested-written"},{"id":2,"label":"root-written"}]}
   × records and exactly replays CS-03 A seed 7128 under 'sqlite-interactive' 1ms
     → Missing semantic cut capture:nested/root-member/0; observed outcome: {"kind":"success","value":[{"label":"root-written"}]}
   × records and exactly replays CS-03 A seed 7128 under 'sqlite-atomic-batch' 1ms
     → Missing semantic cut capture:nested/root-member/0; observed outcome: {"kind":"success","value":[{"label":"root-written"}]}
   ✓ records and exactly replays CS-03 A seed 7133 under 'sqlite-interactive' 10ms
   ✓ records and exactly replays CS-03 A seed 7133 under 'sqlite-atomic-batch' 8ms
   ✓ records and exactly replays CS-03 A seed 7144 under 'sqlite-interactive' 4ms
   ✓ records and exactly replays CS-03 A seed 7144 under 'sqlite-atomic-batch' 7ms
   × records and exactly replays CS-03 A seed 7149 under 'sqlite-interactive' 1ms
     → Missing semantic cut capture:nested/root-member/0; observed outcome: {"kind":"failure","failure":{"name":"TransactionError","message":"updateMany with 'select' could not read back one of the updated rows at its final primary key.","code":"V5001","meta":{"model":"node","operation":"updateMany"}}}
   × records and exactly replays CS-03 A seed 7149 under 'sqlite-atomic-batch' 1ms
     → Missing semantic cut capture:nested/root-member/0; observed outcome: {"kind":"failure","failure":{"name":"TransactionError","message":"updateMany with 'select' could not read back one of the updated rows at its final primary key.","code":"V5001","meta":{"model":"node","operation":"updateMany","recordSeriesProgress":{"atomicity":"segment","phase":"result","committedSegments":2,"completedMembers":2,"committedWriteMembers":2}}}}
   ✓ records and exactly replays CS-03 A seed 7160 under 'sqlite-interactive' 5ms
   ✓ records and exactly replays CS-03 A seed 7160 under 'sqlite-atomic-batch' 6ms
   × records and exactly replays CS-03 A seed 7109 under 'sqlite-interactive' 1ms
     → Missing semantic cut capture:nested/root-member/0; observed outcome: {"kind":"failure","failure":{"name":"TransactionError","message":"updateMany with 'select' could not read back one of the updated rows at its final primary key.","code":"V5001","meta":{"model":"node","operation":"updateMany"}}}
   × records and exactly replays CS-03 A seed 7109 under 'sqlite-atomic-batch' 1ms
     → Missing semantic cut capture:nested/root-member/0; observed outcome: {"kind":"failure","failure":{"name":"TransactionError","message":"updateMany with 'select' could not read back one of the updated rows at its final primary key.","code":"V5001","meta":{"model":"node","operation":"updateMany","recordSeriesProgress":{"atomicity":"segment","phase":"result","committedSegments":2,"completedMembers":2,"committedWriteMembers":2}}}}
   × records and exactly replays CS-03 A seed 7119 under 'sqlite-interactive' 1ms
     → Missing semantic cut capture:nested/root-member/0; observed outcome: {"kind":"failure","failure":{"name":"TransactionError","message":"updateMany with 'select' could not read back one of the updated rows at its final primary key.","code":"V5001","meta":{"model":"node","operation":"updateMany"}}}
   × records and exactly replays CS-03 A seed 7119 under 'sqlite-atomic-batch' 2ms
     → Missing semantic cut capture:nested/root-member/0; observed outcome: {"kind":"failure","failure":{"name":"TransactionError","message":"updateMany with 'select' could not read back one of the updated rows at its final primary key.","code":"V5001","meta":{"model":"node","operation":"updateMany","recordSeriesProgress":{"atomicity":"segment","phase":"result","committedSegments":4,"completedMembers":4,"committedWriteMembers":4}}}}
   ✓ records and exactly replays CS-03 B seed 7200 under 'sqlite-interactive' 2ms
   ✓ records and exactly replays CS-03 B seed 7200 under 'sqlite-atomic-batch' 1ms
   ✓ records and exactly replays CS-03 B seed 7201 under 'sqlite-interactive' 1ms
   ✓ records and exactly replays CS-03 B seed 7201 under 'sqlite-atomic-batch' 1ms
   ✓ records and exactly replays CS-03 B seed 7202 under 'sqlite-interactive' 1ms
   ✓ records and exactly replays CS-03 B seed 7202 under 'sqlite-atomic-batch' 1ms
   ✓ records and exactly replays CS-03 B seed 7203 under 'sqlite-interactive' 1ms
   ✓ records and exactly replays CS-03 B seed 7203 under 'sqlite-atomic-batch' 1ms
   ✓ records and exactly replays CS-03 B seed 7204 under 'sqlite-interactive' 1ms
   ✓ records and exactly replays CS-03 B seed 7204 under 'sqlite-atomic-batch' 1ms
   ✓ records and exactly replays CS-03 B seed 7205 under 'sqlite-interactive' 2ms
   ✓ records and exactly replays CS-03 B seed 7205 under 'sqlite-atomic-batch' 3ms
   ✓ records and exactly replays CS-03 B seed 7214 under 'sqlite-interactive' 7ms
   ✓ records and exactly replays CS-03 B seed 7214 under 'sqlite-atomic-batch' 3ms
   ✓ records and exactly replays CS-03 composition seed 7300 under 'sqlite-interactive' 3ms
   ✓ records and exactly replays CS-03 composition seed 7300 under 'sqlite-atomic-batch' 3ms
   ✓ records and exactly replays CS-03 composition seed 7305 under 'sqlite-interactive' 6ms
   ✓ records and exactly replays CS-03 composition seed 7305 under 'sqlite-atomic-batch' 8ms
   ✓ records and exactly replays CS-03 composition seed 7310 under 'sqlite-interactive' 2ms
   ✓ records and exactly replays CS-03 composition seed 7310 under 'sqlite-atomic-batch' 2ms
   ✓ records and exactly replays CS-03 composition seed 7313 under 'sqlite-interactive' 9ms
   ✓ records and exactly replays CS-03 composition seed 7313 under 'sqlite-atomic-batch' 19ms
 ✓ |raptor3| tests/raptor3/g2-campaign.test.ts (1 test) 1668ms
   ✓ completes the exact admitted SQLite transition seed batch  1667ms
 ❯ |raptor3| tests/raptor3/g4/generation/write-campaign.test.ts (1 test | 1 failed) 0ms
   × executes one complete G4 write-envelope SQLite seed batch 0ms
     → Missing generated G4 write first seed
 ✓ |raptor3| tests/raptor3/transitions/conditional-upsert-commands.test.ts (11 tests) 58ms
 ✓ |raptor3| tests/raptor3/transitions/singular-lattice-commands.test.ts (58 tests) 164ms
 ✓ |raptor3| tests/raptor3/transitions/shared-key-suppliers-commands.test.ts (4 tests) 28ms
 ✓ |raptor3| tests/raptor3/transitions/junction-identity-commands.test.ts (2 tests) 20ms
 ✓ |raptor3| tests/raptor3/transitions/series-staleness-commands.test.ts (4 tests) 41ms
 ✓ |raptor3| tests/raptor3/g4/review/unit01-followup2/cursor-refusal.test.ts (2 tests) 3ms
 ✓ |raptor3| tests/raptor3/transitions/mixed-key-transitions-commands.test.ts (8 tests) 64ms
 ✓ |raptor3| tests/raptor3/transitions/supplier-continuations-commands.test.ts (10 tests) 59ms
 ✓ |raptor3| tests/raptor3/transitions/membership-own-write-commands.test.ts (8 tests) 43ms
 ✓ |raptor3| tests/raptor3/transitions/staleness-commands.test.ts (3 tests) 18ms
 ✓ |raptor3| tests/raptor3/transitions/singular-commands.test.ts (20 tests) 82ms
 ✓ |raptor3| tests/raptor3/transitions/junctions-commands.test.ts (26 tests) 168ms
 ✓ |raptor3| tests/raptor3/transitions/variant-removals-commands.test.ts (14 tests) 66ms
 ✓ |raptor3| tests/raptor3/transitions/occupied-keys-commands.test.ts (8 tests) 61ms
 ✓ |raptor3| tests/raptor3/transitions/required-commands.test.ts (8 tests) 39ms
 ✓ |raptor3| tests/raptor3/transitions/keys-commands.test.ts (14 tests) 69ms
 ✓ |raptor3| tests/raptor3/transitions/own-write-commands.test.ts (18 tests) 83ms
 ✓ |raptor3| tests/raptor3/transitions/membership-own-write-legacy.test.ts (8 tests) 28ms
 ✓ |raptor3| tests/raptor3/transitions/mixed-key-transitions-legacy.test.ts (8 tests) 50ms
 ✓ |raptor3| tests/raptor3/transitions/variant-removals-legacy.test.ts (14 tests) 53ms
 ❯ |raptor3| tests/raptor3/g4/generation/transport-campaign.test.ts (1 test | 1 failed) 0ms
   × executes one complete G4 transport read seed batch 0ms
     → Missing generated G4 first seed
 ❯ |raptor3| tests/raptor3/g4/generation/write-transport-campaign.test.ts (1 test | 1 failed) 0ms
   × executes one complete G4 write-envelope transport seed batch 0ms
     → Missing generated G4 write first seed
 ✓ |raptor3| tests/raptor3/generated-campaign.test.ts (1 test) 756ms
   ✓ completes the exact admitted G1 generated seed batch  756ms
 ❯ |raptor3| tests/raptor3/core-structure/measurement/extension-campaign.test.ts (1 test | 1 failed) 113ms
   × completes one exact admitted CS-03 extension seed batch 113ms
     → CS-03 a seed 7109, sqlite-interactive failed
 ❯ |raptor3| tests/raptor3/g4/generation/sqlite-campaign.test.ts (1 test | 1 failed) 0ms
   × executes one complete G4 SQLite read seed batch 0ms
     → Missing generated G4 first seed
 ✓ |raptor3| tests/raptor3/transitions/conditional-upsert-legacy.test.ts (11 tests) 49ms
 ✓ |raptor3| tests/raptor3/transitions/shared-key-suppliers-legacy.test.ts (4 tests) 24ms
 ✓ |raptor3| tests/raptor3/transitions/own-write-legacy.test.ts (18 tests) 19ms
 ✓ |raptor3| tests/raptor3/expanded/compound-falsifier.test.ts (1 test) 1ms
 ✓ |raptor3| tests/raptor3/transitions/junction-identity-legacy.test.ts (2 tests) 6ms
 ❯ |raptor3| tests/raptor3/g3/generation/transport-campaign.test.ts (1 test | 1 failed) 0ms
   × executes one complete G3 transport seed batch 0ms
     → Missing generated G3 first seed
 ✓ |raptor3| tests/raptor3/expanded/commands.test.ts (82 tests) 139ms
 ✓ |raptor3| tests/raptor3/expanded/variant-identity-commands.test.ts (42 tests) 83ms
 ❯ |raptor3| tests/raptor3/g3/generation/sqlite-campaign.test.ts (1 test | 1 failed) 0ms
   × executes one complete G3 SQLite seed batch 0ms
     → Missing generated G3 first seed
 ✓ |raptor3| tests/raptor3/expanded/legacy.test.ts (82 tests) 70ms
 ✓ |raptor3| tests/raptor3/transitions/singular-legacy.test.ts (20 tests) 20ms
 ✓ |raptor3| tests/raptor3/transitions/junctions-legacy.test.ts (26 tests) 35ms
 ✓ |raptor3| tests/raptor3/transitions/required-legacy.test.ts (8 tests) 8ms
 ✓ |raptor3| tests/raptor3/transitions/series-staleness-legacy.test.ts (4 tests) 10ms
 ✓ |raptor3| tests/raptor3/transitions/keys-legacy.test.ts (14 tests) 18ms
 ✓ |raptor3| tests/raptor3/transitions/staleness-legacy.test.ts (3 tests) 7ms
 ✓ |raptor3| tests/raptor3/transitions/singular-lattice-legacy.test.ts (58 tests) 40ms
 ✓ |raptor3| tests/raptor3/transitions/supplier-continuations-legacy.test.ts (10 tests) 15ms
 ✓ |raptor3| tests/raptor3/expanded/variant-identity-legacy.test.ts (42 tests) 41ms
 ✓ |raptor3| tests/raptor3/expanded/lifetime-legacy.test.ts (16 tests) 17ms
 ✓ |raptor3| tests/raptor3/transitions/occupied-keys-legacy.test.ts (8 tests) 15ms
 ✓ |raptor3| tests/raptor3/fixed.test.ts (24 tests) 35ms
 ✓ |raptor3| tests/raptor3/generated-smoke.test.ts (32 tests) 150ms

⎯⎯⎯⎯⎯⎯ Failed Tests 18 ⎯⎯⎯⎯⎯⎯⎯

 FAIL  |raptor3| tests/raptor3/core-structure/measurement/cs02-structure-measure.test.ts > collects the frozen CS-02 structural work matrix
AssertionError: Expected values to be strictly deep-equal:
+ actual - expected
... Skipped lines

  {
+   activationIds: [],
-   activationIds: [
-     'activation:structure/depth-create/1:attempt/0/unconditional'
-   ],
    commandIds: [
      'command:structure/depth-create/1:root',
      'command:structure/depth-create/1:root/children/0'
    ],
    occurrences: [
      {
-       commandId: 'command:structure/depth-create/1:root',
-       occurrenceId: 'occurrence:structure/depth-create/1:root'
-     },
-     {
        commandId: 'command:structure/depth-create/1:root/children/0',
        occurrenceId: 'occurrence:structure/depth-create/1:root/children/0'
      }
    ],
    reads: [],
...
      {
-       occurrenceId: 'occurrence:structure/depth-create/1:root',
-       writeId: 'write:structure/depth-create/1:root'
-     },
-     {
        occurrenceId: 'occurrence:structure/depth-create/1:root/children/0',
        writeId: 'write:structure/depth-create/1:root/children/0'
      }
    ]
  }


[32m- Expected[39m
[31m+ Received[39m

[33m@@ -1,30 +1,20 @@[39m
[2m  {[22m
[32m-   "activationIds": [[39m
[32m-     "activation:structure/depth-create/1:attempt/0/unconditional",[39m
[32m-   ],[39m
[31m+   "activationIds": [],[39m
[2m    "commandIds": [[22m
[2m      "command:structure/depth-create/1:root",[22m
[2m      "command:structure/depth-create/1:root/children/0",[22m
[2m    ],[22m
[2m    "occurrences": [[22m
[32m-     {[39m
[32m-       "commandId": "command:structure/depth-create/1:root",[39m
[32m-       "occurrenceId": "occurrence:structure/depth-create/1:root",[39m
[32m-     },[39m
[2m      {[22m
[2m        "commandId": "command:structure/depth-create/1:root/children/0",[22m
[2m        "occurrenceId": "occurrence:structure/depth-create/1:root/children/0",[22m
[2m      },[22m
[2m    ],[22m
[2m    "reads": [],[22m
[2m    "selectionIds": [],[22m
[2m    "writes": [[22m
[32m-     {[39m
[32m-       "occurrenceId": "occurrence:structure/depth-create/1:root",[39m
[32m-       "writeId": "write:structure/depth-create/1:root",[39m
[32m-     },[39m
[2m      {[22m
[2m        "occurrenceId": "occurrence:structure/depth-create/1:root/children/0",[22m
[2m        "writeId": "write:structure/depth-create/1:root/children/0",[22m
[2m      },[22m
[2m    ],[22m

 ❯ measureCreate tests/raptor3/core-structure/measurement/cs02-structure-measure.test.ts:1045:10
    1043|     }
    1044|   );
    1045|   assert.deepEqual(
       |          ^
    1046|     captured.semanticInventory,
    1047|     canonicalInventory(recipe.semanticInventory)
 ❯ tests/raptor3/core-structure/measurement/cs02-structure-measure.test.ts:1097:22

⎯⎯⎯⎯⎯⎯⎯⎯⎯⎯⎯⎯⎯⎯⎯⎯⎯⎯⎯⎯⎯⎯⎯[1/18]⎯

 FAIL  |raptor3| tests/raptor3/core-structure/measurement/extension-campaign.selftest.test.ts > records and exactly replays CS-03 A seed 7117 under 'sqlite-interactive'
 FAIL  |raptor3| tests/raptor3/core-structure/measurement/extension-campaign.selftest.test.ts > records and exactly replays CS-03 A seed 7117 under 'sqlite-atomic-batch'
AssertionError: Missing semantic cut capture:nested/root-member/0; observed outcome: {"kind":"success","value":[{"id":1,"label":"nested-written"},{"id":2,"label":"root-written"}]}

[32m- Expected[39m
[31m+ Received[39m

[32m- true[39m
[31m+ false[39m

 ❯ Object.assert tests/raptor3/harness/sqlite-world.ts:417:13
    415|           // Same-engine replay enters this same assertion owner.
    416|           for (const cut of fixture.requiredCuts)
    417|             assert(
       |             ^
    418|               observation.reachedCuts.includes(cut),
    419|               `Missing semantic cut ${cut}; observed outcome: ${JSON.s…
 ❯ verifyExtensionCell tests/raptor3/core-structure/measurement/extension-campaign.ts:24:17
 ❯ tests/raptor3/core-structure/measurement/extension-campaign.selftest.test.ts:28:20

⎯⎯⎯⎯⎯⎯⎯⎯⎯⎯⎯⎯⎯⎯⎯⎯⎯⎯⎯⎯⎯⎯⎯[2/18]⎯

 FAIL  |raptor3| tests/raptor3/core-structure/measurement/extension-campaign.selftest.test.ts > records and exactly replays CS-03 A seed 7128 under 'sqlite-interactive'
 FAIL  |raptor3| tests/raptor3/core-structure/measurement/extension-campaign.selftest.test.ts > records and exactly replays CS-03 A seed 7128 under 'sqlite-atomic-batch'
AssertionError: Missing semantic cut capture:nested/root-member/0; observed outcome: {"kind":"success","value":[{"label":"root-written"}]}

[32m- Expected[39m
[31m+ Received[39m

[32m- true[39m
[31m+ false[39m

 ❯ Object.assert tests/raptor3/harness/sqlite-world.ts:417:13
    415|           // Same-engine replay enters this same assertion owner.
    416|           for (const cut of fixture.requiredCuts)
    417|             assert(
       |             ^
    418|               observation.reachedCuts.includes(cut),
    419|               `Missing semantic cut ${cut}; observed outcome: ${JSON.s…
 ❯ verifyExtensionCell tests/raptor3/core-structure/measurement/extension-campaign.ts:24:17
 ❯ tests/raptor3/core-structure/measurement/extension-campaign.selftest.test.ts:28:20

⎯⎯⎯⎯⎯⎯⎯⎯⎯⎯⎯⎯⎯⎯⎯⎯⎯⎯⎯⎯⎯⎯⎯[3/18]⎯

 FAIL  |raptor3| tests/raptor3/core-structure/measurement/extension-campaign.selftest.test.ts > records and exactly replays CS-03 A seed 7149 under 'sqlite-interactive'
 FAIL  |raptor3| tests/raptor3/core-structure/measurement/extension-campaign.selftest.test.ts > records and exactly replays CS-03 A seed 7109 under 'sqlite-interactive'
 FAIL  |raptor3| tests/raptor3/core-structure/measurement/extension-campaign.selftest.test.ts > records and exactly replays CS-03 A seed 7119 under 'sqlite-interactive'
AssertionError: Missing semantic cut capture:nested/root-member/0; observed outcome: {"kind":"failure","failure":{"name":"TransactionError","message":"updateMany with 'select' could not read back one of the updated rows at its final primary key.","code":"V5001","meta":{"model":"node","operation":"updateMany"}}}

[32m- Expected[39m
[31m+ Received[39m

[32m- true[39m
[31m+ false[39m

 ❯ Object.assert tests/raptor3/harness/sqlite-world.ts:417:13
    415|           // Same-engine replay enters this same assertion owner.
    416|           for (const cut of fixture.requiredCuts)
    417|             assert(
       |             ^
    418|               observation.reachedCuts.includes(cut),
    419|               `Missing semantic cut ${cut}; observed outcome: ${JSON.s…
 ❯ verifyExtensionCell tests/raptor3/core-structure/measurement/extension-campaign.ts:24:17
 ❯ tests/raptor3/core-structure/measurement/extension-campaign.selftest.test.ts:28:20

⎯⎯⎯⎯⎯⎯⎯⎯⎯⎯⎯⎯⎯⎯⎯⎯⎯⎯⎯⎯⎯⎯⎯[4/18]⎯

 FAIL  |raptor3| tests/raptor3/core-structure/measurement/extension-campaign.selftest.test.ts > records and exactly replays CS-03 A seed 7149 under 'sqlite-atomic-batch'
 FAIL  |raptor3| tests/raptor3/core-structure/measurement/extension-campaign.selftest.test.ts > records and exactly replays CS-03 A seed 7109 under 'sqlite-atomic-batch'
AssertionError: Missing semantic cut capture:nested/root-member/0; observed outcome: {"kind":"failure","failure":{"name":"TransactionError","message":"updateMany with 'select' could not read back one of the updated rows at its final primary key.","code":"V5001","meta":{"model":"node","operation":"updateMany","recordSeriesProgress":{"atomicity":"segment","phase":"result","committedSegments":2,"completedMembers":2,"committedWriteMembers":2}}}}

[32m- Expected[39m
[31m+ Received[39m

[32m- true[39m
[31m+ false[39m

 ❯ Object.assert tests/raptor3/harness/sqlite-world.ts:417:13
    415|           // Same-engine replay enters this same assertion owner.
    416|           for (const cut of fixture.requiredCuts)
    417|             assert(
       |             ^
    418|               observation.reachedCuts.includes(cut),
    419|               `Missing semantic cut ${cut}; observed outcome: ${JSON.s…
 ❯ verifyExtensionCell tests/raptor3/core-structure/measurement/extension-campaign.ts:24:17
 ❯ tests/raptor3/core-structure/measurement/extension-campaign.selftest.test.ts:28:20

⎯⎯⎯⎯⎯⎯⎯⎯⎯⎯⎯⎯⎯⎯⎯⎯⎯⎯⎯⎯⎯⎯⎯[5/18]⎯

 FAIL  |raptor3| tests/raptor3/core-structure/measurement/extension-campaign.selftest.test.ts > records and exactly replays CS-03 A seed 7119 under 'sqlite-atomic-batch'
AssertionError: Missing semantic cut capture:nested/root-member/0; observed outcome: {"kind":"failure","failure":{"name":"TransactionError","message":"updateMany with 'select' could not read back one of the updated rows at its final primary key.","code":"V5001","meta":{"model":"node","operation":"updateMany","recordSeriesProgress":{"atomicity":"segment","phase":"result","committedSegments":4,"completedMembers":4,"committedWriteMembers":4}}}}

[32m- Expected[39m
[31m+ Received[39m

[32m- true[39m
[31m+ false[39m

 ❯ Object.assert tests/raptor3/harness/sqlite-world.ts:417:13
    415|           // Same-engine replay enters this same assertion owner.
    416|           for (const cut of fixture.requiredCuts)
    417|             assert(
       |             ^
    418|               observation.reachedCuts.includes(cut),
    419|               `Missing semantic cut ${cut}; observed outcome: ${JSON.s…
 ❯ verifyExtensionCell tests/raptor3/core-structure/measurement/extension-campaign.ts:24:17
 ❯ tests/raptor3/core-structure/measurement/extension-campaign.selftest.test.ts:28:20

⎯⎯⎯⎯⎯⎯⎯⎯⎯⎯⎯⎯⎯⎯⎯⎯⎯⎯⎯⎯⎯⎯⎯[6/18]⎯

 FAIL  |raptor3| tests/raptor3/core-structure/measurement/extension-campaign.test.ts > completes one exact admitted CS-03 extension seed batch
Error: CS-03 a seed 7109, sqlite-interactive failed
 ❯ runExtensionCampaign tests/raptor3/core-structure/measurement/extension-campaign.ts:47:15
     45|         record = await verifyExtensionCell(recipe, profile);
     46|       } catch (failure) {
     47|         throw new Error(
       |               ^
     48|           `CS-03 ${slice} seed ${recipe.seed}, ${profile} failed`,
     49|           { cause: failure }
 ❯ tests/raptor3/core-structure/measurement/extension-campaign.test.ts:20:20

Caused by: AssertionError: Missing semantic cut capture:nested/root-member/0; observed outcome: {"kind":"failure","failure":{"name":"TransactionError","message":"updateMany with 'select' could not read back one of the updated rows at its final primary key.","code":"V5001","meta":{"model":"node","operation":"updateMany"}}}

[32m- Expected[39m
[31m+ Received[39m

[32m- true[39m
[31m+ false[39m

 ❯ Object.assert tests/raptor3/harness/sqlite-world.ts:417:13
 ❯ verifyExtensionCell tests/raptor3/core-structure/measurement/extension-campaign.ts:24:17
 ❯ runExtensionCampaign tests/raptor3/core-structure/measurement/extension-campaign.ts:45:18
 ❯ tests/raptor3/core-structure/measurement/extension-campaign.test.ts:20:20

⎯⎯⎯⎯⎯⎯⎯⎯⎯⎯⎯⎯⎯⎯⎯⎯⎯⎯⎯⎯⎯⎯⎯⎯⎯⎯⎯⎯⎯⎯
Serialized Error: { generatedMessage: false, code: 'ERR_ASSERTION' }
⎯⎯⎯⎯⎯⎯⎯⎯⎯⎯⎯⎯⎯⎯⎯⎯⎯⎯⎯⎯⎯⎯⎯[7/18]⎯

 FAIL  |raptor3| tests/raptor3/g3/generation/sqlite-campaign.test.ts > executes one complete G3 SQLite seed batch
AssertionError: Missing generated G3 first seed

[32m- Expected[39m
[31m+ Received[39m

[32m- true[39m
[31m+ false[39m

 ❯ tests/raptor3/g3/generation/sqlite-campaign.test.ts:16:3
     14|       G3_GENERATED_CAMPAIGN.batchSize
     15|   );
     16|   assert(Number.isInteger(firstSeed), "Missing generated G3 first seed…
       |   ^
     17|   const { receipt } = await runG3SQLiteBatch(firstSeed, seedCount);
     18|   assertG3GeneratedBatchReceipt(

⎯⎯⎯⎯⎯⎯⎯⎯⎯⎯⎯⎯⎯⎯⎯⎯⎯⎯⎯⎯⎯⎯⎯[8/18]⎯

 FAIL  |raptor3| tests/raptor3/g3/generation/transport-campaign.test.ts > executes one complete G3 transport seed batch
AssertionError: Missing generated G3 first seed

[32m- Expected[39m
[31m+ Received[39m

[32m- true[39m
[31m+ false[39m

 ❯ tests/raptor3/g3/generation/transport-campaign.test.ts:16:3
     14|       G3_GENERATED_TRANSPORT_CAMPAIGN.batchSize
     15|   );
     16|   assert(Number.isInteger(firstSeed), "Missing generated G3 first seed…
       |   ^
     17|   const { receipt } = await runG3TransportBatch(firstSeed, seedCount);
     18|   assertG3GeneratedBatchReceipt(

⎯⎯⎯⎯⎯⎯⎯⎯⎯⎯⎯⎯⎯⎯⎯⎯⎯⎯⎯⎯⎯⎯⎯[9/18]⎯

 FAIL  |raptor3| tests/raptor3/g4/generation/sqlite-campaign.test.ts > executes one complete G4 SQLite read seed batch
AssertionError: Missing generated G4 first seed

[32m- Expected[39m
[31m+ Received[39m

[32m- true[39m
[31m+ false[39m

 ❯ tests/raptor3/g4/generation/sqlite-campaign.test.ts:13:3
     11| it("executes one complete G4 SQLite read seed batch", async () => {
     12|   const firstSeed = Number(process.env.VIBORM_RAPTOR3_GENERATED_FIRST_…
     13|   assert(Number.isInteger(firstSeed), "Missing generated G4 first seed…
       |   ^
     14|   // The child holds the frozen batch, never an ambient count, and its…
     15|   // is the runner's: `scripts/run-raptor3.mjs` deletes any inherited

⎯⎯⎯⎯⎯⎯⎯⎯⎯⎯⎯⎯⎯⎯⎯⎯⎯⎯⎯⎯⎯⎯[10/18]⎯

 FAIL  |raptor3| tests/raptor3/g4/generation/transport-campaign.test.ts > executes one complete G4 transport read seed batch
AssertionError: Missing generated G4 first seed

[32m- Expected[39m
[31m+ Received[39m

[32m- true[39m
[31m+ false[39m

 ❯ tests/raptor3/g4/generation/transport-campaign.test.ts:13:3
     11| it("executes one complete G4 transport read seed batch", async () => {
     12|   const firstSeed = Number(process.env.VIBORM_RAPTOR3_GENERATED_FIRST_…
     13|   assert(Number.isInteger(firstSeed), "Missing generated G4 first seed…
       |   ^
     14|   // The child holds the frozen batch, never an ambient count, and its…
     15|   // is the runner's: `scripts/run-raptor3.mjs` deletes any inherited

⎯⎯⎯⎯⎯⎯⎯⎯⎯⎯⎯⎯⎯⎯⎯⎯⎯⎯⎯⎯⎯⎯[11/18]⎯

 FAIL  |raptor3| tests/raptor3/g4/generation/write-campaign.test.ts > executes one complete G4 write-envelope SQLite seed batch
AssertionError: Missing generated G4 write first seed

[32m- Expected[39m
[31m+ Received[39m

[32m- true[39m
[31m+ false[39m

 ❯ tests/raptor3/g4/generation/write-campaign.test.ts:25:3
     23| it("executes one complete G4 write-envelope SQLite seed batch", async …
     24|   const firstSeed = Number(process.env.VIBORM_RAPTOR3_GENERATED_FIRST_…
     25|   assert(Number.isInteger(firstSeed), "Missing generated G4 write firs…
       |   ^
     26|   // The child holds the frozen batch, never the ambient seed-count va…
     27|   // that `scripts/run-raptor3.mjs` now deletes from every child envir…

⎯⎯⎯⎯⎯⎯⎯⎯⎯⎯⎯⎯⎯⎯⎯⎯⎯⎯⎯⎯⎯⎯[12/18]⎯

 FAIL  |raptor3| tests/raptor3/g4/generation/write-transport-campaign.test.ts > executes one complete G4 write-envelope transport seed batch
AssertionError: Missing generated G4 write first seed

[32m- Expected[39m
[31m+ Received[39m

[32m- true[39m
[31m+ false[39m

 ❯ tests/raptor3/g4/generation/write-transport-campaign.test.ts:24:3
     22| it("executes one complete G4 write-envelope transport seed batch", asy…
     23|   const firstSeed = Number(process.env.VIBORM_RAPTOR3_GENERATED_FIRST_…
     24|   assert(Number.isInteger(firstSeed), "Missing generated G4 write firs…
       |   ^
     25|   // The child holds the frozen batch, never an ambient count — see th…
     26|   // lane's child for the failure this closes.

⎯⎯⎯⎯⎯⎯⎯⎯⎯⎯⎯⎯⎯⎯⎯⎯⎯⎯⎯⎯⎯⎯[13/18]⎯


 Test Files  9 failed | 160 passed (169)
      Tests  18 failed | 1658 passed (1676)
   Start at  18:11:22
   Duration  18.88s (transform 1.59s, setup 81ms, collect 9.45s, tests 8.96s, environment 0ms, prepare 25ms)

Vitest resources: 20.68s wall, 933.3 MiB peak sampled process-group RSS (sampled ceiling 1536 MiB). Teardown verified.
exit=1 seconds=21
