
> viborm@0.1.0 test:coverage:policy /private/tmp/viborm-followups
> node scripts/run-node-safe.mjs 512 60000 scripts/coverage-policy.test.mjs && node scripts/run-node-safe.mjs 512 60000 scripts/bounded-process.test.mjs && node scripts/run-node-safe.mjs 512 60000 scripts/test-run-lock.test.mjs

✔ every TypeScript source has exactly one coverage owner (4.35ms)
✔ subsystem configs derive includes and thresholds from the manifest (0.211ms)
✔ waived sources remain owned and included (0.1195ms)
✔ test fixtures use the workspace alias instead of root-absolute imports (32.27375ms)
✔ migration coverage admits every credential-free local contract (1.5735ms)
✔ migration core contracts open no database outside the named in-memory SQLite exception (8.467333ms)
✔ client coverage admits the core and audited deterministic contracts (0.193875ms)
✔ driver coverage isolates provider resources and admits only audited local providers (2.657208ms)
✔ query coverage admits every core contract exactly once (2.825375ms)
✔ write coverage admits the core and audited high-signal local contracts (2.117917ms)
✔ cache coverage admits every deterministic cache contract exactly once (1.024291ms)
ℹ tests 11
ℹ suites 0
ℹ pass 11
ℹ fail 0
ℹ cancelled 0
ℹ skipped 0
ℹ todo 0
ℹ duration_ms 58.872458
Node resources: 0.29s wall, 0.5 MiB peak sampled process-group RSS (sampled ceiling 1536 MiB). Teardown verified.
✔ fails closed where process-tree bounds cannot be verified (0.591875ms)
✔ process-group RSS sums every member and ignores other groups (0.147583ms)
✔ process-group teardown ignores zombie-only groups (0.075958ms)
✔ heap replacement preserves unrelated Node options (0.221458ms)
✔ RSS limit defaults to the project cap and is configurable (0.402792ms)
✔ the ordinary ceiling is 1536 MiB and may only ever be lowered (0.092709ms)
✔ no ordinary caller can reach the 2560 MiB PGlite allowance (0.180459ms)
✔ the allowlisted typecheck ceiling reaches 8192 MiB and stops there (0.084459ms)
✔ the allowlisted PGlite ceiling reaches 2560 MiB and stops there (0.076333ms)
✔ the resource line names the ceiling that was applied (0.142333ms)
✔ a bounded run reports the ceiling it enforced (185.898042ms)
✔ heap limits may be lowered but never raised above the caller cap (0.1795ms)
✔ Vitest arguments end with the enforced single-worker policy (0.054292ms)
RSS limit witness exceeded its 48 MiB sampled process-group RSS ceiling (ordinary project).
✔ the sampled RSS ceiling terminates the complete child group (563.207542ms)
RSS group teardown witness exceeded its 48 MiB sampled process-group RSS ceiling (ordinary project).
RSS group teardown witness exceeded its 48 MiB sampled process-group RSS ceiling (ordinary project).
RSS group teardown witness exceeded its 48 MiB sampled process-group RSS ceiling (ordinary project).
RSS group teardown witness exceeded its 48 MiB sampled process-group RSS ceiling (ordinary project).
RSS group teardown witness exceeded its 48 MiB sampled process-group RSS ceiling (ordinary project).
RSS group teardown witness exceeded its 48 MiB sampled process-group RSS ceiling (ordinary project).
RSS group teardown witness exceeded its 48 MiB sampled process-group RSS ceiling (ordinary project).
RSS group teardown witness exceeded its 48 MiB sampled process-group RSS ceiling (ordinary project).
✔ RSS teardown verifies a group whose leader and worker exit together (4925.473083ms)
✔ normal leader exit still tears down inherited descendants (342.047917ms)
ℹ tests 16
ℹ suites 0
ℹ pass 16
ℹ fail 0
ℹ cancelled 0
ℹ skipped 0
ℹ todo 0
ℹ duration_ms 6023.336375
Node resources: 6.22s wall, 62.3 MiB peak sampled process-group RSS (sampled ceiling 1536 MiB). Teardown verified.
✔ a bounded descendant inherits its ancestor's workspace lock (257.240666ms)
✔ parses complete process rows without truncating commands (0.422ms)
✔ refuses malformed, duplicate, and incomplete process graphs (0.1805ms)
✔ excludes every direct, pnpm, and coverage-wrapper ancestor (0.239084ms)
✔ finds stale Vitest, TypeScript, tsdown, and Vitest worker processes (0.212209ms)
✔ does not confuse a sibling path with the current workspace (0.057625ms)
ℹ tests 6
ℹ suites 0
ℹ pass 6
ℹ fail 0
ℹ cancelled 0
ℹ skipped 0
ℹ todo 0
ℹ duration_ms 260.998958
Node resources: 0.52s wall, 0.5 MiB peak sampled process-group RSS (sampled ceiling 1536 MiB). Teardown verified.
