
> viborm@0.1.0 test:coverage:policy /private/tmp/viborm-followups
> node scripts/run-node-safe.mjs 512 60000 scripts/coverage-policy.test.mjs && node scripts/run-node-safe.mjs 512 60000 scripts/bounded-process.test.mjs && node scripts/run-node-safe.mjs 512 60000 scripts/test-run-lock.test.mjs

✔ every TypeScript source has exactly one coverage owner (4.868333ms)
✔ subsystem configs derive includes and thresholds from the manifest (0.24025ms)
✔ waived sources remain owned and included (0.125ms)
✔ test fixtures use the workspace alias instead of root-absolute imports (102.886ms)
✔ migration coverage admits every credential-free local contract (1.7295ms)
✔ migration core contracts open no database outside the named in-memory SQLite exception (9.768042ms)
✔ client coverage admits the core and audited deterministic contracts (0.237541ms)
✔ driver coverage isolates provider resources and admits only audited local providers (3.072ms)
✔ query coverage admits every core contract exactly once (3.206334ms)
✔ write coverage admits the core and audited high-signal local contracts (2.206041ms)
✔ cache coverage admits every deterministic cache contract exactly once (1.148041ms)
ℹ tests 11
ℹ suites 0
ℹ pass 11
ℹ fail 0
ℹ cancelled 0
ℹ skipped 0
ℹ todo 0
ℹ duration_ms 132.941958
Node resources: 0.43s wall, 0.0 MiB peak sampled process-group RSS (sampled ceiling 1536 MiB). Teardown verified.
✔ fails closed where process-tree bounds cannot be verified (0.554542ms)
✔ process-group RSS sums every member and ignores other groups (0.189666ms)
✔ process-group teardown ignores zombie-only groups (0.108834ms)
✔ heap replacement preserves unrelated Node options (0.106875ms)
✔ RSS limit defaults to the project cap and is configurable (0.417792ms)
✔ the ordinary ceiling is 1536 MiB and may only ever be lowered (0.093125ms)
✔ no ordinary caller can reach the 2560 MiB PGlite allowance (0.175084ms)
✔ the allowlisted typecheck ceiling reaches 8192 MiB and stops there (0.08275ms)
✔ the allowlisted PGlite ceiling reaches 2560 MiB and stops there (0.069833ms)
✔ the resource line names the ceiling that was applied (0.13925ms)
✔ a bounded run reports the ceiling it enforced (262.98775ms)
✔ heap limits may be lowered but never raised above the caller cap (0.192583ms)
✔ Vitest arguments end with the enforced single-worker policy (0.056209ms)
RSS limit witness exceeded its 48 MiB sampled process-group RSS ceiling (ordinary project).
✔ the sampled RSS ceiling terminates the complete child group (649.612708ms)
RSS group teardown witness exceeded its 48 MiB sampled process-group RSS ceiling (ordinary project).
RSS group teardown witness exceeded its 48 MiB sampled process-group RSS ceiling (ordinary project).
RSS group teardown witness exceeded its 48 MiB sampled process-group RSS ceiling (ordinary project).
RSS group teardown witness exceeded its 48 MiB sampled process-group RSS ceiling (ordinary project).
RSS group teardown witness exceeded its 48 MiB sampled process-group RSS ceiling (ordinary project).
RSS group teardown witness exceeded its 48 MiB sampled process-group RSS ceiling (ordinary project).
RSS group teardown witness exceeded its 48 MiB sampled process-group RSS ceiling (ordinary project).
RSS group teardown witness exceeded its 48 MiB sampled process-group RSS ceiling (ordinary project).
✔ RSS teardown verifies a group whose leader and worker exit together (5308.037875ms)
✔ normal leader exit still tears down inherited descendants (506.097208ms)
ℹ tests 16
ℹ suites 0
ℹ pass 16
ℹ fail 0
ℹ cancelled 0
ℹ skipped 0
ℹ todo 0
ℹ duration_ms 6732.939416
Node resources: 7.00s wall, 61.1 MiB peak sampled process-group RSS (sampled ceiling 1536 MiB). Teardown verified.
✔ a bounded descendant inherits its ancestor's workspace lock (412.325875ms)
✔ parses complete process rows without truncating commands (0.361ms)
✔ refuses malformed, duplicate, and incomplete process graphs (0.158584ms)
✔ excludes every direct, pnpm, and coverage-wrapper ancestor (0.11275ms)
✔ finds stale Vitest, TypeScript, tsdown, and Vitest worker processes (0.165042ms)
✔ does not confuse a sibling path with the current workspace (0.059375ms)
ℹ tests 6
ℹ suites 0
ℹ pass 6
ℹ fail 0
ℹ cancelled 0
ℹ skipped 0
ℹ todo 0
ℹ duration_ms 416.04575
Node resources: 0.73s wall, 53.7 MiB peak sampled process-group RSS (sampled ceiling 1536 MiB). Teardown verified.
