
 RUN  v3.1.4 /Users/arnaud/code/viborm

 ❯ |g4-unit02-author| tests/raptor3/g4/unit02/k-competing-refusals.test.ts (4 tests | 1 failed) 18ms
   × G4-01 repair 3 review — which refusal wins when two are owed > decimal domain vs the cursor refusal 13ms
     → decimal mismatch beside a cursor refusal
  candidate {"error":"Field reference 'micros' cannot be compared with 'cents' on 'led': 'cents' is decimal(12,2) and 'micros' is decimal(12,4). Two decimals compare exactly only when they declare the same precision and scale."}
  shipped   {"error":"Cursor pagination supports direct scalar sort directions only; relation and vector-distance orderBy are not supported."}
+ actual - expected

  {
+   error: "Field reference 'micros' cannot be compared with 'cents' on 'led': 'cents' is decimal(12,2) and 'micros' is decimal(12,4). Two decimals compare exactly only when they declare the same precision and scale."
-   error: 'Cursor pagination supports direct scalar sort directions only; relation and vector-distance orderBy are not supported.'
  }

   ✓ G4-01 repair 3 review — which refusal wins when two are owed > decimal domain vs the cross-model scope refusal, in one filter 2ms
   ✓ G4-01 repair 3 review — which refusal wins when two are owed > decimal domain vs a null cursor field 1ms
   ✓ G4-01 repair 3 review — which refusal wins when two are owed > the cursor refusal vs an unknown-field selector 1ms
 ❯ |g4-unit02-author| tests/raptor3/g4/unit02/k-refusal-order-history.test.ts (3 tests | 2 failed) 5ms
   × G4-01 repair 3 review — is the refusal ORDER new? > cross-model scope refusal (r2 code) beside the cursor violation 3ms
     → pre-existing scope refusal vs cursor refusal
  candidate Field reference 'line.fee' cannot be use
  shipped   Cursor pagination supports direct scalar
+ actual - expected

  {
+   error: "Field reference 'line.fee' cannot be used while filtering 'led': a field reference may only compare columns of the same model."
-   error: 'Cursor pagination supports direct scalar sort directions only; relation and vector-distance orderBy are not supported.'
  }

   ✓ G4-01 repair 3 review — is the refusal ORDER new? > GeoPoint-free control: a plain unsatisfiable filter beside the cursor violation 2ms
   × G4-01 repair 3 review — is the refusal ORDER new? > decimal domain refusal (r5 code) beside the cursor violation 1ms
     → r5 decimal refusal vs cursor refusal
  candidate Field reference 'micros' cannot be compa
  shipped   Cursor pagination supports direct scalar
+ actual - expected

  {
+   error: "Field reference 'micros' cannot be compared with 'cents' on 'led': 'cents' is decimal(12,2) and 'micros' is decimal(12,4). Two decimals compare exactly only when they declare the same precision and scale."
-   error: 'Cursor pagination supports direct scalar sort directions only; relation and vector-distance orderBy are not supported.'
  }


⎯⎯⎯⎯⎯⎯⎯ Failed Tests 3 ⎯⎯⎯⎯⎯⎯⎯

 FAIL  |g4-unit02-author| tests/raptor3/g4/unit02/k-competing-refusals.test.ts > G4-01 repair 3 review — which refusal wins when two are owed > decimal domain vs the cursor refusal
AssertionError: decimal mismatch beside a cursor refusal
  candidate {"error":"Field reference 'micros' cannot be compared with 'cents' on 'led': 'cents' is decimal(12,2) and 'micros' is decimal(12,4). Two decimals compare exactly only when they declare the same precision and scale."}
  shipped   {"error":"Cursor pagination supports direct scalar sort directions only; relation and vector-distance orderBy are not supported."}
+ actual - expected

  {
+   error: "Field reference 'micros' cannot be compared with 'cents' on 'led': 'cents' is decimal(12,2) and 'micros' is decimal(12,4). Two decimals compare exactly only when they declare the same precision and scale."
-   error: 'Cursor pagination supports direct scalar sort directions only; relation and vector-distance orderBy are not supported.'
  }


[32m- Expected[39m
[31m+ Received[39m

[2m  {[22m
[32m-   "error": "Cursor pagination supports direct scalar sort directions only; relation and vector-distance orderBy are not supported.",[39m
[31m+   "error": "Field reference 'micros' cannot be compared with 'cents' on 'led': 'cents' is decimal(12,2) and 'micros' is decimal(12,4). Two decimals compare exactly only when they declare the same precision and scale.",[39m
[2m  }[22m

 ❯ agrees tests/raptor3/g4/unit02/k-competing-refusals.test.ts:24:10
     22|   seen: { shipped: unknown; candidate: unknown }
     23| ): void => {
     24|   assert.deepEqual(
       |          ^
     25|     seen.candidate,
     26|     seen.shipped,
 ❯ tests/raptor3/g4/unit02/k-competing-refusals.test.ts:40:5

⎯⎯⎯⎯⎯⎯⎯⎯⎯⎯⎯⎯⎯⎯⎯⎯⎯⎯⎯⎯⎯⎯⎯⎯[1/3]⎯

 FAIL  |g4-unit02-author| tests/raptor3/g4/unit02/k-refusal-order-history.test.ts > G4-01 repair 3 review — is the refusal ORDER new? > cross-model scope refusal (r2 code) beside the cursor violation
AssertionError: pre-existing scope refusal vs cursor refusal
  candidate Field reference 'line.fee' cannot be use
  shipped   Cursor pagination supports direct scalar
+ actual - expected

  {
+   error: "Field reference 'line.fee' cannot be used while filtering 'led': a field reference may only compare columns of the same model."
-   error: 'Cursor pagination supports direct scalar sort directions only; relation and vector-distance orderBy are not supported.'
  }


[32m- Expected[39m
[31m+ Received[39m

[2m  {[22m
[32m-   "error": "Cursor pagination supports direct scalar sort directions only; relation and vector-distance orderBy are not supported.",[39m
[31m+   "error": "Field reference 'line.fee' cannot be used while filtering 'led': a field reference may only compare columns of the same model.",[39m
[2m  }[22m

 ❯ tests/raptor3/g4/unit02/k-refusal-order-history.test.ts:38:12
     36|     const seen = await both({ cents: { equals: lineRefs.fee } });
     37|     const names = shortName(seen);
     38|     assert.deepEqual(
       |            ^
     39|       seen.candidate,
     40|       seen.shipped,

⎯⎯⎯⎯⎯⎯⎯⎯⎯⎯⎯⎯⎯⎯⎯⎯⎯⎯⎯⎯⎯⎯⎯⎯[2/3]⎯

 FAIL  |g4-unit02-author| tests/raptor3/g4/unit02/k-refusal-order-history.test.ts > G4-01 repair 3 review — is the refusal ORDER new? > decimal domain refusal (r5 code) beside the cursor violation
AssertionError: r5 decimal refusal vs cursor refusal
  candidate Field reference 'micros' cannot be compa
  shipped   Cursor pagination supports direct scalar
+ actual - expected

  {
+   error: "Field reference 'micros' cannot be compared with 'cents' on 'led': 'cents' is decimal(12,2) and 'micros' is decimal(12,4). Two decimals compare exactly only when they declare the same precision and scale."
-   error: 'Cursor pagination supports direct scalar sort directions only; relation and vector-distance orderBy are not supported.'
  }


[32m- Expected[39m
[31m+ Received[39m

[2m  {[22m
[32m-   "error": "Cursor pagination supports direct scalar sort directions only; relation and vector-distance orderBy are not supported.",[39m
[31m+   "error": "Field reference 'micros' cannot be compared with 'cents' on 'led': 'cents' is decimal(12,2) and 'micros' is decimal(12,4). Two decimals compare exactly only when they declare the same precision and scale.",[39m
[2m  }[22m

 ❯ tests/raptor3/g4/unit02/k-refusal-order-history.test.ts:57:12
     55|     const seen = await both({ cents: { equals: ledRefs.micros } });
     56|     const names = shortName(seen);
     57|     assert.deepEqual(
       |            ^
     58|       seen.candidate,
     59|       seen.shipped,

⎯⎯⎯⎯⎯⎯⎯⎯⎯⎯⎯⎯⎯⎯⎯⎯⎯⎯⎯⎯⎯⎯⎯⎯[3/3]⎯


 Test Files  2 failed (2)
      Tests  3 failed | 4 passed (7)
   Start at  05:09:34
   Duration  1.61s (transform 942ms, setup 10ms, collect 1.46s, tests 23ms, environment 0ms, prepare 32ms)

Vitest resources: 2.13s wall, 482.9 MiB peak sampled process-group RSS (sampled ceiling 1536 MiB). Teardown verified.
