
 RUN  v3.1.4 /private/tmp/viborm-g4-lane-5

 ✓ |raptor3| tests/raptor3/g3/generation/sqlite-campaign.test.ts (1 test) 4388ms
   ✓ executes one complete G3 SQLite seed batch  4387ms

 Test Files  1 passed (1)
      Tests  1 passed (1)
   Start at  00:56:01
   Duration  10.10s (transform 2.01s, setup 11ms, collect 3.14s, tests 4.39s, environment 0ms, prepare 49ms)

JSON report written to /private/tmp/viborm-g4-lane-tmp-5/viborm-raptor3-g0-NmvlwH/vitest.json
Vitest resources: 16.58s wall, 719.0 MiB peak sampled process-group RSS (sampled ceiling 1536 MiB). Teardown verified.
Raptor 3 g3-seed-batch contract gate verified. Evidence: /private/tmp/viborm-g4-lane-tmp-5/viborm-raptor3-g0-NmvlwH

 RUN  v3.1.4 /private/tmp/viborm-g4-lane-5

 ✓ |raptor3| tests/raptor3/g3/generation/sqlite-campaign.test.ts (1 test) 3813ms
   ✓ executes one complete G3 SQLite seed batch  3812ms

 Test Files  1 passed (1)
      Tests  1 passed (1)
   Start at  00:56:21
   Duration  7.92s (transform 1.57s, setup 11ms, collect 2.36s, tests 3.81s, environment 0ms, prepare 32ms)

JSON report written to /private/tmp/viborm-g4-lane-tmp-5/viborm-raptor3-g0-0pBoep/vitest.json
Vitest resources: 13.80s wall, 771.6 MiB peak sampled process-group RSS (sampled ceiling 1536 MiB). Teardown verified.
Raptor 3 g3-seed-batch contract gate verified. Evidence: /private/tmp/viborm-g4-lane-tmp-5/viborm-raptor3-g0-0pBoep

 RUN  v3.1.4 /private/tmp/viborm-g4-lane-5

 ✓ |raptor3| tests/raptor3/g3/generation/sqlite-campaign.test.ts (1 test) 3934ms
   ✓ executes one complete G3 SQLite seed batch  3933ms

 Test Files  1 passed (1)
      Tests  1 passed (1)
   Start at  00:56:39
   Duration  9.32s (transform 1.89s, setup 12ms, collect 2.91s, tests 3.93s, environment 0ms, prepare 48ms)

JSON report written to /private/tmp/viborm-g4-lane-tmp-5/viborm-raptor3-g0-Igp6C1/vitest.json
Vitest resources: 14.95s wall, 946.8 MiB peak sampled process-group RSS (sampled ceiling 1536 MiB). Teardown verified.
Raptor 3 g3-seed-batch contract gate verified. Evidence: /private/tmp/viborm-g4-lane-tmp-5/viborm-raptor3-g0-Igp6C1

 RUN  v3.1.4 /private/tmp/viborm-g4-lane-5

 ✓ |raptor3| tests/raptor3/g3/generation/sqlite-campaign.test.ts (1 test) 3658ms
   ✓ executes one complete G3 SQLite seed batch  3658ms

 Test Files  1 passed (1)
      Tests  1 passed (1)
   Start at  00:56:59
   Duration  8.80s (transform 1.94s, setup 12ms, collect 2.93s, tests 3.66s, environment 0ms, prepare 49ms)

JSON report written to /private/tmp/viborm-g4-lane-tmp-5/viborm-raptor3-g0-enNIpQ/vitest.json
Vitest resources: 14.71s wall, 707.0 MiB peak sampled process-group RSS (sampled ceiling 1536 MiB). Teardown verified.
Raptor 3 g3-seed-batch contract gate verified. Evidence: /private/tmp/viborm-g4-lane-tmp-5/viborm-raptor3-g0-enNIpQ

 RUN  v3.1.4 /private/tmp/viborm-g4-lane-5

 ✓ |raptor3| tests/raptor3/g3/generation/sqlite-campaign.test.ts (1 test) 4885ms
   ✓ executes one complete G3 SQLite seed batch  4884ms

 Test Files  1 passed (1)
      Tests  1 passed (1)
   Start at  00:57:22
   Duration  14.16s (transform 3.50s, setup 82ms, collect 5.50s, tests 4.88s, environment 0ms, prepare 160ms)

JSON report written to /private/tmp/viborm-g4-lane-tmp-5/viborm-raptor3-g0-pTBzTf/vitest.json
Vitest resources: 23.60s wall, 897.9 MiB peak sampled process-group RSS (sampled ceiling 1536 MiB). Teardown verified.
Raptor 3 g3-seed-batch contract gate verified. Evidence: /private/tmp/viborm-g4-lane-tmp-5/viborm-raptor3-g0-pTBzTf

 RUN  v3.1.4 /private/tmp/viborm-g4-lane-5

 ✓ |raptor3| tests/raptor3/g3/generation/sqlite-campaign.test.ts (1 test) 4491ms
   ✓ executes one complete G3 SQLite seed batch  4490ms

 Test Files  1 passed (1)
      Tests  1 passed (1)
   Start at  00:57:49
   Duration  9.61s (transform 1.90s, setup 12ms, collect 2.79s, tests 4.49s, environment 0ms, prepare 37ms)

JSON report written to /private/tmp/viborm-g4-lane-tmp-5/viborm-raptor3-g0-q6gRuM/vitest.json
Vitest resources: 17.88s wall, 896.6 MiB peak sampled process-group RSS (sampled ceiling 1536 MiB). Teardown verified.
Raptor 3 g3-seed-batch contract gate verified. Evidence: /private/tmp/viborm-g4-lane-tmp-5/viborm-raptor3-g0-q6gRuM

 RUN  v3.1.4 /private/tmp/viborm-g4-lane-5

 ✓ |raptor3| tests/raptor3/g3/generation/sqlite-campaign.test.ts (1 test) 5964ms
   ✓ executes one complete G3 SQLite seed batch  5963ms

 Test Files  1 passed (1)
      Tests  1 passed (1)
   Start at  00:58:10
   Duration  13.13s (transform 2.71s, setup 20ms, collect 4.02s, tests 5.96s, environment 0ms, prepare 103ms)

JSON report written to /private/tmp/viborm-g4-lane-tmp-5/viborm-raptor3-g0-8DoUVQ/vitest.json
Vitest resources: 20.22s wall, 782.3 MiB peak sampled process-group RSS (sampled ceiling 1536 MiB). Teardown verified.
Raptor 3 g3-seed-batch contract gate verified. Evidence: /private/tmp/viborm-g4-lane-tmp-5/viborm-raptor3-g0-8DoUVQ

 RUN  v3.1.4 /private/tmp/viborm-g4-lane-5

 ✓ |raptor3| tests/raptor3/g3/generation/sqlite-campaign.test.ts (1 test) 5376ms
   ✓ executes one complete G3 SQLite seed batch  5374ms

 Test Files  1 passed (1)
      Tests  1 passed (1)
   Start at  00:58:36
   Duration  12.84s (transform 2.89s, setup 13ms, collect 4.24s, tests 5.38s, environment 0ms, prepare 57ms)

JSON report written to /private/tmp/viborm-g4-lane-tmp-5/viborm-raptor3-g0-WFQDII/vitest.json
Vitest resources: 20.18s wall, 836.9 MiB peak sampled process-group RSS (sampled ceiling 1536 MiB). Teardown verified.
Raptor 3 g3-seed-batch contract gate verified. Evidence: /private/tmp/viborm-g4-lane-tmp-5/viborm-raptor3-g0-WFQDII

 RUN  v3.1.4 /private/tmp/viborm-g4-lane-5

 ✓ |raptor3| tests/raptor3/g3/generation/sqlite-campaign.test.ts (1 test) 6725ms
   ✓ executes one complete G3 SQLite seed batch  6724ms

 Test Files  1 passed (1)
      Tests  1 passed (1)
   Start at  00:59:03
   Duration  13.80s (transform 2.75s, setup 17ms, collect 4.18s, tests 6.72s, environment 0ms, prepare 56ms)

JSON report written to /private/tmp/viborm-g4-lane-tmp-5/viborm-raptor3-g0-401ZyR/vitest.json
Vitest resources: 23.37s wall, 886.2 MiB peak sampled process-group RSS (sampled ceiling 1536 MiB). Teardown verified.
Raptor 3 g3-seed-batch contract gate verified. Evidence: /private/tmp/viborm-g4-lane-tmp-5/viborm-raptor3-g0-401ZyR

 RUN  v3.1.4 /private/tmp/viborm-g4-lane-5

 ✓ |raptor3| tests/raptor3/g3/generation/sqlite-campaign.test.ts (1 test) 7572ms
   ✓ executes one complete G3 SQLite seed batch  7572ms

 Test Files  1 passed (1)
      Tests  1 passed (1)
   Start at  00:59:34
   Duration  16.98s (transform 3.10s, setup 28ms, collect 4.67s, tests 7.57s, environment 0ms, prepare 82ms)

JSON report written to /private/tmp/viborm-g4-lane-tmp-5/viborm-raptor3-g0-ET5Qjj/vitest.json
Vitest resources: 27.57s wall, 691.0 MiB peak sampled process-group RSS (sampled ceiling 1536 MiB). Teardown verified.
Raptor 3 g3-seed-batch contract gate verified. Evidence: /private/tmp/viborm-g4-lane-tmp-5/viborm-raptor3-g0-ET5Qjj

 RUN  v3.1.4 /private/tmp/viborm-g4-lane-5

 ✓ |raptor3| tests/raptor3/g3/generation/sqlite-campaign.test.ts (1 test) 7112ms
   ✓ executes one complete G3 SQLite seed batch  7112ms

 Test Files  1 passed (1)
      Tests  1 passed (1)
   Start at  01:00:06
   Duration  15.48s (transform 3.20s, setup 20ms, collect 4.80s, tests 7.11s, environment 0ms, prepare 106ms)

JSON report written to /private/tmp/viborm-g4-lane-tmp-5/viborm-raptor3-g0-8fDNVK/vitest.json
Vitest resources: 24.79s wall, 816.5 MiB peak sampled process-group RSS (sampled ceiling 1536 MiB). Teardown verified.
Raptor 3 g3-seed-batch contract gate verified. Evidence: /private/tmp/viborm-g4-lane-tmp-5/viborm-raptor3-g0-8fDNVK

 RUN  v3.1.4 /private/tmp/viborm-g4-lane-5

 ✓ |raptor3| tests/raptor3/g3/generation/sqlite-campaign.test.ts (1 test) 6584ms
   ✓ executes one complete G3 SQLite seed batch  6582ms

 Test Files  1 passed (1)
      Tests  1 passed (1)
   Start at  01:00:40
   Duration  16.69s (transform 3.98s, setup 33ms, collect 6.18s, tests 6.58s, environment 0ms, prepare 89ms)

JSON report written to /private/tmp/viborm-g4-lane-tmp-5/viborm-raptor3-g0-9mkuiq/vitest.json
Vitest resources: 27.78s wall, 943.0 MiB peak sampled process-group RSS (sampled ceiling 1536 MiB). Teardown verified.
Raptor 3 g3-seed-batch contract gate verified. Evidence: /private/tmp/viborm-g4-lane-tmp-5/viborm-raptor3-g0-9mkuiq

 RUN  v3.1.4 /private/tmp/viborm-g4-lane-5

 ✓ |raptor3| tests/raptor3/g3/generation/sqlite-campaign.test.ts (1 test) 5422ms
   ✓ executes one complete G3 SQLite seed batch  5421ms

 Test Files  1 passed (1)
      Tests  1 passed (1)
   Start at  01:01:13
   Duration  11.98s (transform 1.90s, setup 16ms, collect 2.85s, tests 5.42s, environment 0ms, prepare 61ms)

JSON report written to /private/tmp/viborm-g4-lane-tmp-5/viborm-raptor3-g0-JXTDgT/vitest.json
Vitest resources: 21.70s wall, 730.4 MiB peak sampled process-group RSS (sampled ceiling 1536 MiB). Teardown verified.
Raptor 3 g3-seed-batch contract gate verified. Evidence: /private/tmp/viborm-g4-lane-tmp-5/viborm-raptor3-g0-JXTDgT

 RUN  v3.1.4 /private/tmp/viborm-g4-lane-5

 ✓ |raptor3| tests/raptor3/g3/generation/sqlite-campaign.test.ts (1 test) 5100ms
   ✓ executes one complete G3 SQLite seed batch  5099ms

 Test Files  1 passed (1)
      Tests  1 passed (1)
   Start at  01:01:40
   Duration  10.65s (transform 2.06s, setup 11ms, collect 3.07s, tests 5.10s, environment 0ms, prepare 50ms)

JSON report written to /private/tmp/viborm-g4-lane-tmp-5/viborm-raptor3-g0-VV97F9/vitest.json
Vitest resources: 19.75s wall, 967.3 MiB peak sampled process-group RSS (sampled ceiling 1536 MiB). Teardown verified.
Raptor 3 g3-seed-batch contract gate verified. Evidence: /private/tmp/viborm-g4-lane-tmp-5/viborm-raptor3-g0-VV97F9

 RUN  v3.1.4 /private/tmp/viborm-g4-lane-5

 ✓ |raptor3| tests/raptor3/g3/generation/sqlite-campaign.test.ts (1 test) 6998ms
   ✓ executes one complete G3 SQLite seed batch  6996ms

 Test Files  1 passed (1)
      Tests  1 passed (1)
   Start at  01:02:07
   Duration  12.76s (transform 2.04s, setup 13ms, collect 3.09s, tests 7.00s, environment 0ms, prepare 48ms)

JSON report written to /private/tmp/viborm-g4-lane-tmp-5/viborm-raptor3-g0-tP78As/vitest.json
Vitest resources: 21.45s wall, 878.7 MiB peak sampled process-group RSS (sampled ceiling 1536 MiB). Teardown verified.
Raptor 3 g3-seed-batch contract gate verified. Evidence: /private/tmp/viborm-g4-lane-tmp-5/viborm-raptor3-g0-tP78As

 RUN  v3.1.4 /private/tmp/viborm-g4-lane-5

 ✓ |raptor3| tests/raptor3/g3/generation/sqlite-campaign.test.ts (1 test) 4644ms
   ✓ executes one complete G3 SQLite seed batch  4643ms

 Test Files  1 passed (1)
      Tests  1 passed (1)
   Start at  01:02:33
   Duration  12.00s (transform 2.37s, setup 22ms, collect 3.59s, tests 4.64s, environment 0ms, prepare 62ms)

JSON report written to /private/tmp/viborm-g4-lane-tmp-5/viborm-raptor3-g0-p9m82j/vitest.json
Vitest resources: 18.71s wall, 727.6 MiB peak sampled process-group RSS (sampled ceiling 1536 MiB). Teardown verified.
Raptor 3 g3-seed-batch contract gate verified. Evidence: /private/tmp/viborm-g4-lane-tmp-5/viborm-raptor3-g0-p9m82j

 RUN  v3.1.4 /private/tmp/viborm-g4-lane-5

 ✓ |raptor3| tests/raptor3/g3/generation/sqlite-campaign.test.ts (1 test) 4613ms
   ✓ executes one complete G3 SQLite seed batch  4613ms

 Test Files  1 passed (1)
      Tests  1 passed (1)
   Start at  01:02:58
   Duration  11.31s (transform 2.23s, setup 14ms, collect 3.35s, tests 4.61s, environment 0ms, prepare 55ms)

JSON report written to /private/tmp/viborm-g4-lane-tmp-5/viborm-raptor3-g0-nAm5Lq/vitest.json
Vitest resources: 19.55s wall, 799.8 MiB peak sampled process-group RSS (sampled ceiling 1536 MiB). Teardown verified.
Raptor 3 g3-seed-batch contract gate verified. Evidence: /private/tmp/viborm-g4-lane-tmp-5/viborm-raptor3-g0-nAm5Lq

 RUN  v3.1.4 /private/tmp/viborm-g4-lane-5

 ✓ |raptor3| tests/raptor3/g3/generation/sqlite-campaign.test.ts (1 test) 4921ms
   ✓ executes one complete G3 SQLite seed batch  4920ms

 Test Files  1 passed (1)
      Tests  1 passed (1)
   Start at  01:03:23
   Duration  11.24s (transform 1.82s, setup 14ms, collect 2.73s, tests 4.92s, environment 0ms, prepare 62ms)

JSON report written to /private/tmp/viborm-g4-lane-tmp-5/viborm-raptor3-g0-FqLlqU/vitest.json
Vitest resources: 20.03s wall, 717.0 MiB peak sampled process-group RSS (sampled ceiling 1536 MiB). Teardown verified.
Raptor 3 g3-seed-batch contract gate verified. Evidence: /private/tmp/viborm-g4-lane-tmp-5/viborm-raptor3-g0-FqLlqU

 RUN  v3.1.4 /private/tmp/viborm-g4-lane-5

 ✓ |raptor3| tests/raptor3/g3/generation/sqlite-campaign.test.ts (1 test) 4406ms
   ✓ executes one complete G3 SQLite seed batch  4405ms

 Test Files  1 passed (1)
      Tests  1 passed (1)
   Start at  01:03:48
   Duration  10.66s (transform 2.10s, setup 16ms, collect 3.09s, tests 4.41s, environment 0ms, prepare 64ms)

JSON report written to /private/tmp/viborm-g4-lane-tmp-5/viborm-raptor3-g0-GL3Q6k/vitest.json
Vitest resources: 19.07s wall, 733.3 MiB peak sampled process-group RSS (sampled ceiling 1536 MiB). Teardown verified.
Raptor 3 g3-seed-batch contract gate verified. Evidence: /private/tmp/viborm-g4-lane-tmp-5/viborm-raptor3-g0-GL3Q6k

 RUN  v3.1.4 /private/tmp/viborm-g4-lane-5

 ✓ |raptor3| tests/raptor3/g3/generation/sqlite-campaign.test.ts (1 test) 5396ms
   ✓ executes one complete G3 SQLite seed batch  5394ms

 Test Files  1 passed (1)
      Tests  1 passed (1)
   Start at  01:04:13
   Duration  11.93s (transform 2.18s, setup 14ms, collect 3.23s, tests 5.40s, environment 0ms, prepare 55ms)

JSON report written to /private/tmp/viborm-g4-lane-tmp-5/viborm-raptor3-g0-Y23HYn/vitest.json
Vitest resources: 19.90s wall, 738.4 MiB peak sampled process-group RSS (sampled ceiling 1536 MiB). Teardown verified.
Raptor 3 g3-seed-batch contract gate verified. Evidence: /private/tmp/viborm-g4-lane-tmp-5/viborm-raptor3-g0-Y23HYn

 RUN  v3.1.4 /private/tmp/viborm-g4-lane-5

 ✓ |raptor3| tests/raptor3/g3/generation/sqlite-campaign.test.ts (1 test) 5602ms
   ✓ executes one complete G3 SQLite seed batch  5600ms

 Test Files  1 passed (1)
      Tests  1 passed (1)
   Start at  01:04:39
   Duration  12.21s (transform 2.26s, setup 17ms, collect 3.34s, tests 5.60s, environment 0ms, prepare 70ms)

JSON report written to /private/tmp/viborm-g4-lane-tmp-5/viborm-raptor3-g0-UJOsdR/vitest.json
Vitest resources: 19.91s wall, 721.2 MiB peak sampled process-group RSS (sampled ceiling 1536 MiB). Teardown verified.
Raptor 3 g3-seed-batch contract gate verified. Evidence: /private/tmp/viborm-g4-lane-tmp-5/viborm-raptor3-g0-UJOsdR

 RUN  v3.1.4 /private/tmp/viborm-g4-lane-5

 ✓ |raptor3| tests/raptor3/g3/generation/sqlite-campaign.test.ts (1 test) 6029ms
   ✓ executes one complete G3 SQLite seed batch  6029ms

 Test Files  1 passed (1)
      Tests  1 passed (1)
   Start at  01:05:07
   Duration  11.50s (transform 2.04s, setup 14ms, collect 3.03s, tests 6.03s, environment 0ms, prepare 54ms)

JSON report written to /private/tmp/viborm-g4-lane-tmp-5/viborm-raptor3-g0-PjmW7k/vitest.json
Vitest resources: 20.63s wall, 844.7 MiB peak sampled process-group RSS (sampled ceiling 1536 MiB). Teardown verified.
Raptor 3 g3-seed-batch contract gate verified. Evidence: /private/tmp/viborm-g4-lane-tmp-5/viborm-raptor3-g0-PjmW7k

 RUN  v3.1.4 /private/tmp/viborm-g4-lane-5

 ✓ |raptor3| tests/raptor3/g3/generation/sqlite-campaign.test.ts (1 test) 4350ms
   ✓ executes one complete G3 SQLite seed batch  4349ms

 Test Files  1 passed (1)
      Tests  1 passed (1)
   Start at  01:05:34
   Duration  8.99s (transform 1.68s, setup 13ms, collect 2.52s, tests 4.35s, environment 0ms, prepare 49ms)

JSON report written to /private/tmp/viborm-g4-lane-tmp-5/viborm-raptor3-g0-LVVfeQ/vitest.json
Vitest resources: 16.93s wall, 752.8 MiB peak sampled process-group RSS (sampled ceiling 1536 MiB). Teardown verified.
Raptor 3 g3-seed-batch contract gate verified. Evidence: /private/tmp/viborm-g4-lane-tmp-5/viborm-raptor3-g0-LVVfeQ

 RUN  v3.1.4 /private/tmp/viborm-g4-lane-5

 ✓ |raptor3| tests/raptor3/g3/generation/sqlite-campaign.test.ts (1 test) 4667ms
   ✓ executes one complete G3 SQLite seed batch  4666ms

 Test Files  1 passed (1)
      Tests  1 passed (1)
   Start at  01:06:00
   Duration  9.67s (transform 1.86s, setup 16ms, collect 2.80s, tests 4.67s, environment 0ms, prepare 54ms)

JSON report written to /private/tmp/viborm-g4-lane-tmp-5/viborm-raptor3-g0-wVapY8/vitest.json
Vitest resources: 18.41s wall, 721.6 MiB peak sampled process-group RSS (sampled ceiling 1536 MiB). Teardown verified.
Raptor 3 g3-seed-batch contract gate verified. Evidence: /private/tmp/viborm-g4-lane-tmp-5/viborm-raptor3-g0-wVapY8

 RUN  v3.1.4 /private/tmp/viborm-g4-lane-5

 ✓ |raptor3| tests/raptor3/g3/generation/sqlite-campaign.test.ts (1 test) 5014ms
   ✓ executes one complete G3 SQLite seed batch  5014ms

 Test Files  1 passed (1)
      Tests  1 passed (1)
   Start at  01:06:24
   Duration  10.95s (transform 1.92s, setup 11ms, collect 2.85s, tests 5.01s, environment 0ms, prepare 42ms)

JSON report written to /private/tmp/viborm-g4-lane-tmp-5/viborm-raptor3-g0-rH6ju2/vitest.json
Vitest resources: 18.10s wall, 726.5 MiB peak sampled process-group RSS (sampled ceiling 1536 MiB). Teardown verified.
Raptor 3 g3-seed-batch contract gate verified. Evidence: /private/tmp/viborm-g4-lane-tmp-5/viborm-raptor3-g0-rH6ju2

 RUN  v3.1.4 /private/tmp/viborm-g4-lane-5

 ✓ |raptor3| tests/raptor3/g3/generation/sqlite-campaign.test.ts (1 test) 5541ms
   ✓ executes one complete G3 SQLite seed batch  5541ms

 Test Files  1 passed (1)
      Tests  1 passed (1)
   Start at  01:06:47
   Duration  12.26s (transform 2.09s, setup 13ms, collect 3.10s, tests 5.54s, environment 0ms, prepare 56ms)

JSON report written to /private/tmp/viborm-g4-lane-tmp-5/viborm-raptor3-g0-SKWZFv/vitest.json
Vitest resources: 18.54s wall, 731.3 MiB peak sampled process-group RSS (sampled ceiling 1536 MiB). Teardown verified.
Raptor 3 g3-seed-batch contract gate verified. Evidence: /private/tmp/viborm-g4-lane-tmp-5/viborm-raptor3-g0-SKWZFv

 RUN  v3.1.4 /private/tmp/viborm-g4-lane-5

 ✓ |raptor3| tests/raptor3/g3/generation/sqlite-campaign.test.ts (1 test) 4987ms
   ✓ executes one complete G3 SQLite seed batch  4986ms

 Test Files  1 passed (1)
      Tests  1 passed (1)
   Start at  01:07:13
   Duration  11.81s (transform 1.94s, setup 13ms, collect 2.86s, tests 4.99s, environment 0ms, prepare 51ms)

JSON report written to /private/tmp/viborm-g4-lane-tmp-5/viborm-raptor3-g0-vmmMdP/vitest.json
Vitest resources: 19.47s wall, 819.6 MiB peak sampled process-group RSS (sampled ceiling 1536 MiB). Teardown verified.
Raptor 3 g3-seed-batch contract gate verified. Evidence: /private/tmp/viborm-g4-lane-tmp-5/viborm-raptor3-g0-vmmMdP

 RUN  v3.1.4 /private/tmp/viborm-g4-lane-5

 ✓ |raptor3| tests/raptor3/g3/generation/sqlite-campaign.test.ts (1 test) 4063ms
   ✓ executes one complete G3 SQLite seed batch  4062ms

 Test Files  1 passed (1)
      Tests  1 passed (1)
   Start at  01:07:39
   Duration  11.15s (transform 2.51s, setup 13ms, collect 3.81s, tests 4.06s, environment 0ms, prepare 60ms)

JSON report written to /private/tmp/viborm-g4-lane-tmp-5/viborm-raptor3-g0-zHQuRc/vitest.json
Vitest resources: 18.71s wall, 718.3 MiB peak sampled process-group RSS (sampled ceiling 1536 MiB). Teardown verified.
Raptor 3 g3-seed-batch contract gate verified. Evidence: /private/tmp/viborm-g4-lane-tmp-5/viborm-raptor3-g0-zHQuRc

 RUN  v3.1.4 /private/tmp/viborm-g4-lane-5

 ✓ |raptor3| tests/raptor3/g3/generation/sqlite-campaign.test.ts (1 test) 5897ms
   ✓ executes one complete G3 SQLite seed batch  5896ms

 Test Files  1 passed (1)
      Tests  1 passed (1)
   Start at  01:08:07
   Duration  11.59s (transform 2.02s, setup 11ms, collect 3.05s, tests 5.90s, environment 0ms, prepare 49ms)

JSON report written to /private/tmp/viborm-g4-lane-tmp-5/viborm-raptor3-g0-r4Duej/vitest.json
Vitest resources: 21.34s wall, 882.5 MiB peak sampled process-group RSS (sampled ceiling 1536 MiB). Teardown verified.
Raptor 3 g3-seed-batch contract gate verified. Evidence: /private/tmp/viborm-g4-lane-tmp-5/viborm-raptor3-g0-r4Duej

 RUN  v3.1.4 /private/tmp/viborm-g4-lane-5

 ✓ |raptor3| tests/raptor3/g3/generation/sqlite-campaign.test.ts (1 test) 3662ms
   ✓ executes one complete G3 SQLite seed batch  3662ms

 Test Files  1 passed (1)
      Tests  1 passed (1)
   Start at  01:08:34
   Duration  8.86s (transform 1.92s, setup 12ms, collect 2.83s, tests 3.66s, environment 0ms, prepare 45ms)

JSON report written to /private/tmp/viborm-g4-lane-tmp-5/viborm-raptor3-g0-8yiw0V/vitest.json
Vitest resources: 18.40s wall, 840.9 MiB peak sampled process-group RSS (sampled ceiling 1536 MiB). Teardown verified.
Raptor 3 g3-seed-batch contract gate verified. Evidence: /private/tmp/viborm-g4-lane-tmp-5/viborm-raptor3-g0-8yiw0V

 RUN  v3.1.4 /private/tmp/viborm-g4-lane-5

 ✓ |raptor3| tests/raptor3/g3/generation/sqlite-campaign.test.ts (1 test) 6613ms
   ✓ executes one complete G3 SQLite seed batch  6612ms

 Test Files  1 passed (1)
      Tests  1 passed (1)
   Start at  01:08:57
   Duration  12.32s (transform 2.04s, setup 15ms, collect 3.09s, tests 6.61s, environment 0ms, prepare 62ms)

JSON report written to /private/tmp/viborm-g4-lane-tmp-5/viborm-raptor3-g0-7NsgQc/vitest.json
Vitest resources: 21.23s wall, 945.0 MiB peak sampled process-group RSS (sampled ceiling 1536 MiB). Teardown verified.
Raptor 3 g3-seed-batch contract gate verified. Evidence: /private/tmp/viborm-g4-lane-tmp-5/viborm-raptor3-g0-7NsgQc

 RUN  v3.1.4 /private/tmp/viborm-g4-lane-5

 ✓ |raptor3| tests/raptor3/g3/generation/sqlite-campaign.test.ts (1 test) 5084ms
   ✓ executes one complete G3 SQLite seed batch  5083ms

 Test Files  1 passed (1)
      Tests  1 passed (1)
   Start at  01:09:24
   Duration  10.39s (transform 1.80s, setup 13ms, collect 2.72s, tests 5.08s, environment 0ms, prepare 70ms)

JSON report written to /private/tmp/viborm-g4-lane-tmp-5/viborm-raptor3-g0-NhHTvB/vitest.json
Vitest resources: 18.41s wall, 959.9 MiB peak sampled process-group RSS (sampled ceiling 1536 MiB). Teardown verified.
Raptor 3 g3-seed-batch contract gate verified. Evidence: /private/tmp/viborm-g4-lane-tmp-5/viborm-raptor3-g0-NhHTvB

 RUN  v3.1.4 /private/tmp/viborm-g4-lane-5

 ✓ |raptor3| tests/raptor3/g3/generation/sqlite-campaign.test.ts (1 test) 4542ms
   ✓ executes one complete G3 SQLite seed batch  4541ms

 Test Files  1 passed (1)
      Tests  1 passed (1)
   Start at  01:09:49
   Duration  9.07s (transform 1.54s, setup 11ms, collect 2.31s, tests 4.54s, environment 0ms, prepare 48ms)

JSON report written to /private/tmp/viborm-g4-lane-tmp-5/viborm-raptor3-g0-1w7iTY/vitest.json
Vitest resources: 17.56s wall, 755.6 MiB peak sampled process-group RSS (sampled ceiling 1536 MiB). Teardown verified.
Raptor 3 g3-seed-batch contract gate verified. Evidence: /private/tmp/viborm-g4-lane-tmp-5/viborm-raptor3-g0-1w7iTY

 RUN  v3.1.4 /private/tmp/viborm-g4-lane-5

 ✓ |raptor3| tests/raptor3/g3/generation/sqlite-campaign.test.ts (1 test) 4692ms
   ✓ executes one complete G3 SQLite seed batch  4691ms

 Test Files  1 passed (1)
      Tests  1 passed (1)
   Start at  01:10:13
   Duration  9.21s (transform 1.79s, setup 11ms, collect 2.64s, tests 4.69s, environment 0ms, prepare 44ms)

JSON report written to /private/tmp/viborm-g4-lane-tmp-5/viborm-raptor3-g0-MSAXXM/vitest.json
Vitest resources: 16.73s wall, 1075.8 MiB peak sampled process-group RSS (sampled ceiling 1536 MiB). Teardown verified.
Raptor 3 g3-seed-batch contract gate verified. Evidence: /private/tmp/viborm-g4-lane-tmp-5/viborm-raptor3-g0-MSAXXM

 RUN  v3.1.4 /private/tmp/viborm-g4-lane-5

 ✓ |raptor3| tests/raptor3/g3/generation/sqlite-campaign.test.ts (1 test) 5783ms
   ✓ executes one complete G3 SQLite seed batch  5782ms

 Test Files  1 passed (1)
      Tests  1 passed (1)
   Start at  01:10:36
   Duration  10.88s (transform 1.81s, setup 17ms, collect 2.72s, tests 5.78s, environment 0ms, prepare 46ms)

JSON report written to /private/tmp/viborm-g4-lane-tmp-5/viborm-raptor3-g0-GZa6au/vitest.json
Vitest resources: 17.36s wall, 753.0 MiB peak sampled process-group RSS (sampled ceiling 1536 MiB). Teardown verified.
Raptor 3 g3-seed-batch contract gate verified. Evidence: /private/tmp/viborm-g4-lane-tmp-5/viborm-raptor3-g0-GZa6au

 RUN  v3.1.4 /private/tmp/viborm-g4-lane-5

 ✓ |raptor3| tests/raptor3/g3/generation/sqlite-campaign.test.ts (1 test) 4768ms
   ✓ executes one complete G3 SQLite seed batch  4767ms

 Test Files  1 passed (1)
      Tests  1 passed (1)
   Start at  01:10:59
   Duration  10.41s (transform 1.73s, setup 9ms, collect 2.60s, tests 4.77s, environment 0ms, prepare 38ms)

JSON report written to /private/tmp/viborm-g4-lane-tmp-5/viborm-raptor3-g0-nzQPOx/vitest.json
Vitest resources: 17.05s wall, 728.5 MiB peak sampled process-group RSS (sampled ceiling 1536 MiB). Teardown verified.
Raptor 3 g3-seed-batch contract gate verified. Evidence: /private/tmp/viborm-g4-lane-tmp-5/viborm-raptor3-g0-nzQPOx

 RUN  v3.1.4 /private/tmp/viborm-g4-lane-5

 ✓ |raptor3| tests/raptor3/g3/generation/sqlite-campaign.test.ts (1 test) 4321ms
   ✓ executes one complete G3 SQLite seed batch  4320ms

 Test Files  1 passed (1)
      Tests  1 passed (1)
   Start at  01:11:22
   Duration  9.99s (transform 1.60s, setup 13ms, collect 2.36s, tests 4.32s, environment 0ms, prepare 49ms)

JSON report written to /private/tmp/viborm-g4-lane-tmp-5/viborm-raptor3-g0-IqTVfS/vitest.json
Vitest resources: 17.59s wall, 836.8 MiB peak sampled process-group RSS (sampled ceiling 1536 MiB). Teardown verified.
Raptor 3 g3-seed-batch contract gate verified. Evidence: /private/tmp/viborm-g4-lane-tmp-5/viborm-raptor3-g0-IqTVfS

 RUN  v3.1.4 /private/tmp/viborm-g4-lane-5

 ✓ |raptor3| tests/raptor3/g3/generation/sqlite-campaign.test.ts (1 test) 3609ms
   ✓ executes one complete G3 SQLite seed batch  3609ms

 Test Files  1 passed (1)
      Tests  1 passed (1)
   Start at  01:11:44
   Duration  9.19s (transform 1.83s, setup 11ms, collect 2.72s, tests 3.61s, environment 0ms, prepare 39ms)

JSON report written to /private/tmp/viborm-g4-lane-tmp-5/viborm-raptor3-g0-IVZzh0/vitest.json
Vitest resources: 16.09s wall, 839.6 MiB peak sampled process-group RSS (sampled ceiling 1536 MiB). Teardown verified.
Raptor 3 g3-seed-batch contract gate verified. Evidence: /private/tmp/viborm-g4-lane-tmp-5/viborm-raptor3-g0-IVZzh0

 RUN  v3.1.4 /private/tmp/viborm-g4-lane-5

 ✓ |raptor3| tests/raptor3/g3/generation/sqlite-campaign.test.ts (1 test) 5598ms
   ✓ executes one complete G3 SQLite seed batch  5597ms

 Test Files  1 passed (1)
      Tests  1 passed (1)
   Start at  01:12:06
   Duration  10.54s (transform 1.55s, setup 10ms, collect 2.34s, tests 5.60s, environment 0ms, prepare 38ms)

JSON report written to /private/tmp/viborm-g4-lane-tmp-5/viborm-raptor3-g0-RzW4jE/vitest.json
Vitest resources: 17.56s wall, 699.9 MiB peak sampled process-group RSS (sampled ceiling 1536 MiB). Teardown verified.
Raptor 3 g3-seed-batch contract gate verified. Evidence: /private/tmp/viborm-g4-lane-tmp-5/viborm-raptor3-g0-RzW4jE

 RUN  v3.1.4 /private/tmp/viborm-g4-lane-5

 ✓ |raptor3| tests/raptor3/g3/generation/sqlite-campaign.test.ts (1 test) 4969ms
   ✓ executes one complete G3 SQLite seed batch  4968ms

 Test Files  1 passed (1)
      Tests  1 passed (1)
   Start at  01:12:32
   Duration  11.25s (transform 2.24s, setup 47ms, collect 3.51s, tests 4.97s, environment 0ms, prepare 113ms)

JSON report written to /private/tmp/viborm-g4-lane-tmp-5/viborm-raptor3-g0-xUezyA/vitest.json
Vitest resources: 21.23s wall, 684.4 MiB peak sampled process-group RSS (sampled ceiling 1536 MiB). Teardown verified.
Raptor 3 g3-seed-batch contract gate verified. Evidence: /private/tmp/viborm-g4-lane-tmp-5/viborm-raptor3-g0-xUezyA

 RUN  v3.1.4 /private/tmp/viborm-g4-lane-5

 ✓ |raptor3| tests/raptor3/g3/generation/sqlite-campaign.test.ts (1 test) 5413ms
   ✓ executes one complete G3 SQLite seed batch  5412ms

 Test Files  1 passed (1)
      Tests  1 passed (1)
   Start at  01:12:56
   Duration  11.77s (transform 1.98s, setup 13ms, collect 3.00s, tests 5.41s, environment 0ms, prepare 52ms)

JSON report written to /private/tmp/viborm-g4-lane-tmp-5/viborm-raptor3-g0-rTs5D0/vitest.json
Vitest resources: 19.27s wall, 754.5 MiB peak sampled process-group RSS (sampled ceiling 1536 MiB). Teardown verified.
Raptor 3 g3-seed-batch contract gate verified. Evidence: /private/tmp/viborm-g4-lane-tmp-5/viborm-raptor3-g0-rTs5D0

 RUN  v3.1.4 /private/tmp/viborm-g4-lane-5

 ✓ |raptor3| tests/raptor3/g3/generation/sqlite-campaign.test.ts (1 test) 4743ms
   ✓ executes one complete G3 SQLite seed batch  4742ms

 Test Files  1 passed (1)
      Tests  1 passed (1)
   Start at  01:13:23
   Duration  10.31s (transform 1.88s, setup 12ms, collect 2.87s, tests 4.74s, environment 0ms, prepare 43ms)

JSON report written to /private/tmp/viborm-g4-lane-tmp-5/viborm-raptor3-g0-0Uynq2/vitest.json
Vitest resources: 19.33s wall, 759.2 MiB peak sampled process-group RSS (sampled ceiling 1536 MiB). Teardown verified.
Raptor 3 g3-seed-batch contract gate verified. Evidence: /private/tmp/viborm-g4-lane-tmp-5/viborm-raptor3-g0-0Uynq2

 RUN  v3.1.4 /private/tmp/viborm-g4-lane-5

 ✓ |raptor3| tests/raptor3/g3/generation/sqlite-campaign.test.ts (1 test) 4421ms
   ✓ executes one complete G3 SQLite seed batch  4421ms

 Test Files  1 passed (1)
      Tests  1 passed (1)
   Start at  01:13:53
   Duration  9.55s (transform 1.74s, setup 11ms, collect 2.56s, tests 4.42s, environment 0ms, prepare 51ms)

JSON report written to /private/tmp/viborm-g4-lane-tmp-5/viborm-raptor3-g0-1pMOdc/vitest.json
Vitest resources: 22.19s wall, 724.4 MiB peak sampled process-group RSS (sampled ceiling 1536 MiB). Teardown verified.
Raptor 3 g3-seed-batch contract gate verified. Evidence: /private/tmp/viborm-g4-lane-tmp-5/viborm-raptor3-g0-1pMOdc

 RUN  v3.1.4 /private/tmp/viborm-g4-lane-5

 ✓ |raptor3| tests/raptor3/g3/generation/sqlite-campaign.test.ts (1 test) 5361ms
   ✓ executes one complete G3 SQLite seed batch  5361ms

 Test Files  1 passed (1)
      Tests  1 passed (1)
   Start at  01:14:16
   Duration  11.03s (transform 2.19s, setup 15ms, collect 3.22s, tests 5.36s, environment 0ms, prepare 44ms)

JSON report written to /private/tmp/viborm-g4-lane-tmp-5/viborm-raptor3-g0-E4RTto/vitest.json
Vitest resources: 19.34s wall, 754.2 MiB peak sampled process-group RSS (sampled ceiling 1536 MiB). Teardown verified.
Raptor 3 g3-seed-batch contract gate verified. Evidence: /private/tmp/viborm-g4-lane-tmp-5/viborm-raptor3-g0-E4RTto

 RUN  v3.1.4 /private/tmp/viborm-g4-lane-5

 ✓ |raptor3| tests/raptor3/g3/generation/sqlite-campaign.test.ts (1 test) 5729ms
   ✓ executes one complete G3 SQLite seed batch  5729ms

 Test Files  1 passed (1)
      Tests  1 passed (1)
   Start at  01:14:43
   Duration  10.46s (transform 1.77s, setup 13ms, collect 2.65s, tests 5.73s, environment 0ms, prepare 44ms)

JSON report written to /private/tmp/viborm-g4-lane-tmp-5/viborm-raptor3-g0-tf9Y3Z/vitest.json
Vitest resources: 18.45s wall, 961.8 MiB peak sampled process-group RSS (sampled ceiling 1536 MiB). Teardown verified.
Raptor 3 g3-seed-batch contract gate verified. Evidence: /private/tmp/viborm-g4-lane-tmp-5/viborm-raptor3-g0-tf9Y3Z

 RUN  v3.1.4 /private/tmp/viborm-g4-lane-5

 ✓ |raptor3| tests/raptor3/g3/generation/sqlite-campaign.test.ts (1 test) 5696ms
   ✓ executes one complete G3 SQLite seed batch  5695ms

 Test Files  1 passed (1)
      Tests  1 passed (1)
   Start at  01:15:07
   Duration  10.97s (transform 1.59s, setup 10ms, collect 2.36s, tests 5.70s, environment 0ms, prepare 41ms)

JSON report written to /private/tmp/viborm-g4-lane-tmp-5/viborm-raptor3-g0-wWVbtm/vitest.json
Vitest resources: 18.34s wall, 867.1 MiB peak sampled process-group RSS (sampled ceiling 1536 MiB). Teardown verified.
Raptor 3 g3-seed-batch contract gate verified. Evidence: /private/tmp/viborm-g4-lane-tmp-5/viborm-raptor3-g0-wWVbtm

 RUN  v3.1.4 /private/tmp/viborm-g4-lane-5

 ✓ |raptor3| tests/raptor3/g3/generation/sqlite-campaign.test.ts (1 test) 4595ms
   ✓ executes one complete G3 SQLite seed batch  4594ms

 Test Files  1 passed (1)
      Tests  1 passed (1)
   Start at  01:15:31
   Duration  9.26s (transform 1.55s, setup 9ms, collect 2.30s, tests 4.59s, environment 0ms, prepare 36ms)

JSON report written to /private/tmp/viborm-g4-lane-tmp-5/viborm-raptor3-g0-YND5ey/vitest.json
Vitest resources: 17.42s wall, 883.9 MiB peak sampled process-group RSS (sampled ceiling 1536 MiB). Teardown verified.
Raptor 3 g3-seed-batch contract gate verified. Evidence: /private/tmp/viborm-g4-lane-tmp-5/viborm-raptor3-g0-YND5ey

 RUN  v3.1.4 /private/tmp/viborm-g4-lane-5

 ✓ |raptor3| tests/raptor3/g3/generation/sqlite-campaign.test.ts (1 test) 4008ms
   ✓ executes one complete G3 SQLite seed batch  4007ms

 Test Files  1 passed (1)
      Tests  1 passed (1)
   Start at  01:15:54
   Duration  8.95s (transform 1.80s, setup 9ms, collect 2.74s, tests 4.01s, environment 0ms, prepare 38ms)

JSON report written to /private/tmp/viborm-g4-lane-tmp-5/viborm-raptor3-g0-HihEzc/vitest.json
Vitest resources: 17.48s wall, 729.8 MiB peak sampled process-group RSS (sampled ceiling 1536 MiB). Teardown verified.
Raptor 3 g3-seed-batch contract gate verified. Evidence: /private/tmp/viborm-g4-lane-tmp-5/viborm-raptor3-g0-HihEzc

 RUN  v3.1.4 /private/tmp/viborm-g4-lane-5

 ✓ |raptor3| tests/raptor3/g3/generation/sqlite-campaign.test.ts (1 test) 4063ms
   ✓ executes one complete G3 SQLite seed batch  4062ms

 Test Files  1 passed (1)
      Tests  1 passed (1)
   Start at  01:16:16
   Duration  10.27s (transform 2.15s, setup 14ms, collect 3.26s, tests 4.06s, environment 0ms, prepare 50ms)

JSON report written to /private/tmp/viborm-g4-lane-tmp-5/viborm-raptor3-g0-iXQtZd/vitest.json
Vitest resources: 19.15s wall, 805.1 MiB peak sampled process-group RSS (sampled ceiling 1536 MiB). Teardown verified.
Raptor 3 g3-seed-batch contract gate verified. Evidence: /private/tmp/viborm-g4-lane-tmp-5/viborm-raptor3-g0-iXQtZd

 RUN  v3.1.4 /private/tmp/viborm-g4-lane-5

 ✓ |raptor3| tests/raptor3/g3/generation/sqlite-campaign.test.ts (1 test) 4498ms
   ✓ executes one complete G3 SQLite seed batch  4497ms

 Test Files  1 passed (1)
      Tests  1 passed (1)
   Start at  01:16:41
   Duration  10.39s (transform 2.23s, setup 18ms, collect 3.33s, tests 4.50s, environment 0ms, prepare 64ms)

JSON report written to /private/tmp/viborm-g4-lane-tmp-5/viborm-raptor3-g0-sUD8LW/vitest.json
Vitest resources: 20.08s wall, 852.4 MiB peak sampled process-group RSS (sampled ceiling 1536 MiB). Teardown verified.
Raptor 3 g3-seed-batch contract gate verified. Evidence: /private/tmp/viborm-g4-lane-tmp-5/viborm-raptor3-g0-sUD8LW

 RUN  v3.1.4 /private/tmp/viborm-g4-lane-5

 ✓ |raptor3| tests/raptor3/g3/generation/sqlite-campaign.test.ts (1 test) 5278ms
   ✓ executes one complete G3 SQLite seed batch  5277ms

 Test Files  1 passed (1)
      Tests  1 passed (1)
   Start at  01:17:07
   Duration  10.85s (transform 2.05s, setup 12ms, collect 3.08s, tests 5.28s, environment 0ms, prepare 45ms)

JSON report written to /private/tmp/viborm-g4-lane-tmp-5/viborm-raptor3-g0-SRuMIn/vitest.json
Vitest resources: 20.43s wall, 749.7 MiB peak sampled process-group RSS (sampled ceiling 1536 MiB). Teardown verified.
Raptor 3 g3-seed-batch contract gate verified. Evidence: /private/tmp/viborm-g4-lane-tmp-5/viborm-raptor3-g0-SRuMIn

 RUN  v3.1.4 /private/tmp/viborm-g4-lane-5

 ✓ |raptor3| tests/raptor3/g3/generation/sqlite-campaign.test.ts (1 test) 6616ms
   ✓ executes one complete G3 SQLite seed batch  6615ms

 Test Files  1 passed (1)
      Tests  1 passed (1)
   Start at  01:17:31
   Duration  12.78s (transform 2.26s, setup 11ms, collect 3.40s, tests 6.62s, environment 0ms, prepare 47ms)

JSON report written to /private/tmp/viborm-g4-lane-tmp-5/viborm-raptor3-g0-TednUl/vitest.json
Vitest resources: 20.49s wall, 818.0 MiB peak sampled process-group RSS (sampled ceiling 1536 MiB). Teardown verified.
Raptor 3 g3-seed-batch contract gate verified. Evidence: /private/tmp/viborm-g4-lane-tmp-5/viborm-raptor3-g0-TednUl

 RUN  v3.1.4 /private/tmp/viborm-g4-lane-5

 ✓ |raptor3| tests/raptor3/g3/generation/sqlite-campaign.test.ts (1 test) 6207ms
   ✓ executes one complete G3 SQLite seed batch  6207ms

 Test Files  1 passed (1)
      Tests  1 passed (1)
   Start at  01:17:58
   Duration  14.33s (transform 3.17s, setup 18ms, collect 4.86s, tests 6.21s, environment 0ms, prepare 56ms)

JSON report written to /private/tmp/viborm-g4-lane-tmp-5/viborm-raptor3-g0-kOQKsH/vitest.json
Vitest resources: 21.62s wall, 702.5 MiB peak sampled process-group RSS (sampled ceiling 1536 MiB). Teardown verified.
Raptor 3 g3-seed-batch contract gate verified. Evidence: /private/tmp/viborm-g4-lane-tmp-5/viborm-raptor3-g0-kOQKsH

 RUN  v3.1.4 /private/tmp/viborm-g4-lane-5

 ✓ |raptor3| tests/raptor3/g3/generation/sqlite-campaign.test.ts (1 test) 6365ms
   ✓ executes one complete G3 SQLite seed batch  6364ms

 Test Files  1 passed (1)
      Tests  1 passed (1)
   Start at  01:18:28
   Duration  12.37s (transform 2.00s, setup 15ms, collect 3.00s, tests 6.36s, environment 0ms, prepare 54ms)

JSON report written to /private/tmp/viborm-g4-lane-tmp-5/viborm-raptor3-g0-Jsoiyn/vitest.json
Vitest resources: 19.94s wall, 764.9 MiB peak sampled process-group RSS (sampled ceiling 1536 MiB). Teardown verified.
Raptor 3 g3-seed-batch contract gate verified. Evidence: /private/tmp/viborm-g4-lane-tmp-5/viborm-raptor3-g0-Jsoiyn

 RUN  v3.1.4 /private/tmp/viborm-g4-lane-5


⎯⎯⎯⎯⎯⎯ Failed Suites 1 ⎯⎯⎯⎯⎯⎯⎯

 FAIL  |raptor3| tests/raptor3/g3/generation/sqlite-campaign.test.ts [ tests/raptor3/g3/generation/sqlite-campaign.test.ts ]
Error: The service is no longer running
  Plugin: vite:esbuild
  File: /private/tmp/viborm-g4-lane-5/src/query-engine/write-engine/junction-create-many-routing.ts
 ❯ node_modules/.pnpm/esbuild@0.25.4/node_modules/esbuild/lib/main.js:716:38
 ❯ sendRequest node_modules/.pnpm/esbuild@0.25.4/node_modules/esbuild/lib/main.js:597:36
 ❯ start node_modules/.pnpm/esbuild@0.25.4/node_modules/esbuild/lib/main.js:715:9
 ❯ Object.transform2 [as transform] node_modules/.pnpm/esbuild@0.25.4/node_modules/esbuild/lib/main.js:776:5
 ❯ node_modules/.pnpm/esbuild@0.25.4/node_modules/esbuild/lib/main.js:2038:77
 ❯ Object.transform node_modules/.pnpm/esbuild@0.25.4/node_modules/esbuild/lib/main.js:2038:36
 ❯ transform node_modules/.pnpm/esbuild@0.25.4/node_modules/esbuild/lib/main.js:1873:62
 ❯ transformWithEsbuild node_modules/.pnpm/vite@6.4.3_@types+node@22.15.21_jiti@2.7.0_lightningcss@1.33.0_yaml@2.9.0/node_modules/vite/dist/node/chunks/dep-Dm0c1Wj2.js:9137:26
 ❯ TransformPluginContext.transform node_modules/.pnpm/vite@6.4.3_@types+node@22.15.21_jiti@2.7.0_lightningcss@1.33.0_yaml@2.9.0/node_modules/vite/dist/node/chunks/dep-Dm0c1Wj2.js:9199:24

⎯⎯⎯⎯⎯⎯⎯⎯⎯⎯⎯⎯⎯⎯⎯⎯⎯⎯⎯⎯⎯⎯⎯⎯[1/1]⎯


 Test Files  1 failed (1)
      Tests  no tests
   Start at  01:19:00
   Duration  8.31s (transform 2.89s, setup 30ms, collect 0ms, tests 0ms, environment 0ms, prepare 78ms)

JSON report written to /private/tmp/viborm-g4-lane-tmp-5/viborm-raptor3-g0-o8tHiJ/vitest.json
Vitest resources: 21.90s wall, 429.5 MiB peak sampled process-group RSS (sampled ceiling 1536 MiB). Teardown verified.
Raptor 3 verification failed; diagnostics: /private/tmp/viborm-g4-lane-tmp-5/viborm-raptor3-g0-o8tHiJ
