
 RUN  v3.1.4 /private/tmp/viborm-parity-x

 ❯ |raptor3| tests/raptor3/core-structure/extension-a.contract.test.ts (6 tests | 1 failed) 41ms
   ✓ CS-01 A returns omitted-key rows only after every relation-series member 20ms
   ✓ CS-01 A reads compound final keys while keeping injected keys private 5ms
   ✓ CS-01 A refuses a missing terminal row and rolls back interactively 2ms
   × CS-01 A reports acknowledged member progress when a terminal row is missing 8ms
     → Expected values to be strictly deep-equal:
+ actual - expected

  {
    atomicity: 'segment',
+   committedSegments: 2,
+   committedWriteMembers: 2,
+   completedMembers: 2,
-   committedSegments: 3,
-   committedWriteMembers: 3,
-   completedMembers: 3,
    phase: 'result'
  }

   ✓ CS-01 A preserves the createMany terminal underflow error contract 2ms
   ✓ CS-01 A returns selected scalar updates but does not widen relation projections 4ms

⎯⎯⎯⎯⎯⎯⎯ Failed Tests 1 ⎯⎯⎯⎯⎯⎯⎯

 FAIL  |raptor3| tests/raptor3/core-structure/extension-a.contract.test.ts > CS-01 A reports acknowledged member progress when a terminal row is missing
AssertionError: Expected values to be strictly deep-equal:
+ actual - expected

  {
    atomicity: 'segment',
+   committedSegments: 2,
+   committedWriteMembers: 2,
+   completedMembers: 2,
-   committedSegments: 3,
-   committedWriteMembers: 3,
-   completedMembers: 3,
    phase: 'result'
  }


[32m- Expected[39m
[31m+ Received[39m

[2m  {[22m
[2m    "atomicity": "segment",[22m
[32m-   "committedSegments": 3,[39m
[32m-   "committedWriteMembers": 3,[39m
[32m-   "completedMembers": 3,[39m
[31m+   "committedSegments": 2,[39m
[31m+   "committedWriteMembers": 2,[39m
[31m+   "completedMembers": 2,[39m
[2m    "phase": "result",[22m
[2m  }[22m

 ❯ runMissingFinalRow tests/raptor3/core-structure/extension-a.contract.test.ts:238:14
    236|     );
    237|     if (batch) {
    238|       assert.deepEqual(failure.meta.recordSeriesProgress, {
       |              ^
    239|         atomicity: "segment",
    240|         phase: "result",
 ❯ tests/raptor3/core-structure/extension-a.contract.test.ts:278:3

⎯⎯⎯⎯⎯⎯⎯⎯⎯⎯⎯⎯⎯⎯⎯⎯⎯⎯⎯⎯⎯⎯⎯⎯[1/1]⎯


 Test Files  1 failed (1)
      Tests  1 failed | 5 passed (6)
   Start at  15:19:34
   Duration  1.54s (transform 903ms, setup 9ms, collect 1.35s, tests 41ms, environment 0ms, prepare 28ms)

JSON report written to /private/tmp/viborm-parity-tmp-x/viborm-raptor3-g0-c4T7Ev/vitest.json
Vitest resources: 3.71s wall, 470.9 MiB peak sampled process-group RSS (sampled ceiling 1536 MiB). Teardown verified.
Raptor 3 verification failed; diagnostics: /private/tmp/viborm-parity-tmp-x/viborm-raptor3-g0-c4T7Ev
