
 RUN  v3.1.4 /private/tmp/viborm-parity-base

 ✓ |raptor3| tests/raptor3/transitions/membership-own-write-legacy.test.ts (8 tests) 111ms
 ✓ |raptor3| tests/raptor3/transitions/mixed-key-transitions-legacy.test.ts (8 tests) 97ms
 ✓ |raptor3| tests/raptor3/transitions/variant-removals-legacy.test.ts (14 tests) 99ms
 ✓ |raptor3| tests/raptor3/transitions/conditional-upsert-legacy.test.ts (11 tests) 90ms
 ✓ |raptor3| tests/raptor3/transitions/shared-key-suppliers-legacy.test.ts (4 tests) 55ms
 ✓ |raptor3| tests/raptor3/transitions/own-write-legacy.test.ts (18 tests) 56ms
 ✓ |raptor3| tests/raptor3/transitions/junction-identity-legacy.test.ts (2 tests) 63ms
 ✓ |raptor3| tests/raptor3/transitions/singular-legacy.test.ts (20 tests) 27ms
 ✓ |raptor3| tests/raptor3/transitions/junctions-legacy.test.ts (26 tests) 47ms
 ✓ |raptor3| tests/raptor3/transitions/required-legacy.test.ts (8 tests) 13ms
 ✓ |raptor3| tests/raptor3/transitions/series-staleness-legacy.test.ts (4 tests) 16ms
 ✓ |raptor3| tests/raptor3/transitions/keys-legacy.test.ts (14 tests) 21ms
 ✓ |raptor3| tests/raptor3/transitions/staleness-legacy.test.ts (3 tests) 8ms
 ✓ |raptor3| tests/raptor3/transitions/singular-lattice-legacy.test.ts (58 tests) 45ms
 ✓ |raptor3| tests/raptor3/transitions/supplier-continuations-legacy.test.ts (10 tests) 21ms
 ✓ |raptor3| tests/raptor3/transitions/occupied-keys-legacy.test.ts (8 tests) 19ms

 Test Files  16 passed (16)
      Tests  216 passed (216)
   Start at  15:02:27
   Duration  3.72s (transform 1.10s, setup 23ms, collect 2.69s, tests 788ms, environment 0ms, prepare 44ms)

JSON report written to /private/tmp/viborm-parity-tmp-base/viborm-raptor3-g0-WOPXx4/vitest.json
Vitest resources: 6.11s wall, 677.1 MiB peak sampled process-group RSS (sampled ceiling 1536 MiB). Teardown verified.
Raptor 3 g2-baseline contract gate verified. Evidence: /private/tmp/viborm-parity-tmp-base/viborm-raptor3-g0-WOPXx4
