
 RUN  v3.1.4 /private/tmp/viborm-parity-x

 ✓ |raptor3| tests/raptor3/transitions/membership-own-write-legacy.test.ts (8 tests) 162ms
 ✓ |raptor3| tests/raptor3/transitions/mixed-key-transitions-legacy.test.ts (8 tests) 129ms
 ✓ |raptor3| tests/raptor3/transitions/variant-removals-legacy.test.ts (14 tests) 146ms
 ✓ |raptor3| tests/raptor3/transitions/conditional-upsert-legacy.test.ts (11 tests) 115ms
 ✓ |raptor3| tests/raptor3/transitions/shared-key-suppliers-legacy.test.ts (4 tests) 87ms
 ✓ |raptor3| tests/raptor3/transitions/own-write-legacy.test.ts (18 tests) 57ms
 ✓ |raptor3| tests/raptor3/transitions/junction-identity-legacy.test.ts (2 tests) 81ms
 ✓ |raptor3| tests/raptor3/transitions/singular-legacy.test.ts (20 tests) 33ms
 ✓ |raptor3| tests/raptor3/transitions/junctions-legacy.test.ts (26 tests) 61ms
 ✓ |raptor3| tests/raptor3/transitions/required-legacy.test.ts (8 tests) 17ms
 ✓ |raptor3| tests/raptor3/transitions/series-staleness-legacy.test.ts (4 tests) 20ms
 ✓ |raptor3| tests/raptor3/transitions/keys-legacy.test.ts (14 tests) 28ms
 ✓ |raptor3| tests/raptor3/transitions/staleness-legacy.test.ts (3 tests) 9ms
 ✓ |raptor3| tests/raptor3/transitions/singular-lattice-legacy.test.ts (58 tests) 65ms
 ✓ |raptor3| tests/raptor3/transitions/supplier-continuations-legacy.test.ts (10 tests) 29ms
 ✓ |raptor3| tests/raptor3/transitions/occupied-keys-legacy.test.ts (8 tests) 28ms

 Test Files  16 passed (16)
      Tests  216 passed (216)
   Start at  15:03:15
   Duration  5.87s (transform 1.72s, setup 53ms, collect 4.44s, tests 1.07s, environment 0ms, prepare 59ms)

JSON report written to /private/tmp/viborm-parity-tmp-x/viborm-raptor3-g0-RVcl6V/vitest.json
Vitest resources: 8.93s wall, 697.0 MiB peak sampled process-group RSS (sampled ceiling 1536 MiB). Teardown verified.
Raptor 3 g2-baseline contract gate verified. Evidence: /private/tmp/viborm-parity-tmp-x/viborm-raptor3-g0-RVcl6V
