
 RUN  v3.1.4 /private/tmp/viborm-parity-merge

 ✓ |raptor3| tests/raptor3/transitions/membership-own-write-legacy.test.ts (8 tests) 117ms
 ✓ |raptor3| tests/raptor3/transitions/mixed-key-transitions-legacy.test.ts (8 tests) 111ms
 ✓ |raptor3| tests/raptor3/transitions/variant-removals-legacy.test.ts (14 tests) 110ms
 ✓ |raptor3| tests/raptor3/transitions/conditional-upsert-legacy.test.ts (11 tests) 93ms
 ✓ |raptor3| tests/raptor3/transitions/shared-key-suppliers-legacy.test.ts (4 tests) 53ms
 ✓ |raptor3| tests/raptor3/transitions/own-write-legacy.test.ts (18 tests) 52ms
 ✓ |raptor3| tests/raptor3/transitions/junction-identity-legacy.test.ts (2 tests) 63ms
 ✓ |raptor3| tests/raptor3/transitions/singular-legacy.test.ts (20 tests) 24ms
 ✓ |raptor3| tests/raptor3/transitions/junctions-legacy.test.ts (26 tests) 47ms
 ✓ |raptor3| tests/raptor3/transitions/required-legacy.test.ts (8 tests) 12ms
 ❯ |raptor3| tests/raptor3/transitions/series-staleness-legacy.test.ts (4 tests | 1 failed) 21ms
   ✓ G2 admitted nested series staleness: atomic SQLite legacy > g2-series-captured-member-reparented 8ms
   × G2 admitted nested series staleness: atomic SQLite legacy > g2-series-parent-reference-reused 8ms
     → Expected values to be strictly equal:
+ actual - expected

+ "Cannot update relation 'spokes': a member was added after the plan-time read; retry to converge."
- "Cannot update relation 'spokes': parent record changed across a committed segment."

   ✓ G2 admitted nested series staleness: atomic SQLite legacy > g2-series-filter-observation 3ms
   ✓ G2 admitted nested series staleness: atomic SQLite legacy > g2-series-captured-member-missing 1ms
 ✓ |raptor3| tests/raptor3/transitions/keys-legacy.test.ts (14 tests) 20ms
 ✓ |raptor3| tests/raptor3/transitions/staleness-legacy.test.ts (3 tests) 8ms
 ✓ |raptor3| tests/raptor3/transitions/singular-lattice-legacy.test.ts (58 tests) 44ms
 ✓ |raptor3| tests/raptor3/transitions/supplier-continuations-legacy.test.ts (10 tests) 21ms
 ✓ |raptor3| tests/raptor3/transitions/occupied-keys-legacy.test.ts (8 tests) 25ms

⎯⎯⎯⎯⎯⎯⎯ Failed Tests 1 ⎯⎯⎯⎯⎯⎯⎯

 FAIL  |raptor3| tests/raptor3/transitions/series-staleness-legacy.test.ts > G2 admitted nested series staleness: atomic SQLite legacy > g2-series-parent-reference-reused
AssertionError: Expected values to be strictly equal:
+ actual - expected

+ "Cannot update relation 'spokes': a member was added after the plan-time read; retry to converge."
- "Cannot update relation 'spokes': parent record changed across a committed segment."


Expected: [32m"Cannot update relation 'spokes': [7mparent record changed across a committed segment[27m."[39m
Received: [31m"Cannot update relation 'spokes': [7ma member was added after the plan-time read; retry to converge[27m."[39m

 ❯ Object.assert tests/raptor3/transitions/series-staleness.ts:388:18
    386|           assert.equal(observation.outcome.failure.name, "NestedWriteE…
    387|           assert.equal(observation.outcome.failure.code, "V7001");
    388|           assert.equal(
       |                  ^
    389|             observation.outcome.failure.message,
    390|             parentReused
 ❯ Object.assert tests/raptor3/harness/sqlite-world.ts:421:19
 ❯ tests/raptor3/transitions/series-staleness-legacy.test.ts:16:21

⎯⎯⎯⎯⎯⎯⎯⎯⎯⎯⎯⎯⎯⎯⎯⎯⎯⎯⎯⎯⎯⎯⎯⎯[1/1]⎯


 Test Files  1 failed | 15 passed (16)
      Tests  1 failed | 215 passed (216)
   Start at  15:09:40
   Duration  4.29s (transform 1.26s, setup 21ms, collect 3.18s, tests 821ms, environment 0ms, prepare 46ms)

JSON report written to /private/tmp/viborm-parity-tmp-merge/viborm-raptor3-g0-OkNCo1/vitest.json
Vitest resources: 6.93s wall, 698.1 MiB peak sampled process-group RSS (sampled ceiling 1536 MiB). Teardown verified.
Raptor 3 verification failed; diagnostics: /private/tmp/viborm-parity-tmp-merge/viborm-raptor3-g0-OkNCo1
