
 RUN  v3.1.4 /private/tmp/viborm-n4

 ✓ |raptor3| tests/raptor3/transitions/conditional-upsert-commands.test.ts (11 tests) 109ms
 ✓ |raptor3| tests/raptor3/transitions/singular-lattice-commands.test.ts (58 tests) 229ms
 ✓ |raptor3| tests/raptor3/transitions/shared-key-suppliers-commands.test.ts (4 tests) 51ms
 ✓ |raptor3| tests/raptor3/transitions/junction-identity-commands.test.ts (2 tests) 107ms
 ✓ |raptor3| tests/raptor3/transitions/series-staleness-commands.test.ts (4 tests) 61ms
 ✓ |raptor3| tests/raptor3/transitions/mixed-key-transitions-commands.test.ts (8 tests) 79ms
 ✓ |raptor3| tests/raptor3/transitions/supplier-continuations-commands.test.ts (10 tests) 77ms
 ✓ |raptor3| tests/raptor3/transitions/membership-own-write-commands.test.ts (8 tests) 65ms
 ✓ |raptor3| tests/raptor3/transitions/staleness-commands.test.ts (3 tests) 38ms
 ✓ |raptor3| tests/raptor3/transitions/singular-commands.test.ts (20 tests) 111ms
 ✓ |raptor3| tests/raptor3/transitions/junctions-commands.test.ts (26 tests) 192ms
 ✓ |raptor3| tests/raptor3/transitions/variant-removals-commands.test.ts (14 tests) 86ms
 ✓ |raptor3| tests/raptor3/transitions/occupied-keys-commands.test.ts (8 tests) 81ms
 ✓ |raptor3| tests/raptor3/transitions/required-commands.test.ts (8 tests) 51ms
 ✓ |raptor3| tests/raptor3/transitions/keys-commands.test.ts (14 tests) 86ms
 ✓ |raptor3| tests/raptor3/transitions/own-write-commands.test.ts (18 tests) 123ms

 Test Files  16 passed (16)
      Tests  216 passed (216)
   Start at  07:11:33
   Duration  3.70s (transform 823ms, setup 21ms, collect 1.98s, tests 1.55s, environment 0ms, prepare 24ms)

JSON report written to /private/tmp/viborm-n4-tmp/viborm-raptor3-g0-8XdleU/vitest.json
Vitest resources: 5.36s wall, 737.0 MiB peak sampled process-group RSS (sampled ceiling 1536 MiB). Teardown verified.
Raptor 3 g2-contracts contract gate verified. Evidence: /private/tmp/viborm-n4-tmp/viborm-raptor3-g0-8XdleU
