
[test:all] extended-local shared-family shard 3/12 (15 suites)

 RUN  v3.1.4 /Users/arnaud/code/viborm

 ✓ |extended-local| tests/contracts/public-client/batch-transaction.test.ts (70 tests) 1274ms
 ✓ |extended-local| tests/contracts/engine/query/nested-write-conformance-membership.test.ts (30 tests) 895ms
 ✓ |extended-local| tests/contracts/engine/write/compound-key.test.ts (27 tests) 1072ms
 ✓ |extended-local| tests/contracts/public-client/relation-types.test.ts (13 tests) 517ms
 ✓ |extended-local| tests/contracts/engine/write/produced-identity-provenance.test.ts (3 tests) 535ms
 ✓ |extended-local| tests/contracts/engine/write/update-nested-upsert.test.ts (18 tests) 700ms
 ✓ |extended-local| tests/contracts/engine/write/nested-depth-lift.test.ts (6 tests) 490ms
 ✓ |extended-local| tests/contracts/engine/query/to-one-filter-shorthand.test.ts (12 tests) 499ms
 ✓ |extended-local| tests/contracts/engine/write/staleness-injection-located-root.test.ts (5 tests) 528ms
 ✓ |extended-local| tests/contracts/engine/write/generated-output-fallback.test.ts (5 tests) 600ms
 ✓ |extended-local| tests/contracts/drivers/transaction-scope-scheduler.provider.test.ts (1 test) 468ms
 ✓ |extended-local| tests/contracts/engine/write/located-parent-ref-oracle-create.test.ts (3 tests) 533ms
 ✓ |extended-local| tests/unit/migrations/forward-fk-ordering.test.ts (1 test) 460ms
   ✓ generate() migration file — forward-ref ordering > emits every CREATE TABLE before any ADD ... FOREIGN KEY, and applies  460ms
 ✓ |extended-local| tests/contracts/engine/write/depth-seam-batch-matrix.test.ts (25 tests) 753ms
 ✓ |extended-local| tests/contracts/engine/write/own-write-linearization.test.ts (38 tests) 865ms

 Test Files  15 passed (15)
      Tests  257 passed (257)
   Start at  00:09:58
   Duration  13.58s (transform 1.33s, setup 19ms, collect 3.16s, tests 10.19s, environment 0ms, prepare 33ms)

[test:all] extended-local shared-family shard 3/12 (15 suites): 15.63s wall, 2123.6 MiB peak sampled process-group RSS (sampled ceiling 2560 MiB, isolated live-PGlite provider). Teardown verified.
