
 RUN  v3.1.4 /private/tmp/viborm-r2ab

 ❯ |provider-mysql2| tests/providers/docker/mysql2-scalars.test.ts (293 tests | 1 failed | 292 skipped) 134ms
   ↓ MySQL2 Driver > MySQL2 list/json filter and update behavior > list round-trip > create returns real arrays with typed elements
   ↓ MySQL2 Driver > MySQL2 list/json filter and update behavior > list round-trip > empty and null lists round-trip
   ↓ MySQL2 Driver > MySQL2 list/json filter and update behavior > list filters > equals matches the exact list
   ↓ MySQL2 Driver > MySQL2 list/json filter and update behavior > list filters > equals is order-sensitive
   ↓ MySQL2 Driver > MySQL2 list/json filter and update behavior > list filters > equals matches empty lists
   ↓ MySQL2 Driver > MySQL2 list/json filter and update behavior > list filters > equals matches int lists
   ↓ MySQL2 Driver > MySQL2 list/json filter and update behavior > list filters > equals null matches null lists only
   ↓ MySQL2 Driver > MySQL2 list/json filter and update behavior > list filters > not excludes the matching list and null lists
   ↓ MySQL2 Driver > MySQL2 list/json filter and update behavior > list filters > has matches string elements
   ↓ MySQL2 Driver > MySQL2 list/json filter and update behavior > list filters > has matches int elements
   ↓ MySQL2 Driver > MySQL2 list/json filter and update behavior > list filters > has with no match returns empty
   ↓ MySQL2 Driver > MySQL2 list/json filter and update behavior > list filters > has null is rejected consistently
   ↓ MySQL2 Driver > MySQL2 list/json filter and update behavior > list filters > hasEvery requires all elements
   ↓ MySQL2 Driver > MySQL2 list/json filter and update behavior > list filters > hasSome requires any element
   × MySQL2 Driver > MySQL2 list/json filter and update behavior > list filters > DateTime membership uses the same values as the stored list 133ms
     → expected [] to deeply equal [ 'both' ]
   ↓ MySQL2 Driver > MySQL2 list/json filter and update behavior > list filters > isEmpty treats null lists as empty on every dialect
   ↓ MySQL2 Driver > MySQL2 list/json filter and update behavior > list updates > set replaces the whole list
   ↓ MySQL2 Driver > MySQL2 list/json filter and update behavior > list updates > push appends a single value
   ↓ MySQL2 Driver > MySQL2 list/json filter and update behavior > list updates > push expands an array value element-wise
   ↓ MySQL2 Driver > MySQL2 list/json filter and update behavior > list updates > push appends int elements
   ↓ MySQL2 Driver > MySQL2 list/json filter and update behavior > list updates > push onto an empty list
   ↓ MySQL2 Driver > MySQL2 list/json filter and update behavior > list updates > push onto a null list creates the list
   ↓ MySQL2 Driver > MySQL2 list/json filter and update behavior > list updates > unshift prepends a single value
   ↓ MySQL2 Driver > MySQL2 list/json filter and update behavior > list updates > unshift expands an array value element-wise
   ↓ MySQL2 Driver > MySQL2 list/json filter and update behavior > json filters > equals matches the exact document
   ↓ MySQL2 Driver > MySQL2 list/json filter and update behavior > json filters > equals does not match a partial document
   ↓ MySQL2 Driver > MySQL2 list/json filter and update behavior > json filters > equals null matches null json only
   ↓ MySQL2 Driver > MySQL2 list/json filter and update behavior > json filters > not equals excludes the matching document and nulls
   ↓ MySQL2 Driver > MySQL2 list/json filter and update behavior > json path filters > equals at a path matches the scoped value
   ↓ MySQL2 Driver > MySQL2 list/json filter and update behavior > json path filters > equals at a nested path
   ↓ MySQL2 Driver > MySQL2 list/json filter and update behavior > json path filters > equals at a path matches numbers
   ↓ MySQL2 Driver > MySQL2 list/json filter and update behavior > json path filters > equals at a path matches whole sub-documents
   ↓ MySQL2 Driver > MySQL2 list/json filter and update behavior > json path filters > equals at a missing path matches nothing
   ↓ MySQL2 Driver > MySQL2 list/json filter and update behavior > json path filters > equals null at a path matches JSON null, not missing keys
   ↓ MySQL2 Driver > MySQL2 list/json filter and update behavior > json path filters > integer path segments address array elements
   ↓ MySQL2 Driver > MySQL2 list/json filter and update behavior > json path filters > path segments with dots stay literal
   ↓ MySQL2 Driver > MySQL2 list/json filter and update behavior > json path filters > non-portable JSON path segments reject before execution
   ↓ MySQL2 Driver > MySQL2 list/json filter and update behavior > json path filters > string_contains at a path
   ↓ MySQL2 Driver > MySQL2 list/json filter and update behavior > json path filters > string_starts_with and string_ends_with combine as AND
   ↓ MySQL2 Driver > MySQL2 list/json filter and update behavior > json path filters > JSON string ops are exact across case, wildcards, and Unicode
   ↓ MySQL2 Driver > MySQL2 list/json filter and update behavior > json path filters > string_contains without a path matches string roots
   ↓ MySQL2 Driver > MySQL2 list/json filter and update behavior > json path filters > array_contains requires every candidate element
   ↓ MySQL2 Driver > MySQL2 list/json filter and update behavior > json path filters > array_contains accepts a scalar candidate
   ↓ MySQL2 Driver > MySQL2 list/json filter and update behavior > json path filters > array_contains without a path matches array roots only
   ↓ MySQL2 Driver > MySQL2 list/json filter and update behavior > json path filters > array_starts_with matches the first element
   ↓ MySQL2 Driver > MySQL2 list/json filter and update behavior > json path filters > array_ends_with matches the last element
   ↓ MySQL2 Driver > MySQL2 list/json filter and update behavior > json path filters > not at a path inherits the path
   ↓ MySQL2 Driver > MySQL2 list/json filter and update behavior > json path filters > mode: insensitive > folds ASCII A-Z on all three string operators
   ↓ MySQL2 Driver > MySQL2 list/json filter and update behavior > json path filters > mode: insensitive > mode: default keeps the exact-text contract
   ↓ MySQL2 Driver > MySQL2 list/json filter and update behavior > json path filters > mode: insensitive > folds ASCII only — accents are never case-folded
   ↓ MySQL2 Driver > MySQL2 list/json filter and update behavior > json path filters > mode: insensitive > wildcards stay literal under the fold
   ↓ MySQL2 Driver > MySQL2 list/json filter and update behavior > json path filters > mode: insensitive > a nested not inherits the mode
   ↓ MySQL2 Driver > MySQL2 list/json filter and update behavior > json path filters > mode: insensitive > a nested not may override the inherited mode
   ↓ MySQL2 Driver > MySQL2 list/json filter and update behavior > json path filters > mode: insensitive > string paths carry the mode too
   ↓ MySQL2 Driver > MySQL2 list/json filter and update behavior > json path filters > mode: insensitive > an inert mode is refused, not ignored
   ↓ MySQL2 Driver > MySQL2 list/json filter and update behavior > json string paths ('$.a.b') > dot paths equal their array form
   ↓ MySQL2 Driver > MySQL2 list/json filter and update behavior > json string paths ('$.a.b') > bracket segments address array elements
   ↓ MySQL2 Driver > MySQL2 list/json filter and update behavior > json string paths ('$.a.b') > '$' alone is the document root
   ↓ MySQL2 Driver > MySQL2 list/json filter and update behavior > json string paths ('$.a.b') > every operator accepts the string form
   ↓ MySQL2 Driver > MySQL2 list/json filter and update behavior > json string paths ('$.a.b') > a dot is always a separator — literal dots need the array form
   ↓ MySQL2 Driver > MySQL2 list/json filter and update behavior > json string paths ('$.a.b') > unsupported path grammar rejects before execution
   ↓ MySQL2 Driver > MySQL2 list/json filter and update behavior > json string paths ('$.a.b') > quoted labels keep the portable-path refusal
   ↓ MySQL2 Driver > MySQL2 list/json filter and update behavior > json comparison filters (lt/lte/gt/gte) > numeric operands compare numbers only
   ↓ MySQL2 Driver > MySQL2 list/json filter and update behavior > json comparison filters (lt/lte/gt/gte) > numeric operands never match a numeric string or other types
   ↓ MySQL2 Driver > MySQL2 list/json filter and update behavior > json comparison filters (lt/lte/gt/gte) > string operands compare strings only, by code point
   ↓ MySQL2 Driver > MySQL2 list/json filter and update behavior > json comparison filters (lt/lte/gt/gte) > string ordering is byte order, not the database's locale collation
   ↓ MySQL2 Driver > MySQL2 list/json filter and update behavior > json comparison filters (lt/lte/gt/gte) > mixed operand classes never cross
   ↓ MySQL2 Driver > MySQL2 list/json filter and update behavior > json comparison filters (lt/lte/gt/gte) > absent paths and NULL columns never match and never error
   ↓ MySQL2 Driver > MySQL2 list/json filter and update behavior > json comparison filters (lt/lte/gt/gte) > comparisons combine as AND inside one filter object
   ↓ MySQL2 Driver > MySQL2 list/json filter and update behavior > json comparison filters (lt/lte/gt/gte) > comparisons reach nested objects and array indices
   ↓ MySQL2 Driver > MySQL2 list/json filter and update behavior > json comparison filters (lt/lte/gt/gte) > comparisons without a path apply to the document root
   ↓ MySQL2 Driver > MySQL2 list/json filter and update behavior > json comparison filters (lt/lte/gt/gte) > not inherits the path and drops non-comparable rows
   ↓ MySQL2 Driver > MySQL2 list/json filter and update behavior > json comparison filters (lt/lte/gt/gte) > non-number, non-string operands reject before execution
   ↓ MySQL2 Driver > MySQL2 json null sentinel behavior > the truth table > equals DbNull matches the SQL NULLs only
   ↓ MySQL2 Driver > MySQL2 json null sentinel behavior > the truth table > equals JsonNull matches the stored JSON null only
   ↓ MySQL2 Driver > MySQL2 json null sentinel behavior > the truth table > equals AnyNull matches both
   ↓ MySQL2 Driver > MySQL2 json null sentinel behavior > the truth table > not DbNull matches every row that holds a document
   ↓ MySQL2 Driver > MySQL2 json null sentinel behavior > the truth table > not JsonNull excludes the JSON null and the SQL NULLs
   ↓ MySQL2 Driver > MySQL2 json null sentinel behavior > the truth table > not AnyNull matches only real documents
   ↓ MySQL2 Driver > MySQL2 json null sentinel behavior > the truth table > the three equals predicates partition the table
   ↓ MySQL2 Driver > MySQL2 json null sentinel behavior > writes > DbNull and JsonNull are different stored values
   ↓ MySQL2 Driver > MySQL2 json null sentinel behavior > writes > update moves a row between the two nulls
   ↓ MySQL2 Driver > MySQL2 json null sentinel behavior > writes > upsert stores a sentinel on either arm
   ↓ MySQL2 Driver > MySQL2 json null sentinel behavior > writes > JsonNull is storable in a NOT NULL json column
   ↓ MySQL2 Driver > MySQL2 json null sentinel behavior > refusals > a bare null in write position is refused, not guessed
   ↓ MySQL2 Driver > MySQL2 json null sentinel behavior > refusals > AnyNull is filter-only
   ↓ MySQL2 Driver > MySQL2 json null sentinel behavior > refusals > DbNull is refused on a NOT NULL json column
   ↓ MySQL2 Driver > MySQL2 json null sentinel behavior > refusals > a sentinel nested inside a document is refused
   ↓ MySQL2 Driver > MySQL2 json null sentinel behavior > refusals > a sentinel under a path is refused before execution
   ↓ MySQL2 Driver > MySQL2 json null sentinel behavior > refusals > an inert mode beside a sentinel not is refused
   ↓ MySQL2 Driver > MySQL2 json null sentinel behavior > bare null in filter position (unchanged) > equals null still means the SQL NULL at the root
   ↓ MySQL2 Driver > MySQL2 json null sentinel behavior > bare null in filter position (unchanged) > not { equals: null } still means IS NOT NULL
   ↓ MySQL2 Driver > MySQL2 json null sentinel behavior > bare null in filter position (unchanged) > equals null under a path still means the JSON null there
   ↓ MySQL2 Driver > MySQL2 field references > gt compares two columns of the same row
   ↓ MySQL2 Driver > MySQL2 field references > lt compares two columns of the same row
   ↓ MySQL2 Driver > MySQL2 field references > gte and lte include the equal row
   ↓ MySQL2 Driver > MySQL2 field references > equals and not compare two columns of the same row
   ↓ MySQL2 Driver > MySQL2 field references > a bare reference is the equals shorthand
   ↓ MySQL2 Driver > MySQL2 field references > a reference resolves through .map()ed column names
   ↓ MySQL2 Driver > MySQL2 field references > string prefix/suffix/substring predicates accept a reference
   ↓ MySQL2 Driver > MySQL2 field references > a callback is refused where only the token is accepted
   ↓ MySQL2 Driver > MySQL2 field references > case folding against a referenced column > default mode compares case-sensitively, whatever the server collation
   ↓ MySQL2 Driver > MySQL2 field references > case folding against a referenced column > insensitive mode folds both the filtered and the referenced column
   ↓ MySQL2 Driver > MySQL2 field references > case folding against a referenced column > insensitive contains folds the referenced column
   ↓ MySQL2 Driver > MySQL2 field references > case folding against a referenced column > insensitive startsWith folds the referenced column
   ↓ MySQL2 Driver > MySQL2 field references > case folding against a referenced column > insensitive endsWith folds the referenced column
   ↓ MySQL2 Driver > MySQL2 field references > case folding against a referenced column > insensitive `not` complements the folded comparison
   ↓ MySQL2 Driver > MySQL2 field references > case folding against a referenced column > insensitive mode folds ASCII only
   ↓ MySQL2 Driver > MySQL2 field references > enum references > equals compares two enum columns of the same row
   ↓ MySQL2 Driver > MySQL2 field references > enum references > not complements it
   ↓ MySQL2 Driver > MySQL2 field references > enum references > a bare enum reference is the equals shorthand
   ↓ MySQL2 Driver > MySQL2 field references > enum references > the reference resolves through the .map()ed column name
   ↓ MySQL2 Driver > MySQL2 field references > enum references > lt on an enum is refused with the portability reason
   ↓ MySQL2 Driver > MySQL2 field references > enum references > lte on an enum is refused with the portability reason
   ↓ MySQL2 Driver > MySQL2 field references > enum references > gt on an enum is refused with the portability reason
   ↓ MySQL2 Driver > MySQL2 field references > enum references > gte on an enum is refused with the portability reason
   ↓ MySQL2 Driver > MySQL2 field references > enum references > literal enum filters are untouched
   ↓ MySQL2 Driver > MySQL2 field references > a reference mixes with literal operands in one filter object
   ↓ MySQL2 Driver > MySQL2 field references > a reference works inside a nested relation where
   ↓ MySQL2 Driver > MySQL2 field references > the nested scope's own model is the one a reference must name
   ↓ MySQL2 Driver > MySQL2 field references > a reference drives updateMany and deleteMany
   ↓ MySQL2 Driver > MySQL2 field references > two decimals of the SAME domain compare exactly
   ↓ MySQL2 Driver > MySQL2 field references > two decimals of DIFFERENT domains are refused before any I/O
   ↓ MySQL2 Driver > MySQL2 field references > a cross-model reference is refused before any I/O
   ↓ MySQL2 Driver > MySQL2 field references > a reference of the wrong scalar type is refused
   ↓ MySQL2 Driver > MySQL2 field references > a reference is refused in in/notIn
   ↓ MySQL2 Driver > MySQL2 field references > a reference is refused in `having`, however deeply nested
   ↓ MySQL2 Driver > MySQL2 field references > a reference is refused in JSON filters and JSON write data
   ↓ MySQL2 Driver > MySQL2 field references > SQL fragment operands > an arithmetic expression compares against the row
   ↓ MySQL2 Driver > MySQL2 field references > SQL fragment operands > a scalar subquery compares against the whole table
   ↓ MySQL2 Driver > MySQL2 field references > SQL fragment operands > an interpolated value rides as a bound parameter
   ↓ MySQL2 Driver > MySQL2 field references > SQL fragment operands > a fragment, a reference and a literal mix in one filter
   ↓ MySQL2 Driver > MySQL2 field references > SQL fragment operands > a fragment drives updateMany and deleteMany
   ↓ MySQL2 Driver > MySQL2 field references > SQL fragment operands > a fragment survives both execution substrates
   ↓ MySQL2 Driver > MySQL2 field references > SQL fragment operands > a fragment is refused where a reference is
   ↓ MySQL2 Driver > MySQL2 scalar round-trip behavior > datetime round-trips exactly through create and findMany
   ↓ MySQL2 Driver > MySQL2 scalar round-trip behavior > datetime filters match the stored instant
   ↓ MySQL2 Driver > MySQL2 scalar round-trip behavior > datetime update round-trips exactly
   ↓ MySQL2 Driver > MySQL2 scalar round-trip behavior > decimal reads back as its exact canonical value
   ↓ MySQL2 Driver > MySQL2 scalar round-trip behavior > a decimal LIST round-trips member by member
   ↓ MySQL2 Driver > MySQL2 scalar round-trip behavior > a decimal LIST filters by containment on its logical members
   ↓ MySQL2 Driver > MySQL2 scalar round-trip behavior > a decimal LIST compares and updates in its logical vocabulary
   ↓ MySQL2 Driver > MySQL2 scalar round-trip behavior > a decimal LIST survives a grouped projection
   ↓ MySQL2 Driver > MySQL2 scalar round-trip behavior > bigint beyond Number.MAX_SAFE_INTEGER round-trips exactly
   ↓ MySQL2 Driver > MySQL2 scalar round-trip behavior > include round-trips datetime, decimal, and bigint exactly
   ↓ MySQL2 Driver > MySQL2 decimal exactness > round-trips every value in the domain exactly
   ↓ MySQL2 Driver > MySQL2 decimal exactness > callback transactions materialize fresh Decimal scalar and list results
   ↓ MySQL2 Driver > MySQL2 decimal exactness > array transactions materialize fresh Decimal scalar and list results
   ↓ MySQL2 Driver > MySQL2 decimal exactness > a nullable decimal stores and reads NULL, not zero
   ↓ MySQL2 Driver > MySQL2 decimal exactness > equals matches on value, not on spelling
   ↓ MySQL2 Driver > MySQL2 decimal exactness > equals distinguishes the two values a double cannot
   ↓ MySQL2 Driver > MySQL2 decimal exactness > in / notIn compare numerically
   ↓ MySQL2 Driver > MySQL2 decimal exactness > gt/lt compare numerically, not lexicographically
   ↓ MySQL2 Driver > MySQL2 decimal exactness > orderBy sorts numerically, windowed and not
   ↓ MySQL2 Driver > MySQL2 decimal exactness > _min/_max/_sum/_avg are exact, and _sum may exceed the precision
   ↓ MySQL2 Driver > MySQL2 decimal exactness > _avg of an all-null column is NULL, not zero and not an error
   ↓ MySQL2 Driver > MySQL2 decimal exactness > _avg rounds exact ties to the even neighbour in both signs
   ↓ MySQL2 Driver > MySQL2 decimal exactness > groupBy orders groups and filters them on exact aggregates
   ↓ MySQL2 Driver > MySQL2 decimal exactness > groupBy compares a widened _sum beyond the field precision
   ↓ MySQL2 Driver > MySQL2 decimal exactness > increment and decrement are exact and never round
   ↓ MySQL2 Driver > MySQL2 decimal exactness > the precision-plus-scale edge keeps an in-range 10^18 intermediate exact
   ↓ MySQL2 Driver > MySQL2 decimal exactness > multiply rounds an exact POSITIVE tie to the EVEN neighbour
   ↓ MySQL2 Driver > MySQL2 decimal exactness > multiply rounds an exact POSITIVE tie AWAY when the neighbour is odd
   ↓ MySQL2 Driver > MySQL2 decimal exactness > multiply rounds an exact NEGATIVE tie to the EVEN neighbour
   ↓ MySQL2 Driver > MySQL2 decimal exactness > a rounded tie CARRIES across the whole value
   ↓ MySQL2 Driver > MySQL2 decimal exactness > divide rounds by the same rule, in both signs
   ↓ MySQL2 Driver > MySQL2 decimal exactness > dividing by a NEGATIVE operand keeps the quotient's sign
   ↓ MySQL2 Driver > MySQL2 decimal exactness > arithmetic on a NULL column stays NULL
   ↓ MySQL2 Driver > MySQL2 decimal exactness > division by zero fails BEFORE any statement is issued
   ↓ MySQL2 Driver > MySQL2 decimal exactness > a result past the field's precision fails and leaves the row alone
   ↓ MySQL2 Driver > MySQL2 decimal exactness > an INTERMEDIATE past the safe range fails; it never answers through a float
   ↓ MySQL2 Driver > MySQL2 decimal exactness > an operand finer than the field's scale is refused, never rounded
   ↓ MySQL2 Driver > MySQL2 full scalar-type round-trip behavior > every scalar type round-trips exactly top-level
   ↓ MySQL2 Driver > MySQL2 full scalar-type round-trip behavior > every scalar type round-trips exactly inside an include
   ↓ MySQL2 Driver > MySQL2 full scalar-type round-trip behavior > json primitives round-trip with exact types
   ↓ MySQL2 Driver > MySQL2 full scalar-type round-trip behavior > aggregates are scalar-aware
   ↓ MySQL2 Driver > MySQL2 Prisma parity > insensitive mode on equality filters > equals matches case-insensitively
   ↓ MySQL2 Driver > MySQL2 Prisma parity > insensitive mode on equality filters > insensitive equality and set filters fold ASCII only
   ↓ MySQL2 Driver > MySQL2 Prisma parity > insensitive mode on equality filters > equals stays case-sensitive without mode
   ↓ MySQL2 Driver > MySQL2 Prisma parity > insensitive mode on equality filters > not stays case-sensitive without mode
   ↓ MySQL2 Driver > MySQL2 Prisma parity > insensitive mode on equality filters > in stays case-sensitive without mode
   ↓ MySQL2 Driver > MySQL2 Prisma parity > insensitive mode on equality filters > notIn stays case-sensitive without mode
   ↓ MySQL2 Driver > MySQL2 Prisma parity > insensitive mode on equality filters > insensitive equals does not treat % as a wildcard
   ↓ MySQL2 Driver > MySQL2 Prisma parity > insensitive mode on equality filters > not excludes case-insensitively
   ↓ MySQL2 Driver > MySQL2 Prisma parity > insensitive mode on equality filters > in matches case-insensitively
   ↓ MySQL2 Driver > MySQL2 Prisma parity > insensitive mode on equality filters > insensitive in does not treat % as a wildcard
   ↓ MySQL2 Driver > MySQL2 Prisma parity > insensitive mode on equality filters > insensitive in with empty list matches nothing
   ↓ MySQL2 Driver > MySQL2 Prisma parity > insensitive mode on equality filters > notIn excludes case-insensitively
   ↓ MySQL2 Driver > MySQL2 Prisma parity > string substring filters > contains stays case-sensitive without mode
   ↓ MySQL2 Driver > MySQL2 Prisma parity > string substring filters > startsWith stays case-sensitive without mode
   ↓ MySQL2 Driver > MySQL2 Prisma parity > string substring filters > endsWith stays case-sensitive without mode
   ↓ MySQL2 Driver > MySQL2 Prisma parity > string substring filters > default substring filters treat wildcard characters literally
   ↓ MySQL2 Driver > MySQL2 Prisma parity > string substring filters > default substring filters handle empty and non-ASCII values exactly
   ↓ MySQL2 Driver > MySQL2 Prisma parity > string substring filters > startsWith matches case-insensitively
   ↓ MySQL2 Driver > MySQL2 Prisma parity > string substring filters > endsWith matches case-insensitively
   ↓ MySQL2 Driver > MySQL2 Prisma parity > string substring filters > insensitive endsWith matches every case variant
   ↓ MySQL2 Driver > MySQL2 Prisma parity > string substring filters > insensitive substring filters fold ASCII only
   ↓ MySQL2 Driver > MySQL2 Prisma parity > string substring filters > insensitive startsWith does not treat % as a wildcard
   ↓ MySQL2 Driver > MySQL2 Prisma parity > string substring filters > insensitive endsWith does not treat % as a wildcard
   ↓ MySQL2 Driver > MySQL2 Prisma parity > NOT and OR combinators > top-level NOT excludes matching rows
   ↓ MySQL2 Driver > MySQL2 Prisma parity > NOT and OR combinators > NOT {contains} does not match NULL rows (Prisma parity)
   ↓ MySQL2 Driver > MySQL2 Prisma parity > NOT and OR combinators > NOT with equality also skips NULL rows
   ↓ MySQL2 Driver > MySQL2 Prisma parity > NOT and OR combinators > NOT combines with AND
   ↓ MySQL2 Driver > MySQL2 Prisma parity > NOT and OR combinators > NOT combines with OR
   ↓ MySQL2 Driver > MySQL2 Prisma parity > NOT and OR combinators > nested NOT double-negates but still skips NULL rows
   ↓ MySQL2 Driver > MySQL2 Prisma parity > NOT and OR combinators > NOT array negates each condition and ANDs them (Prisma parity)
   ↓ MySQL2 Driver > MySQL2 Prisma parity > NOT and OR combinators > OR of two scalar predicates
   ↓ MySQL2 Driver > MySQL2 Prisma parity > NOT and OR combinators > OR with a null check matches NULL rows via IS NULL
   ↓ MySQL2 Driver > MySQL2 Prisma parity > enum in/notIn filters > enum equals matches a single value
   ↓ MySQL2 Driver > MySQL2 Prisma parity > enum in/notIn filters > enum in matches listed values and skips NULL rows
   ↓ MySQL2 Driver > MySQL2 Prisma parity > enum in/notIn filters > enum in with empty list matches nothing
   ↓ MySQL2 Driver > MySQL2 Prisma parity > enum in/notIn filters > enum notIn excludes listed values and NULL rows
   ↓ MySQL2 Driver > MySQL2 Prisma parity > enum in/notIn filters > enum notIn with empty list matches every row
   ↓ MySQL2 Driver > MySQL2 Prisma parity > empty select rejection > empty select object throws
   ↓ MySQL2 Driver > MySQL2 Prisma parity > empty select rejection > all-false select throws
   ↓ MySQL2 Driver > MySQL2 Prisma parity > groupBy ordering and having > orderBy a non-grouped column is rejected
   ↓ MySQL2 Driver > MySQL2 Prisma parity > groupBy ordering and having > orderBy a grouped column still works
   ↓ MySQL2 Driver > MySQL2 Prisma parity > groupBy ordering and having > orderBy _count on a field
   ↓ MySQL2 Driver > MySQL2 Prisma parity > groupBy ordering and having > orderBy _count _all
   ↓ MySQL2 Driver > MySQL2 Prisma parity > groupBy ordering and having > orderBy _sum
   ↓ MySQL2 Driver > MySQL2 Prisma parity > groupBy ordering and having > having aggregate in filter
   ↓ MySQL2 Driver > MySQL2 Prisma parity > groupBy ordering and having > having aggregate in with empty list matches nothing
   ↓ MySQL2 Driver > MySQL2 Prisma parity > groupBy ordering and having > having aggregate notIn with empty list matches everything
   ↓ MySQL2 Driver > MySQL2 Prisma parity > groupBy ordering and having > having aggregate equals null uses IS NULL
   ↓ MySQL2 Driver > MySQL2 Prisma parity > groupBy ordering and having > having aggregate not null uses IS NOT NULL
   ↓ MySQL2 Driver > MySQL2 Prisma parity > groupBy ordering and having > where filters rows before grouping
   ↓ MySQL2 Driver > MySQL2 Prisma parity > groupBy ordering and having > take with orderBy limits groups
   ↓ MySQL2 Driver > MySQL2 Prisma parity > groupBy ordering and having > take and skip with orderBy window the groups
   ↓ MySQL2 Driver > MySQL2 Prisma parity > groupBy ordering and having > take and skip with aggregate orderBy window the groups
   ↓ MySQL2 Driver > MySQL2 Prisma parity > groupBy ordering and having > multi-field by groups on the field combination
   ↓ MySQL2 Driver > MySQL2 Prisma parity > groupBy ordering and having > multi-field by supports having on aggregates
   ↓ MySQL2 Driver > MySQL2 Prisma parity > groupBy ordering and having > having boolean combinators > OR of two single-group conditions matches both groups
   ↓ MySQL2 Driver > MySQL2 Prisma parity > groupBy ordering and having > having boolean combinators > OR with a single unmatchable arm keeps only the other
   ↓ MySQL2 Driver > MySQL2 Prisma parity > groupBy ordering and having > having boolean combinators > AND of the same two conditions matches nothing
   ↓ MySQL2 Driver > MySQL2 Prisma parity > groupBy ordering and having > having boolean combinators > AND accepts a bare object as well as an array
   ↓ MySQL2 Driver > MySQL2 Prisma parity > groupBy ordering and having > having boolean combinators > AND nested inside OR evaluates the inner conjunction
   ↓ MySQL2 Driver > MySQL2 Prisma parity > groupBy ordering and having > having boolean combinators > AND nested inside OR fails the arm when one conjunct misses
   ↓ MySQL2 Driver > MySQL2 Prisma parity > groupBy ordering and having > having boolean combinators > NOT of an aggregate condition selects the complement
   ↓ MySQL2 Driver > MySQL2 Prisma parity > groupBy ordering and having > having boolean combinators > NOT array negates each arm and ANDs the negations (Prisma parity)
   ↓ MySQL2 Driver > MySQL2 Prisma parity > groupBy ordering and having > having boolean combinators > NOT array with one unmatchable arm keeps the other complement
   ↓ MySQL2 Driver > MySQL2 Prisma parity > groupBy ordering and having > having boolean combinators > NOT array on a `by` field agrees with the same NOT array in where
   ↓ MySQL2 Driver > MySQL2 Prisma parity > groupBy ordering and having > having boolean combinators > NOT array of a single item matches the object form
   ↓ MySQL2 Driver > MySQL2 Prisma parity > groupBy ordering and having > having boolean combinators > NOT of a multi-key object negates that object's conjunction
   ↓ MySQL2 Driver > MySQL2 Prisma parity > groupBy ordering and having > having boolean combinators > NOT inside OR restores the excluded group
   ↓ MySQL2 Driver > MySQL2 Prisma parity > groupBy ordering and having > having boolean combinators > a combinator conjoins with sibling field-keyed conditions
   ↓ MySQL2 Driver > MySQL2 Prisma parity > groupBy ordering and having > having boolean combinators > a field-keyed condition inside an OR arm still requires `by`
   ↓ MySQL2 Driver > MySQL2 Prisma parity > groupBy ordering and having > having boolean combinators > empty OR matches no group, exactly like empty OR in where
   ↓ MySQL2 Driver > MySQL2 Prisma parity > groupBy ordering and having > having boolean combinators > empty OR is false, not absent, when conjoined with a sibling
   ↓ MySQL2 Driver > MySQL2 Prisma parity > groupBy ordering and having > having boolean combinators > empty OR nested in AND poisons the conjunction
   ↓ MySQL2 Driver > MySQL2 Prisma parity > groupBy ordering and having > having boolean combinators > empty OR nested in OR contributes nothing but is not vacuous
   ↓ MySQL2 Driver > MySQL2 Prisma parity > groupBy ordering and having > having boolean combinators > empty OR under NOT is true and keeps every group
   ↓ MySQL2 Driver > MySQL2 Prisma parity > groupBy ordering and having > having boolean combinators > empty AND and empty NOT stay true and keep every group
   ↓ MySQL2 Driver > MySQL2 Prisma parity > groupBy ordering and having > having boolean combinators > empty AND still conjoins its sibling rather than erasing it
   ↓ MySQL2 Driver > MySQL2 optional-relation Prisma parity > create succeeds with all optional relations omitted
   ↓ MySQL2 Driver > MySQL2 optional-relation Prisma parity > nested create does not demand other optional relations
   ↓ MySQL2 Driver > MySQL2 optional-relation Prisma parity > where: { relation: null } matches rows with a null FK
   ↓ MySQL2 Driver > MySQL2 optional-relation Prisma parity > include: { rel: false } omits the relation
   ↓ MySQL2 Driver > MySQL2 optional-relation Prisma parity > select > include chains down the relation tree
   ↓ MySQL2 Driver > MySQL2 optional-relation Prisma parity > nested select+include on the same node is rejected
   ↓ MySQL2 Driver > MySQL2 optional-relation Prisma parity > create with nested writes returns scalars only without include
   ↓ MySQL2 Driver > MySQL2 LIKE wildcard escaping > contains with literal % matches only literal occurrences
   ↓ MySQL2 Driver > MySQL2 LIKE wildcard escaping > contains with literal _ matches only literal occurrences
   ↓ MySQL2 Driver > MySQL2 LIKE wildcard escaping > contains with literal backslash matches only literal occurrences
   ↓ MySQL2 Driver > MySQL2 LIKE wildcard escaping > startsWith with literal % does not act as a wildcard
   ↓ MySQL2 Driver > MySQL2 LIKE wildcard escaping > endsWith with literal _ does not act as a wildcard
   ↓ MySQL2 Driver > MySQL2 LIKE wildcard escaping > insensitive contains with literal % matches only literal occurrences
   ↓ MySQL2 Driver > MySQL2 LIKE wildcard escaping > insensitive contains still matches case-insensitively
   ↓ MySQL2 Driver > MySQL2 LIKE wildcard escaping > plain contains without wildcards still matches
   ↓ MySQL2 Driver > MySQL2 LIKE wildcard escaping > not-contains with literal % excludes only literal occurrences
   ↓ MySQL2 Driver > MySQL2 LIKE wildcard escaping > escaped prefix patterns > a percent in the value stays literal
   ↓ MySQL2 Driver > MySQL2 LIKE wildcard escaping > escaped prefix patterns > an underscore in the value stays literal
   ↓ MySQL2 Driver > MySQL2 LIKE wildcard escaping > escaped prefix patterns > a trailing escape character in the value stays literal
   ↓ MySQL2 Driver > MySQL2 LIKE wildcard escaping > escaped prefix patterns > a value that is only the escape character stays literal
   ↓ MySQL2 Driver > MySQL2 LIKE wildcard escaping > escaped prefix patterns > the empty value matches every row
   ↓ MySQL2 Driver > MySQL2 LIKE wildcard escaping > escaped prefix patterns > every wildcard family at once stays literal
   ↓ MySQL2 Driver > MySQL2 LIKE wildcard escaping > escaped prefix patterns > SQLite's GLOB metacharacters stay literal on every dialect
   ↓ MySQL2 Driver > MySQL2 LIKE wildcard escaping > escaped prefix patterns > the prefix path stays case-sensitive
   ↓ MySQL2 Driver > MySQL2 LIKE wildcard escaping > escaped prefix patterns > insensitive mode is unchanged and still ignores case
   ↓ MySQL2 Driver > MySQL2 LIKE wildcard escaping > escaped prefix patterns > endsWith keeps its spelling and its literal wildcards
   ↓ MySQL2 Driver > MySQL2 blob in/notIn filters > in matches exactly the listed byte arrays
   ↓ MySQL2 Driver > MySQL2 blob in/notIn filters > in compares bytes, not length — the one-byte decoy stays out
   ↓ MySQL2 Driver > MySQL2 blob in/notIn filters > in with no matching member returns nothing
   ↓ MySQL2 Driver > MySQL2 blob in/notIn filters > empty in matches nothing (Prisma semantics)
   ↓ MySQL2 Driver > MySQL2 blob in/notIn filters > notIn excludes exactly the listed byte arrays
   ↓ MySQL2 Driver > MySQL2 blob in/notIn filters > empty notIn matches everything (Prisma semantics)
   ↓ MySQL2 Driver > MySQL2 blob in/notIn filters > notIn on a nullable column excludes NULL rows
   ↓ MySQL2 Driver > MySQL2 blob in/notIn filters > in on a nullable column excludes NULL rows
   ↓ MySQL2 Driver > MySQL2 blob in/notIn filters > empty notIn on a nullable column keeps the NULL row
   ↓ MySQL2 Driver > MySQL2 blob in/notIn filters > Buffer members are accepted alongside Uint8Array
   ↓ MySQL2 Driver > MySQL2 blob in/notIn filters > in composes with not
   ↓ MySQL2 Driver > MySQL2 blob in/notIn filters > in composes with arbitrarily nested not
   ↓ MySQL2 Driver > MySQL2 blob in/notIn filters > in composes with the boolean wrappers
   ↓ MySQL2 Driver > MySQL2 blob in/notIn filters > in drives deleteMany, not just reads

⎯⎯⎯⎯⎯⎯⎯ Failed Tests 1 ⎯⎯⎯⎯⎯⎯⎯

 FAIL  |provider-mysql2| tests/providers/docker/mysql2-scalars.test.ts > MySQL2 Driver > MySQL2 list/json filter and update behavior > list filters > DateTime membership uses the same values as the stored list
AssertionError: expected [] to deeply equal [ 'both' ]

[32m- Expected[39m
[31m+ Received[39m

[32m- [[39m
[32m-   "both",[39m
[32m- ][39m
[31m+ [][39m

 ❯ tests/contracts/drivers/behaviors/list-json-filter-behavior.ts:250:11
    248|             })
    249|           )
    250|         ).toEqual(["both"]);
       |           ^
    251|         expect(
    252|           names(

⎯⎯⎯⎯⎯⎯⎯⎯⎯⎯⎯⎯⎯⎯⎯⎯⎯⎯⎯⎯⎯⎯⎯⎯[1/1]⎯


 Test Files  1 failed (1)
      Tests  1 failed | 292 skipped (293)
   Start at  11:51:52
   Duration  1.55s (transform 865ms, setup 9ms, collect 1.28s, tests 134ms, environment 0ms, prepare 25ms)

Vitest resources: 3.20s wall, 496.6 MiB peak sampled process-group RSS (sampled ceiling 1536 MiB). Teardown verified.
