23:28:19 cs01-extension-a cs01-extension-b cs01-extension-composition cs01-structural-reference cs03-member-scope g0 g1-baseline g1-compare g1-contracts g1-generated g1-transport g2-baseline g2-contracts g2-diagnostics g2-generated g2-transport g25-contracts g27-contracts g29-dependency-boundaries g29-dependency-choices g29-member-dependency g29-result-progress exit=1 
23:28:28 cs01-extension-a exit=0       Tests  6 passed (6)
23:28:32 cs01-extension-b exit=0       Tests  4 passed (4)
23:28:36 cs01-extension-composition exit=0       Tests  4 passed (4)
23:28:39 cs01-structural-reference exit=0       Tests  10 passed (10)
23:28:43 cs03-member-scope exit=0       Tests  8 passed (8)
23:28:48 g0 exit=0       Tests  33 passed (33)
23:28:52 g1-baseline exit=0       Tests  141 passed (141)
23:28:57 g1-compare exit=0       Tests  66 passed (66)
23:29:01 g1-contracts exit=0       Tests  143 passed (143)
23:29:05 g1-generated exit=0       Tests  35 passed (35)
23:29:10 g1-transport exit=0       Tests  44 passed (44)
23:29:15 g2-baseline exit=0       Tests  216 passed (216)
23:29:22 g2-contracts exit=0       Tests  216 passed (216)
23:29:26 g2-diagnostics exit=0       Tests  2 passed (2)
23:29:30 g2-generated exit=0       Tests  52 passed (52)
23:29:35 g2-transport exit=0       Tests  16 passed (16)
23:29:42 g25-contracts exit=0       Tests  6 passed (6)
23:29:46 g27-contracts exit=0       Tests  6 passed (6)
23:29:49 g29-dependency-boundaries exit=0       Tests  4 passed (4)
23:29:53 g29-dependency-choices exit=0       Tests  10 passed (10)
23:29:57 g29-member-dependency exit=0       Tests  14 passed (14)
23:30:01 g29-result-progress exit=0       Tests  2 passed (2)
23:30:05 g3-author-execution-regressions exit=0       Tests  3 passed (3)
23:30:09 g3-bulk-result-boundary exit=0       Tests  5 passed (5)
23:30:13 g3-bulk-series exit=0       Tests  6 passed (6)
23:30:17 g3-depth-recurrence exit=0       Tests  6 passed (6)
23:30:21 g3-execution-review exit=0       Tests  6 passed (6)
23:30:25 g3-generated-minimization exit=0       Tests  1 passed (1)
23:30:29 g3-generated-smoke exit=0       Tests  6 passed (6)
23:30:33 g3-generated-transport-smoke exit=0       Tests  1 passed (1)
23:30:37 g3-scope-failure exit=0       Tests  2 passed (2)
23:30:41 g3-suppression-retry exit=0       Tests  2 passed (2)
23:30:45 g3-transaction-array exit=0       Tests  4 passed (4)
23:30:50 g3p02-contracts exit=0       Tests  4 passed (4)
23:30:53 g3p03-contracts exit=0       Tests  6 passed (6)
23:30:58 g3p04-contracts exit=0       Tests  5 passed (5)
23:31:06 g3p04-review-contracts exit=0       Tests  5 passed (5)
23:31:10 g3p05-contracts exit=0       Tests  21 passed (21)
23:31:14 g3p05-recursive-read-fit exit=0       Tests  6 passed (6)
23:31:18 g3p05-selector-dependencies exit=0       Tests  11 passed (11)
23:31:22 g3p05-variant-collection-order exit=0       Tests  4 passed (4)
23:31:26 g4-generation-selftests exit=0       Tests  6 passed (6)
23:31:30 g4-read-aggregates exit=0       Tests  5 passed (5)
23:31:34 g4-read-codecs exit=0       Tests  12 passed (12)
23:31:39 g4-read-contracts exit=0       Tests  62 passed (62)
23:31:43 g4-read-filters exit=0       Tests  13 passed (13)
23:31:47 g4-read-operations exit=0       Tests  11 passed (11)
23:31:51 g4-read-ordering exit=0       Tests  5 passed (5)
23:31:55 g4-read-pagination exit=0       Tests  6 passed (6)
23:31:58 g4-read-projection exit=0       Tests  7 passed (7)
23:32:02 g4-read-recursive-fit exit=0       Tests  3 passed (3)
23:32:07 g4-unit01-author exit=0       Tests  83 passed (83)
23:32:12 g4-unit01-review exit=0       Tests  198 passed (198)
23:32:19 g4-unit02-author exit=0       Tests  130 passed (130)
23:32:23 post-g3-clearability-contracts exit=0       Tests  4 passed (4)
23:32:28 post-g3-history-analysis exit=0       Tests  5 passed (5)
23:32:32 post-g3-projection-preparation exit=0       Tests  4 passed (4)
23:32:35 post-g3-schema-views exit=0       Tests  1 passed (1)
23:32:38 post-g3-selector-preparation exit=0       Tests  4 passed (4)
23:49:22 g0 exit=0       Tests  33 passed (33)
23:49:27 g1-compare exit=0       Tests  66 passed (66)
23:49:31 g1-baseline exit=0       Tests  141 passed (141)
23:49:37 g1-contracts exit=0       Tests  143 passed (143)
23:49:42 g2-generated exit=0       Tests  52 passed (52)
23:49:47 g2-transport exit=0       Tests  16 passed (16)
23:49:52 g1-generated exit=0       Tests  35 passed (35)
23:49:58 g1-transport exit=0       Tests  44 passed (44)
23:50:04 g4-unit02-author exit=0       Tests  130 passed (130)
