
 RUN  v3.1.4 /private/tmp/viborm-cs03

 ❯ |raptor3| tests/raptor3/core-structure/measurement/extension-campaign.selftest.test.ts (42 tests | 10 failed) 212ms
   ✓ records and exactly replays CS-03 A seed 7103 under 'sqlite-interactive' 27ms
   ✓ records and exactly replays CS-03 A seed 7103 under 'sqlite-atomic-batch' 14ms
   ✓ records and exactly replays CS-03 A seed 7112 under 'sqlite-interactive' 7ms
   ✓ records and exactly replays CS-03 A seed 7112 under 'sqlite-atomic-batch' 9ms
   × records and exactly replays CS-03 A seed 7117 under 'sqlite-interactive' 4ms
     → Missing semantic cut capture:nested/root-member/0; observed outcome: {"kind":"success","value":[{"id":1,"label":"nested-written"},{"id":2,"label":"root-written"}]}
   × records and exactly replays CS-03 A seed 7117 under 'sqlite-atomic-batch' 2ms
     → Missing semantic cut capture:nested/root-member/0; observed outcome: {"kind":"success","value":[{"id":1,"label":"nested-written"},{"id":2,"label":"root-written"}]}
   × records and exactly replays CS-03 A seed 7128 under 'sqlite-interactive' 1ms
     → Missing semantic cut capture:nested/root-member/0; observed outcome: {"kind":"success","value":[{"label":"root-written"}]}
   × records and exactly replays CS-03 A seed 7128 under 'sqlite-atomic-batch' 2ms
     → Missing semantic cut capture:nested/root-member/0; observed outcome: {"kind":"success","value":[{"label":"root-written"}]}
   ✓ records and exactly replays CS-03 A seed 7133 under 'sqlite-interactive' 7ms
   ✓ records and exactly replays CS-03 A seed 7133 under 'sqlite-atomic-batch' 9ms
   ✓ records and exactly replays CS-03 A seed 7144 under 'sqlite-interactive' 5ms
   ✓ records and exactly replays CS-03 A seed 7144 under 'sqlite-atomic-batch' 9ms
   × records and exactly replays CS-03 A seed 7149 under 'sqlite-interactive' 1ms
     → Missing semantic cut capture:nested/root-member/0; observed outcome: {"kind":"failure","failure":{"name":"TransactionError","message":"updateMany with 'select' could not read back one of the updated rows at its final primary key.","code":"V5001","meta":{"model":"node","operation":"updateMany"}}}
   × records and exactly replays CS-03 A seed 7149 under 'sqlite-atomic-batch' 1ms
     → Missing semantic cut capture:nested/root-member/0; observed outcome: {"kind":"failure","failure":{"name":"TransactionError","message":"updateMany with 'select' could not read back one of the updated rows at its final primary key.","code":"V5001","meta":{"model":"node","operation":"updateMany","recordSeriesProgress":{"atomicity":"segment","phase":"result","committedSegments":2,"completedMembers":2,"committedWriteMembers":2}}}}
   ✓ records and exactly replays CS-03 A seed 7160 under 'sqlite-interactive' 5ms
   ✓ records and exactly replays CS-03 A seed 7160 under 'sqlite-atomic-batch' 5ms
   × records and exactly replays CS-03 A seed 7109 under 'sqlite-interactive' 1ms
     → Missing semantic cut capture:nested/root-member/0; observed outcome: {"kind":"failure","failure":{"name":"TransactionError","message":"updateMany with 'select' could not read back one of the updated rows at its final primary key.","code":"V5001","meta":{"model":"node","operation":"updateMany"}}}
   × records and exactly replays CS-03 A seed 7109 under 'sqlite-atomic-batch' 1ms
     → Missing semantic cut capture:nested/root-member/0; observed outcome: {"kind":"failure","failure":{"name":"TransactionError","message":"updateMany with 'select' could not read back one of the updated rows at its final primary key.","code":"V5001","meta":{"model":"node","operation":"updateMany","recordSeriesProgress":{"atomicity":"segment","phase":"result","committedSegments":2,"completedMembers":2,"committedWriteMembers":2}}}}
   × records and exactly replays CS-03 A seed 7119 under 'sqlite-interactive' 2ms
     → Missing semantic cut capture:nested/root-member/0; observed outcome: {"kind":"failure","failure":{"name":"TransactionError","message":"updateMany with 'select' could not read back one of the updated rows at its final primary key.","code":"V5001","meta":{"model":"node","operation":"updateMany"}}}
   × records and exactly replays CS-03 A seed 7119 under 'sqlite-atomic-batch' 2ms
     → Missing semantic cut capture:nested/root-member/0; observed outcome: {"kind":"failure","failure":{"name":"TransactionError","message":"updateMany with 'select' could not read back one of the updated rows at its final primary key.","code":"V5001","meta":{"model":"node","operation":"updateMany","recordSeriesProgress":{"atomicity":"segment","phase":"result","committedSegments":4,"completedMembers":4,"committedWriteMembers":4}}}}
   ✓ records and exactly replays CS-03 B seed 7200 under 'sqlite-interactive' 2ms
   ✓ records and exactly replays CS-03 B seed 7200 under 'sqlite-atomic-batch' 1ms
   ✓ records and exactly replays CS-03 B seed 7201 under 'sqlite-interactive' 2ms
   ✓ records and exactly replays CS-03 B seed 7201 under 'sqlite-atomic-batch' 1ms
   ✓ records and exactly replays CS-03 B seed 7202 under 'sqlite-interactive' 2ms
   ✓ records and exactly replays CS-03 B seed 7202 under 'sqlite-atomic-batch' 1ms
   ✓ records and exactly replays CS-03 B seed 7203 under 'sqlite-interactive' 2ms
   ✓ records and exactly replays CS-03 B seed 7203 under 'sqlite-atomic-batch' 1ms
   ✓ records and exactly replays CS-03 B seed 7204 under 'sqlite-interactive' 5ms
   ✓ records and exactly replays CS-03 B seed 7204 under 'sqlite-atomic-batch' 2ms
   ✓ records and exactly replays CS-03 B seed 7205 under 'sqlite-interactive' 3ms
   ✓ records and exactly replays CS-03 B seed 7205 under 'sqlite-atomic-batch' 3ms
   ✓ records and exactly replays CS-03 B seed 7214 under 'sqlite-interactive' 2ms
   ✓ records and exactly replays CS-03 B seed 7214 under 'sqlite-atomic-batch' 3ms
   ✓ records and exactly replays CS-03 composition seed 7300 under 'sqlite-interactive' 4ms
   ✓ records and exactly replays CS-03 composition seed 7300 under 'sqlite-atomic-batch' 3ms
   ✓ records and exactly replays CS-03 composition seed 7305 under 'sqlite-interactive' 8ms
   ✓ records and exactly replays CS-03 composition seed 7305 under 'sqlite-atomic-batch' 10ms
   ✓ records and exactly replays CS-03 composition seed 7310 under 'sqlite-interactive' 3ms
   ✓ records and exactly replays CS-03 composition seed 7310 under 'sqlite-atomic-batch' 3ms
   ✓ records and exactly replays CS-03 composition seed 7313 under 'sqlite-interactive' 18ms
   ✓ records and exactly replays CS-03 composition seed 7313 under 'sqlite-atomic-batch' 20ms

⎯⎯⎯⎯⎯⎯ Failed Tests 10 ⎯⎯⎯⎯⎯⎯⎯

 FAIL  |raptor3| tests/raptor3/core-structure/measurement/extension-campaign.selftest.test.ts > records and exactly replays CS-03 A seed 7117 under 'sqlite-interactive'
 FAIL  |raptor3| tests/raptor3/core-structure/measurement/extension-campaign.selftest.test.ts > records and exactly replays CS-03 A seed 7117 under 'sqlite-atomic-batch'
AssertionError: Missing semantic cut capture:nested/root-member/0; observed outcome: {"kind":"success","value":[{"id":1,"label":"nested-written"},{"id":2,"label":"root-written"}]}

[32m- Expected[39m
[31m+ Received[39m

[32m- true[39m
[31m+ false[39m

 ❯ Object.assert tests/raptor3/harness/sqlite-world.ts:417:13
    415|           // Same-engine replay enters this same assertion owner.
    416|           for (const cut of fixture.requiredCuts)
    417|             assert(
       |             ^
    418|               observation.reachedCuts.includes(cut),
    419|               `Missing semantic cut ${cut}; observed outcome: ${JSON.s…
 ❯ verifyExtensionCell tests/raptor3/core-structure/measurement/extension-campaign.ts:24:17
 ❯ tests/raptor3/core-structure/measurement/extension-campaign.selftest.test.ts:28:20

⎯⎯⎯⎯⎯⎯⎯⎯⎯⎯⎯⎯⎯⎯⎯⎯⎯⎯⎯⎯⎯⎯⎯[1/10]⎯

 FAIL  |raptor3| tests/raptor3/core-structure/measurement/extension-campaign.selftest.test.ts > records and exactly replays CS-03 A seed 7128 under 'sqlite-interactive'
 FAIL  |raptor3| tests/raptor3/core-structure/measurement/extension-campaign.selftest.test.ts > records and exactly replays CS-03 A seed 7128 under 'sqlite-atomic-batch'
AssertionError: Missing semantic cut capture:nested/root-member/0; observed outcome: {"kind":"success","value":[{"label":"root-written"}]}

[32m- Expected[39m
[31m+ Received[39m

[32m- true[39m
[31m+ false[39m

 ❯ Object.assert tests/raptor3/harness/sqlite-world.ts:417:13
    415|           // Same-engine replay enters this same assertion owner.
    416|           for (const cut of fixture.requiredCuts)
    417|             assert(
       |             ^
    418|               observation.reachedCuts.includes(cut),
    419|               `Missing semantic cut ${cut}; observed outcome: ${JSON.s…
 ❯ verifyExtensionCell tests/raptor3/core-structure/measurement/extension-campaign.ts:24:17
 ❯ tests/raptor3/core-structure/measurement/extension-campaign.selftest.test.ts:28:20

⎯⎯⎯⎯⎯⎯⎯⎯⎯⎯⎯⎯⎯⎯⎯⎯⎯⎯⎯⎯⎯⎯⎯[2/10]⎯

 FAIL  |raptor3| tests/raptor3/core-structure/measurement/extension-campaign.selftest.test.ts > records and exactly replays CS-03 A seed 7149 under 'sqlite-interactive'
 FAIL  |raptor3| tests/raptor3/core-structure/measurement/extension-campaign.selftest.test.ts > records and exactly replays CS-03 A seed 7109 under 'sqlite-interactive'
 FAIL  |raptor3| tests/raptor3/core-structure/measurement/extension-campaign.selftest.test.ts > records and exactly replays CS-03 A seed 7119 under 'sqlite-interactive'
AssertionError: Missing semantic cut capture:nested/root-member/0; observed outcome: {"kind":"failure","failure":{"name":"TransactionError","message":"updateMany with 'select' could not read back one of the updated rows at its final primary key.","code":"V5001","meta":{"model":"node","operation":"updateMany"}}}

[32m- Expected[39m
[31m+ Received[39m

[32m- true[39m
[31m+ false[39m

 ❯ Object.assert tests/raptor3/harness/sqlite-world.ts:417:13
    415|           // Same-engine replay enters this same assertion owner.
    416|           for (const cut of fixture.requiredCuts)
    417|             assert(
       |             ^
    418|               observation.reachedCuts.includes(cut),
    419|               `Missing semantic cut ${cut}; observed outcome: ${JSON.s…
 ❯ verifyExtensionCell tests/raptor3/core-structure/measurement/extension-campaign.ts:24:17
 ❯ tests/raptor3/core-structure/measurement/extension-campaign.selftest.test.ts:28:20

⎯⎯⎯⎯⎯⎯⎯⎯⎯⎯⎯⎯⎯⎯⎯⎯⎯⎯⎯⎯⎯⎯⎯[3/10]⎯

 FAIL  |raptor3| tests/raptor3/core-structure/measurement/extension-campaign.selftest.test.ts > records and exactly replays CS-03 A seed 7149 under 'sqlite-atomic-batch'
 FAIL  |raptor3| tests/raptor3/core-structure/measurement/extension-campaign.selftest.test.ts > records and exactly replays CS-03 A seed 7109 under 'sqlite-atomic-batch'
AssertionError: Missing semantic cut capture:nested/root-member/0; observed outcome: {"kind":"failure","failure":{"name":"TransactionError","message":"updateMany with 'select' could not read back one of the updated rows at its final primary key.","code":"V5001","meta":{"model":"node","operation":"updateMany","recordSeriesProgress":{"atomicity":"segment","phase":"result","committedSegments":2,"completedMembers":2,"committedWriteMembers":2}}}}

[32m- Expected[39m
[31m+ Received[39m

[32m- true[39m
[31m+ false[39m

 ❯ Object.assert tests/raptor3/harness/sqlite-world.ts:417:13
    415|           // Same-engine replay enters this same assertion owner.
    416|           for (const cut of fixture.requiredCuts)
    417|             assert(
       |             ^
    418|               observation.reachedCuts.includes(cut),
    419|               `Missing semantic cut ${cut}; observed outcome: ${JSON.s…
 ❯ verifyExtensionCell tests/raptor3/core-structure/measurement/extension-campaign.ts:24:17
 ❯ tests/raptor3/core-structure/measurement/extension-campaign.selftest.test.ts:28:20

⎯⎯⎯⎯⎯⎯⎯⎯⎯⎯⎯⎯⎯⎯⎯⎯⎯⎯⎯⎯⎯⎯⎯[4/10]⎯

 FAIL  |raptor3| tests/raptor3/core-structure/measurement/extension-campaign.selftest.test.ts > records and exactly replays CS-03 A seed 7119 under 'sqlite-atomic-batch'
AssertionError: Missing semantic cut capture:nested/root-member/0; observed outcome: {"kind":"failure","failure":{"name":"TransactionError","message":"updateMany with 'select' could not read back one of the updated rows at its final primary key.","code":"V5001","meta":{"model":"node","operation":"updateMany","recordSeriesProgress":{"atomicity":"segment","phase":"result","committedSegments":4,"completedMembers":4,"committedWriteMembers":4}}}}

[32m- Expected[39m
[31m+ Received[39m

[32m- true[39m
[31m+ false[39m

 ❯ Object.assert tests/raptor3/harness/sqlite-world.ts:417:13
    415|           // Same-engine replay enters this same assertion owner.
    416|           for (const cut of fixture.requiredCuts)
    417|             assert(
       |             ^
    418|               observation.reachedCuts.includes(cut),
    419|               `Missing semantic cut ${cut}; observed outcome: ${JSON.s…
 ❯ verifyExtensionCell tests/raptor3/core-structure/measurement/extension-campaign.ts:24:17
 ❯ tests/raptor3/core-structure/measurement/extension-campaign.selftest.test.ts:28:20

⎯⎯⎯⎯⎯⎯⎯⎯⎯⎯⎯⎯⎯⎯⎯⎯⎯⎯⎯⎯⎯⎯⎯[5/10]⎯


 Test Files  1 failed (1)
      Tests  10 failed | 32 passed (42)
   Start at  19:18:42
   Duration  1.48s (transform 761ms, setup 8ms, collect 1.13s, tests 212ms, environment 0ms, prepare 25ms)

Vitest resources: 3.23s wall, 518.9 MiB peak sampled process-group RSS (sampled ceiling 1536 MiB). Teardown verified.
