
> viborm@0.1.0 test:coverage:policy /Users/arnaud/code/viborm
> node scripts/run-node-safe.mjs 512 60000 scripts/coverage-policy.test.mjs && node scripts/run-node-safe.mjs 512 60000 scripts/bounded-process.test.mjs && node scripts/run-node-safe.mjs 512 60000 scripts/test-run-lock.test.mjs

✔ every TypeScript source has exactly one coverage owner (5.81925ms)
✔ subsystem configs derive includes and thresholds from the manifest (0.252875ms)
✔ waived sources remain owned and included (0.150416ms)
✔ test fixtures use the workspace alias instead of root-absolute imports (155.511459ms)
✔ migration coverage admits every credential-free local contract (1.791125ms)
✔ migration core contracts open no database outside the named in-memory SQLite exception (9.963084ms)
✔ client coverage admits the core and audited deterministic contracts (0.265209ms)
✔ driver coverage isolates provider resources and admits only audited local providers (3.007459ms)
✔ query coverage admits every core contract exactly once (7.670125ms)
✔ write coverage admits the core and audited high-signal local contracts (2.652417ms)
✔ cache coverage admits every deterministic cache contract exactly once (1.272875ms)
ℹ tests 11
ℹ suites 0
ℹ pass 11
ℹ fail 0
ℹ cancelled 0
ℹ skipped 0
ℹ todo 0
ℹ duration_ms 191.812208
Node resources: 0.47s wall, 0.7 MiB peak sampled process-group RSS (sampled ceiling 1536 MiB). Teardown verified.
✔ fails closed where process-tree bounds cannot be verified (0.596083ms)
✔ process-group RSS sums every member and ignores other groups (0.185791ms)
✔ process-group teardown ignores zombie-only groups (0.077125ms)
✔ heap replacement preserves unrelated Node options (0.087667ms)
✔ RSS limit defaults to the project cap and is configurable (0.420459ms)
✔ the ordinary ceiling is 1536 MiB and may only ever be lowered (0.09425ms)
✔ no ordinary caller can reach the 2560 MiB PGlite allowance (0.180834ms)
✔ the allowlisted typecheck ceiling reaches 8192 MiB and stops there (0.086ms)
✔ the allowlisted PGlite ceiling reaches 2560 MiB and stops there (0.077584ms)
✔ the resource line names the ceiling that was applied (0.60575ms)
✔ a bounded run reports the ceiling it enforced (211.967792ms)
✔ heap limits may be lowered but never raised above the caller cap (0.183292ms)
✔ Vitest arguments end with the enforced single-worker policy (0.044834ms)
RSS limit witness exceeded its 48 MiB sampled process-group RSS ceiling (ordinary project).
✔ the sampled RSS ceiling terminates the complete child group (562.6785ms)
RSS group teardown witness exceeded its 48 MiB sampled process-group RSS ceiling (ordinary project).
RSS group teardown witness exceeded its 48 MiB sampled process-group RSS ceiling (ordinary project).
RSS group teardown witness exceeded its 48 MiB sampled process-group RSS ceiling (ordinary project).
RSS group teardown witness exceeded its 48 MiB sampled process-group RSS ceiling (ordinary project).
RSS group teardown witness exceeded its 48 MiB sampled process-group RSS ceiling (ordinary project).
RSS group teardown witness exceeded its 48 MiB sampled process-group RSS ceiling (ordinary project).
RSS group teardown witness exceeded its 48 MiB sampled process-group RSS ceiling (ordinary project).
RSS group teardown witness exceeded its 48 MiB sampled process-group RSS ceiling (ordinary project).
✔ RSS teardown verifies a group whose leader and worker exit together (5194.279291ms)
✔ normal leader exit still tears down inherited descendants (385.072083ms)
ℹ tests 16
ℹ suites 0
ℹ pass 16
ℹ fail 0
ℹ cancelled 0
ℹ skipped 0
ℹ todo 0
ℹ duration_ms 6360.377708
Node resources: 6.65s wall, 60.8 MiB peak sampled process-group RSS (sampled ceiling 1536 MiB). Teardown verified.
✔ a bounded descendant inherits its ancestor's workspace lock (299.37075ms)
✔ parses complete process rows without truncating commands (0.386208ms)
✔ refuses malformed, duplicate, and incomplete process graphs (0.173292ms)
✔ excludes every direct, pnpm, and coverage-wrapper ancestor (0.127916ms)
✔ finds stale Vitest, TypeScript, tsdown, and Vitest worker processes (0.16175ms)
✔ does not confuse a sibling path with the current workspace (0.062959ms)
ℹ tests 6
ℹ suites 0
ℹ pass 6
ℹ fail 0
ℹ cancelled 0
ℹ skipped 0
ℹ todo 0
ℹ duration_ms 302.975625
Node resources: 0.59s wall, 0.6 MiB peak sampled process-group RSS (sampled ceiling 1536 MiB). Teardown verified.
exit=0
