
 RUN  v3.1.4 /Users/arnaud/code/viborm

 ❯ |raptor3| tests/raptor3/g4/review/unit01-followup2/distance-depth.test.ts (13 tests | 12 failed) 17ms
   × G4-01 repair 2 review — distance placement under a reversed window (finding C) > agrees on a distance term mixed with a scalar key, reversed and not 7ms
     → sort asc take undefined: candidate ok:SELECT "q0"."id" AS "id" FROM "public"."g4_r2rev_spots" AS "q0" WHERE TRUE ORDER BY CASE WHEN "q0"."at" IS NULL OR ST_SetSRID(ST_MakePoint($1, $2), 4326)::geography IS NULL THEN NULL ELSE CAST($3 AS double precision) * 2 * ASIN(SQRT(LEAST(1, GREATEST(0, POWER(SIN((RADIANS(ST_Y(ST_SetSRID(ST_MakePoint($4, $5), 4326)::geography::geometry)) - RADIANS(ST_Y("q0"."at"::geometry))) / 2), 2) + COS(RADIANS(ST_Y("q0"."at"::geometry))) * COS(RADIANS(ST_Y(ST_SetSRID(ST_MakePoint($6, $7), 4326)::geography::geometry))) * POWER(SIN((RADIANS(ST_X(ST_SetSRID(ST_MakePoint($8, $9), 4326)::geography::geometry)) - RADIANS(ST_X("q0"."at"::geometry))) / 2), 2))))) END ASC NULLS LAST, "q0"."id" ASC
shipped error:Operation 'findMany' does not compile to one SQL statement. Execute the operation instead.

false !== true

   × G4-01 repair 2 review — distance placement under a reversed window (finding C) > agrees on two distance terms in one order, reversed and not 2ms
     → take undefined
+ actual - expected

+ [
+   'ASC NULLS LAST',
+   'DESC NULLS LAST'
+ ]
- []

   × G4-01 repair 2 review — distance placement under a reversed window (finding C) > agrees on a NON-nullable point column's distance placement 1ms
     → take undefined
+ actual - expected

+ [
+   'ASC NULLS LAST'
+ ]
- []

   × G4-01 repair 2 review — distance placement under a reversed window (finding C) > agrees on a vector distance order, reversed and not 0ms
     → sort asc take undefined
+ actual - expected

+ [
+   'ASC'
+ ]
- []

   × G4-01 repair 2 review — distance placement under a reversed window (finding C) > agrees on a skip-only distance order (no window, no placement invented) 0ms
     → Expected values to be strictly deep-equal:
+ actual - expected

+ [
+   'ASC NULLS LAST'
+ ]
- []

   ✓ G4-01 repair 2 review — distance placement under a reversed window (finding C) > agrees on what a cursor beside a distance order does 0ms
   × G4-01 repair 2 review — the registered distance refusals (finding D) > refuses a nullable vector select before the capability, in BOTH provider tiers 2ms
     → pgvector false
+ actual - expected

+ "Vector distance select does not support nullable vector field 'maybeEmbedding'."
- "Operation 'findMany' does not compile to one SQL statement. Execute the operation instead."

   × G4-01 repair 2 review — the registered distance refusals (finding D) > refuses a nullable vector select BEFORE the dimension mismatch 1ms
     → Expected values to be strictly equal:
+ actual - expected

+ "Vector distance select does not support nullable vector field 'maybeEmbedding'."
- "Operation 'findMany' does not compile to one SQL statement. Execute the operation instead."

   × G4-01 repair 2 review — the registered distance refusals (finding D) > does NOT refuse a nullable vector in orderBy, on either engine 1ms
     → pgvector false
+ actual - expected

+ 'error:vector.orderBy is not supported. vector ordering requires a pgvector-enabled PostgreSQL driver'
- "error:Operation 'findMany' does not compile to one SQL statement. Execute the operation instead."

   × G4-01 repair 2 review — the registered distance refusals (finding D) > agrees on an undeclared-dimension vector (no mismatch to raise) 0ms
     → to [1,2]: candidate ok:SELECT "q0"."id" AS "id", "q0"."freeVector" <-> $1::vector AS "_distance" FROM "public"."g4_r2rev_spots" AS "q0" WHERE TRUE
shipped error:Operation 'findMany' does not compile to one SQL statement. Execute the operation instead.

false !== true

   × G4-01 repair 2 review — the registered distance refusals (finding D) > agrees on the dimension refusal in every usage that reaches it 1ms
     → Expected values to be strictly equal:
+ actual - expected

+ "Vector distance orderBy dimension mismatch for 'embedding': expected 3 values, received 1."
- "Operation 'findMany' does not compile to one SQL statement. Execute the operation instead."

   × G4-01 repair 2 review — the registered distance refusals (finding D) > names the point tier identically for orderBy, select, equals and within 1ms
     → orderBy
+ actual - expected

+ 'error:point.distance orderBy is not supported. GeoPoint requires a provider with its physical point tier enabled.'
- "error:Operation 'findMany' does not compile to one SQL statement. Execute the operation instead."

   × G4-01 repair 2 review — the registered distance refusals (finding D) > agrees on the distance-tier refusal when the point tier exists but distance does not 0ms
     → candidate ok:SELECT "q0"."id" AS "id" FROM "public"."g4_r2rev_spots" AS "q0" WHERE TRUE ORDER BY CASE WHEN "q0"."at" IS NULL OR ST_SetSRID(ST_MakePoint($1, $2), 4326)::geography IS NULL THEN NULL ELSE CAST($3 AS double precision) * 2 * ASIN(SQRT(LEAST(1, GREATEST(0, POWER(SIN((RADIANS(ST_Y(ST_SetSRID(ST_MakePoint($4, $5), 4326)::geography::geometry)) - RADIANS(ST_Y("q0"."at"::geometry))) / 2), 2) + COS(RADIANS(ST_Y("q0"."at"::geometry))) * COS(RADIANS(ST_Y(ST_SetSRID(ST_MakePoint($6, $7), 4326)::geography::geometry))) * POWER(SIN((RADIANS(ST_X(ST_SetSRID(ST_MakePoint($8, $9), 4326)::geography::geometry)) - RADIANS(ST_X("q0"."at"::geometry))) / 2), 2))))) END ASC NULLS LAST
shipped error:Operation 'findMany' does not compile to one SQL statement. Execute the operation instead.

false !== true

 ✓ |raptor3| tests/raptor3/g4/review/unit01-followup3/decimal-domains.test.ts (17 tests) 34ms
 ❯ |raptor3| tests/raptor3/g4/review/unit01-followup/distance-parity.test.ts (9 tests | 7 failed) 4ms
   × G4-01 follow-up — distance projection against the shipped lowering > projects the distance and NOT the point column, exactly as the shipped engine does 1ms
     → Operation 'findMany' does not compile to one SQL statement. Execute the operation instead.
   × G4-01 follow-up — distance projection against the shipped lowering > keeps the point column when it is selected in its own right 0ms
     → Operation 'findMany' does not compile to one SQL statement. Execute the operation instead.
   ✓ G4-01 follow-up — distance projection against the shipped lowering > decodes a NOT NULL point distance as required and a nullable one as optional 0ms
   ✓ G4-01 follow-up — distance projection against the shipped lowering > refuses a second distance selection and accepts a distance beside a relation count 0ms
   × G4-01 follow-up — distance projection against the shipped lowering > refuses a vector distance selection with the shipped refusal 1ms
     → vector select refusal
  candidate vector.select is not supported. vector distance select requires a pgvector-enabled PostgreSQL driver
  shipped   Operation 'findMany' does not compile to one SQL statement. Execute the operation instead.
+ actual - expected

+ 'vector.select is not supported. vector distance select requires a pgvector-enabled PostgreSQL driver'
- "Operation 'findMany' does not compile to one SQL statement. Execute the operation instead."

   × G4-01 follow-up — distance projection against the shipped lowering > refuses a vector distance ORDER with the shipped refusal 1ms
     → vector orderBy refusal
  candidate vector.orderBy is not supported. vector ordering requires a pgvector-enabled PostgreSQL driver
  shipped   Operation 'findMany' does not compile to one SQL statement. Execute the operation instead.
+ actual - expected

+ 'vector.orderBy is not supported. vector ordering requires a pgvector-enabled PostgreSQL driver'
- "Operation 'findMany' does not compile to one SQL statement. Execute the operation instead."

   × G4-01 follow-up — distance projection against the shipped lowering > keeps the shipped refusal for a nullable vector distance selection 0ms
     → The input did not match the regular expression /Vector distance select does not support nullable vector field/. Input:

"Operation 'findMany' does not compile to one SQL statement. Execute the operation instead."

   × G4-01 follow-up — distance projection against the shipped lowering > refuses a point distance ORDER on a provider with no distance tier, as the shipped engine words it 0ms
     → point orderBy refusal
  candidate point.distance orderBy is not supported. GeoPoint requires a provider with its physical point tier enabled.
  shipped   Operation 'findMany' does not compile to one SQL statement. Execute the operation instead.
+ actual - expected

+ 'point.distance orderBy is not supported. GeoPoint requires a provider with its physical point tier enabled.'
- "Operation 'findMany' does not compile to one SQL statement. Execute the operation instead."

   × G4-01 follow-up — distance projection against the shipped lowering > reverses a point distance ORDER the way the shipped engine reverses it 0ms
     → Operation 'findMany' does not compile to one SQL statement. Execute the operation instead.
 ✓ |raptor3| tests/raptor3/g4/review/unit01-followup/nested-reversal.test.ts (5 tests) 13ms
 ✓ |raptor3| tests/raptor3/g4/review/unit01-followup3/json-sentinel-sweep.test.ts (9 tests) 10ms
 ✓ |raptor3| tests/raptor3/g4/review/unit01-followup2/combinator-depth.test.ts (24 tests) 27ms
 ✓ |raptor3| tests/raptor3/g4/review/unit01-followup/order-oracle.test.ts (9 tests) 14ms
 ❯ |raptor3| tests/raptor3/g4/review/unit01-followup2/distance-pins.test.ts (4 tests | 4 failed) 3ms
   × G4-01 repair 2 review — absolute distance pins > pins a reversed mixed order: the expression keeps NULLS LAST, the scalar flips bare 1ms
     → error:Operation 'findMany' does not compile to one SQL statement. Execute the operation instead.
   × G4-01 repair 2 review — absolute distance pins > pins the unreversed mixed order 1ms
     → Expected values to be strictly deep-equal:
+ actual - expected

+ []
- [
-   'ASC NULLS LAST',
-   'ASC'
- ]

   × G4-01 repair 2 review — absolute distance pins > pins the no-point-tier sentence for every usage that reaches it 0ms
     → orderBy shipped error:Operation 'findMany' does not compile to one SQL statement. Execute the operation instead.
   × G4-01 repair 2 review — absolute distance pins > pins the two pgvector sentences 0ms
     → error:Operation 'findMany' does not compile to one SQL statement. Execute the operation instead.
 ✓ |raptor3| tests/raptor3/g4/review/unit01/shipped-parity.test.ts (8 tests) 14ms
 ✓ |raptor3| tests/raptor3/g4/review/unit01/decode-strictness.test.ts (7 tests) 8ms
 ✓ |raptor3| tests/raptor3/g4/review/unit01/having-projection.test.ts (5 tests) 7ms
 ✓ |raptor3| tests/raptor3/g4/review/unit01/order-cursor.test.ts (6 tests) 6ms
 ✓ |raptor3| tests/raptor3/g4/review/unit01-followup/operand-and-logic.test.ts (9 tests) 12ms
 ✓ |raptor3| tests/raptor3/g4/review/unit01-followup3/cursor-refusal-sweep.test.ts (11 tests) 8ms
 ✓ |raptor3| tests/raptor3/g4/review/unit01-followup2/selector-facts.test.ts (5 tests) 12ms
 ✓ |raptor3| tests/raptor3/g4/review/unit01/whole-value-operands.test.ts (7 tests) 8ms
 ✓ |raptor3| tests/raptor3/g4/review/unit01/null-placement-parity.test.ts (2 tests) 2ms
 ✓ |raptor3| tests/raptor3/g4/review/unit01-followup2/decimal-fieldref.test.ts (2 tests) 2ms
 ✓ |raptor3| tests/raptor3/g4/review/unit01/nested-window.test.ts (3 tests) 3ms
 ✓ |raptor3| tests/raptor3/g4/review/unit01/logical-forms.test.ts (3 tests) 3ms
 ✓ |raptor3| tests/raptor3/g4/review/unit01/variant-arms.test.ts (2 tests) 3ms
 ✓ |raptor3| tests/raptor3/g4/review/unit01-followup2/json-sentinel.test.ts (3 tests) 3ms
 ✓ |raptor3| tests/raptor3/g4/review/unit01-followup3/decimal-reach.test.ts (5 tests) 5ms
 ✓ |raptor3| tests/raptor3/g4/review/unit01/distance-projection.test.ts (1 test) 2ms
 ✓ |raptor3| tests/raptor3/g4/review/unit01-followup2/characterize.test.ts (10 tests) 6ms
 ✓ |raptor3| tests/raptor3/g4/review/unit01-followup3/competing-refusals.test.ts (4 tests) 4ms
 ✓ |raptor3| tests/raptor3/g4/review/unit01-followup/empty-arm.test.ts (12 tests) 10ms
 ✓ |raptor3| tests/raptor3/g4/review/unit01-followup3/refusal-order-history.test.ts (3 tests) 4ms
 ✓ |raptor3| tests/raptor3/g4/review/unit01-followup2/cursor-refusal.test.ts (2 tests) 3ms

⎯⎯⎯⎯⎯⎯ Failed Tests 23 ⎯⎯⎯⎯⎯⎯⎯

 FAIL  |raptor3| tests/raptor3/g4/review/unit01-followup/distance-parity.test.ts > G4-01 follow-up — distance projection against the shipped lowering > projects the distance and NOT the point column, exactly as the shipped engine does
QueryEngineError: Operation 'findMany' does not compile to one SQL statement. Execute the operation instead.
⎯⎯⎯⎯⎯⎯⎯⎯⎯⎯⎯⎯⎯⎯⎯⎯⎯⎯⎯⎯⎯⎯⎯[1/23]⎯

 FAIL  |raptor3| tests/raptor3/g4/review/unit01-followup/distance-parity.test.ts > G4-01 follow-up — distance projection against the shipped lowering > keeps the point column when it is selected in its own right
QueryEngineError: Operation 'findMany' does not compile to one SQL statement. Execute the operation instead.
⎯⎯⎯⎯⎯⎯⎯⎯⎯⎯⎯⎯⎯⎯⎯⎯⎯⎯⎯⎯⎯⎯⎯[2/23]⎯

 FAIL  |raptor3| tests/raptor3/g4/review/unit01-followup/distance-parity.test.ts > G4-01 follow-up — distance projection against the shipped lowering > refuses a vector distance selection with the shipped refusal
AssertionError: vector select refusal
  candidate vector.select is not supported. vector distance select requires a pgvector-enabled PostgreSQL driver
  shipped   Operation 'findMany' does not compile to one SQL statement. Execute the operation instead.
+ actual - expected

+ 'vector.select is not supported. vector distance select requires a pgvector-enabled PostgreSQL driver'
- "Operation 'findMany' does not compile to one SQL statement. Execute the operation instead."


Expected: [32m"Operation 'findMany' does not compile to one SQL statement. Execute the operation instead."[39m
Received: [31m"vector.select is not supported. vector distance select requires a pgvector-enabled PostgreSQL driver"[39m

 ❯ tests/raptor3/g4/review/unit01-followup/distance-parity.test.ts:169:12
    167|     }
    168|     assert.notEqual(shippedMessage, "", "the shipped engine must refus…
    169|     assert.equal(
       |            ^
    170|       candidateMessage,
    171|       shippedMessage,

⎯⎯⎯⎯⎯⎯⎯⎯⎯⎯⎯⎯⎯⎯⎯⎯⎯⎯⎯⎯⎯⎯⎯[3/23]⎯

 FAIL  |raptor3| tests/raptor3/g4/review/unit01-followup/distance-parity.test.ts > G4-01 follow-up — distance projection against the shipped lowering > refuses a vector distance ORDER with the shipped refusal
AssertionError: vector orderBy refusal
  candidate vector.orderBy is not supported. vector ordering requires a pgvector-enabled PostgreSQL driver
  shipped   Operation 'findMany' does not compile to one SQL statement. Execute the operation instead.
+ actual - expected

+ 'vector.orderBy is not supported. vector ordering requires a pgvector-enabled PostgreSQL driver'
- "Operation 'findMany' does not compile to one SQL statement. Execute the operation instead."


Expected: [32m"[7mOperation 'findMany' does not compile [27mto o[7mne SQL statement. Execute the operation instead.[27m"[39m
Received: [31m"[7mvector.orderBy is not supported. vec[27mto[7mr[27m o[7mrdering requires a pgvector-enabled PostgreSQL driver[27m"[39m

 ❯ tests/raptor3/g4/review/unit01-followup/distance-parity.test.ts:196:12
    194|     }
    195|     assert.notEqual(shippedMessage, "", "the shipped engine must refus…
    196|     assert.equal(
       |            ^
    197|       candidateMessage,
    198|       shippedMessage,

⎯⎯⎯⎯⎯⎯⎯⎯⎯⎯⎯⎯⎯⎯⎯⎯⎯⎯⎯⎯⎯⎯⎯[4/23]⎯

 FAIL  |raptor3| tests/raptor3/g4/review/unit01-followup/distance-parity.test.ts > G4-01 follow-up — distance projection against the shipped lowering > keeps the shipped refusal for a nullable vector distance selection
AssertionError: The input did not match the regular expression /Vector distance select does not support nullable vector field/. Input:

"Operation 'findMany' does not compile to one SQL statement. Execute the operation instead."


[32m- Expected:[39m 
/Vector distance select does not support nullable vector field/

[31m+ Received:[39m 
"Operation 'findMany' does not compile to one SQL statement. Execute the operation instead."

 ❯ tests/raptor3/g4/review/unit01-followup/distance-parity.test.ts:222:12
    220|       candidateMessage = (error as Error).message;
    221|     }
    222|     assert.match(
       |            ^
    223|       shippedMessage,
    224|       /Vector distance select does not support nullable vector field/

⎯⎯⎯⎯⎯⎯⎯⎯⎯⎯⎯⎯⎯⎯⎯⎯⎯⎯⎯⎯⎯⎯⎯[5/23]⎯

 FAIL  |raptor3| tests/raptor3/g4/review/unit01-followup/distance-parity.test.ts > G4-01 follow-up — distance projection against the shipped lowering > refuses a point distance ORDER on a provider with no distance tier, as the shipped engine words it
AssertionError: point orderBy refusal
  candidate point.distance orderBy is not supported. GeoPoint requires a provider with its physical point tier enabled.
  shipped   Operation 'findMany' does not compile to one SQL statement. Execute the operation instead.
+ actual - expected

+ 'point.distance orderBy is not supported. GeoPoint requires a provider with its physical point tier enabled.'
- "Operation 'findMany' does not compile to one SQL statement. Execute the operation instead."


Expected: [32m"[7mOperation 'findMany' does not compile to one SQL statement. Execute the operation instea[27md."[39m
Received: [31m"[7mpoint.distance orderBy is not supported. GeoPoint requires a provider with its physical point tier enable[27md."[39m

 ❯ tests/raptor3/g4/review/unit01-followup/distance-parity.test.ts:251:12
    249|     }
    250|     assert.notEqual(shippedMessage, "", "the shipped engine must refus…
    251|     assert.equal(
       |            ^
    252|       candidateMessage,
    253|       shippedMessage,

⎯⎯⎯⎯⎯⎯⎯⎯⎯⎯⎯⎯⎯⎯⎯⎯⎯⎯⎯⎯⎯⎯⎯[6/23]⎯

 FAIL  |raptor3| tests/raptor3/g4/review/unit01-followup/distance-parity.test.ts > G4-01 follow-up — distance projection against the shipped lowering > reverses a point distance ORDER the way the shipped engine reverses it
QueryEngineError: Operation 'findMany' does not compile to one SQL statement. Execute the operation instead.
⎯⎯⎯⎯⎯⎯⎯⎯⎯⎯⎯⎯⎯⎯⎯⎯⎯⎯⎯⎯⎯⎯⎯[7/23]⎯

 FAIL  |raptor3| tests/raptor3/g4/review/unit01-followup2/distance-depth.test.ts > G4-01 repair 2 review — distance placement under a reversed window (finding C) > agrees on a distance term mixed with a scalar key, reversed and not
AssertionError: sort asc take undefined: candidate ok:SELECT "q0"."id" AS "id" FROM "public"."g4_r2rev_spots" AS "q0" WHERE TRUE ORDER BY CASE WHEN "q0"."at" IS NULL OR ST_SetSRID(ST_MakePoint($1, $2), 4326)::geography IS NULL THEN NULL ELSE CAST($3 AS double precision) * 2 * ASIN(SQRT(LEAST(1, GREATEST(0, POWER(SIN((RADIANS(ST_Y(ST_SetSRID(ST_MakePoint($4, $5), 4326)::geography::geometry)) - RADIANS(ST_Y("q0"."at"::geometry))) / 2), 2) + COS(RADIANS(ST_Y("q0"."at"::geometry))) * COS(RADIANS(ST_Y(ST_SetSRID(ST_MakePoint($6, $7), 4326)::geography::geometry))) * POWER(SIN((RADIANS(ST_X(ST_SetSRID(ST_MakePoint($8, $9), 4326)::geography::geometry)) - RADIANS(ST_X("q0"."at"::geometry))) / 2), 2))))) END ASC NULLS LAST, "q0"."id" ASC
shipped error:Operation 'findMany' does not compile to one SQL statement. Execute the operation instead.

false !== true


[32m- Expected[39m
[31m+ Received[39m

[32m- true[39m
[31m+ false[39m

 ❯ tests/raptor3/g4/review/unit01-followup2/distance-depth.test.ts:155:18
    153|           };
    154|           const seen = outcome(args);
    155|           assert.equal(
       |                  ^
    156|             seen.candidate.startsWith("error:"),
    157|             seen.shipped.startsWith("error:"),

⎯⎯⎯⎯⎯⎯⎯⎯⎯⎯⎯⎯⎯⎯⎯⎯⎯⎯⎯⎯⎯⎯⎯[8/23]⎯

 FAIL  |raptor3| tests/raptor3/g4/review/unit01-followup2/distance-depth.test.ts > G4-01 repair 2 review — distance placement under a reversed window (finding C) > agrees on two distance terms in one order, reversed and not
AssertionError: take undefined
+ actual - expected

+ [
+   'ASC NULLS LAST',
+   'DESC NULLS LAST'
+ ]
- []


[32m- Expected[39m
[31m+ Received[39m

[32m- [][39m
[31m+ [[39m
[31m+   "ASC NULLS LAST",[39m
[31m+   "DESC NULLS LAST",[39m
[31m+ ][39m

 ❯ tests/raptor3/g4/review/unit01-followup2/distance-depth.test.ts:179:14
    177|       };
    178|       const seen = outcome(args);
    179|       assert.deepEqual(
       |              ^
    180|         placements(seen.candidate),
    181|         placements(seen.shipped),

⎯⎯⎯⎯⎯⎯⎯⎯⎯⎯⎯⎯⎯⎯⎯⎯⎯⎯⎯⎯⎯⎯⎯[9/23]⎯

 FAIL  |raptor3| tests/raptor3/g4/review/unit01-followup2/distance-depth.test.ts > G4-01 repair 2 review — distance placement under a reversed window (finding C) > agrees on a NON-nullable point column's distance placement
AssertionError: take undefined
+ actual - expected

+ [
+   'ASC NULLS LAST'
+ ]
- []


[32m- Expected[39m
[31m+ Received[39m

[32m- [][39m
[31m+ [[39m
[31m+   "ASC NULLS LAST",[39m
[31m+ ][39m

 ❯ tests/raptor3/g4/review/unit01-followup2/distance-depth.test.ts:195:14
    193|       };
    194|       const seen = outcome(args);
    195|       assert.deepEqual(placements(seen.candidate), placements(seen.shi…
       |              ^
    196|     }
    197|   });

⎯⎯⎯⎯⎯⎯⎯⎯⎯⎯⎯⎯⎯⎯⎯⎯⎯⎯⎯⎯⎯⎯[10/23]⎯

 FAIL  |raptor3| tests/raptor3/g4/review/unit01-followup2/distance-depth.test.ts > G4-01 repair 2 review — distance placement under a reversed window (finding C) > agrees on a vector distance order, reversed and not
AssertionError: sort asc take undefined
+ actual - expected

+ [
+   'ASC'
+ ]
- []


[32m- Expected[39m
[31m+ Received[39m

[32m- [][39m
[31m+ [[39m
[31m+   "ASC",[39m
[31m+ ][39m

 ❯ tests/raptor3/g4/review/unit01-followup2/distance-depth.test.ts:210:16
    208|         };
    209|         const seen = outcome(args, true, true);
    210|         assert.deepEqual(
       |                ^
    211|           placements(seen.candidate),
    212|           placements(seen.shipped),

⎯⎯⎯⎯⎯⎯⎯⎯⎯⎯⎯⎯⎯⎯⎯⎯⎯⎯⎯⎯⎯⎯[11/23]⎯

 FAIL  |raptor3| tests/raptor3/g4/review/unit01-followup2/distance-depth.test.ts > G4-01 repair 2 review — distance placement under a reversed window (finding C) > agrees on a skip-only distance order (no window, no placement invented)
AssertionError: Expected values to be strictly deep-equal:
+ actual - expected

+ [
+   'ASC NULLS LAST'
+ ]
- []


[32m- Expected[39m
[31m+ Received[39m

[32m- [][39m
[31m+ [[39m
[31m+   "ASC NULLS LAST",[39m
[31m+ ][39m

 ❯ tests/raptor3/g4/review/unit01-followup2/distance-depth.test.ts:225:12
    223|     };
    224|     const seen = outcome(args);
    225|     assert.deepEqual(placements(seen.candidate), placements(seen.shipp…
       |            ^
    226|   });
    227| 

⎯⎯⎯⎯⎯⎯⎯⎯⎯⎯⎯⎯⎯⎯⎯⎯⎯⎯⎯⎯⎯⎯[12/23]⎯

 FAIL  |raptor3| tests/raptor3/g4/review/unit01-followup2/distance-depth.test.ts > G4-01 repair 2 review — the registered distance refusals (finding D) > refuses a nullable vector select before the capability, in BOTH provider tiers
AssertionError: pgvector false
+ actual - expected

+ "Vector distance select does not support nullable vector field 'maybeEmbedding'."
- "Operation 'findMany' does not compile to one SQL statement. Execute the operation instead."


Expected: [32m"[7mOperation 'findMany' does not compile to one SQL statement. Execute the operation instead[27m."[39m
Received: [31m"[7mVector distance select does not support nullable vector field 'maybeEmbedding'[27m."[39m

 ❯ tests/raptor3/g4/review/unit01-followup2/distance-depth.test.ts:259:14
    257|         pgvector
    258|       );
    259|       assert.equal(seen.candidate, seen.shipped, `pgvector ${pgvector}…
       |              ^
    260|       assert.match(
    261|         seen.candidate,

⎯⎯⎯⎯⎯⎯⎯⎯⎯⎯⎯⎯⎯⎯⎯⎯⎯⎯⎯⎯⎯⎯[13/23]⎯

 FAIL  |raptor3| tests/raptor3/g4/review/unit01-followup2/distance-depth.test.ts > G4-01 repair 2 review — the registered distance refusals (finding D) > refuses a nullable vector select BEFORE the dimension mismatch
AssertionError: Expected values to be strictly equal:
+ actual - expected

+ "Vector distance select does not support nullable vector field 'maybeEmbedding'."
- "Operation 'findMany' does not compile to one SQL statement. Execute the operation instead."


Expected: [32m"[7mOperation 'findMany' does not compile to one SQL statement. Execute the operation instead[27m."[39m
Received: [31m"[7mVector distance select does not support nullable vector field 'maybeEmbedding'[27m."[39m

 ❯ tests/raptor3/g4/review/unit01-followup2/distance-depth.test.ts:279:12
    277|       true
    278|     );
    279|     assert.equal(seen.candidate, seen.shipped);
       |            ^
    280|     assert.match(seen.candidate, /does not support nullable vector fie…
    281|   });

⎯⎯⎯⎯⎯⎯⎯⎯⎯⎯⎯⎯⎯⎯⎯⎯⎯⎯⎯⎯⎯⎯[14/23]⎯

 FAIL  |raptor3| tests/raptor3/g4/review/unit01-followup2/distance-depth.test.ts > G4-01 repair 2 review — the registered distance refusals (finding D) > does NOT refuse a nullable vector in orderBy, on either engine
AssertionError: pgvector false
+ actual - expected

+ 'error:vector.orderBy is not supported. vector ordering requires a pgvector-enabled PostgreSQL driver'
- "error:Operation 'findMany' does not compile to one SQL statement. Execute the operation instead."


Expected: [32m"error:[7mOperation 'findMany' does not compile [27mto o[7mne SQL statement. Execute the operation instead.[27m"[39m
Received: [31m"error:[7mvector.orderBy is not supported. vec[27mto[7mr[27m o[7mrdering requires a pgvector-enabled PostgreSQL driver[27m"[39m

 ❯ tests/raptor3/g4/review/unit01-followup2/distance-depth.test.ts:303:16
    301|       );
    302|       if (seen.candidate.startsWith("error:"))
    303|         assert.equal(seen.candidate, seen.shipped, `pgvector ${pgvecto…
       |                ^
    304|     }
    305|   });

⎯⎯⎯⎯⎯⎯⎯⎯⎯⎯⎯⎯⎯⎯⎯⎯⎯⎯⎯⎯⎯⎯[15/23]⎯

 FAIL  |raptor3| tests/raptor3/g4/review/unit01-followup2/distance-depth.test.ts > G4-01 repair 2 review — the registered distance refusals (finding D) > agrees on an undeclared-dimension vector (no mismatch to raise)
AssertionError: to [1,2]: candidate ok:SELECT "q0"."id" AS "id", "q0"."freeVector" <-> $1::vector AS "_distance" FROM "public"."g4_r2rev_spots" AS "q0" WHERE TRUE
shipped error:Operation 'findMany' does not compile to one SQL statement. Execute the operation instead.

false !== true


[32m- Expected[39m
[31m+ Received[39m

[32m- true[39m
[31m+ false[39m

 ❯ tests/raptor3/g4/review/unit01-followup2/distance-depth.test.ts:314:14
    312|         true
    313|       );
    314|       assert.equal(
       |              ^
    315|         seen.candidate.startsWith("error:"),
    316|         seen.shipped.startsWith("error:"),

⎯⎯⎯⎯⎯⎯⎯⎯⎯⎯⎯⎯⎯⎯⎯⎯⎯⎯⎯⎯⎯⎯[16/23]⎯

 FAIL  |raptor3| tests/raptor3/g4/review/unit01-followup2/distance-depth.test.ts > G4-01 repair 2 review — the registered distance refusals (finding D) > agrees on the dimension refusal in every usage that reaches it
AssertionError: Expected values to be strictly equal:
+ actual - expected

+ "Vector distance orderBy dimension mismatch for 'embedding': expected 3 values, received 1."
- "Operation 'findMany' does not compile to one SQL statement. Execute the operation instead."


Expected: [32m"[7mOperation 'findMany' does not compile to one SQL statement. Ex[27mec[7mu[27mte[7m the operation instead[27m."[39m
Received: [31m"[7mVector distance orderBy dimension mismatch for 'embedding': exp[27mecte[7md 3 values, received 1[27m."[39m

 ❯ tests/raptor3/g4/review/unit01-followup2/distance-depth.test.ts:335:12
    333|       true
    334|     );
    335|     assert.equal(seen.candidate, seen.shipped);
       |            ^
    336|     assert.match(
    337|       seen.candidate,

⎯⎯⎯⎯⎯⎯⎯⎯⎯⎯⎯⎯⎯⎯⎯⎯⎯⎯⎯⎯⎯⎯[17/23]⎯

 FAIL  |raptor3| tests/raptor3/g4/review/unit01-followup2/distance-depth.test.ts > G4-01 repair 2 review — the registered distance refusals (finding D) > names the point tier identically for orderBy, select, equals and within
AssertionError: orderBy
+ actual - expected

+ 'error:point.distance orderBy is not supported. GeoPoint requires a provider with its physical point tier enabled.'
- "error:Operation 'findMany' does not compile to one SQL statement. Execute the operation instead."


Expected: [32m"error:[7mOperation 'findMany' does not compile to one SQL statement. Execute the operation instea[27md."[39m
Received: [31m"error:[7mpoint.distance orderBy is not supported. GeoPoint requires a provider with its physical point tier enable[27md."[39m

 ❯ tests/raptor3/g4/review/unit01-followup2/distance-depth.test.ts:381:16
    379|       );
    380|       if (seen.candidate.startsWith("error:"))
    381|         assert.equal(seen.candidate, seen.shipped, label);
       |                ^
    382|     }
    383|   });

⎯⎯⎯⎯⎯⎯⎯⎯⎯⎯⎯⎯⎯⎯⎯⎯⎯⎯⎯⎯⎯⎯[18/23]⎯

 FAIL  |raptor3| tests/raptor3/g4/review/unit01-followup2/distance-depth.test.ts > G4-01 repair 2 review — the registered distance refusals (finding D) > agrees on the distance-tier refusal when the point tier exists but distance does not
AssertionError: candidate ok:SELECT "q0"."id" AS "id" FROM "public"."g4_r2rev_spots" AS "q0" WHERE TRUE ORDER BY CASE WHEN "q0"."at" IS NULL OR ST_SetSRID(ST_MakePoint($1, $2), 4326)::geography IS NULL THEN NULL ELSE CAST($3 AS double precision) * 2 * ASIN(SQRT(LEAST(1, GREATEST(0, POWER(SIN((RADIANS(ST_Y(ST_SetSRID(ST_MakePoint($4, $5), 4326)::geography::geometry)) - RADIANS(ST_Y("q0"."at"::geometry))) / 2), 2) + COS(RADIANS(ST_Y("q0"."at"::geometry))) * COS(RADIANS(ST_Y(ST_SetSRID(ST_MakePoint($6, $7), 4326)::geography::geometry))) * POWER(SIN((RADIANS(ST_X(ST_SetSRID(ST_MakePoint($8, $9), 4326)::geography::geometry)) - RADIANS(ST_X("q0"."at"::geometry))) / 2), 2))))) END ASC NULLS LAST
shipped error:Operation 'findMany' does not compile to one SQL statement. Execute the operation instead.

false !== true


[32m- Expected[39m
[31m+ Received[39m

[32m- true[39m
[31m+ false[39m

 ❯ tests/raptor3/g4/review/unit01-followup2/distance-depth.test.ts:391:12
    389|       orderBy: { at: { _distance: { to: paris, sort: "asc" } } },
    390|     });
    391|     assert.equal(
       |            ^
    392|       seen.candidate.startsWith("error:"),
    393|       seen.shipped.startsWith("error:"),

⎯⎯⎯⎯⎯⎯⎯⎯⎯⎯⎯⎯⎯⎯⎯⎯⎯⎯⎯⎯⎯⎯[19/23]⎯

 FAIL  |raptor3| tests/raptor3/g4/review/unit01-followup2/distance-pins.test.ts > G4-01 repair 2 review — absolute distance pins > pins a reversed mixed order: the expression keeps NULLS LAST, the scalar flips bare
AssertionError: error:Operation 'findMany' does not compile to one SQL statement. Execute the operation instead.

[32m- Expected[39m
[31m+ Received[39m

[32m- true[39m
[31m+ false[39m

 ❯ tests/raptor3/g4/review/unit01-followup2/distance-pins.test.ts:111:12
    109|       take: -3,
    110|     });
    111|     assert.ok(seen.shipped.startsWith("ok:"), seen.shipped);
       |            ^
    112|     assert.ok(seen.candidate.startsWith("ok:"), seen.candidate);
    113|     assert.deepEqual(placements(seen.shipped), ["DESC NULLS LAST", "DE…

⎯⎯⎯⎯⎯⎯⎯⎯⎯⎯⎯⎯⎯⎯⎯⎯⎯⎯⎯⎯⎯⎯[20/23]⎯

 FAIL  |raptor3| tests/raptor3/g4/review/unit01-followup2/distance-pins.test.ts > G4-01 repair 2 review — absolute distance pins > pins the unreversed mixed order
AssertionError: Expected values to be strictly deep-equal:
+ actual - expected

+ []
- [
-   'ASC NULLS LAST',
-   'ASC'
- ]


[32m- Expected[39m
[31m+ Received[39m

[32m- [[39m
[32m-   "ASC NULLS LAST",[39m
[32m-   "ASC",[39m
[32m- ][39m
[31m+ [][39m

 ❯ tests/raptor3/g4/review/unit01-followup2/distance-pins.test.ts:123:12
    121|       take: 3,
    122|     });
    123|     assert.deepEqual(placements(seen.shipped), ["ASC NULLS LAST", "ASC…
       |            ^
    124|     assert.deepEqual(placements(seen.candidate), ["ASC NULLS LAST", "A…
    125|   });

⎯⎯⎯⎯⎯⎯⎯⎯⎯⎯⎯⎯⎯⎯⎯⎯⎯⎯⎯⎯⎯⎯[21/23]⎯

 FAIL  |raptor3| tests/raptor3/g4/review/unit01-followup2/distance-pins.test.ts > G4-01 repair 2 review — absolute distance pins > pins the no-point-tier sentence for every usage that reaches it
AssertionError: orderBy shipped error:Operation 'findMany' does not compile to one SQL statement. Execute the operation instead.

[32m- Expected[39m
[31m+ Received[39m

[32m- true[39m
[31m+ false[39m

 ❯ tests/raptor3/g4/review/unit01-followup2/distance-pins.test.ts:160:14
    158|     for (const [label, args] of cases) {
    159|       const seen = both(args, false);
    160|       assert.ok(seen.shipped.includes(sentence), `${label} shipped ${s…
       |              ^
    161|       assert.ok(
    162|         seen.candidate.includes(sentence),

⎯⎯⎯⎯⎯⎯⎯⎯⎯⎯⎯⎯⎯⎯⎯⎯⎯⎯⎯⎯⎯⎯[22/23]⎯

 FAIL  |raptor3| tests/raptor3/g4/review/unit01-followup2/distance-pins.test.ts > G4-01 repair 2 review — absolute distance pins > pins the two pgvector sentences
AssertionError: error:Operation 'findMany' does not compile to one SQL statement. Execute the operation instead.

[32m- Expected[39m
[31m+ Received[39m

[32m- true[39m
[31m+ false[39m

 ❯ tests/raptor3/g4/review/unit01-followup2/distance-pins.test.ts:175:12
    173|       },
    174|     });
    175|     assert.ok(
       |            ^
    176|       order.shipped.includes(
    177|         "vector ordering requires a pgvector-enabled PostgreSQL driver"

⎯⎯⎯⎯⎯⎯⎯⎯⎯⎯⎯⎯⎯⎯⎯⎯⎯⎯⎯⎯⎯⎯[23/23]⎯


 Test Files  3 failed | 26 passed (29)
      Tests  23 failed | 177 passed (200)
   Start at  22:34:57
   Duration  2.90s (transform 778ms, setup 24ms, collect 2.35s, tests 248ms, environment 0ms, prepare 29ms)

JSON report written to /var/folders/2c/xh5rx2d91wd_lk8rvnnhlr4m0000gn/T/viborm-raptor3-g0-nDisBW/vitest.json
Vitest resources: 4.95s wall, 640.7 MiB peak sampled process-group RSS (sampled ceiling 1536 MiB). Teardown verified.
Raptor 3 verification failed; diagnostics: /var/folders/2c/xh5rx2d91wd_lk8rvnnhlr4m0000gn/T/viborm-raptor3-g0-nDisBW
