
 RUN  v3.1.4 /private/tmp/viborm-sm

 ❯ |provider-mysql2| tests/unit/migrations/mysql-defaults-docker.test.ts (2 tests | 1 failed) 214ms
   ✓ MySQL declared defaults, at the database's own oracle > round-trips a backslash, a newline and a CRLF through DDL, catalog and a raw insert 181ms
   × MySQL declared defaults, at the database's own oracle > spells now() at the resolved column's precision, and nowhere else 33ms
     → This migration program failed partway through. MySQL commits DDL as each statement runs, so NOTHING was rolled back: every statement that completed stands, and VibORM makes no claim about whether the statement that failed took effect. The last statement that completed was: (none — the failure came before any statement completed). Estate artifacts and the control plane were not rewritten as a successful apply — fix the cause and re-run.

⎯⎯⎯⎯⎯⎯⎯ Failed Tests 1 ⎯⎯⎯⎯⎯⎯⎯

 FAIL  |provider-mysql2| tests/unit/migrations/mysql-defaults-docker.test.ts > MySQL declared defaults, at the database's own oracle > spells now() at the resolved column's precision, and nowhere else
MigrationError: This migration program failed partway through. MySQL commits DDL as each statement runs, so NOTHING was rolled back: every statement that completed stands, and VibORM makes no claim about whether the statement that failed took effect. The last statement that completed was: (none — the failure came before any statement completed). Estate artifacts and the control plane were not rewritten as a successful apply — fix the cause and re-run.
Caused by: Error: Underlying error details redacted
⎯⎯⎯⎯⎯⎯⎯⎯⎯⎯⎯⎯⎯⎯⎯⎯⎯⎯⎯⎯⎯⎯⎯⎯⎯⎯⎯⎯⎯⎯
Serialized Error: { code: 'V2001' }
Caused by: Error: Underlying error details redacted
⎯⎯⎯⎯⎯⎯⎯⎯⎯⎯⎯⎯⎯⎯⎯⎯⎯⎯⎯⎯⎯⎯⎯⎯⎯⎯⎯⎯⎯⎯
Serialized Error: { errno: 1067, sqlState: '42000' }
⎯⎯⎯⎯⎯⎯⎯⎯⎯⎯⎯⎯⎯⎯⎯⎯⎯⎯⎯⎯⎯⎯⎯⎯[1/1]⎯


 Test Files  1 failed (1)
      Tests  1 failed | 1 passed (2)
   Start at  16:47:54
   Duration  2.23s (transform 1.11s, setup 20ms, collect 1.69s, tests 214ms, environment 0ms, prepare 75ms)

Vitest resources: 5.17s wall, 469.6 MiB peak sampled process-group RSS (sampled ceiling 1536 MiB). Teardown verified.
