
 RUN  v3.1.4 /private/tmp/viborm-rulings

 ✓ |raptor3| tests/raptor3/transitions/conditional-upsert-commands.test.ts (11 tests) 112ms
 ✓ |raptor3| tests/raptor3/transitions/singular-lattice-commands.test.ts (58 tests) 219ms
 ✓ |raptor3| tests/raptor3/transitions/shared-key-suppliers-commands.test.ts (4 tests) 55ms
 ✓ |raptor3| tests/raptor3/transitions/junction-identity-commands.test.ts (2 tests) 111ms
 ✓ |raptor3| tests/raptor3/transitions/series-staleness-commands.test.ts (4 tests) 65ms
 ✓ |raptor3| tests/raptor3/transitions/mixed-key-transitions-commands.test.ts (8 tests) 79ms
 ✓ |raptor3| tests/raptor3/transitions/supplier-continuations-commands.test.ts (10 tests) 76ms
 ✓ |raptor3| tests/raptor3/transitions/membership-own-write-commands.test.ts (8 tests) 59ms
 ✓ |raptor3| tests/raptor3/transitions/staleness-commands.test.ts (3 tests) 41ms
 ✓ |raptor3| tests/raptor3/transitions/singular-commands.test.ts (20 tests) 111ms
 ✓ |raptor3| tests/raptor3/transitions/junctions-commands.test.ts (26 tests) 205ms
 ✓ |raptor3| tests/raptor3/transitions/variant-removals-commands.test.ts (14 tests) 90ms
 ✓ |raptor3| tests/raptor3/transitions/occupied-keys-commands.test.ts (8 tests) 81ms
 ✓ |raptor3| tests/raptor3/transitions/required-commands.test.ts (8 tests) 54ms
 ✓ |raptor3| tests/raptor3/transitions/keys-commands.test.ts (14 tests) 124ms
 ✓ |raptor3| tests/raptor3/transitions/own-write-commands.test.ts (18 tests) 106ms

 Test Files  16 passed (16)
      Tests  216 passed (216)
   Start at  22:10:36
   Duration  4.07s (transform 881ms, setup 18ms, collect 2.31s, tests 1.59s, environment 0ms, prepare 27ms)

JSON report written to /private/tmp/viborm-rulings-tmp/viborm-raptor3-g0-FbZEKS/vitest.json
Vitest resources: 5.89s wall, 751.4 MiB peak sampled process-group RSS (sampled ceiling 1536 MiB). Teardown verified.
Raptor 3 g2-contracts contract gate verified. Evidence: /private/tmp/viborm-rulings-tmp/viborm-raptor3-g0-FbZEKS
