
 RUN  v3.1.4 /Users/arnaud/code/viborm

 ❯ |raptor3| tests/raptor3/core-structure/measurement/extension-campaign.test.ts (1 test | 1 failed) 651ms
   × completes one exact admitted CS-03 extension seed batch 650ms
     → CS-03 a seed 7132, sqlite-interactive failed

⎯⎯⎯⎯⎯⎯⎯ Failed Tests 1 ⎯⎯⎯⎯⎯⎯⎯

 FAIL  |raptor3| tests/raptor3/core-structure/measurement/extension-campaign.test.ts > completes one exact admitted CS-03 extension seed batch
Error: CS-03 a seed 7132, sqlite-interactive failed
 ❯ runExtensionCampaign tests/raptor3/core-structure/measurement/extension-campaign.ts:47:15
     45|         record = await verifyExtensionCell(recipe, profile);
     46|       } catch (failure) {
     47|         throw new Error(
       |               ^
     48|           `CS-03 ${slice} seed ${recipe.seed}, ${profile} failed`,
     49|           { cause: failure }
 ❯ tests/raptor3/core-structure/measurement/extension-campaign.test.ts:20:20

Caused by: AssertionError: Missing semantic cut choice:found/root-member/0; observed outcome: {"kind":"success","value":[{"id":1,"label":"root-written"}]}

[32m- Expected[39m
[31m+ Received[39m

[32m- true[39m
[31m+ false[39m

 ❯ Object.assert tests/raptor3/harness/sqlite-world.ts:417:13
 ❯ verifyExtensionCell tests/raptor3/core-structure/measurement/extension-campaign.ts:24:17
 ❯ runExtensionCampaign tests/raptor3/core-structure/measurement/extension-campaign.ts:45:18
 ❯ tests/raptor3/core-structure/measurement/extension-campaign.test.ts:20:20

⎯⎯⎯⎯⎯⎯⎯⎯⎯⎯⎯⎯⎯⎯⎯⎯⎯⎯⎯⎯⎯⎯⎯⎯⎯⎯⎯⎯⎯⎯
Serialized Error: { generatedMessage: false, code: 'ERR_ASSERTION' }
⎯⎯⎯⎯⎯⎯⎯⎯⎯⎯⎯⎯⎯⎯⎯⎯⎯⎯⎯⎯⎯⎯⎯⎯[1/1]⎯


 Test Files  1 failed (1)
      Tests  1 failed (1)
   Start at  08:09:01
   Duration  2.61s (transform 1.20s, setup 8ms, collect 1.75s, tests 651ms, environment 0ms, prepare 33ms)

Vitest resources: 4.73s wall, 709.4 MiB peak sampled process-group RSS (sampled ceiling 1536 MiB). Teardown verified.
exit=1
