
 RUN  v3.1.4 /Users/arnaud/code/viborm

 ❯ |raptor3| tests/raptor3/core-structure/measurement/cs02-structure-measure.test.ts (1 test | 1 failed) 20ms
   × collects the frozen CS-02 structural work matrix 20ms
     → Expected values to be strictly deep-equal:
+ actual - expected
... Skipped lines

  {
+   activationIds: [],
-   activationIds: [
-     'activation:structure/depth-create/1:attempt/0/unconditional'
-   ],
    commandIds: [
      'command:structure/depth-create/1:root',
      'command:structure/depth-create/1:root/children/0'
    ],
    occurrences: [
      {
-       commandId: 'command:structure/depth-create/1:root',
-       occurrenceId: 'occurrence:structure/depth-create/1:root'
-     },
-     {
        commandId: 'command:structure/depth-create/1:root/children/0',
        occurrenceId: 'occurrence:structure/depth-create/1:root/children/0'
      }
    ],
    reads: [],
...
      {
-       occurrenceId: 'occurrence:structure/depth-create/1:root',
-       writeId: 'write:structure/depth-create/1:root'
-     },
-     {
        occurrenceId: 'occurrence:structure/depth-create/1:root/children/0',
        writeId: 'write:structure/depth-create/1:root/children/0'
      }
    ]
  }

 ❯ |raptor3| tests/raptor3/core-structure/measurement/extension-campaign.selftest.test.ts (42 tests | 10 failed) 205ms
   ✓ records and exactly replays CS-03 A seed 7103 under 'sqlite-interactive' 29ms
   ✓ records and exactly replays CS-03 A seed 7103 under 'sqlite-atomic-batch' 14ms
   ✓ records and exactly replays CS-03 A seed 7112 under 'sqlite-interactive' 7ms
   ✓ records and exactly replays CS-03 A seed 7112 under 'sqlite-atomic-batch' 7ms
   ✓ records and exactly replays CS-03 A seed 7117 under 'sqlite-interactive' 9ms
   ✓ records and exactly replays CS-03 A seed 7117 under 'sqlite-atomic-batch' 11ms
   ✓ records and exactly replays CS-03 A seed 7128 under 'sqlite-interactive' 10ms
   ✓ records and exactly replays CS-03 A seed 7128 under 'sqlite-atomic-batch' 7ms
   × records and exactly replays CS-03 A seed 7133 under 'sqlite-interactive' 2ms
     → Missing semantic cut choice:found/root-member/0; observed outcome: {"kind":"success","value":[{"id":1,"label":"root-written"},{"id":2,"label":"root-written"}]}
   × records and exactly replays CS-03 A seed 7133 under 'sqlite-atomic-batch' 2ms
     → Missing semantic cut choice:found/root-member/0; observed outcome: {"kind":"success","value":[{"id":1,"label":"root-written"},{"id":2,"label":"root-written"}]}
   × records and exactly replays CS-03 A seed 7144 under 'sqlite-interactive' 1ms
     → Missing semantic cut choice:found/root-member/0; observed outcome: {"kind":"success","value":[{"label":"root-written"}]}
   × records and exactly replays CS-03 A seed 7144 under 'sqlite-atomic-batch' 2ms
     → Missing semantic cut choice:found/root-member/0; observed outcome: {"kind":"success","value":[{"label":"root-written"}]}
   ✓ records and exactly replays CS-03 A seed 7149 under 'sqlite-interactive' 7ms
   ✓ records and exactly replays CS-03 A seed 7149 under 'sqlite-atomic-batch' 7ms
   × records and exactly replays CS-03 A seed 7160 under 'sqlite-interactive' 1ms
     → Missing semantic cut choice:missing/root-member/0; observed outcome: {"kind":"success","value":[{"label":"root-written"}]}
   × records and exactly replays CS-03 A seed 7160 under 'sqlite-atomic-batch' 1ms
     → Missing semantic cut choice:missing/root-member/0; observed outcome: {"kind":"success","value":[{"label":"root-written"}]}
   ✓ records and exactly replays CS-03 A seed 7109 under 'sqlite-interactive' 5ms
   ✓ records and exactly replays CS-03 A seed 7109 under 'sqlite-atomic-batch' 8ms
   ✓ records and exactly replays CS-03 A seed 7119 under 'sqlite-interactive' 10ms
   ✓ records and exactly replays CS-03 A seed 7119 under 'sqlite-atomic-batch' 16ms
   ✓ records and exactly replays CS-03 B seed 7200 under 'sqlite-interactive' 2ms
   ✓ records and exactly replays CS-03 B seed 7200 under 'sqlite-atomic-batch' 1ms
   ✓ records and exactly replays CS-03 B seed 7201 under 'sqlite-interactive' 1ms
   ✓ records and exactly replays CS-03 B seed 7201 under 'sqlite-atomic-batch' 1ms
   ✓ records and exactly replays CS-03 B seed 7202 under 'sqlite-interactive' 2ms
   ✓ records and exactly replays CS-03 B seed 7202 under 'sqlite-atomic-batch' 1ms
   ✓ records and exactly replays CS-03 B seed 7203 under 'sqlite-interactive' 2ms
   ✓ records and exactly replays CS-03 B seed 7203 under 'sqlite-atomic-batch' 1ms
   ✓ records and exactly replays CS-03 B seed 7204 under 'sqlite-interactive' 1ms
   ✓ records and exactly replays CS-03 B seed 7204 under 'sqlite-atomic-batch' 1ms
   ✓ records and exactly replays CS-03 B seed 7205 under 'sqlite-interactive' 3ms
   ✓ records and exactly replays CS-03 B seed 7205 under 'sqlite-atomic-batch' 3ms
   ✓ records and exactly replays CS-03 B seed 7214 under 'sqlite-interactive' 2ms
   ✓ records and exactly replays CS-03 B seed 7214 under 'sqlite-atomic-batch' 2ms
   ✓ records and exactly replays CS-03 composition seed 7300 under 'sqlite-interactive' 4ms
   ✓ records and exactly replays CS-03 composition seed 7300 under 'sqlite-atomic-batch' 3ms
   × records and exactly replays CS-03 composition seed 7305 under 'sqlite-interactive' 2ms
     → Missing semantic cut choice:missing/root-member/0; observed outcome: {"kind":"success","value":[{"label":"terminal"}]}
   × records and exactly replays CS-03 composition seed 7305 under 'sqlite-atomic-batch' 2ms
     → Missing semantic cut choice:missing/root-member/0; observed outcome: {"kind":"success","value":[{"label":"terminal"}]}
   ✓ records and exactly replays CS-03 composition seed 7310 under 'sqlite-interactive' 3ms
   ✓ records and exactly replays CS-03 composition seed 7310 under 'sqlite-atomic-batch' 3ms
   × records and exactly replays CS-03 composition seed 7313 under 'sqlite-interactive' 2ms
     → Missing semantic cut choice:missing/root-member/0; observed outcome: {"kind":"success","value":[{"label":"terminal"},{"label":"terminal"}]}
   × records and exactly replays CS-03 composition seed 7313 under 'sqlite-atomic-batch' 4ms
     → Missing semantic cut choice:missing/root-member/0; observed outcome: {"kind":"success","value":[{"label":"terminal"},{"label":"terminal"}]}

⎯⎯⎯⎯⎯⎯ Failed Tests 11 ⎯⎯⎯⎯⎯⎯⎯

 FAIL  |raptor3| tests/raptor3/core-structure/measurement/cs02-structure-measure.test.ts > collects the frozen CS-02 structural work matrix
AssertionError: Expected values to be strictly deep-equal:
+ actual - expected
... Skipped lines

  {
+   activationIds: [],
-   activationIds: [
-     'activation:structure/depth-create/1:attempt/0/unconditional'
-   ],
    commandIds: [
      'command:structure/depth-create/1:root',
      'command:structure/depth-create/1:root/children/0'
    ],
    occurrences: [
      {
-       commandId: 'command:structure/depth-create/1:root',
-       occurrenceId: 'occurrence:structure/depth-create/1:root'
-     },
-     {
        commandId: 'command:structure/depth-create/1:root/children/0',
        occurrenceId: 'occurrence:structure/depth-create/1:root/children/0'
      }
    ],
    reads: [],
...
      {
-       occurrenceId: 'occurrence:structure/depth-create/1:root',
-       writeId: 'write:structure/depth-create/1:root'
-     },
-     {
        occurrenceId: 'occurrence:structure/depth-create/1:root/children/0',
        writeId: 'write:structure/depth-create/1:root/children/0'
      }
    ]
  }


[32m- Expected[39m
[31m+ Received[39m

[33m@@ -1,30 +1,20 @@[39m
[2m  {[22m
[32m-   "activationIds": [[39m
[32m-     "activation:structure/depth-create/1:attempt/0/unconditional",[39m
[32m-   ],[39m
[31m+   "activationIds": [],[39m
[2m    "commandIds": [[22m
[2m      "command:structure/depth-create/1:root",[22m
[2m      "command:structure/depth-create/1:root/children/0",[22m
[2m    ],[22m
[2m    "occurrences": [[22m
[32m-     {[39m
[32m-       "commandId": "command:structure/depth-create/1:root",[39m
[32m-       "occurrenceId": "occurrence:structure/depth-create/1:root",[39m
[32m-     },[39m
[2m      {[22m
[2m        "commandId": "command:structure/depth-create/1:root/children/0",[22m
[2m        "occurrenceId": "occurrence:structure/depth-create/1:root/children/0",[22m
[2m      },[22m
[2m    ],[22m
[2m    "reads": [],[22m
[2m    "selectionIds": [],[22m
[2m    "writes": [[22m
[32m-     {[39m
[32m-       "occurrenceId": "occurrence:structure/depth-create/1:root",[39m
[32m-       "writeId": "write:structure/depth-create/1:root",[39m
[32m-     },[39m
[2m      {[22m
[2m        "occurrenceId": "occurrence:structure/depth-create/1:root/children/0",[22m
[2m        "writeId": "write:structure/depth-create/1:root/children/0",[22m
[2m      },[22m
[2m    ],[22m

 ❯ measureCreate tests/raptor3/core-structure/measurement/cs02-structure-measure.test.ts:1044:10
    1042|     }
    1043|   );
    1044|   assert.deepEqual(
       |          ^
    1045|     captured.semanticInventory,
    1046|     canonicalInventory(recipe.semanticInventory)
 ❯ tests/raptor3/core-structure/measurement/cs02-structure-measure.test.ts:1096:22

⎯⎯⎯⎯⎯⎯⎯⎯⎯⎯⎯⎯⎯⎯⎯⎯⎯⎯⎯⎯⎯⎯⎯[1/11]⎯

 FAIL  |raptor3| tests/raptor3/core-structure/measurement/extension-campaign.selftest.test.ts > records and exactly replays CS-03 A seed 7133 under 'sqlite-interactive'
 FAIL  |raptor3| tests/raptor3/core-structure/measurement/extension-campaign.selftest.test.ts > records and exactly replays CS-03 A seed 7133 under 'sqlite-atomic-batch'
AssertionError: Missing semantic cut choice:found/root-member/0; observed outcome: {"kind":"success","value":[{"id":1,"label":"root-written"},{"id":2,"label":"root-written"}]}

[32m- Expected[39m
[31m+ Received[39m

[32m- true[39m
[31m+ false[39m

 ❯ Object.assert tests/raptor3/harness/sqlite-world.ts:417:13
    415|           // Same-engine replay enters this same assertion owner.
    416|           for (const cut of fixture.requiredCuts)
    417|             assert(
       |             ^
    418|               observation.reachedCuts.includes(cut),
    419|               `Missing semantic cut ${cut}; observed outcome: ${JSON.s…
 ❯ verifyExtensionCell tests/raptor3/core-structure/measurement/extension-campaign.ts:24:17
 ❯ tests/raptor3/core-structure/measurement/extension-campaign.selftest.test.ts:28:20

⎯⎯⎯⎯⎯⎯⎯⎯⎯⎯⎯⎯⎯⎯⎯⎯⎯⎯⎯⎯⎯⎯⎯[2/11]⎯

 FAIL  |raptor3| tests/raptor3/core-structure/measurement/extension-campaign.selftest.test.ts > records and exactly replays CS-03 A seed 7144 under 'sqlite-interactive'
 FAIL  |raptor3| tests/raptor3/core-structure/measurement/extension-campaign.selftest.test.ts > records and exactly replays CS-03 A seed 7144 under 'sqlite-atomic-batch'
AssertionError: Missing semantic cut choice:found/root-member/0; observed outcome: {"kind":"success","value":[{"label":"root-written"}]}

[32m- Expected[39m
[31m+ Received[39m

[32m- true[39m
[31m+ false[39m

 ❯ Object.assert tests/raptor3/harness/sqlite-world.ts:417:13
    415|           // Same-engine replay enters this same assertion owner.
    416|           for (const cut of fixture.requiredCuts)
    417|             assert(
       |             ^
    418|               observation.reachedCuts.includes(cut),
    419|               `Missing semantic cut ${cut}; observed outcome: ${JSON.s…
 ❯ verifyExtensionCell tests/raptor3/core-structure/measurement/extension-campaign.ts:24:17
 ❯ tests/raptor3/core-structure/measurement/extension-campaign.selftest.test.ts:28:20

⎯⎯⎯⎯⎯⎯⎯⎯⎯⎯⎯⎯⎯⎯⎯⎯⎯⎯⎯⎯⎯⎯⎯[3/11]⎯

 FAIL  |raptor3| tests/raptor3/core-structure/measurement/extension-campaign.selftest.test.ts > records and exactly replays CS-03 A seed 7160 under 'sqlite-interactive'
 FAIL  |raptor3| tests/raptor3/core-structure/measurement/extension-campaign.selftest.test.ts > records and exactly replays CS-03 A seed 7160 under 'sqlite-atomic-batch'
AssertionError: Missing semantic cut choice:missing/root-member/0; observed outcome: {"kind":"success","value":[{"label":"root-written"}]}

[32m- Expected[39m
[31m+ Received[39m

[32m- true[39m
[31m+ false[39m

 ❯ Object.assert tests/raptor3/harness/sqlite-world.ts:417:13
    415|           // Same-engine replay enters this same assertion owner.
    416|           for (const cut of fixture.requiredCuts)
    417|             assert(
       |             ^
    418|               observation.reachedCuts.includes(cut),
    419|               `Missing semantic cut ${cut}; observed outcome: ${JSON.s…
 ❯ verifyExtensionCell tests/raptor3/core-structure/measurement/extension-campaign.ts:24:17
 ❯ tests/raptor3/core-structure/measurement/extension-campaign.selftest.test.ts:28:20

⎯⎯⎯⎯⎯⎯⎯⎯⎯⎯⎯⎯⎯⎯⎯⎯⎯⎯⎯⎯⎯⎯⎯[4/11]⎯

 FAIL  |raptor3| tests/raptor3/core-structure/measurement/extension-campaign.selftest.test.ts > records and exactly replays CS-03 composition seed 7305 under 'sqlite-interactive'
 FAIL  |raptor3| tests/raptor3/core-structure/measurement/extension-campaign.selftest.test.ts > records and exactly replays CS-03 composition seed 7305 under 'sqlite-atomic-batch'
AssertionError: Missing semantic cut choice:missing/root-member/0; observed outcome: {"kind":"success","value":[{"label":"terminal"}]}

[32m- Expected[39m
[31m+ Received[39m

[32m- true[39m
[31m+ false[39m

 ❯ Object.assert tests/raptor3/harness/sqlite-world.ts:417:13
    415|           // Same-engine replay enters this same assertion owner.
    416|           for (const cut of fixture.requiredCuts)
    417|             assert(
       |             ^
    418|               observation.reachedCuts.includes(cut),
    419|               `Missing semantic cut ${cut}; observed outcome: ${JSON.s…
 ❯ verifyExtensionCell tests/raptor3/core-structure/measurement/extension-campaign.ts:24:17
 ❯ tests/raptor3/core-structure/measurement/extension-campaign.selftest.test.ts:52:20

⎯⎯⎯⎯⎯⎯⎯⎯⎯⎯⎯⎯⎯⎯⎯⎯⎯⎯⎯⎯⎯⎯⎯[5/11]⎯

 FAIL  |raptor3| tests/raptor3/core-structure/measurement/extension-campaign.selftest.test.ts > records and exactly replays CS-03 composition seed 7313 under 'sqlite-interactive'
 FAIL  |raptor3| tests/raptor3/core-structure/measurement/extension-campaign.selftest.test.ts > records and exactly replays CS-03 composition seed 7313 under 'sqlite-atomic-batch'
AssertionError: Missing semantic cut choice:missing/root-member/0; observed outcome: {"kind":"success","value":[{"label":"terminal"},{"label":"terminal"}]}

[32m- Expected[39m
[31m+ Received[39m

[32m- true[39m
[31m+ false[39m

 ❯ Object.assert tests/raptor3/harness/sqlite-world.ts:417:13
    415|           // Same-engine replay enters this same assertion owner.
    416|           for (const cut of fixture.requiredCuts)
    417|             assert(
       |             ^
    418|               observation.reachedCuts.includes(cut),
    419|               `Missing semantic cut ${cut}; observed outcome: ${JSON.s…
 ❯ verifyExtensionCell tests/raptor3/core-structure/measurement/extension-campaign.ts:24:17
 ❯ tests/raptor3/core-structure/measurement/extension-campaign.selftest.test.ts:52:20

⎯⎯⎯⎯⎯⎯⎯⎯⎯⎯⎯⎯⎯⎯⎯⎯⎯⎯⎯⎯⎯⎯⎯[6/11]⎯


 Test Files  2 failed (2)
      Tests  11 failed | 32 passed (43)
   Start at  08:08:35
   Duration  2.67s (transform 1.47s, setup 9ms, collect 2.22s, tests 225ms, environment 0ms, prepare 34ms)

Vitest resources: 4.77s wall, 659.4 MiB peak sampled process-group RSS (sampled ceiling 1536 MiB). Teardown verified.
exit=1
