
 RUN  v3.1.4 /Users/arnaud/code/viborm

 ❯ |extended-local| tests/raptor3/g4/unit02/uncertain-outcome-meta.test.ts (4 tests | 1 failed) 78ms
   ✓ G4-02 — an uncertain outcome is not a record series > 1. a root create rejected before dispatch publishes no record-series progress 49ms
   ✓ G4-02 — an uncertain outcome is not a record series > 2. a real record series rejected the same way keeps its progress 7ms
   × G4-02 — an uncertain outcome is not a record series > 3. an uncertain root create invalidates the cache on both routes 14ms
     → the candidate must too, from the transport that learned it: {"candidate":{"invalidations":0,"outcome":"QueryError"},"shipped":{"invalidations":1,"outcome":"QueryError"}}

0 !== 1

   ✓ G4-02 — an uncertain outcome is not a record series > 4. a committed root create on the same transport invalidates exactly once 7ms

⎯⎯⎯⎯⎯⎯⎯ Failed Tests 1 ⎯⎯⎯⎯⎯⎯⎯

 FAIL  |extended-local| tests/raptor3/g4/unit02/uncertain-outcome-meta.test.ts > G4-02 — an uncertain outcome is not a record series > 3. an uncertain root create invalidates the cache on both routes
AssertionError: the candidate must too, from the transport that learned it: {"candidate":{"invalidations":0,"outcome":"QueryError"},"shipped":{"invalidations":1,"outcome":"QueryError"}}

0 !== 1


[32m- Expected[39m
[31m+ Received[39m

[32m- 1[39m
[31m+ 0[39m

 ❯ tests/raptor3/g4/unit02/uncertain-outcome-meta.test.ts:311:12
    309|       `the shipped engine invalidates for an outcome it cannot prove r…
    310|     );
    311|     assert.equal(
       |            ^
    312|       candidate.invalidations,
    313|       1,

⎯⎯⎯⎯⎯⎯⎯⎯⎯⎯⎯⎯⎯⎯⎯⎯⎯⎯⎯⎯⎯⎯⎯⎯[1/1]⎯


 Test Files  1 failed (1)
      Tests  1 failed | 3 passed (4)
   Start at  22:40:45
   Duration  7.03s (transform 4.04s, setup 97ms, collect 5.99s, tests 78ms, environment 0ms, prepare 207ms)

Vitest resources: 13.30s wall, 544.8 MiB peak sampled process-group RSS (sampled ceiling 1536 MiB). Teardown verified.
