
 RUN  v3.1.4 /private/tmp/viborm-o2

 ❯ |layer-query-engine| tests/contracts/engine/query/parity-decoding.core.test.ts (13 tests | 1 failed) 23ms
   ✓ the decoder fails closed on a wrong provider row > a null _count carrier is a malformed row, not a null count 7ms
   ✓ the decoder fails closed on a wrong provider row > a relation that is not an array raises the public class 2ms
   ✓ the decoder fails closed on a wrong provider row > a document that is not a row raises the public class 1ms
   ✓ the driver result seam is reached (D-17) > the driver's own json rule decodes a top-level document 1ms
   ✓ the driver result seam is reached (D-17) > a driver rule that throws is a malformed value, not a raw SyntaxError 0ms
   ✓ the driver result seam is reached (D-17) > the count and the exists answer are the decoder's, not the seam's (D-35) 2ms
   ✓ the driver result seam is reached (D-17) > a JSON integer outside the safe range is refused, and a safe one is a number 1ms
   ✓ the adapter result seam decides nothing (D-40) > PostgreSQL answers the count and the exists from the decoder alone 1ms
   ✓ the adapter result seam decides nothing (D-40) > MySQL answers them from the decoder alone, and only under its own alias 1ms
   × the adapter result seam decides nothing (D-40) > the three shipped adapters share one pass-through, and a custom adapter's own is still asked 4ms
     → expected [Function parseResult] to be [Function passThroughParseResult] // Object.is equality
   ✓ one physical vocabulary > a decimal carried inside a window stays TEXT 1ms
   ✓ one physical vocabulary > the cursor carrier has one home 1ms
   ✓ one physical vocabulary > the registered _distance collision sentence, in both orders 1ms

⎯⎯⎯⎯⎯⎯⎯ Failed Tests 1 ⎯⎯⎯⎯⎯⎯⎯

 FAIL  |layer-query-engine| tests/contracts/engine/query/parity-decoding.core.test.ts > the adapter result seam decides nothing (D-40) > the three shipped adapters share one pass-through, and a custom adapter's own is still asked
AssertionError: expected [Function parseResult] to be [Function passThroughParseResult] // Object.is equality

[32m- Expected[39m
[31m+ Received[39m

[32m- [Function passThroughParseResult][39m
[31m+ [Function parseResult][39m

 ❯ tests/contracts/engine/query/parity-decoding.core.test.ts:346:54
    344|     expect(new SQLiteAdapter().result.parseResult).toBe(passThroughPar…
    345|     expect(new MySQLAdapter().result.parseResult).toBe(passThroughPars…
    346|     expect(new PostgresAdapter().result.parseResult).toBe(
       |                                                      ^
    347|       passThroughParseResult
    348|     );

⎯⎯⎯⎯⎯⎯⎯⎯⎯⎯⎯⎯⎯⎯⎯⎯⎯⎯⎯⎯⎯⎯⎯⎯[1/1]⎯


 Test Files  1 failed (1)
      Tests  1 failed | 12 passed (13)
   Start at  00:59:51
   Duration  2.74s (transform 966ms, setup 11ms, collect 1.44s, tests 23ms, environment 0ms, prepare 32ms)

Vitest resources: 7.00s wall, 452.7 MiB peak sampled process-group RSS (sampled ceiling 1536 MiB). Teardown verified.
