
 RUN  v3.1.4 /private/tmp/viborm-g4-lane-6

 ✓ |raptor3| tests/raptor3/transport-campaign.test.ts (1 test) 1648ms
   ✓ completes the exact admitted transport seed batch  1647ms

 Test Files  1 passed (1)
      Tests  1 passed (1)
   Start at  20:45:53
   Duration  7.85s (transform 2.23s, setup 14ms, collect 3.32s, tests 1.65s, environment 0ms, prepare 50ms)

JSON report written to /private/tmp/viborm-g4-lane-tmp-6/viborm-raptor3-g0-RugECi/vitest.json
Vitest resources: 14.75s wall, 671.1 MiB peak sampled process-group RSS (sampled ceiling 1536 MiB). Teardown verified.
Raptor 3 g1-transport-seed-batch contract gate verified. Evidence: /private/tmp/viborm-g4-lane-tmp-6/viborm-raptor3-g0-RugECi

 RUN  v3.1.4 /private/tmp/viborm-g4-lane-6

 ✓ |raptor3| tests/raptor3/transport-campaign.test.ts (1 test) 2660ms
   ✓ completes the exact admitted transport seed batch  2658ms

 Test Files  1 passed (1)
      Tests  1 passed (1)
   Start at  20:46:12
   Duration  9.48s (transform 2.17s, setup 13ms, collect 3.32s, tests 2.66s, environment 0ms, prepare 54ms)

JSON report written to /private/tmp/viborm-g4-lane-tmp-6/viborm-raptor3-g0-AZWsjm/vitest.json
Vitest resources: 16.96s wall, 587.3 MiB peak sampled process-group RSS (sampled ceiling 1536 MiB). Teardown verified.
Raptor 3 g1-transport-seed-batch contract gate verified. Evidence: /private/tmp/viborm-g4-lane-tmp-6/viborm-raptor3-g0-AZWsjm

 RUN  v3.1.4 /private/tmp/viborm-g4-lane-6

 ✓ |raptor3| tests/raptor3/transport-campaign.test.ts (1 test) 1945ms
   ✓ completes the exact admitted transport seed batch  1943ms

 Test Files  1 passed (1)
      Tests  1 passed (1)
   Start at  20:46:33
   Duration  8.04s (transform 2.40s, setup 16ms, collect 3.65s, tests 1.94s, environment 0ms, prepare 50ms)

JSON report written to /private/tmp/viborm-g4-lane-tmp-6/viborm-raptor3-g0-STPD4e/vitest.json
Vitest resources: 16.43s wall, 666.1 MiB peak sampled process-group RSS (sampled ceiling 1536 MiB). Teardown verified.
Raptor 3 g1-transport-seed-batch contract gate verified. Evidence: /private/tmp/viborm-g4-lane-tmp-6/viborm-raptor3-g0-STPD4e

 RUN  v3.1.4 /private/tmp/viborm-g4-lane-6

 ✓ |raptor3| tests/raptor3/transport-campaign.test.ts (1 test) 1613ms
   ✓ completes the exact admitted transport seed batch  1612ms

 Test Files  1 passed (1)
      Tests  1 passed (1)
   Start at  20:46:54
   Duration  8.06s (transform 2.30s, setup 15ms, collect 3.39s, tests 1.61s, environment 0ms, prepare 90ms)

JSON report written to /private/tmp/viborm-g4-lane-tmp-6/viborm-raptor3-g0-XpqvAj/vitest.json
Vitest resources: 16.01s wall, 673.1 MiB peak sampled process-group RSS (sampled ceiling 1536 MiB). Teardown verified.
Raptor 3 g1-transport-seed-batch contract gate verified. Evidence: /private/tmp/viborm-g4-lane-tmp-6/viborm-raptor3-g0-XpqvAj

 RUN  v3.1.4 /private/tmp/viborm-g4-lane-6

 ✓ |raptor3| tests/raptor3/transport-campaign.test.ts (1 test) 2360ms
   ✓ completes the exact admitted transport seed batch  2359ms

 Test Files  1 passed (1)
      Tests  1 passed (1)
   Start at  20:47:15
   Duration  9.72s (transform 2.78s, setup 16ms, collect 4.11s, tests 2.36s, environment 0ms, prepare 62ms)

JSON report written to /private/tmp/viborm-g4-lane-tmp-6/viborm-raptor3-g0-AYZPei/vitest.json
Vitest resources: 20.33s wall, 614.0 MiB peak sampled process-group RSS (sampled ceiling 1536 MiB). Teardown verified.
Raptor 3 g1-transport-seed-batch contract gate verified. Evidence: /private/tmp/viborm-g4-lane-tmp-6/viborm-raptor3-g0-AYZPei

 RUN  v3.1.4 /private/tmp/viborm-g4-lane-6

 ✓ |raptor3| tests/raptor3/transport-campaign.test.ts (1 test) 1679ms
   ✓ completes the exact admitted transport seed batch  1679ms

 Test Files  1 passed (1)
      Tests  1 passed (1)
   Start at  20:47:41
   Duration  8.64s (transform 2.24s, setup 16ms, collect 3.30s, tests 1.68s, environment 0ms, prepare 61ms)

JSON report written to /private/tmp/viborm-g4-lane-tmp-6/viborm-raptor3-g0-mHLAGM/vitest.json
Vitest resources: 18.63s wall, 676.0 MiB peak sampled process-group RSS (sampled ceiling 1536 MiB). Teardown verified.
Raptor 3 g1-transport-seed-batch contract gate verified. Evidence: /private/tmp/viborm-g4-lane-tmp-6/viborm-raptor3-g0-mHLAGM

 RUN  v3.1.4 /private/tmp/viborm-g4-lane-6

 ✓ |raptor3| tests/raptor3/transport-campaign.test.ts (1 test) 1838ms
   ✓ completes the exact admitted transport seed batch  1837ms

 Test Files  1 passed (1)
      Tests  1 passed (1)
   Start at  20:48:05
   Duration  9.07s (transform 2.88s, setup 13ms, collect 4.36s, tests 1.84s, environment 0ms, prepare 55ms)

JSON report written to /private/tmp/viborm-g4-lane-tmp-6/viborm-raptor3-g0-zVYIiJ/vitest.json
Vitest resources: 20.56s wall, 656.8 MiB peak sampled process-group RSS (sampled ceiling 1536 MiB). Teardown verified.
Raptor 3 g1-transport-seed-batch contract gate verified. Evidence: /private/tmp/viborm-g4-lane-tmp-6/viborm-raptor3-g0-zVYIiJ

 RUN  v3.1.4 /private/tmp/viborm-g4-lane-6

 ✓ |raptor3| tests/raptor3/transport-campaign.test.ts (1 test) 1098ms
   ✓ completes the exact admitted transport seed batch  1097ms

 Test Files  1 passed (1)
      Tests  1 passed (1)
   Start at  20:48:27
   Duration  5.51s (transform 1.91s, setup 13ms, collect 2.92s, tests 1.10s, environment 0ms, prepare 50ms)

JSON report written to /private/tmp/viborm-g4-lane-tmp-6/viborm-raptor3-g0-SyhFSG/vitest.json
Vitest resources: 13.80s wall, 676.3 MiB peak sampled process-group RSS (sampled ceiling 1536 MiB). Teardown verified.
Raptor 3 g1-transport-seed-batch contract gate verified. Evidence: /private/tmp/viborm-g4-lane-tmp-6/viborm-raptor3-g0-SyhFSG

 RUN  v3.1.4 /private/tmp/viborm-g4-lane-6

 ✓ |raptor3| tests/raptor3/transport-campaign.test.ts (1 test) 1465ms
   ✓ completes the exact admitted transport seed batch  1464ms

 Test Files  1 passed (1)
      Tests  1 passed (1)
   Start at  20:48:45
   Duration  8.47s (transform 2.59s, setup 14ms, collect 3.92s, tests 1.46s, environment 0ms, prepare 52ms)

JSON report written to /private/tmp/viborm-g4-lane-tmp-6/viborm-raptor3-g0-JapDi5/vitest.json
Vitest resources: 16.40s wall, 657.7 MiB peak sampled process-group RSS (sampled ceiling 1536 MiB). Teardown verified.
Raptor 3 g1-transport-seed-batch contract gate verified. Evidence: /private/tmp/viborm-g4-lane-tmp-6/viborm-raptor3-g0-JapDi5

 RUN  v3.1.4 /private/tmp/viborm-g4-lane-6

 ✓ |raptor3| tests/raptor3/transport-campaign.test.ts (1 test) 1743ms
   ✓ completes the exact admitted transport seed batch  1742ms

 Test Files  1 passed (1)
      Tests  1 passed (1)
   Start at  20:49:01
   Duration  8.40s (transform 2.19s, setup 14ms, collect 3.33s, tests 1.74s, environment 0ms, prepare 56ms)

JSON report written to /private/tmp/viborm-g4-lane-tmp-6/viborm-raptor3-g0-fdXATQ/vitest.json
Vitest resources: 14.85s wall, 682.4 MiB peak sampled process-group RSS (sampled ceiling 1536 MiB). Teardown verified.
Raptor 3 g1-transport-seed-batch contract gate verified. Evidence: /private/tmp/viborm-g4-lane-tmp-6/viborm-raptor3-g0-fdXATQ
Raptor 3 g1-transport-seeds campaign verified (not the full milestone). Evidence: /private/tmp/viborm-g4-lane-tmp-6/viborm-raptor3-g1-transport-seeds-L4EnUy
