
 RUN  v3.1.4 /private/tmp/viborm-g4-lane-6

 ✓ |raptor3| tests/raptor3/g3/generation/transport-campaign.test.ts (1 test) 12029ms
   ✓ executes one complete G3 transport seed batch  12028ms

 Test Files  1 passed (1)
      Tests  1 passed (1)
   Start at  20:03:28
   Duration  24.67s (transform 5.12s, setup 16ms, collect 7.98s, tests 12.03s, environment 0ms, prepare 77ms)

JSON report written to /private/tmp/viborm-g4-lane-tmp-6/viborm-raptor3-g0-VnJBXK/vitest.json
Vitest resources: 40.51s wall, 693.5 MiB peak sampled process-group RSS (sampled ceiling 1536 MiB). Teardown verified.
Raptor 3 g3-transport-seed-batch contract gate verified. Evidence: /private/tmp/viborm-g4-lane-tmp-6/viborm-raptor3-g0-VnJBXK

 RUN  v3.1.4 /private/tmp/viborm-g4-lane-6

 ✓ |raptor3| tests/raptor3/g3/generation/transport-campaign.test.ts (1 test) 9245ms
   ✓ executes one complete G3 transport seed batch  9244ms

 Test Files  1 passed (1)
      Tests  1 passed (1)
   Start at  20:04:10
   Duration  21.51s (transform 4.59s, setup 26ms, collect 7.28s, tests 9.24s, environment 0ms, prepare 136ms)

JSON report written to /private/tmp/viborm-g4-lane-tmp-6/viborm-raptor3-g0-CD68U7/vitest.json
Vitest resources: 30.49s wall, 678.8 MiB peak sampled process-group RSS (sampled ceiling 1536 MiB). Teardown verified.
Raptor 3 g3-transport-seed-batch contract gate verified. Evidence: /private/tmp/viborm-g4-lane-tmp-6/viborm-raptor3-g0-CD68U7

 RUN  v3.1.4 /private/tmp/viborm-g4-lane-6

 ✓ |raptor3| tests/raptor3/g3/generation/transport-campaign.test.ts (1 test) 8969ms
   ✓ executes one complete G3 transport seed batch  8967ms

 Test Files  1 passed (1)
      Tests  1 passed (1)
   Start at  20:04:58
   Duration  22.69s (transform 4.94s, setup 23ms, collect 7.65s, tests 8.97s, environment 0ms, prepare 91ms)

JSON report written to /private/tmp/viborm-g4-lane-tmp-6/viborm-raptor3-g0-IEnnZh/vitest.json
Vitest resources: 38.51s wall, 650.3 MiB peak sampled process-group RSS (sampled ceiling 1536 MiB). Teardown verified.
Raptor 3 g3-transport-seed-batch contract gate verified. Evidence: /private/tmp/viborm-g4-lane-tmp-6/viborm-raptor3-g0-IEnnZh

 RUN  v3.1.4 /private/tmp/viborm-g4-lane-6

 ✓ |raptor3| tests/raptor3/g3/generation/transport-campaign.test.ts (1 test) 12628ms
   ✓ executes one complete G3 transport seed batch  12627ms

 Test Files  1 passed (1)
      Tests  1 passed (1)
   Start at  20:05:38
   Duration  24.46s (transform 4.27s, setup 27ms, collect 6.50s, tests 12.63s, environment 0ms, prepare 88ms)

JSON report written to /private/tmp/viborm-g4-lane-tmp-6/viborm-raptor3-g0-cj2d0o/vitest.json
Vitest resources: 38.03s wall, 568.4 MiB peak sampled process-group RSS (sampled ceiling 1536 MiB). Teardown verified.
Raptor 3 g3-transport-seed-batch contract gate verified. Evidence: /private/tmp/viborm-g4-lane-tmp-6/viborm-raptor3-g0-cj2d0o

 RUN  v3.1.4 /private/tmp/viborm-g4-lane-6

 ✓ |raptor3| tests/raptor3/g3/generation/transport-campaign.test.ts (1 test) 6613ms
   ✓ executes one complete G3 transport seed batch  6612ms

 Test Files  1 passed (1)
      Tests  1 passed (1)
   Start at  20:06:36
   Duration  13.38s (transform 2.60s, setup 17ms, collect 3.85s, tests 6.61s, environment 0ms, prepare 57ms)

JSON report written to /private/tmp/viborm-g4-lane-tmp-6/viborm-raptor3-g0-ax5hja/vitest.json
Vitest resources: 32.93s wall, 978.9 MiB peak sampled process-group RSS (sampled ceiling 1536 MiB). Teardown verified.
Raptor 3 g3-transport-seed-batch contract gate verified. Evidence: /private/tmp/viborm-g4-lane-tmp-6/viborm-raptor3-g0-ax5hja

 RUN  v3.1.4 /private/tmp/viborm-g4-lane-6

 ✓ |raptor3| tests/raptor3/g3/generation/transport-campaign.test.ts (1 test) 6081ms
   ✓ executes one complete G3 transport seed batch  6080ms

 Test Files  1 passed (1)
      Tests  1 passed (1)
   Start at  20:07:13
   Duration  16.30s (transform 4.10s, setup 32ms, collect 6.32s, tests 6.08s, environment 0ms, prepare 82ms)

JSON report written to /private/tmp/viborm-g4-lane-tmp-6/viborm-raptor3-g0-zYylNZ/vitest.json
Vitest resources: 26.27s wall, 702.3 MiB peak sampled process-group RSS (sampled ceiling 1536 MiB). Teardown verified.
Raptor 3 g3-transport-seed-batch contract gate verified. Evidence: /private/tmp/viborm-g4-lane-tmp-6/viborm-raptor3-g0-zYylNZ

 RUN  v3.1.4 /private/tmp/viborm-g4-lane-6

 ✓ |raptor3| tests/raptor3/g3/generation/transport-campaign.test.ts (1 test) 7709ms
   ✓ executes one complete G3 transport seed batch  7709ms

 Test Files  1 passed (1)
      Tests  1 passed (1)
   Start at  20:07:52
   Duration  17.23s (transform 3.62s, setup 31ms, collect 5.39s, tests 7.71s, environment 0ms, prepare 133ms)

JSON report written to /private/tmp/viborm-g4-lane-tmp-6/viborm-raptor3-g0-EexFWk/vitest.json
Vitest resources: 29.67s wall, 805.6 MiB peak sampled process-group RSS (sampled ceiling 1536 MiB). Teardown verified.
Raptor 3 g3-transport-seed-batch contract gate verified. Evidence: /private/tmp/viborm-g4-lane-tmp-6/viborm-raptor3-g0-EexFWk

 RUN  v3.1.4 /private/tmp/viborm-g4-lane-6

 ✓ |raptor3| tests/raptor3/g3/generation/transport-campaign.test.ts (1 test) 5355ms
   ✓ executes one complete G3 transport seed batch  5354ms

 Test Files  1 passed (1)
      Tests  1 passed (1)
   Start at  20:08:32
   Duration  15.28s (transform 3.96s, setup 31ms, collect 6.09s, tests 5.36s, environment 0ms, prepare 108ms)

JSON report written to /private/tmp/viborm-g4-lane-tmp-6/viborm-raptor3-g0-3W0u72/vitest.json
Vitest resources: 28.94s wall, 765.4 MiB peak sampled process-group RSS (sampled ceiling 1536 MiB). Teardown verified.
Raptor 3 g3-transport-seed-batch contract gate verified. Evidence: /private/tmp/viborm-g4-lane-tmp-6/viborm-raptor3-g0-3W0u72

 RUN  v3.1.4 /private/tmp/viborm-g4-lane-6

 ✓ |raptor3| tests/raptor3/g3/generation/transport-campaign.test.ts (1 test) 6066ms
   ✓ executes one complete G3 transport seed batch  6065ms

 Test Files  1 passed (1)
      Tests  1 passed (1)
   Start at  20:09:12
   Duration  17.85s (transform 4.47s, setup 33ms, collect 7.07s, tests 6.07s, environment 0ms, prepare 128ms)

JSON report written to /private/tmp/viborm-g4-lane-tmp-6/viborm-raptor3-g0-izVUtX/vitest.json
Vitest resources: 31.56s wall, 465.1 MiB peak sampled process-group RSS (sampled ceiling 1536 MiB). Teardown verified.
Raptor 3 g3-transport-seed-batch contract gate verified. Evidence: /private/tmp/viborm-g4-lane-tmp-6/viborm-raptor3-g0-izVUtX

 RUN  v3.1.4 /private/tmp/viborm-g4-lane-6

 ✓ |raptor3| tests/raptor3/g3/generation/transport-campaign.test.ts (1 test) 6543ms
   ✓ executes one complete G3 transport seed batch  6541ms

 Test Files  1 passed (1)
      Tests  1 passed (1)
   Start at  20:09:51
   Duration  14.89s (transform 3.13s, setup 24ms, collect 4.66s, tests 6.54s, environment 0ms, prepare 83ms)

JSON report written to /private/tmp/viborm-g4-lane-tmp-6/viborm-raptor3-g0-RA3psW/vitest.json
Vitest resources: 27.70s wall, 702.6 MiB peak sampled process-group RSS (sampled ceiling 1536 MiB). Teardown verified.
Raptor 3 g3-transport-seed-batch contract gate verified. Evidence: /private/tmp/viborm-g4-lane-tmp-6/viborm-raptor3-g0-RA3psW

 RUN  v3.1.4 /private/tmp/viborm-g4-lane-6

 ✓ |raptor3| tests/raptor3/g3/generation/transport-campaign.test.ts (1 test) 5982ms
   ✓ executes one complete G3 transport seed batch  5981ms

 Test Files  1 passed (1)
      Tests  1 passed (1)
   Start at  20:10:22
   Duration  13.10s (transform 2.16s, setup 18ms, collect 3.19s, tests 5.98s, environment 0ms, prepare 57ms)

JSON report written to /private/tmp/viborm-g4-lane-tmp-6/viborm-raptor3-g0-VTQrFg/vitest.json
Vitest resources: 22.26s wall, 748.5 MiB peak sampled process-group RSS (sampled ceiling 1536 MiB). Teardown verified.
Raptor 3 g3-transport-seed-batch contract gate verified. Evidence: /private/tmp/viborm-g4-lane-tmp-6/viborm-raptor3-g0-VTQrFg

 RUN  v3.1.4 /private/tmp/viborm-g4-lane-6

 ✓ |raptor3| tests/raptor3/g3/generation/transport-campaign.test.ts (1 test) 7004ms
   ✓ executes one complete G3 transport seed batch  7003ms

 Test Files  1 passed (1)
      Tests  1 passed (1)
   Start at  20:10:52
   Duration  12.55s (transform 2.19s, setup 12ms, collect 3.22s, tests 7.00s, environment 0ms, prepare 51ms)

JSON report written to /private/tmp/viborm-g4-lane-tmp-6/viborm-raptor3-g0-K87mVP/vitest.json
Vitest resources: 23.42s wall, 963.3 MiB peak sampled process-group RSS (sampled ceiling 1536 MiB). Teardown verified.
Raptor 3 g3-transport-seed-batch contract gate verified. Evidence: /private/tmp/viborm-g4-lane-tmp-6/viborm-raptor3-g0-K87mVP

 RUN  v3.1.4 /private/tmp/viborm-g4-lane-6

 ✓ |raptor3| tests/raptor3/g3/generation/transport-campaign.test.ts (1 test) 5747ms
   ✓ executes one complete G3 transport seed batch  5746ms

 Test Files  1 passed (1)
      Tests  1 passed (1)
   Start at  20:11:24
   Duration  12.28s (transform 2.27s, setup 14ms, collect 3.38s, tests 5.75s, environment 0ms, prepare 56ms)

JSON report written to /private/tmp/viborm-g4-lane-tmp-6/viborm-raptor3-g0-RVmeFH/vitest.json
Vitest resources: 22.24s wall, 722.6 MiB peak sampled process-group RSS (sampled ceiling 1536 MiB). Teardown verified.
Raptor 3 g3-transport-seed-batch contract gate verified. Evidence: /private/tmp/viborm-g4-lane-tmp-6/viborm-raptor3-g0-RVmeFH

 RUN  v3.1.4 /private/tmp/viborm-g4-lane-6

 ✓ |raptor3| tests/raptor3/g3/generation/transport-campaign.test.ts (1 test) 5627ms
   ✓ executes one complete G3 transport seed batch  5626ms

 Test Files  1 passed (1)
      Tests  1 passed (1)
   Start at  20:11:53
   Duration  13.67s (transform 2.87s, setup 32ms, collect 4.34s, tests 5.63s, environment 0ms, prepare 60ms)

JSON report written to /private/tmp/viborm-g4-lane-tmp-6/viborm-raptor3-g0-x23BGA/vitest.json
Vitest resources: 22.55s wall, 1008.9 MiB peak sampled process-group RSS (sampled ceiling 1536 MiB). Teardown verified.
Raptor 3 g3-transport-seed-batch contract gate verified. Evidence: /private/tmp/viborm-g4-lane-tmp-6/viborm-raptor3-g0-x23BGA

 RUN  v3.1.4 /private/tmp/viborm-g4-lane-6

 ✓ |raptor3| tests/raptor3/g3/generation/transport-campaign.test.ts (1 test) 5985ms
   ✓ executes one complete G3 transport seed batch  5984ms

 Test Files  1 passed (1)
      Tests  1 passed (1)
   Start at  20:12:23
   Duration  12.78s (transform 2.18s, setup 11ms, collect 3.24s, tests 5.98s, environment 0ms, prepare 49ms)

JSON report written to /private/tmp/viborm-g4-lane-tmp-6/viborm-raptor3-g0-g02E1S/vitest.json
Vitest resources: 21.88s wall, 881.1 MiB peak sampled process-group RSS (sampled ceiling 1536 MiB). Teardown verified.
Raptor 3 g3-transport-seed-batch contract gate verified. Evidence: /private/tmp/viborm-g4-lane-tmp-6/viborm-raptor3-g0-g02E1S

 RUN  v3.1.4 /private/tmp/viborm-g4-lane-6

 ✓ |raptor3| tests/raptor3/g3/generation/transport-campaign.test.ts (1 test) 3669ms
   ✓ executes one complete G3 transport seed batch  3668ms

 Test Files  1 passed (1)
      Tests  1 passed (1)
   Start at  20:12:53
   Duration  10.70s (transform 2.33s, setup 14ms, collect 3.40s, tests 3.67s, environment 0ms, prepare 61ms)

JSON report written to /private/tmp/viborm-g4-lane-tmp-6/viborm-raptor3-g0-m9PDHR/vitest.json
Vitest resources: 20.39s wall, 712.2 MiB peak sampled process-group RSS (sampled ceiling 1536 MiB). Teardown verified.
Raptor 3 g3-transport-seed-batch contract gate verified. Evidence: /private/tmp/viborm-g4-lane-tmp-6/viborm-raptor3-g0-m9PDHR

 RUN  v3.1.4 /private/tmp/viborm-g4-lane-6

 ✓ |raptor3| tests/raptor3/g3/generation/transport-campaign.test.ts (1 test) 3911ms
   ✓ executes one complete G3 transport seed batch  3910ms

 Test Files  1 passed (1)
      Tests  1 passed (1)
   Start at  20:13:21
   Duration  9.87s (transform 2.19s, setup 13ms, collect 3.22s, tests 3.91s, environment 0ms, prepare 58ms)

JSON report written to /private/tmp/viborm-g4-lane-tmp-6/viborm-raptor3-g0-Sjmo6b/vitest.json
Vitest resources: 19.21s wall, 719.4 MiB peak sampled process-group RSS (sampled ceiling 1536 MiB). Teardown verified.
Raptor 3 g3-transport-seed-batch contract gate verified. Evidence: /private/tmp/viborm-g4-lane-tmp-6/viborm-raptor3-g0-Sjmo6b

 RUN  v3.1.4 /private/tmp/viborm-g4-lane-6

 ✓ |raptor3| tests/raptor3/g3/generation/transport-campaign.test.ts (1 test) 4606ms
   ✓ executes one complete G3 transport seed batch  4605ms

 Test Files  1 passed (1)
      Tests  1 passed (1)
   Start at  20:13:49
   Duration  9.99s (transform 2.08s, setup 10ms, collect 3.06s, tests 4.61s, environment 0ms, prepare 40ms)

JSON report written to /private/tmp/viborm-g4-lane-tmp-6/viborm-raptor3-g0-PzqexF/vitest.json
Vitest resources: 20.08s wall, 716.6 MiB peak sampled process-group RSS (sampled ceiling 1536 MiB). Teardown verified.
Raptor 3 g3-transport-seed-batch contract gate verified. Evidence: /private/tmp/viborm-g4-lane-tmp-6/viborm-raptor3-g0-PzqexF

 RUN  v3.1.4 /private/tmp/viborm-g4-lane-6

 ✓ |raptor3| tests/raptor3/g3/generation/transport-campaign.test.ts (1 test) 4105ms
   ✓ executes one complete G3 transport seed batch  4104ms

 Test Files  1 passed (1)
      Tests  1 passed (1)
   Start at  20:14:14
   Duration  9.76s (transform 2.35s, setup 13ms, collect 3.53s, tests 4.10s, environment 0ms, prepare 52ms)

JSON report written to /private/tmp/viborm-g4-lane-tmp-6/viborm-raptor3-g0-wzQPzk/vitest.json
Vitest resources: 19.83s wall, 698.4 MiB peak sampled process-group RSS (sampled ceiling 1536 MiB). Teardown verified.
Raptor 3 g3-transport-seed-batch contract gate verified. Evidence: /private/tmp/viborm-g4-lane-tmp-6/viborm-raptor3-g0-wzQPzk

 RUN  v3.1.4 /private/tmp/viborm-g4-lane-6

 ✓ |raptor3| tests/raptor3/g3/generation/transport-campaign.test.ts (1 test) 5210ms
   ✓ executes one complete G3 transport seed batch  5209ms

 Test Files  1 passed (1)
      Tests  1 passed (1)
   Start at  20:14:41
   Duration  11.83s (transform 2.54s, setup 31ms, collect 3.85s, tests 5.21s, environment 0ms, prepare 83ms)

JSON report written to /private/tmp/viborm-g4-lane-tmp-6/viborm-raptor3-g0-e25D3O/vitest.json
Vitest resources: 20.36s wall, 831.7 MiB peak sampled process-group RSS (sampled ceiling 1536 MiB). Teardown verified.
Raptor 3 g3-transport-seed-batch contract gate verified. Evidence: /private/tmp/viborm-g4-lane-tmp-6/viborm-raptor3-g0-e25D3O

 RUN  v3.1.4 /private/tmp/viborm-g4-lane-6

 ✓ |raptor3| tests/raptor3/g3/generation/transport-campaign.test.ts (1 test) 5887ms
   ✓ executes one complete G3 transport seed batch  5886ms

 Test Files  1 passed (1)
      Tests  1 passed (1)
   Start at  20:15:08
   Duration  13.50s (transform 2.88s, setup 13ms, collect 4.31s, tests 5.89s, environment 0ms, prepare 55ms)

JSON report written to /private/tmp/viborm-g4-lane-tmp-6/viborm-raptor3-g0-4ZeK86/vitest.json
Vitest resources: 22.30s wall, 997.4 MiB peak sampled process-group RSS (sampled ceiling 1536 MiB). Teardown verified.
Raptor 3 g3-transport-seed-batch contract gate verified. Evidence: /private/tmp/viborm-g4-lane-tmp-6/viborm-raptor3-g0-4ZeK86

 RUN  v3.1.4 /private/tmp/viborm-g4-lane-6

 ✓ |raptor3| tests/raptor3/g3/generation/transport-campaign.test.ts (1 test) 5159ms
   ✓ executes one complete G3 transport seed batch  5159ms

 Test Files  1 passed (1)
      Tests  1 passed (1)
   Start at  20:15:38
   Duration  13.82s (transform 2.65s, setup 24ms, collect 3.97s, tests 5.16s, environment 0ms, prepare 102ms)

JSON report written to /private/tmp/viborm-g4-lane-tmp-6/viborm-raptor3-g0-2HpcZV/vitest.json
Vitest resources: 22.94s wall, 701.5 MiB peak sampled process-group RSS (sampled ceiling 1536 MiB). Teardown verified.
Raptor 3 g3-transport-seed-batch contract gate verified. Evidence: /private/tmp/viborm-g4-lane-tmp-6/viborm-raptor3-g0-2HpcZV

 RUN  v3.1.4 /private/tmp/viborm-g4-lane-6

 ✓ |raptor3| tests/raptor3/g3/generation/transport-campaign.test.ts (1 test) 5081ms
   ✓ executes one complete G3 transport seed batch  5080ms

 Test Files  1 passed (1)
      Tests  1 passed (1)
   Start at  20:16:08
   Duration  11.37s (transform 2.07s, setup 14ms, collect 3.11s, tests 5.08s, environment 0ms, prepare 46ms)

JSON report written to /private/tmp/viborm-g4-lane-tmp-6/viborm-raptor3-g0-sVtij4/vitest.json
Vitest resources: 19.95s wall, 1015.0 MiB peak sampled process-group RSS (sampled ceiling 1536 MiB). Teardown verified.
Raptor 3 g3-transport-seed-batch contract gate verified. Evidence: /private/tmp/viborm-g4-lane-tmp-6/viborm-raptor3-g0-sVtij4

 RUN  v3.1.4 /private/tmp/viborm-g4-lane-6

 ✓ |raptor3| tests/raptor3/g3/generation/transport-campaign.test.ts (1 test) 4847ms
   ✓ executes one complete G3 transport seed batch  4845ms

 Test Files  1 passed (1)
      Tests  1 passed (1)
   Start at  20:16:34
   Duration  12.45s (transform 2.48s, setup 17ms, collect 3.74s, tests 4.85s, environment 0ms, prepare 50ms)

JSON report written to /private/tmp/viborm-g4-lane-tmp-6/viborm-raptor3-g0-vp43Wf/vitest.json
Vitest resources: 20.47s wall, 1035.2 MiB peak sampled process-group RSS (sampled ceiling 1536 MiB). Teardown verified.
Raptor 3 g3-transport-seed-batch contract gate verified. Evidence: /private/tmp/viborm-g4-lane-tmp-6/viborm-raptor3-g0-vp43Wf

 RUN  v3.1.4 /private/tmp/viborm-g4-lane-6

 ✓ |raptor3| tests/raptor3/g3/generation/transport-campaign.test.ts (1 test) 5203ms
   ✓ executes one complete G3 transport seed batch  5202ms

 Test Files  1 passed (1)
      Tests  1 passed (1)
   Start at  20:17:01
   Duration  12.55s (transform 2.38s, setup 26ms, collect 3.52s, tests 5.20s, environment 0ms, prepare 63ms)

JSON report written to /private/tmp/viborm-g4-lane-tmp-6/viborm-raptor3-g0-DxCbrN/vitest.json
Vitest resources: 21.59s wall, 720.6 MiB peak sampled process-group RSS (sampled ceiling 1536 MiB). Teardown verified.
Raptor 3 g3-transport-seed-batch contract gate verified. Evidence: /private/tmp/viborm-g4-lane-tmp-6/viborm-raptor3-g0-DxCbrN

 RUN  v3.1.4 /private/tmp/viborm-g4-lane-6

 ✓ |raptor3| tests/raptor3/g3/generation/transport-campaign.test.ts (1 test) 4957ms
   ✓ executes one complete G3 transport seed batch  4957ms

 Test Files  1 passed (1)
      Tests  1 passed (1)
   Start at  20:17:31
   Duration  13.13s (transform 2.46s, setup 20ms, collect 3.67s, tests 4.96s, environment 0ms, prepare 67ms)

JSON report written to /private/tmp/viborm-g4-lane-tmp-6/viborm-raptor3-g0-d5K8I6/vitest.json
Vitest resources: 24.04s wall, 915.4 MiB peak sampled process-group RSS (sampled ceiling 1536 MiB). Teardown verified.
Raptor 3 g3-transport-seed-batch contract gate verified. Evidence: /private/tmp/viborm-g4-lane-tmp-6/viborm-raptor3-g0-d5K8I6

 RUN  v3.1.4 /private/tmp/viborm-g4-lane-6

 ✓ |raptor3| tests/raptor3/g3/generation/transport-campaign.test.ts (1 test) 4339ms
   ✓ executes one complete G3 transport seed batch  4338ms

 Test Files  1 passed (1)
      Tests  1 passed (1)
   Start at  20:18:01
   Duration  12.08s (transform 2.38s, setup 17ms, collect 3.51s, tests 4.34s, environment 0ms, prepare 66ms)

JSON report written to /private/tmp/viborm-g4-lane-tmp-6/viborm-raptor3-g0-1BeB2X/vitest.json
Vitest resources: 21.14s wall, 734.5 MiB peak sampled process-group RSS (sampled ceiling 1536 MiB). Teardown verified.
Raptor 3 g3-transport-seed-batch contract gate verified. Evidence: /private/tmp/viborm-g4-lane-tmp-6/viborm-raptor3-g0-1BeB2X

 RUN  v3.1.4 /private/tmp/viborm-g4-lane-6

 ✓ |raptor3| tests/raptor3/g3/generation/transport-campaign.test.ts (1 test) 4052ms
   ✓ executes one complete G3 transport seed batch  4051ms

 Test Files  1 passed (1)
      Tests  1 passed (1)
   Start at  20:18:32
   Duration  8.56s (transform 1.89s, setup 14ms, collect 2.83s, tests 4.05s, environment 0ms, prepare 65ms)

JSON report written to /private/tmp/viborm-g4-lane-tmp-6/viborm-raptor3-g0-HFbsOx/vitest.json
Vitest resources: 18.51s wall, 713.6 MiB peak sampled process-group RSS (sampled ceiling 1536 MiB). Teardown verified.
Raptor 3 g3-transport-seed-batch contract gate verified. Evidence: /private/tmp/viborm-g4-lane-tmp-6/viborm-raptor3-g0-HFbsOx

 RUN  v3.1.4 /private/tmp/viborm-g4-lane-6

 ✓ |raptor3| tests/raptor3/g3/generation/transport-campaign.test.ts (1 test) 5662ms
   ✓ executes one complete G3 transport seed batch  5662ms

 Test Files  1 passed (1)
      Tests  1 passed (1)
   Start at  20:18:58
   Duration  13.14s (transform 2.72s, setup 17ms, collect 4.09s, tests 5.66s, environment 0ms, prepare 65ms)

JSON report written to /private/tmp/viborm-g4-lane-tmp-6/viborm-raptor3-g0-f9YpGN/vitest.json
Vitest resources: 23.85s wall, 721.0 MiB peak sampled process-group RSS (sampled ceiling 1536 MiB). Teardown verified.
Raptor 3 g3-transport-seed-batch contract gate verified. Evidence: /private/tmp/viborm-g4-lane-tmp-6/viborm-raptor3-g0-f9YpGN

 RUN  v3.1.4 /private/tmp/viborm-g4-lane-6

 ✓ |raptor3| tests/raptor3/g3/generation/transport-campaign.test.ts (1 test) 6350ms
   ✓ executes one complete G3 transport seed batch  6349ms

 Test Files  1 passed (1)
      Tests  1 passed (1)
   Start at  20:19:37
   Duration  16.25s (transform 3.63s, setup 20ms, collect 5.50s, tests 6.35s, environment 0ms, prepare 77ms)

JSON report written to /private/tmp/viborm-g4-lane-tmp-6/viborm-raptor3-g0-FaSJ2V/vitest.json
Vitest resources: 28.13s wall, 842.8 MiB peak sampled process-group RSS (sampled ceiling 1536 MiB). Teardown verified.
Raptor 3 g3-transport-seed-batch contract gate verified. Evidence: /private/tmp/viborm-g4-lane-tmp-6/viborm-raptor3-g0-FaSJ2V

 RUN  v3.1.4 /private/tmp/viborm-g4-lane-6

 ✓ |raptor3| tests/raptor3/g3/generation/transport-campaign.test.ts (1 test) 5911ms
   ✓ executes one complete G3 transport seed batch  5910ms

 Test Files  1 passed (1)
      Tests  1 passed (1)
   Start at  20:20:10
   Duration  15.72s (transform 3.33s, setup 20ms, collect 5.05s, tests 5.91s, environment 0ms, prepare 89ms)

JSON report written to /private/tmp/viborm-g4-lane-tmp-6/viborm-raptor3-g0-rpOpzi/vitest.json
Vitest resources: 24.76s wall, 965.5 MiB peak sampled process-group RSS (sampled ceiling 1536 MiB). Teardown verified.
Raptor 3 g3-transport-seed-batch contract gate verified. Evidence: /private/tmp/viborm-g4-lane-tmp-6/viborm-raptor3-g0-rpOpzi

 RUN  v3.1.4 /private/tmp/viborm-g4-lane-6

 ✓ |raptor3| tests/raptor3/g3/generation/transport-campaign.test.ts (1 test) 4796ms
   ✓ executes one complete G3 transport seed batch  4795ms

 Test Files  1 passed (1)
      Tests  1 passed (1)
   Start at  20:20:43
   Duration  12.28s (transform 2.21s, setup 17ms, collect 3.30s, tests 4.80s, environment 0ms, prepare 74ms)

JSON report written to /private/tmp/viborm-g4-lane-tmp-6/viborm-raptor3-g0-hpk4mO/vitest.json
Vitest resources: 22.01s wall, 747.5 MiB peak sampled process-group RSS (sampled ceiling 1536 MiB). Teardown verified.
Raptor 3 g3-transport-seed-batch contract gate verified. Evidence: /private/tmp/viborm-g4-lane-tmp-6/viborm-raptor3-g0-hpk4mO

 RUN  v3.1.4 /private/tmp/viborm-g4-lane-6

 ✓ |raptor3| tests/raptor3/g3/generation/transport-campaign.test.ts (1 test) 6303ms
   ✓ executes one complete G3 transport seed batch  6302ms

 Test Files  1 passed (1)
      Tests  1 passed (1)
   Start at  20:21:12
   Duration  13.84s (transform 2.37s, setup 12ms, collect 3.56s, tests 6.30s, environment 0ms, prepare 44ms)

JSON report written to /private/tmp/viborm-g4-lane-tmp-6/viborm-raptor3-g0-Zy2b7W/vitest.json
Vitest resources: 22.95s wall, 962.2 MiB peak sampled process-group RSS (sampled ceiling 1536 MiB). Teardown verified.
Raptor 3 g3-transport-seed-batch contract gate verified. Evidence: /private/tmp/viborm-g4-lane-tmp-6/viborm-raptor3-g0-Zy2b7W

 RUN  v3.1.4 /private/tmp/viborm-g4-lane-6

 ✓ |raptor3| tests/raptor3/g3/generation/transport-campaign.test.ts (1 test) 6337ms
   ✓ executes one complete G3 transport seed batch  6336ms

 Test Files  1 passed (1)
      Tests  1 passed (1)
   Start at  20:21:46
   Duration  13.34s (transform 2.50s, setup 15ms, collect 3.79s, tests 6.34s, environment 0ms, prepare 54ms)

JSON report written to /private/tmp/viborm-g4-lane-tmp-6/viborm-raptor3-g0-BGkE7C/vitest.json
Vitest resources: 25.41s wall, 989.3 MiB peak sampled process-group RSS (sampled ceiling 1536 MiB). Teardown verified.
Raptor 3 g3-transport-seed-batch contract gate verified. Evidence: /private/tmp/viborm-g4-lane-tmp-6/viborm-raptor3-g0-BGkE7C

 RUN  v3.1.4 /private/tmp/viborm-g4-lane-6

 ✓ |raptor3| tests/raptor3/g3/generation/transport-campaign.test.ts (1 test) 4892ms
   ✓ executes one complete G3 transport seed batch  4891ms

 Test Files  1 passed (1)
      Tests  1 passed (1)
   Start at  20:22:18
   Duration  11.53s (transform 2.38s, setup 22ms, collect 3.64s, tests 4.89s, environment 0ms, prepare 71ms)

JSON report written to /private/tmp/viborm-g4-lane-tmp-6/viborm-raptor3-g0-BmgPSD/vitest.json
Vitest resources: 21.49s wall, 724.1 MiB peak sampled process-group RSS (sampled ceiling 1536 MiB). Teardown verified.
Raptor 3 g3-transport-seed-batch contract gate verified. Evidence: /private/tmp/viborm-g4-lane-tmp-6/viborm-raptor3-g0-BmgPSD

 RUN  v3.1.4 /private/tmp/viborm-g4-lane-6

 ✓ |raptor3| tests/raptor3/g3/generation/transport-campaign.test.ts (1 test) 5844ms
   ✓ executes one complete G3 transport seed batch  5844ms

 Test Files  1 passed (1)
      Tests  1 passed (1)
   Start at  20:22:51
   Duration  10.90s (transform 1.90s, setup 14ms, collect 2.81s, tests 5.84s, environment 0ms, prepare 48ms)

JSON report written to /private/tmp/viborm-g4-lane-tmp-6/viborm-raptor3-g0-pAIlVs/vitest.json
Vitest resources: 23.55s wall, 792.6 MiB peak sampled process-group RSS (sampled ceiling 1536 MiB). Teardown verified.
Raptor 3 g3-transport-seed-batch contract gate verified. Evidence: /private/tmp/viborm-g4-lane-tmp-6/viborm-raptor3-g0-pAIlVs

 RUN  v3.1.4 /private/tmp/viborm-g4-lane-6

 ✓ |raptor3| tests/raptor3/g3/generation/transport-campaign.test.ts (1 test) 4130ms
   ✓ executes one complete G3 transport seed batch  4129ms

 Test Files  1 passed (1)
      Tests  1 passed (1)
   Start at  20:23:20
   Duration  10.49s (transform 2.08s, setup 14ms, collect 3.09s, tests 4.13s, environment 0ms, prepare 45ms)

JSON report written to /private/tmp/viborm-g4-lane-tmp-6/viborm-raptor3-g0-XRyCH0/vitest.json
Vitest resources: 19.83s wall, 777.3 MiB peak sampled process-group RSS (sampled ceiling 1536 MiB). Teardown verified.
Raptor 3 g3-transport-seed-batch contract gate verified. Evidence: /private/tmp/viborm-g4-lane-tmp-6/viborm-raptor3-g0-XRyCH0

 RUN  v3.1.4 /private/tmp/viborm-g4-lane-6

 ✓ |raptor3| tests/raptor3/g3/generation/transport-campaign.test.ts (1 test) 3236ms
   ✓ executes one complete G3 transport seed batch  3236ms

 Test Files  1 passed (1)
      Tests  1 passed (1)
   Start at  20:23:48
   Duration  8.73s (transform 1.81s, setup 16ms, collect 2.69s, tests 3.24s, environment 0ms, prepare 45ms)

JSON report written to /private/tmp/viborm-g4-lane-tmp-6/viborm-raptor3-g0-CsWiBZ/vitest.json
Vitest resources: 18.74s wall, 709.4 MiB peak sampled process-group RSS (sampled ceiling 1536 MiB). Teardown verified.
Raptor 3 g3-transport-seed-batch contract gate verified. Evidence: /private/tmp/viborm-g4-lane-tmp-6/viborm-raptor3-g0-CsWiBZ

 RUN  v3.1.4 /private/tmp/viborm-g4-lane-6

 ✓ |raptor3| tests/raptor3/g3/generation/transport-campaign.test.ts (1 test) 4890ms
   ✓ executes one complete G3 transport seed batch  4890ms

 Test Files  1 passed (1)
      Tests  1 passed (1)
   Start at  20:24:17
   Duration  21.52s (transform 2.67s, setup 22ms, collect 4.00s, tests 4.89s, environment 0ms, prepare 62ms)

JSON report written to /private/tmp/viborm-g4-lane-tmp-6/viborm-raptor3-g0-JNavzH/vitest.json
Vitest resources: 32.93s wall, 703.2 MiB peak sampled process-group RSS (sampled ceiling 1536 MiB). Teardown verified.
Raptor 3 g3-transport-seed-batch contract gate verified. Evidence: /private/tmp/viborm-g4-lane-tmp-6/viborm-raptor3-g0-JNavzH

 RUN  v3.1.4 /private/tmp/viborm-g4-lane-6

 ✓ |raptor3| tests/raptor3/g3/generation/transport-campaign.test.ts (1 test) 4263ms
   ✓ executes one complete G3 transport seed batch  4262ms

 Test Files  1 passed (1)
      Tests  1 passed (1)
   Start at  20:24:56
   Duration  14.09s (transform 2.32s, setup 20ms, collect 3.43s, tests 4.26s, environment 0ms, prepare 121ms)

JSON report written to /private/tmp/viborm-g4-lane-tmp-6/viborm-raptor3-g0-nnIm6p/vitest.json
Vitest resources: 24.82s wall, 694.7 MiB peak sampled process-group RSS (sampled ceiling 1536 MiB). Teardown verified.
Raptor 3 g3-transport-seed-batch contract gate verified. Evidence: /private/tmp/viborm-g4-lane-tmp-6/viborm-raptor3-g0-nnIm6p

 RUN  v3.1.4 /private/tmp/viborm-g4-lane-6

 ✓ |raptor3| tests/raptor3/g3/generation/transport-campaign.test.ts (1 test) 6202ms
   ✓ executes one complete G3 transport seed batch  6201ms

 Test Files  1 passed (1)
      Tests  1 passed (1)
   Start at  20:25:29
   Duration  15.33s (transform 2.77s, setup 22ms, collect 4.16s, tests 6.20s, environment 0ms, prepare 95ms)

JSON report written to /private/tmp/viborm-g4-lane-tmp-6/viborm-raptor3-g0-hG6aFu/vitest.json
Vitest resources: 25.73s wall, 981.1 MiB peak sampled process-group RSS (sampled ceiling 1536 MiB). Teardown verified.
Raptor 3 g3-transport-seed-batch contract gate verified. Evidence: /private/tmp/viborm-g4-lane-tmp-6/viborm-raptor3-g0-hG6aFu

 RUN  v3.1.4 /private/tmp/viborm-g4-lane-6

 ✓ |raptor3| tests/raptor3/g3/generation/transport-campaign.test.ts (1 test) 6264ms
   ✓ executes one complete G3 transport seed batch  6263ms

 Test Files  1 passed (1)
      Tests  1 passed (1)
   Start at  20:26:03
   Duration  13.90s (transform 2.58s, setup 19ms, collect 3.85s, tests 6.26s, environment 0ms, prepare 54ms)

JSON report written to /private/tmp/viborm-g4-lane-tmp-6/viborm-raptor3-g0-ZbjHCW/vitest.json
Vitest resources: 24.90s wall, 884.3 MiB peak sampled process-group RSS (sampled ceiling 1536 MiB). Teardown verified.
Raptor 3 g3-transport-seed-batch contract gate verified. Evidence: /private/tmp/viborm-g4-lane-tmp-6/viborm-raptor3-g0-ZbjHCW

 RUN  v3.1.4 /private/tmp/viborm-g4-lane-6

 ✓ |raptor3| tests/raptor3/g3/generation/transport-campaign.test.ts (1 test) 5413ms
   ✓ executes one complete G3 transport seed batch  5412ms

 Test Files  1 passed (1)
      Tests  1 passed (1)
   Start at  20:26:36
   Duration  12.25s (transform 2.30s, setup 24ms, collect 3.50s, tests 5.41s, environment 0ms, prepare 78ms)

JSON report written to /private/tmp/viborm-g4-lane-tmp-6/viborm-raptor3-g0-ovYgt9/vitest.json
Vitest resources: 22.63s wall, 729.4 MiB peak sampled process-group RSS (sampled ceiling 1536 MiB). Teardown verified.
Raptor 3 g3-transport-seed-batch contract gate verified. Evidence: /private/tmp/viborm-g4-lane-tmp-6/viborm-raptor3-g0-ovYgt9

 RUN  v3.1.4 /private/tmp/viborm-g4-lane-6

 ✓ |raptor3| tests/raptor3/g3/generation/transport-campaign.test.ts (1 test) 5341ms
   ✓ executes one complete G3 transport seed batch  5339ms

 Test Files  1 passed (1)
      Tests  1 passed (1)
   Start at  20:27:05
   Duration  12.55s (transform 2.76s, setup 28ms, collect 4.25s, tests 5.34s, environment 0ms, prepare 82ms)

JSON report written to /private/tmp/viborm-g4-lane-tmp-6/viborm-raptor3-g0-LSXS3P/vitest.json
Vitest resources: 22.98s wall, 963.1 MiB peak sampled process-group RSS (sampled ceiling 1536 MiB). Teardown verified.
Raptor 3 g3-transport-seed-batch contract gate verified. Evidence: /private/tmp/viborm-g4-lane-tmp-6/viborm-raptor3-g0-LSXS3P

 RUN  v3.1.4 /private/tmp/viborm-g4-lane-6

 ✓ |raptor3| tests/raptor3/g3/generation/transport-campaign.test.ts (1 test) 7510ms
   ✓ executes one complete G3 transport seed batch  7509ms

 Test Files  1 passed (1)
      Tests  1 passed (1)
   Start at  20:27:36
   Duration  13.87s (transform 2.51s, setup 17ms, collect 3.80s, tests 7.51s, environment 0ms, prepare 64ms)

JSON report written to /private/tmp/viborm-g4-lane-tmp-6/viborm-raptor3-g0-9jY9nQ/vitest.json
Vitest resources: 24.00s wall, 700.3 MiB peak sampled process-group RSS (sampled ceiling 1536 MiB). Teardown verified.
Raptor 3 g3-transport-seed-batch contract gate verified. Evidence: /private/tmp/viborm-g4-lane-tmp-6/viborm-raptor3-g0-9jY9nQ

 RUN  v3.1.4 /private/tmp/viborm-g4-lane-6

 ✓ |raptor3| tests/raptor3/g3/generation/transport-campaign.test.ts (1 test) 5708ms
   ✓ executes one complete G3 transport seed batch  5708ms

 Test Files  1 passed (1)
      Tests  1 passed (1)
   Start at  20:28:11
   Duration  16.82s (transform 3.94s, setup 23ms, collect 6.02s, tests 5.71s, environment 0ms, prepare 84ms)

JSON report written to /private/tmp/viborm-g4-lane-tmp-6/viborm-raptor3-g0-79Vzub/vitest.json
Vitest resources: 30.46s wall, 707.8 MiB peak sampled process-group RSS (sampled ceiling 1536 MiB). Teardown verified.
Raptor 3 g3-transport-seed-batch contract gate verified. Evidence: /private/tmp/viborm-g4-lane-tmp-6/viborm-raptor3-g0-79Vzub

 RUN  v3.1.4 /private/tmp/viborm-g4-lane-6

 ✓ |raptor3| tests/raptor3/g3/generation/transport-campaign.test.ts (1 test) 3289ms
   ✓ executes one complete G3 transport seed batch  3288ms

 Test Files  1 passed (1)
      Tests  1 passed (1)
   Start at  20:28:46
   Duration  10.46s (transform 1.81s, setup 14ms, collect 2.68s, tests 3.29s, environment 0ms, prepare 101ms)

JSON report written to /private/tmp/viborm-g4-lane-tmp-6/viborm-raptor3-g0-Fe6Uvw/vitest.json
Vitest resources: 21.49s wall, 845.3 MiB peak sampled process-group RSS (sampled ceiling 1536 MiB). Teardown verified.
Raptor 3 g3-transport-seed-batch contract gate verified. Evidence: /private/tmp/viborm-g4-lane-tmp-6/viborm-raptor3-g0-Fe6Uvw

 RUN  v3.1.4 /private/tmp/viborm-g4-lane-6

 ✓ |raptor3| tests/raptor3/g3/generation/transport-campaign.test.ts (1 test) 3326ms
   ✓ executes one complete G3 transport seed batch  3326ms

 Test Files  1 passed (1)
      Tests  1 passed (1)
   Start at  20:29:18
   Duration  10.00s (transform 2.36s, setup 14ms, collect 3.52s, tests 3.33s, environment 0ms, prepare 56ms)

JSON report written to /private/tmp/viborm-g4-lane-tmp-6/viborm-raptor3-g0-y6h1JM/vitest.json
Vitest resources: 20.89s wall, 710.0 MiB peak sampled process-group RSS (sampled ceiling 1536 MiB). Teardown verified.
Raptor 3 g3-transport-seed-batch contract gate verified. Evidence: /private/tmp/viborm-g4-lane-tmp-6/viborm-raptor3-g0-y6h1JM

 RUN  v3.1.4 /private/tmp/viborm-g4-lane-6

 ✓ |raptor3| tests/raptor3/g3/generation/transport-campaign.test.ts (1 test) 3271ms
   ✓ executes one complete G3 transport seed batch  3270ms

 Test Files  1 passed (1)
      Tests  1 passed (1)
   Start at  20:29:44
   Duration  10.16s (transform 2.08s, setup 30ms, collect 3.11s, tests 3.27s, environment 0ms, prepare 80ms)

JSON report written to /private/tmp/viborm-g4-lane-tmp-6/viborm-raptor3-g0-Fj1yLf/vitest.json
Vitest resources: 20.30s wall, 711.0 MiB peak sampled process-group RSS (sampled ceiling 1536 MiB). Teardown verified.
Raptor 3 g3-transport-seed-batch contract gate verified. Evidence: /private/tmp/viborm-g4-lane-tmp-6/viborm-raptor3-g0-Fj1yLf

 RUN  v3.1.4 /private/tmp/viborm-g4-lane-6

 ✓ |raptor3| tests/raptor3/g3/generation/transport-campaign.test.ts (1 test) 3794ms
   ✓ executes one complete G3 transport seed batch  3793ms

 Test Files  1 passed (1)
      Tests  1 passed (1)
   Start at  20:30:11
   Duration  8.84s (transform 1.86s, setup 12ms, collect 2.75s, tests 3.79s, environment 0ms, prepare 45ms)

JSON report written to /private/tmp/viborm-g4-lane-tmp-6/viborm-raptor3-g0-KNeIeT/vitest.json
Vitest resources: 19.21s wall, 710.4 MiB peak sampled process-group RSS (sampled ceiling 1536 MiB). Teardown verified.
Raptor 3 g3-transport-seed-batch contract gate verified. Evidence: /private/tmp/viborm-g4-lane-tmp-6/viborm-raptor3-g0-KNeIeT

 RUN  v3.1.4 /private/tmp/viborm-g4-lane-6

 ✓ |raptor3| tests/raptor3/g3/generation/transport-campaign.test.ts (1 test) 4789ms
   ✓ executes one complete G3 transport seed batch  4788ms

 Test Files  1 passed (1)
      Tests  1 passed (1)
   Start at  20:30:36
   Duration  11.19s (transform 2.61s, setup 10ms, collect 3.98s, tests 4.79s, environment 0ms, prepare 44ms)

JSON report written to /private/tmp/viborm-g4-lane-tmp-6/viborm-raptor3-g0-zcw01j/vitest.json
Vitest resources: 21.31s wall, 974.6 MiB peak sampled process-group RSS (sampled ceiling 1536 MiB). Teardown verified.
Raptor 3 g3-transport-seed-batch contract gate verified. Evidence: /private/tmp/viborm-g4-lane-tmp-6/viborm-raptor3-g0-zcw01j

 RUN  v3.1.4 /private/tmp/viborm-g4-lane-6

 ✓ |raptor3| tests/raptor3/g3/generation/transport-campaign.test.ts (1 test) 5529ms
   ✓ executes one complete G3 transport seed batch  5529ms

 Test Files  1 passed (1)
      Tests  1 passed (1)
   Start at  20:31:03
   Duration  10.83s (transform 1.76s, setup 29ms, collect 2.59s, tests 5.53s, environment 0ms, prepare 134ms)

JSON report written to /private/tmp/viborm-g4-lane-tmp-6/viborm-raptor3-g0-YqngHG/vitest.json
Vitest resources: 18.61s wall, 754.7 MiB peak sampled process-group RSS (sampled ceiling 1536 MiB). Teardown verified.
Raptor 3 g3-transport-seed-batch contract gate verified. Evidence: /private/tmp/viborm-g4-lane-tmp-6/viborm-raptor3-g0-YqngHG

 RUN  v3.1.4 /private/tmp/viborm-g4-lane-6

 ✓ |raptor3| tests/raptor3/g3/generation/transport-campaign.test.ts (1 test) 5013ms
   ✓ executes one complete G3 transport seed batch  5012ms

 Test Files  1 passed (1)
      Tests  1 passed (1)
   Start at  20:31:30
   Duration  10.93s (transform 2.37s, setup 13ms, collect 3.58s, tests 5.01s, environment 0ms, prepare 47ms)

JSON report written to /private/tmp/viborm-g4-lane-tmp-6/viborm-raptor3-g0-40tRDj/vitest.json
Vitest resources: 19.80s wall, 923.2 MiB peak sampled process-group RSS (sampled ceiling 1536 MiB). Teardown verified.
Raptor 3 g3-transport-seed-batch contract gate verified. Evidence: /private/tmp/viborm-g4-lane-tmp-6/viborm-raptor3-g0-40tRDj

 RUN  v3.1.4 /private/tmp/viborm-g4-lane-6

 ✓ |raptor3| tests/raptor3/g3/generation/transport-campaign.test.ts (1 test) 7099ms
   ✓ executes one complete G3 transport seed batch  7098ms

 Test Files  1 passed (1)
      Tests  1 passed (1)
   Start at  20:31:58
   Duration  14.78s (transform 2.66s, setup 16ms, collect 3.98s, tests 7.10s, environment 0ms, prepare 53ms)

JSON report written to /private/tmp/viborm-g4-lane-tmp-6/viborm-raptor3-g0-nDccta/vitest.json
Vitest resources: 24.18s wall, 731.1 MiB peak sampled process-group RSS (sampled ceiling 1536 MiB). Teardown verified.
Raptor 3 g3-transport-seed-batch contract gate verified. Evidence: /private/tmp/viborm-g4-lane-tmp-6/viborm-raptor3-g0-nDccta

 RUN  v3.1.4 /private/tmp/viborm-g4-lane-6

 ✓ |raptor3| tests/raptor3/g3/generation/transport-campaign.test.ts (1 test) 9229ms
   ✓ executes one complete G3 transport seed batch  9228ms

 Test Files  1 passed (1)
      Tests  1 passed (1)
   Start at  20:32:35
   Duration  15.40s (transform 2.36s, setup 12ms, collect 3.50s, tests 9.23s, environment 0ms, prepare 55ms)

JSON report written to /private/tmp/viborm-g4-lane-tmp-6/viborm-raptor3-g0-6vDsuA/vitest.json
Vitest resources: 28.71s wall, 727.6 MiB peak sampled process-group RSS (sampled ceiling 1536 MiB). Teardown verified.
Raptor 3 g3-transport-seed-batch contract gate verified. Evidence: /private/tmp/viborm-g4-lane-tmp-6/viborm-raptor3-g0-6vDsuA

 RUN  v3.1.4 /private/tmp/viborm-g4-lane-6

 ✓ |raptor3| tests/raptor3/g3/generation/transport-campaign.test.ts (1 test) 5435ms
   ✓ executes one complete G3 transport seed batch  5434ms

 Test Files  1 passed (1)
      Tests  1 passed (1)
   Start at  20:33:08
   Duration  12.50s (transform 2.76s, setup 17ms, collect 4.12s, tests 5.44s, environment 0ms, prepare 60ms)

JSON report written to /private/tmp/viborm-g4-lane-tmp-6/viborm-raptor3-g0-Jf2mVc/vitest.json
Vitest resources: 22.83s wall, 860.5 MiB peak sampled process-group RSS (sampled ceiling 1536 MiB). Teardown verified.
Raptor 3 g3-transport-seed-batch contract gate verified. Evidence: /private/tmp/viborm-g4-lane-tmp-6/viborm-raptor3-g0-Jf2mVc

 RUN  v3.1.4 /private/tmp/viborm-g4-lane-6

 ✓ |raptor3| tests/raptor3/g3/generation/transport-campaign.test.ts (1 test) 5909ms
   ✓ executes one complete G3 transport seed batch  5908ms

 Test Files  1 passed (1)
      Tests  1 passed (1)
   Start at  20:33:38
   Duration  14.14s (transform 3.01s, setup 13ms, collect 4.67s, tests 5.91s, environment 0ms, prepare 70ms)

JSON report written to /private/tmp/viborm-g4-lane-tmp-6/viborm-raptor3-g0-Hc4Pkl/vitest.json
Vitest resources: 23.50s wall, 689.7 MiB peak sampled process-group RSS (sampled ceiling 1536 MiB). Teardown verified.
Raptor 3 g3-transport-seed-batch contract gate verified. Evidence: /private/tmp/viborm-g4-lane-tmp-6/viborm-raptor3-g0-Hc4Pkl

 RUN  v3.1.4 /private/tmp/viborm-g4-lane-6

 ✓ |raptor3| tests/raptor3/g3/generation/transport-campaign.test.ts (1 test) 6101ms
   ✓ executes one complete G3 transport seed batch  6100ms

 Test Files  1 passed (1)
      Tests  1 passed (1)
   Start at  20:34:11
   Duration  16.92s (transform 4.82s, setup 18ms, collect 7.48s, tests 6.10s, environment 0ms, prepare 90ms)

JSON report written to /private/tmp/viborm-g4-lane-tmp-6/viborm-raptor3-g0-7HQnu9/vitest.json
Vitest resources: 29.54s wall, 757.2 MiB peak sampled process-group RSS (sampled ceiling 1536 MiB). Teardown verified.
Raptor 3 g3-transport-seed-batch contract gate verified. Evidence: /private/tmp/viborm-g4-lane-tmp-6/viborm-raptor3-g0-7HQnu9

 RUN  v3.1.4 /private/tmp/viborm-g4-lane-6

 ✓ |raptor3| tests/raptor3/g3/generation/transport-campaign.test.ts (1 test) 5060ms
   ✓ executes one complete G3 transport seed batch  5060ms

 Test Files  1 passed (1)
      Tests  1 passed (1)
   Start at  20:34:52
   Duration  14.70s (transform 3.26s, setup 43ms, collect 4.93s, tests 5.06s, environment 0ms, prepare 124ms)

JSON report written to /private/tmp/viborm-g4-lane-tmp-6/viborm-raptor3-g0-6pru0C/vitest.json
Vitest resources: 28.32s wall, 904.0 MiB peak sampled process-group RSS (sampled ceiling 1536 MiB). Teardown verified.
Raptor 3 g3-transport-seed-batch contract gate verified. Evidence: /private/tmp/viborm-g4-lane-tmp-6/viborm-raptor3-g0-6pru0C

 RUN  v3.1.4 /private/tmp/viborm-g4-lane-6

 ✓ |raptor3| tests/raptor3/g3/generation/transport-campaign.test.ts (1 test) 5064ms
   ✓ executes one complete G3 transport seed batch  5063ms

 Test Files  1 passed (1)
      Tests  1 passed (1)
   Start at  20:35:29
   Duration  11.46s (transform 2.25s, setup 14ms, collect 3.32s, tests 5.06s, environment 0ms, prepare 50ms)

JSON report written to /private/tmp/viborm-g4-lane-tmp-6/viborm-raptor3-g0-nHHGGn/vitest.json
Vitest resources: 25.04s wall, 696.4 MiB peak sampled process-group RSS (sampled ceiling 1536 MiB). Teardown verified.
Raptor 3 g3-transport-seed-batch contract gate verified. Evidence: /private/tmp/viborm-g4-lane-tmp-6/viborm-raptor3-g0-nHHGGn

 RUN  v3.1.4 /private/tmp/viborm-g4-lane-6

 ✓ |raptor3| tests/raptor3/g3/generation/transport-campaign.test.ts (1 test) 14677ms
   ✓ executes one complete G3 transport seed batch  14675ms

 Test Files  1 passed (1)
      Tests  1 passed (1)
   Start at  20:36:04
   Duration  26.50s (transform 4.97s, setup 38ms, collect 7.96s, tests 14.68s, environment 0ms, prepare 154ms)

JSON report written to /private/tmp/viborm-g4-lane-tmp-6/viborm-raptor3-g0-6EJyZg/vitest.json
Vitest resources: 42.12s wall, 719.8 MiB peak sampled process-group RSS (sampled ceiling 1536 MiB). Teardown verified.
Raptor 3 g3-transport-seed-batch contract gate verified. Evidence: /private/tmp/viborm-g4-lane-tmp-6/viborm-raptor3-g0-6EJyZg

 RUN  v3.1.4 /private/tmp/viborm-g4-lane-6

 ✓ |raptor3| tests/raptor3/g3/generation/transport-campaign.test.ts (1 test) 8910ms
   ✓ executes one complete G3 transport seed batch  8908ms

 Test Files  1 passed (1)
      Tests  1 passed (1)
   Start at  20:36:54
   Duration  18.22s (transform 3.35s, setup 38ms, collect 5.10s, tests 8.91s, environment 0ms, prepare 117ms)

JSON report written to /private/tmp/viborm-g4-lane-tmp-6/viborm-raptor3-g0-YNQ60D/vitest.json
Vitest resources: 29.59s wall, 616.9 MiB peak sampled process-group RSS (sampled ceiling 1536 MiB). Teardown verified.
Raptor 3 g3-transport-seed-batch contract gate verified. Evidence: /private/tmp/viborm-g4-lane-tmp-6/viborm-raptor3-g0-YNQ60D

 RUN  v3.1.4 /private/tmp/viborm-g4-lane-6

 ✓ |raptor3| tests/raptor3/g3/generation/transport-campaign.test.ts (1 test) 7064ms
   ✓ executes one complete G3 transport seed batch  7063ms

 Test Files  1 passed (1)
      Tests  1 passed (1)
   Start at  20:37:39
   Duration  16.70s (transform 3.41s, setup 29ms, collect 5.30s, tests 7.06s, environment 0ms, prepare 149ms)

JSON report written to /private/tmp/viborm-g4-lane-tmp-6/viborm-raptor3-g0-qeod4J/vitest.json
Vitest resources: 26.99s wall, 673.7 MiB peak sampled process-group RSS (sampled ceiling 1536 MiB). Teardown verified.
Raptor 3 g3-transport-seed-batch contract gate verified. Evidence: /private/tmp/viborm-g4-lane-tmp-6/viborm-raptor3-g0-qeod4J

 RUN  v3.1.4 /private/tmp/viborm-g4-lane-6

 ✓ |raptor3| tests/raptor3/g3/generation/transport-campaign.test.ts (1 test) 5270ms
   ✓ executes one complete G3 transport seed batch  5269ms

 Test Files  1 passed (1)
      Tests  1 passed (1)
   Start at  20:38:15
   Duration  13.45s (transform 2.75s, setup 25ms, collect 4.10s, tests 5.27s, environment 0ms, prepare 86ms)

JSON report written to /private/tmp/viborm-g4-lane-tmp-6/viborm-raptor3-g0-TmG1PP/vitest.json
Vitest resources: 23.89s wall, 1041.2 MiB peak sampled process-group RSS (sampled ceiling 1536 MiB). Teardown verified.
Raptor 3 g3-transport-seed-batch contract gate verified. Evidence: /private/tmp/viborm-g4-lane-tmp-6/viborm-raptor3-g0-TmG1PP

 RUN  v3.1.4 /private/tmp/viborm-g4-lane-6

 ✓ |raptor3| tests/raptor3/g3/generation/transport-campaign.test.ts (1 test) 5228ms
   ✓ executes one complete G3 transport seed batch  5227ms

 Test Files  1 passed (1)
      Tests  1 passed (1)
   Start at  20:38:45
   Duration  11.81s (transform 2.14s, setup 17ms, collect 3.22s, tests 5.23s, environment 0ms, prepare 46ms)

JSON report written to /private/tmp/viborm-g4-lane-tmp-6/viborm-raptor3-g0-9rVqHS/vitest.json
Vitest resources: 19.69s wall, 734.6 MiB peak sampled process-group RSS (sampled ceiling 1536 MiB). Teardown verified.
Raptor 3 g3-transport-seed-batch contract gate verified. Evidence: /private/tmp/viborm-g4-lane-tmp-6/viborm-raptor3-g0-9rVqHS

 RUN  v3.1.4 /private/tmp/viborm-g4-lane-6

 ✓ |raptor3| tests/raptor3/g3/generation/transport-campaign.test.ts (1 test) 6723ms
   ✓ executes one complete G3 transport seed batch  6722ms

 Test Files  1 passed (1)
      Tests  1 passed (1)
   Start at  20:39:12
   Duration  13.63s (transform 2.19s, setup 16ms, collect 3.22s, tests 6.72s, environment 0ms, prepare 44ms)

JSON report written to /private/tmp/viborm-g4-lane-tmp-6/viborm-raptor3-g0-Awt3zR/vitest.json
Vitest resources: 20.90s wall, 609.6 MiB peak sampled process-group RSS (sampled ceiling 1536 MiB). Teardown verified.
Raptor 3 g3-transport-seed-batch contract gate verified. Evidence: /private/tmp/viborm-g4-lane-tmp-6/viborm-raptor3-g0-Awt3zR

 RUN  v3.1.4 /private/tmp/viborm-g4-lane-6

 ✓ |raptor3| tests/raptor3/g3/generation/transport-campaign.test.ts (1 test) 5971ms
   ✓ executes one complete G3 transport seed batch  5970ms

 Test Files  1 passed (1)
      Tests  1 passed (1)
   Start at  20:39:45
   Duration  12.80s (transform 2.53s, setup 11ms, collect 3.81s, tests 5.97s, environment 0ms, prepare 49ms)

JSON report written to /private/tmp/viborm-g4-lane-tmp-6/viborm-raptor3-g0-3DMPHy/vitest.json
Vitest resources: 24.01s wall, 731.4 MiB peak sampled process-group RSS (sampled ceiling 1536 MiB). Teardown verified.
Raptor 3 g3-transport-seed-batch contract gate verified. Evidence: /private/tmp/viborm-g4-lane-tmp-6/viborm-raptor3-g0-3DMPHy

 RUN  v3.1.4 /private/tmp/viborm-g4-lane-6

 ✓ |raptor3| tests/raptor3/g3/generation/transport-campaign.test.ts (1 test) 4496ms
   ✓ executes one complete G3 transport seed batch  4494ms

 Test Files  1 passed (1)
      Tests  1 passed (1)
   Start at  20:40:13
   Duration  11.71s (transform 2.43s, setup 20ms, collect 3.68s, tests 4.50s, environment 0ms, prepare 94ms)

JSON report written to /private/tmp/viborm-g4-lane-tmp-6/viborm-raptor3-g0-eb3gij/vitest.json
Vitest resources: 19.45s wall, 715.9 MiB peak sampled process-group RSS (sampled ceiling 1536 MiB). Teardown verified.
Raptor 3 g3-transport-seed-batch contract gate verified. Evidence: /private/tmp/viborm-g4-lane-tmp-6/viborm-raptor3-g0-eb3gij

 RUN  v3.1.4 /private/tmp/viborm-g4-lane-6

 ✓ |raptor3| tests/raptor3/g3/generation/transport-campaign.test.ts (1 test) 4428ms
   ✓ executes one complete G3 transport seed batch  4427ms

 Test Files  1 passed (1)
      Tests  1 passed (1)
   Start at  20:40:41
   Duration  11.80s (transform 2.58s, setup 20ms, collect 3.87s, tests 4.43s, environment 0ms, prepare 62ms)

JSON report written to /private/tmp/viborm-g4-lane-tmp-6/viborm-raptor3-g0-nxGGSL/vitest.json
Vitest resources: 20.95s wall, 734.7 MiB peak sampled process-group RSS (sampled ceiling 1536 MiB). Teardown verified.
Raptor 3 g3-transport-seed-batch contract gate verified. Evidence: /private/tmp/viborm-g4-lane-tmp-6/viborm-raptor3-g0-nxGGSL

 RUN  v3.1.4 /private/tmp/viborm-g4-lane-6

 ✓ |raptor3| tests/raptor3/g3/generation/transport-campaign.test.ts (1 test) 4438ms
   ✓ executes one complete G3 transport seed batch  4437ms

 Test Files  1 passed (1)
      Tests  1 passed (1)
   Start at  20:41:06
   Duration  11.73s (transform 2.63s, setup 16ms, collect 3.93s, tests 4.44s, environment 0ms, prepare 92ms)

JSON report written to /private/tmp/viborm-g4-lane-tmp-6/viborm-raptor3-g0-Pit1nR/vitest.json
Vitest resources: 19.88s wall, 721.2 MiB peak sampled process-group RSS (sampled ceiling 1536 MiB). Teardown verified.
Raptor 3 g3-transport-seed-batch contract gate verified. Evidence: /private/tmp/viborm-g4-lane-tmp-6/viborm-raptor3-g0-Pit1nR

 RUN  v3.1.4 /private/tmp/viborm-g4-lane-6

 ✓ |raptor3| tests/raptor3/g3/generation/transport-campaign.test.ts (1 test) 5583ms
   ✓ executes one complete G3 transport seed batch  5582ms

 Test Files  1 passed (1)
      Tests  1 passed (1)
   Start at  20:41:36
   Duration  14.46s (transform 3.14s, setup 19ms, collect 4.80s, tests 5.58s, environment 0ms, prepare 68ms)

JSON report written to /private/tmp/viborm-g4-lane-tmp-6/viborm-raptor3-g0-O4Nwlk/vitest.json
Vitest resources: 23.11s wall, 711.1 MiB peak sampled process-group RSS (sampled ceiling 1536 MiB). Teardown verified.
Raptor 3 g3-transport-seed-batch contract gate verified. Evidence: /private/tmp/viborm-g4-lane-tmp-6/viborm-raptor3-g0-O4Nwlk

 RUN  v3.1.4 /private/tmp/viborm-g4-lane-6

 ✓ |raptor3| tests/raptor3/g3/generation/transport-campaign.test.ts (1 test) 4864ms
   ✓ executes one complete G3 transport seed batch  4863ms

 Test Files  1 passed (1)
      Tests  1 passed (1)
   Start at  20:42:12
   Duration  14.88s (transform 3.22s, setup 28ms, collect 4.88s, tests 4.86s, environment 0ms, prepare 77ms)

JSON report written to /private/tmp/viborm-g4-lane-tmp-6/viborm-raptor3-g0-Lee3fQ/vitest.json
Vitest resources: 28.92s wall, 940.7 MiB peak sampled process-group RSS (sampled ceiling 1536 MiB). Teardown verified.
Raptor 3 g3-transport-seed-batch contract gate verified. Evidence: /private/tmp/viborm-g4-lane-tmp-6/viborm-raptor3-g0-Lee3fQ

 RUN  v3.1.4 /private/tmp/viborm-g4-lane-6

 ✓ |raptor3| tests/raptor3/g3/generation/transport-campaign.test.ts (1 test) 4709ms
   ✓ executes one complete G3 transport seed batch  4708ms

 Test Files  1 passed (1)
      Tests  1 passed (1)
   Start at  20:42:43
   Duration  12.22s (transform 2.21s, setup 14ms, collect 3.29s, tests 4.71s, environment 0ms, prepare 57ms)

JSON report written to /private/tmp/viborm-g4-lane-tmp-6/viborm-raptor3-g0-Y2jXcQ/vitest.json
Vitest resources: 21.09s wall, 738.2 MiB peak sampled process-group RSS (sampled ceiling 1536 MiB). Teardown verified.
Raptor 3 g3-transport-seed-batch contract gate verified. Evidence: /private/tmp/viborm-g4-lane-tmp-6/viborm-raptor3-g0-Y2jXcQ

 RUN  v3.1.4 /private/tmp/viborm-g4-lane-6

 ✓ |raptor3| tests/raptor3/g3/generation/transport-campaign.test.ts (1 test) 5270ms
   ✓ executes one complete G3 transport seed batch  5268ms

 Test Files  1 passed (1)
      Tests  1 passed (1)
   Start at  20:43:12
   Duration  13.09s (transform 2.67s, setup 30ms, collect 3.96s, tests 5.27s, environment 0ms, prepare 75ms)

JSON report written to /private/tmp/viborm-g4-lane-tmp-6/viborm-raptor3-g0-3oc8bn/vitest.json
Vitest resources: 22.89s wall, 760.3 MiB peak sampled process-group RSS (sampled ceiling 1536 MiB). Teardown verified.
Raptor 3 g3-transport-seed-batch contract gate verified. Evidence: /private/tmp/viborm-g4-lane-tmp-6/viborm-raptor3-g0-3oc8bn

 RUN  v3.1.4 /private/tmp/viborm-g4-lane-6

 ✓ |raptor3| tests/raptor3/g3/generation/transport-campaign.test.ts (1 test) 5698ms
   ✓ executes one complete G3 transport seed batch  5698ms

 Test Files  1 passed (1)
      Tests  1 passed (1)
   Start at  20:43:45
   Duration  13.52s (transform 2.74s, setup 19ms, collect 4.11s, tests 5.70s, environment 0ms, prepare 65ms)

JSON report written to /private/tmp/viborm-g4-lane-tmp-6/viborm-raptor3-g0-pq4vlW/vitest.json
Vitest resources: 23.73s wall, 676.7 MiB peak sampled process-group RSS (sampled ceiling 1536 MiB). Teardown verified.
Raptor 3 g3-transport-seed-batch contract gate verified. Evidence: /private/tmp/viborm-g4-lane-tmp-6/viborm-raptor3-g0-pq4vlW

 RUN  v3.1.4 /private/tmp/viborm-g4-lane-6

 ✓ |raptor3| tests/raptor3/g3/generation/transport-campaign.test.ts (1 test) 5833ms
   ✓ executes one complete G3 transport seed batch  5832ms

 Test Files  1 passed (1)
      Tests  1 passed (1)
   Start at  20:44:19
   Duration  12.81s (transform 2.76s, setup 15ms, collect 4.15s, tests 5.83s, environment 0ms, prepare 51ms)

JSON report written to /private/tmp/viborm-g4-lane-tmp-6/viborm-raptor3-g0-kk4ezr/vitest.json
Vitest resources: 24.33s wall, 901.6 MiB peak sampled process-group RSS (sampled ceiling 1536 MiB). Teardown verified.
Raptor 3 g3-transport-seed-batch contract gate verified. Evidence: /private/tmp/viborm-g4-lane-tmp-6/viborm-raptor3-g0-kk4ezr

 RUN  v3.1.4 /private/tmp/viborm-g4-lane-6

 ✓ |raptor3| tests/raptor3/g3/generation/transport-campaign.test.ts (1 test) 4119ms
   ✓ executes one complete G3 transport seed batch  4119ms

 Test Files  1 passed (1)
      Tests  1 passed (1)
   Start at  20:44:48
   Duration  9.56s (transform 2.03s, setup 15ms, collect 3.03s, tests 4.12s, environment 0ms, prepare 52ms)

JSON report written to /private/tmp/viborm-g4-lane-tmp-6/viborm-raptor3-g0-v8qaHu/vitest.json
Vitest resources: 17.18s wall, 708.8 MiB peak sampled process-group RSS (sampled ceiling 1536 MiB). Teardown verified.
Raptor 3 g3-transport-seed-batch contract gate verified. Evidence: /private/tmp/viborm-g4-lane-tmp-6/viborm-raptor3-g0-v8qaHu

 RUN  v3.1.4 /private/tmp/viborm-g4-lane-6

 ✓ |raptor3| tests/raptor3/g3/generation/transport-campaign.test.ts (1 test) 6461ms
   ✓ executes one complete G3 transport seed batch  6461ms

 Test Files  1 passed (1)
      Tests  1 passed (1)
   Start at  20:45:14
   Duration  12.33s (transform 2.03s, setup 15ms, collect 3.03s, tests 6.46s, environment 0ms, prepare 57ms)

JSON report written to /private/tmp/viborm-g4-lane-tmp-6/viborm-raptor3-g0-jWo1OB/vitest.json
Vitest resources: 21.58s wall, 934.3 MiB peak sampled process-group RSS (sampled ceiling 1536 MiB). Teardown verified.
Raptor 3 g3-transport-seed-batch contract gate verified. Evidence: /private/tmp/viborm-g4-lane-tmp-6/viborm-raptor3-g0-jWo1OB
Test command refused: the process table could not be inspected for stale workspace verification processes.
Raptor 3 verification failed; diagnostics: /private/tmp/viborm-g4-lane-tmp-6/viborm-raptor3-g0-dZt5bF
