
 RUN  v3.1.4 /private/tmp/viborm-g4-lane-4

 ✓ |raptor3| tests/raptor3/g4/generation/write-transport-campaign.test.ts (1 test) 10525ms
   ✓ executes one complete G4 write-envelope transport seed batch  10524ms

 Test Files  1 passed (1)
      Tests  1 passed (1)
   Start at  20:03:28
   Duration  23.43s (transform 5.24s, setup 33ms, collect 8.34s, tests 10.53s, environment 0ms, prepare 79ms)

JSON report written to /private/tmp/viborm-g4-lane-tmp-4/viborm-raptor3-g0-EOzKDb/vitest.json
Vitest resources: 39.77s wall, 661.7 MiB peak sampled process-group RSS (sampled ceiling 1536 MiB). Teardown verified.
Raptor 3 g4-write-transport-seed-batch contract gate verified. Evidence: /private/tmp/viborm-g4-lane-tmp-4/viborm-raptor3-g0-EOzKDb

 RUN  v3.1.4 /private/tmp/viborm-g4-lane-4

 ✓ |raptor3| tests/raptor3/g4/generation/write-transport-campaign.test.ts (1 test) 10778ms
   ✓ executes one complete G4 write-envelope transport seed batch  10777ms

 Test Files  1 passed (1)
      Tests  1 passed (1)
   Start at  20:04:08
   Duration  22.96s (transform 4.85s, setup 26ms, collect 7.43s, tests 10.78s, environment 0ms, prepare 102ms)

JSON report written to /private/tmp/viborm-g4-lane-tmp-4/viborm-raptor3-g0-2SfYpd/vitest.json
Vitest resources: 31.73s wall, 675.9 MiB peak sampled process-group RSS (sampled ceiling 1536 MiB). Teardown verified.
Raptor 3 g4-write-transport-seed-batch contract gate verified. Evidence: /private/tmp/viborm-g4-lane-tmp-4/viborm-raptor3-g0-2SfYpd

 RUN  v3.1.4 /private/tmp/viborm-g4-lane-4

 ✓ |raptor3| tests/raptor3/g4/generation/write-transport-campaign.test.ts (1 test) 10640ms
   ✓ executes one complete G4 write-envelope transport seed batch  10639ms

 Test Files  1 passed (1)
      Tests  1 passed (1)
   Start at  20:04:58
   Duration  24.20s (transform 5.09s, setup 32ms, collect 7.72s, tests 10.64s, environment 0ms, prepare 138ms)

JSON report written to /private/tmp/viborm-g4-lane-tmp-4/viborm-raptor3-g0-PUN8hx/vitest.json
Vitest resources: 39.88s wall, 663.4 MiB peak sampled process-group RSS (sampled ceiling 1536 MiB). Teardown verified.
Raptor 3 g4-write-transport-seed-batch contract gate verified. Evidence: /private/tmp/viborm-g4-lane-tmp-4/viborm-raptor3-g0-PUN8hx

 RUN  v3.1.4 /private/tmp/viborm-g4-lane-4

 ✓ |raptor3| tests/raptor3/g4/generation/write-transport-campaign.test.ts (1 test) 9637ms
   ✓ executes one complete G4 write-envelope transport seed batch  9636ms

 Test Files  1 passed (1)
      Tests  1 passed (1)
   Start at  20:05:42
   Duration  30.31s (transform 5.16s, setup 41ms, collect 8.30s, tests 9.64s, environment 0ms, prepare 160ms)

JSON report written to /private/tmp/viborm-g4-lane-tmp-4/viborm-raptor3-g0-qpo0EI/vitest.json
Vitest resources: 41.99s wall, 749.3 MiB peak sampled process-group RSS (sampled ceiling 1536 MiB). Teardown verified.
Raptor 3 g4-write-transport-seed-batch contract gate verified. Evidence: /private/tmp/viborm-g4-lane-tmp-4/viborm-raptor3-g0-qpo0EI

 RUN  v3.1.4 /private/tmp/viborm-g4-lane-4

 ✓ |raptor3| tests/raptor3/g4/generation/write-transport-campaign.test.ts (1 test) 11494ms
   ✓ executes one complete G4 write-envelope transport seed batch  11493ms

 Test Files  1 passed (1)
      Tests  1 passed (1)
   Start at  20:06:44
   Duration  24.36s (transform 4.85s, setup 24ms, collect 7.33s, tests 11.49s, environment 0ms, prepare 79ms)

JSON report written to /private/tmp/viborm-g4-lane-tmp-4/viborm-raptor3-g0-nsdnKj/vitest.json
Vitest resources: 33.81s wall, 691.3 MiB peak sampled process-group RSS (sampled ceiling 1536 MiB). Teardown verified.
Raptor 3 g4-write-transport-seed-batch contract gate verified. Evidence: /private/tmp/viborm-g4-lane-tmp-4/viborm-raptor3-g0-nsdnKj

 RUN  v3.1.4 /private/tmp/viborm-g4-lane-4

 ✓ |raptor3| tests/raptor3/g4/generation/write-transport-campaign.test.ts (1 test) 9414ms
   ✓ executes one complete G4 write-envelope transport seed batch  9412ms

 Test Files  1 passed (1)
      Tests  1 passed (1)
   Start at  20:07:30
   Duration  20.78s (transform 4.58s, setup 24ms, collect 7.19s, tests 9.41s, environment 0ms, prepare 120ms)

JSON report written to /private/tmp/viborm-g4-lane-tmp-4/viborm-raptor3-g0-h63Klk/vitest.json
Vitest resources: 32.58s wall, 804.2 MiB peak sampled process-group RSS (sampled ceiling 1536 MiB). Teardown verified.
Raptor 3 g4-write-transport-seed-batch contract gate verified. Evidence: /private/tmp/viborm-g4-lane-tmp-4/viborm-raptor3-g0-h63Klk

 RUN  v3.1.4 /private/tmp/viborm-g4-lane-4

 ✓ |raptor3| tests/raptor3/g4/generation/write-transport-campaign.test.ts (1 test) 7420ms
   ✓ executes one complete G4 write-envelope transport seed batch  7419ms

 Test Files  1 passed (1)
      Tests  1 passed (1)
   Start at  20:08:15
   Duration  15.53s (transform 3.29s, setup 22ms, collect 4.95s, tests 7.42s, environment 0ms, prepare 91ms)

JSON report written to /private/tmp/viborm-g4-lane-tmp-4/viborm-raptor3-g0-SrxBwl/vitest.json
Vitest resources: 28.36s wall, 776.1 MiB peak sampled process-group RSS (sampled ceiling 1536 MiB). Teardown verified.
Raptor 3 g4-write-transport-seed-batch contract gate verified. Evidence: /private/tmp/viborm-g4-lane-tmp-4/viborm-raptor3-g0-SrxBwl

 RUN  v3.1.4 /private/tmp/viborm-g4-lane-4

 ✓ |raptor3| tests/raptor3/g4/generation/write-transport-campaign.test.ts (1 test) 5997ms
   ✓ executes one complete G4 write-envelope transport seed batch  5996ms

 Test Files  1 passed (1)
      Tests  1 passed (1)
   Start at  20:08:50
   Duration  14.27s (transform 2.64s, setup 17ms, collect 3.92s, tests 6.00s, environment 0ms, prepare 74ms)

JSON report written to /private/tmp/viborm-g4-lane-tmp-4/viborm-raptor3-g0-a3kg7I/vitest.json
Vitest resources: 24.88s wall, 728.4 MiB peak sampled process-group RSS (sampled ceiling 1536 MiB). Teardown verified.
Raptor 3 g4-write-transport-seed-batch contract gate verified. Evidence: /private/tmp/viborm-g4-lane-tmp-4/viborm-raptor3-g0-a3kg7I

 RUN  v3.1.4 /private/tmp/viborm-g4-lane-4

 ✓ |raptor3| tests/raptor3/g4/generation/write-transport-campaign.test.ts (1 test) 7844ms
   ✓ executes one complete G4 write-envelope transport seed batch  7843ms

 Test Files  1 passed (1)
      Tests  1 passed (1)
   Start at  20:09:35
   Duration  16.32s (transform 2.94s, setup 11ms, collect 4.37s, tests 7.84s, environment 0ms, prepare 45ms)

JSON report written to /private/tmp/viborm-g4-lane-tmp-4/viborm-raptor3-g0-kN0yQY/vitest.json
Vitest resources: 37.43s wall, 677.0 MiB peak sampled process-group RSS (sampled ceiling 1536 MiB). Teardown verified.
Raptor 3 g4-write-transport-seed-batch contract gate verified. Evidence: /private/tmp/viborm-g4-lane-tmp-4/viborm-raptor3-g0-kN0yQY

 RUN  v3.1.4 /private/tmp/viborm-g4-lane-4

 ✓ |raptor3| tests/raptor3/g4/generation/write-transport-campaign.test.ts (1 test) 4847ms
   ✓ executes one complete G4 write-envelope transport seed batch  4846ms

 Test Files  1 passed (1)
      Tests  1 passed (1)
   Start at  20:10:12
   Duration  11.40s (transform 2.05s, setup 15ms, collect 3.08s, tests 4.85s, environment 0ms, prepare 55ms)

JSON report written to /private/tmp/viborm-g4-lane-tmp-4/viborm-raptor3-g0-q7glIw/vitest.json
Vitest resources: 22.78s wall, 738.4 MiB peak sampled process-group RSS (sampled ceiling 1536 MiB). Teardown verified.
Raptor 3 g4-write-transport-seed-batch contract gate verified. Evidence: /private/tmp/viborm-g4-lane-tmp-4/viborm-raptor3-g0-q7glIw

 RUN  v3.1.4 /private/tmp/viborm-g4-lane-4

 ✓ |raptor3| tests/raptor3/g4/generation/write-transport-campaign.test.ts (1 test) 4957ms
   ✓ executes one complete G4 write-envelope transport seed batch  4956ms

 Test Files  1 passed (1)
      Tests  1 passed (1)
   Start at  20:10:40
   Duration  11.15s (transform 2.33s, setup 12ms, collect 3.48s, tests 4.96s, environment 0ms, prepare 51ms)

JSON report written to /private/tmp/viborm-g4-lane-tmp-4/viborm-raptor3-g0-BpvcYq/vitest.json
Vitest resources: 22.28s wall, 812.0 MiB peak sampled process-group RSS (sampled ceiling 1536 MiB). Teardown verified.
Raptor 3 g4-write-transport-seed-batch contract gate verified. Evidence: /private/tmp/viborm-g4-lane-tmp-4/viborm-raptor3-g0-BpvcYq

 RUN  v3.1.4 /private/tmp/viborm-g4-lane-4

 ✓ |raptor3| tests/raptor3/g4/generation/write-transport-campaign.test.ts (1 test) 5511ms
   ✓ executes one complete G4 write-envelope transport seed batch  5510ms

 Test Files  1 passed (1)
      Tests  1 passed (1)
   Start at  20:11:09
   Duration  13.71s (transform 3.29s, setup 20ms, collect 4.97s, tests 5.51s, environment 0ms, prepare 74ms)

JSON report written to /private/tmp/viborm-g4-lane-tmp-4/viborm-raptor3-g0-D7a1W5/vitest.json
Vitest resources: 25.00s wall, 710.4 MiB peak sampled process-group RSS (sampled ceiling 1536 MiB). Teardown verified.
Raptor 3 g4-write-transport-seed-batch contract gate verified. Evidence: /private/tmp/viborm-g4-lane-tmp-4/viborm-raptor3-g0-D7a1W5

 RUN  v3.1.4 /private/tmp/viborm-g4-lane-4

 ✓ |raptor3| tests/raptor3/g4/generation/write-transport-campaign.test.ts (1 test) 4673ms
   ✓ executes one complete G4 write-envelope transport seed batch  4673ms

 Test Files  1 passed (1)
      Tests  1 passed (1)
   Start at  20:11:43
   Duration  10.10s (transform 1.77s, setup 11ms, collect 2.62s, tests 4.67s, environment 0ms, prepare 49ms)

JSON report written to /private/tmp/viborm-g4-lane-tmp-4/viborm-raptor3-g0-dTqBZe/vitest.json
Vitest resources: 22.14s wall, 1002.4 MiB peak sampled process-group RSS (sampled ceiling 1536 MiB). Teardown verified.
Raptor 3 g4-write-transport-seed-batch contract gate verified. Evidence: /private/tmp/viborm-g4-lane-tmp-4/viborm-raptor3-g0-dTqBZe

 RUN  v3.1.4 /private/tmp/viborm-g4-lane-4

 ✓ |raptor3| tests/raptor3/g4/generation/write-transport-campaign.test.ts (1 test) 5434ms
   ✓ executes one complete G4 write-envelope transport seed batch  5433ms

 Test Files  1 passed (1)
      Tests  1 passed (1)
   Start at  20:12:13
   Duration  11.31s (transform 1.98s, setup 13ms, collect 2.96s, tests 5.43s, environment 0ms, prepare 50ms)

JSON report written to /private/tmp/viborm-g4-lane-tmp-4/viborm-raptor3-g0-CeGYmR/vitest.json
Vitest resources: 21.74s wall, 722.6 MiB peak sampled process-group RSS (sampled ceiling 1536 MiB). Teardown verified.
Raptor 3 g4-write-transport-seed-batch contract gate verified. Evidence: /private/tmp/viborm-g4-lane-tmp-4/viborm-raptor3-g0-CeGYmR

 RUN  v3.1.4 /private/tmp/viborm-g4-lane-4

 ✓ |raptor3| tests/raptor3/g4/generation/write-transport-campaign.test.ts (1 test) 6444ms
   ✓ executes one complete G4 write-envelope transport seed batch  6443ms

 Test Files  1 passed (1)
      Tests  1 passed (1)
   Start at  20:12:41
   Duration  13.43s (transform 2.40s, setup 21ms, collect 3.56s, tests 6.44s, environment 0ms, prepare 73ms)

JSON report written to /private/tmp/viborm-g4-lane-tmp-4/viborm-raptor3-g0-ii7zkz/vitest.json
Vitest resources: 22.41s wall, 868.7 MiB peak sampled process-group RSS (sampled ceiling 1536 MiB). Teardown verified.
Raptor 3 g4-write-transport-seed-batch contract gate verified. Evidence: /private/tmp/viborm-g4-lane-tmp-4/viborm-raptor3-g0-ii7zkz

 RUN  v3.1.4 /private/tmp/viborm-g4-lane-4

 ✓ |raptor3| tests/raptor3/g4/generation/write-transport-campaign.test.ts (1 test) 5130ms
   ✓ executes one complete G4 write-envelope transport seed batch  5129ms

 Test Files  1 passed (1)
      Tests  1 passed (1)
   Start at  20:13:13
   Duration  13.27s (transform 2.99s, setup 20ms, collect 4.47s, tests 5.13s, environment 0ms, prepare 72ms)

JSON report written to /private/tmp/viborm-g4-lane-tmp-4/viborm-raptor3-g0-rCqPNi/vitest.json
Vitest resources: 23.98s wall, 791.7 MiB peak sampled process-group RSS (sampled ceiling 1536 MiB). Teardown verified.
Raptor 3 g4-write-transport-seed-batch contract gate verified. Evidence: /private/tmp/viborm-g4-lane-tmp-4/viborm-raptor3-g0-rCqPNi

 RUN  v3.1.4 /private/tmp/viborm-g4-lane-4

 ✓ |raptor3| tests/raptor3/g4/generation/write-transport-campaign.test.ts (1 test) 5721ms
   ✓ executes one complete G4 write-envelope transport seed batch  5720ms

 Test Files  1 passed (1)
      Tests  1 passed (1)
   Start at  20:13:44
   Duration  14.99s (transform 1.94s, setup 11ms, collect 2.86s, tests 5.72s, environment 0ms, prepare 36ms)

JSON report written to /private/tmp/viborm-g4-lane-tmp-4/viborm-raptor3-g0-GAXWfm/vitest.json
Vitest resources: 25.35s wall, 857.2 MiB peak sampled process-group RSS (sampled ceiling 1536 MiB). Teardown verified.
Raptor 3 g4-write-transport-seed-batch contract gate verified. Evidence: /private/tmp/viborm-g4-lane-tmp-4/viborm-raptor3-g0-GAXWfm

 RUN  v3.1.4 /private/tmp/viborm-g4-lane-4

 ✓ |raptor3| tests/raptor3/g4/generation/write-transport-campaign.test.ts (1 test) 3470ms
   ✓ executes one complete G4 write-envelope transport seed batch  3469ms

 Test Files  1 passed (1)
      Tests  1 passed (1)
   Start at  20:14:15
   Duration  10.00s (transform 2.69s, setup 13ms, collect 4.14s, tests 3.47s, environment 0ms, prepare 49ms)

JSON report written to /private/tmp/viborm-g4-lane-tmp-4/viborm-raptor3-g0-prdxg6/vitest.json
Vitest resources: 18.11s wall, 566.6 MiB peak sampled process-group RSS (sampled ceiling 1536 MiB). Teardown verified.
Raptor 3 g4-write-transport-seed-batch contract gate verified. Evidence: /private/tmp/viborm-g4-lane-tmp-4/viborm-raptor3-g0-prdxg6

 RUN  v3.1.4 /private/tmp/viborm-g4-lane-4

 ✓ |raptor3| tests/raptor3/g4/generation/write-transport-campaign.test.ts (1 test) 4559ms
   ✓ executes one complete G4 write-envelope transport seed batch  4558ms

 Test Files  1 passed (1)
      Tests  1 passed (1)
   Start at  20:14:41
   Duration  11.19s (transform 2.58s, setup 20ms, collect 3.89s, tests 4.56s, environment 0ms, prepare 60ms)

JSON report written to /private/tmp/viborm-g4-lane-tmp-4/viborm-raptor3-g0-p7cT1y/vitest.json
Vitest resources: 19.71s wall, 735.4 MiB peak sampled process-group RSS (sampled ceiling 1536 MiB). Teardown verified.
Raptor 3 g4-write-transport-seed-batch contract gate verified. Evidence: /private/tmp/viborm-g4-lane-tmp-4/viborm-raptor3-g0-p7cT1y

 RUN  v3.1.4 /private/tmp/viborm-g4-lane-4

 ✓ |raptor3| tests/raptor3/g4/generation/write-transport-campaign.test.ts (1 test) 5709ms
   ✓ executes one complete G4 write-envelope transport seed batch  5708ms

 Test Files  1 passed (1)
      Tests  1 passed (1)
   Start at  20:15:06
   Duration  11.68s (transform 1.81s, setup 12ms, collect 2.71s, tests 5.71s, environment 0ms, prepare 49ms)

JSON report written to /private/tmp/viborm-g4-lane-tmp-4/viborm-raptor3-g0-IXYs9n/vitest.json
Vitest resources: 19.97s wall, 902.8 MiB peak sampled process-group RSS (sampled ceiling 1536 MiB). Teardown verified.
Raptor 3 g4-write-transport-seed-batch contract gate verified. Evidence: /private/tmp/viborm-g4-lane-tmp-4/viborm-raptor3-g0-IXYs9n

 RUN  v3.1.4 /private/tmp/viborm-g4-lane-4

 ✓ |raptor3| tests/raptor3/g4/generation/write-transport-campaign.test.ts (1 test) 4601ms
   ✓ executes one complete G4 write-envelope transport seed batch  4600ms

 Test Files  1 passed (1)
      Tests  1 passed (1)
   Start at  20:15:33
   Duration  12.69s (transform 3.00s, setup 23ms, collect 4.57s, tests 4.60s, environment 0ms, prepare 72ms)

JSON report written to /private/tmp/viborm-g4-lane-tmp-4/viborm-raptor3-g0-BnYqM6/vitest.json
Vitest resources: 21.67s wall, 727.1 MiB peak sampled process-group RSS (sampled ceiling 1536 MiB). Teardown verified.
Raptor 3 g4-write-transport-seed-batch contract gate verified. Evidence: /private/tmp/viborm-g4-lane-tmp-4/viborm-raptor3-g0-BnYqM6

 RUN  v3.1.4 /private/tmp/viborm-g4-lane-4

 ✓ |raptor3| tests/raptor3/g4/generation/write-transport-campaign.test.ts (1 test) 4683ms
   ✓ executes one complete G4 write-envelope transport seed batch  4682ms

 Test Files  1 passed (1)
      Tests  1 passed (1)
   Start at  20:16:01
   Duration  11.10s (transform 2.24s, setup 15ms, collect 3.34s, tests 4.68s, environment 0ms, prepare 56ms)

JSON report written to /private/tmp/viborm-g4-lane-tmp-4/viborm-raptor3-g0-4q9olh/vitest.json
Vitest resources: 20.17s wall, 725.9 MiB peak sampled process-group RSS (sampled ceiling 1536 MiB). Teardown verified.
Raptor 3 g4-write-transport-seed-batch contract gate verified. Evidence: /private/tmp/viborm-g4-lane-tmp-4/viborm-raptor3-g0-4q9olh

 RUN  v3.1.4 /private/tmp/viborm-g4-lane-4

 ✓ |raptor3| tests/raptor3/g4/generation/write-transport-campaign.test.ts (1 test) 5181ms
   ✓ executes one complete G4 write-envelope transport seed batch  5180ms

 Test Files  1 passed (1)
      Tests  1 passed (1)
   Start at  20:16:28
   Duration  10.57s (transform 2.01s, setup 14ms, collect 2.97s, tests 5.18s, environment 0ms, prepare 38ms)

JSON report written to /private/tmp/viborm-g4-lane-tmp-4/viborm-raptor3-g0-MbvkJN/vitest.json
Vitest resources: 18.98s wall, 719.0 MiB peak sampled process-group RSS (sampled ceiling 1536 MiB). Teardown verified.
Raptor 3 g4-write-transport-seed-batch contract gate verified. Evidence: /private/tmp/viborm-g4-lane-tmp-4/viborm-raptor3-g0-MbvkJN

 RUN  v3.1.4 /private/tmp/viborm-g4-lane-4

 ✓ |raptor3| tests/raptor3/g4/generation/write-transport-campaign.test.ts (1 test) 5789ms
   ✓ executes one complete G4 write-envelope transport seed batch  5788ms

 Test Files  1 passed (1)
      Tests  1 passed (1)
   Start at  20:16:53
   Duration  12.22s (transform 2.41s, setup 15ms, collect 3.60s, tests 5.79s, environment 0ms, prepare 34ms)

JSON report written to /private/tmp/viborm-g4-lane-tmp-4/viborm-raptor3-g0-R7lRsb/vitest.json
Vitest resources: 19.82s wall, 752.8 MiB peak sampled process-group RSS (sampled ceiling 1536 MiB). Teardown verified.
Raptor 3 g4-write-transport-seed-batch contract gate verified. Evidence: /private/tmp/viborm-g4-lane-tmp-4/viborm-raptor3-g0-R7lRsb

 RUN  v3.1.4 /private/tmp/viborm-g4-lane-4

 ✓ |raptor3| tests/raptor3/g4/generation/write-transport-campaign.test.ts (1 test) 6317ms
   ✓ executes one complete G4 write-envelope transport seed batch  6316ms

 Test Files  1 passed (1)
      Tests  1 passed (1)
   Start at  20:17:21
   Duration  14.40s (transform 2.74s, setup 33ms, collect 4.08s, tests 6.32s, environment 0ms, prepare 91ms)

JSON report written to /private/tmp/viborm-g4-lane-tmp-4/viborm-raptor3-g0-QCo7Ji/vitest.json
Vitest resources: 21.24s wall, 929.7 MiB peak sampled process-group RSS (sampled ceiling 1536 MiB). Teardown verified.
Raptor 3 g4-write-transport-seed-batch contract gate verified. Evidence: /private/tmp/viborm-g4-lane-tmp-4/viborm-raptor3-g0-QCo7Ji

 RUN  v3.1.4 /private/tmp/viborm-g4-lane-4

 ✓ |raptor3| tests/raptor3/g4/generation/write-transport-campaign.test.ts (1 test) 6181ms
   ✓ executes one complete G4 write-envelope transport seed batch  6180ms

 Test Files  1 passed (1)
      Tests  1 passed (1)
   Start at  20:17:53
   Duration  13.94s (transform 2.75s, setup 14ms, collect 4.13s, tests 6.18s, environment 0ms, prepare 50ms)

JSON report written to /private/tmp/viborm-g4-lane-tmp-4/viborm-raptor3-g0-hgBADm/vitest.json
Vitest resources: 23.57s wall, 746.4 MiB peak sampled process-group RSS (sampled ceiling 1536 MiB). Teardown verified.
Raptor 3 g4-write-transport-seed-batch contract gate verified. Evidence: /private/tmp/viborm-g4-lane-tmp-4/viborm-raptor3-g0-hgBADm

 RUN  v3.1.4 /private/tmp/viborm-g4-lane-4

 ✓ |raptor3| tests/raptor3/g4/generation/write-transport-campaign.test.ts (1 test) 3600ms
   ✓ executes one complete G4 write-envelope transport seed batch  3599ms

 Test Files  1 passed (1)
      Tests  1 passed (1)
   Start at  20:18:24
   Duration  11.20s (transform 2.18s, setup 18ms, collect 3.24s, tests 3.60s, environment 0ms, prepare 69ms)

JSON report written to /private/tmp/viborm-g4-lane-tmp-4/viborm-raptor3-g0-cxS3I7/vitest.json
Vitest resources: 21.46s wall, 855.2 MiB peak sampled process-group RSS (sampled ceiling 1536 MiB). Teardown verified.
Raptor 3 g4-write-transport-seed-batch contract gate verified. Evidence: /private/tmp/viborm-g4-lane-tmp-4/viborm-raptor3-g0-cxS3I7

 RUN  v3.1.4 /private/tmp/viborm-g4-lane-4

 ✓ |raptor3| tests/raptor3/g4/generation/write-transport-campaign.test.ts (1 test) 5628ms
   ✓ executes one complete G4 write-envelope transport seed batch  5627ms

 Test Files  1 passed (1)
      Tests  1 passed (1)
   Start at  20:18:54
   Duration  12.33s (transform 2.14s, setup 13ms, collect 3.20s, tests 5.63s, environment 0ms, prepare 59ms)

JSON report written to /private/tmp/viborm-g4-lane-tmp-4/viborm-raptor3-g0-l0kYul/vitest.json
Vitest resources: 22.82s wall, 720.6 MiB peak sampled process-group RSS (sampled ceiling 1536 MiB). Teardown verified.
Raptor 3 g4-write-transport-seed-batch contract gate verified. Evidence: /private/tmp/viborm-g4-lane-tmp-4/viborm-raptor3-g0-l0kYul

 RUN  v3.1.4 /private/tmp/viborm-g4-lane-4

 ✓ |raptor3| tests/raptor3/g4/generation/write-transport-campaign.test.ts (1 test) 6575ms
   ✓ executes one complete G4 write-envelope transport seed batch  6574ms

 Test Files  1 passed (1)
      Tests  1 passed (1)
   Start at  20:19:30
   Duration  15.31s (transform 3.20s, setup 19ms, collect 4.85s, tests 6.57s, environment 0ms, prepare 80ms)

JSON report written to /private/tmp/viborm-g4-lane-tmp-4/viborm-raptor3-g0-bPax4N/vitest.json
Vitest resources: 29.53s wall, 887.0 MiB peak sampled process-group RSS (sampled ceiling 1536 MiB). Teardown verified.
Raptor 3 g4-write-transport-seed-batch contract gate verified. Evidence: /private/tmp/viborm-g4-lane-tmp-4/viborm-raptor3-g0-bPax4N

 RUN  v3.1.4 /private/tmp/viborm-g4-lane-4

 ✓ |raptor3| tests/raptor3/g4/generation/write-transport-campaign.test.ts (1 test) 5844ms
   ✓ executes one complete G4 write-envelope transport seed batch  5843ms

 Test Files  1 passed (1)
      Tests  1 passed (1)
   Start at  20:20:05
   Duration  13.33s (transform 2.65s, setup 12ms, collect 3.96s, tests 5.84s, environment 0ms, prepare 49ms)

JSON report written to /private/tmp/viborm-g4-lane-tmp-4/viborm-raptor3-g0-P0ne9I/vitest.json
Vitest resources: 22.85s wall, 716.9 MiB peak sampled process-group RSS (sampled ceiling 1536 MiB). Teardown verified.
Raptor 3 g4-write-transport-seed-batch contract gate verified. Evidence: /private/tmp/viborm-g4-lane-tmp-4/viborm-raptor3-g0-P0ne9I

 RUN  v3.1.4 /private/tmp/viborm-g4-lane-4

 ✓ |raptor3| tests/raptor3/g4/generation/write-transport-campaign.test.ts (1 test) 5998ms
   ✓ executes one complete G4 write-envelope transport seed batch  5998ms

 Test Files  1 passed (1)
      Tests  1 passed (1)
   Start at  20:20:34
   Duration  13.50s (transform 2.94s, setup 26ms, collect 4.45s, tests 6.00s, environment 0ms, prepare 104ms)

JSON report written to /private/tmp/viborm-g4-lane-tmp-4/viborm-raptor3-g0-0hQQsz/vitest.json
Vitest resources: 22.91s wall, 993.7 MiB peak sampled process-group RSS (sampled ceiling 1536 MiB). Teardown verified.
Raptor 3 g4-write-transport-seed-batch contract gate verified. Evidence: /private/tmp/viborm-g4-lane-tmp-4/viborm-raptor3-g0-0hQQsz

 RUN  v3.1.4 /private/tmp/viborm-g4-lane-4

 ✓ |raptor3| tests/raptor3/g4/generation/write-transport-campaign.test.ts (1 test) 4989ms
   ✓ executes one complete G4 write-envelope transport seed batch  4987ms

 Test Files  1 passed (1)
      Tests  1 passed (1)
   Start at  20:21:03
   Duration  12.31s (transform 2.13s, setup 11ms, collect 3.20s, tests 4.99s, environment 0ms, prepare 45ms)

JSON report written to /private/tmp/viborm-g4-lane-tmp-4/viborm-raptor3-g0-hCM5VW/vitest.json
Vitest resources: 20.80s wall, 822.6 MiB peak sampled process-group RSS (sampled ceiling 1536 MiB). Teardown verified.
Raptor 3 g4-write-transport-seed-batch contract gate verified. Evidence: /private/tmp/viborm-g4-lane-tmp-4/viborm-raptor3-g0-hCM5VW

 RUN  v3.1.4 /private/tmp/viborm-g4-lane-4

 ✓ |raptor3| tests/raptor3/g4/generation/write-transport-campaign.test.ts (1 test) 6170ms
   ✓ executes one complete G4 write-envelope transport seed batch  6169ms

 Test Files  1 passed (1)
      Tests  1 passed (1)
   Start at  20:21:33
   Duration  13.76s (transform 2.14s, setup 14ms, collect 3.19s, tests 6.17s, environment 0ms, prepare 58ms)

JSON report written to /private/tmp/viborm-g4-lane-tmp-4/viborm-raptor3-g0-BOTwjA/vitest.json
Vitest resources: 23.45s wall, 837.7 MiB peak sampled process-group RSS (sampled ceiling 1536 MiB). Teardown verified.
Raptor 3 g4-write-transport-seed-batch contract gate verified. Evidence: /private/tmp/viborm-g4-lane-tmp-4/viborm-raptor3-g0-BOTwjA

 RUN  v3.1.4 /private/tmp/viborm-g4-lane-4

 ✓ |raptor3| tests/raptor3/g4/generation/write-transport-campaign.test.ts (1 test) 5497ms
   ✓ executes one complete G4 write-envelope transport seed batch  5496ms

 Test Files  1 passed (1)
      Tests  1 passed (1)
   Start at  20:22:05
   Duration  13.08s (transform 2.75s, setup 15ms, collect 4.15s, tests 5.50s, environment 0ms, prepare 60ms)

JSON report written to /private/tmp/viborm-g4-lane-tmp-4/viborm-raptor3-g0-vbBrwk/vitest.json
Vitest resources: 22.78s wall, 1044.1 MiB peak sampled process-group RSS (sampled ceiling 1536 MiB). Teardown verified.
Raptor 3 g4-write-transport-seed-batch contract gate verified. Evidence: /private/tmp/viborm-g4-lane-tmp-4/viborm-raptor3-g0-vbBrwk

 RUN  v3.1.4 /private/tmp/viborm-g4-lane-4

 ✓ |raptor3| tests/raptor3/g4/generation/write-transport-campaign.test.ts (1 test) 7462ms
   ✓ executes one complete G4 write-envelope transport seed batch  7461ms

 Test Files  1 passed (1)
      Tests  1 passed (1)
   Start at  20:22:35
   Duration  15.90s (transform 2.67s, setup 16ms, collect 4.00s, tests 7.46s, environment 0ms, prepare 74ms)

JSON report written to /private/tmp/viborm-g4-lane-tmp-4/viborm-raptor3-g0-ljbGnp/vitest.json
Vitest resources: 25.22s wall, 951.8 MiB peak sampled process-group RSS (sampled ceiling 1536 MiB). Teardown verified.
Raptor 3 g4-write-transport-seed-batch contract gate verified. Evidence: /private/tmp/viborm-g4-lane-tmp-4/viborm-raptor3-g0-ljbGnp

 RUN  v3.1.4 /private/tmp/viborm-g4-lane-4

 ✓ |raptor3| tests/raptor3/g4/generation/write-transport-campaign.test.ts (1 test) 5201ms
   ✓ executes one complete G4 write-envelope transport seed batch  5200ms

 Test Files  1 passed (1)
      Tests  1 passed (1)
   Start at  20:23:09
   Duration  13.51s (transform 2.66s, setup 21ms, collect 3.97s, tests 5.20s, environment 0ms, prepare 95ms)

JSON report written to /private/tmp/viborm-g4-lane-tmp-4/viborm-raptor3-g0-KT8Tlo/vitest.json
Vitest resources: 23.59s wall, 963.8 MiB peak sampled process-group RSS (sampled ceiling 1536 MiB). Teardown verified.
Raptor 3 g4-write-transport-seed-batch contract gate verified. Evidence: /private/tmp/viborm-g4-lane-tmp-4/viborm-raptor3-g0-KT8Tlo

 RUN  v3.1.4 /private/tmp/viborm-g4-lane-4

 ✓ |raptor3| tests/raptor3/g4/generation/write-transport-campaign.test.ts (1 test) 5267ms
   ✓ executes one complete G4 write-envelope transport seed batch  5266ms

 Test Files  1 passed (1)
      Tests  1 passed (1)
   Start at  20:23:40
   Duration  12.39s (transform 2.43s, setup 14ms, collect 3.65s, tests 5.27s, environment 0ms, prepare 48ms)

JSON report written to /private/tmp/viborm-g4-lane-tmp-4/viborm-raptor3-g0-Csk4zn/vitest.json
Vitest resources: 22.53s wall, 944.6 MiB peak sampled process-group RSS (sampled ceiling 1536 MiB). Teardown verified.
Raptor 3 g4-write-transport-seed-batch contract gate verified. Evidence: /private/tmp/viborm-g4-lane-tmp-4/viborm-raptor3-g0-Csk4zn

 RUN  v3.1.4 /private/tmp/viborm-g4-lane-4

 ✓ |raptor3| tests/raptor3/g4/generation/write-transport-campaign.test.ts (1 test) 5250ms
   ✓ executes one complete G4 write-envelope transport seed batch  5249ms

 Test Files  1 passed (1)
      Tests  1 passed (1)
   Start at  20:24:15
   Duration  23.90s (transform 2.69s, setup 17ms, collect 4.00s, tests 5.25s, environment 0ms, prepare 48ms)

JSON report written to /private/tmp/viborm-g4-lane-tmp-4/viborm-raptor3-g0-42NGcg/vitest.json
Vitest resources: 34.29s wall, 703.4 MiB peak sampled process-group RSS (sampled ceiling 1536 MiB). Teardown verified.
Raptor 3 g4-write-transport-seed-batch contract gate verified. Evidence: /private/tmp/viborm-g4-lane-tmp-4/viborm-raptor3-g0-42NGcg

 RUN  v3.1.4 /private/tmp/viborm-g4-lane-4

 ✓ |raptor3| tests/raptor3/g4/generation/write-transport-campaign.test.ts (1 test) 3821ms
   ✓ executes one complete G4 write-envelope transport seed batch  3820ms

 Test Files  1 passed (1)
      Tests  1 passed (1)
   Start at  20:24:56
   Duration  13.77s (transform 2.34s, setup 18ms, collect 3.54s, tests 3.82s, environment 0ms, prepare 75ms)

JSON report written to /private/tmp/viborm-g4-lane-tmp-4/viborm-raptor3-g0-Y2VbP3/vitest.json
Vitest resources: 25.48s wall, 700.3 MiB peak sampled process-group RSS (sampled ceiling 1536 MiB). Teardown verified.
Raptor 3 g4-write-transport-seed-batch contract gate verified. Evidence: /private/tmp/viborm-g4-lane-tmp-4/viborm-raptor3-g0-Y2VbP3

 RUN  v3.1.4 /private/tmp/viborm-g4-lane-4

 ✓ |raptor3| tests/raptor3/g4/generation/write-transport-campaign.test.ts (1 test) 4518ms
   ✓ executes one complete G4 write-envelope transport seed batch  4517ms

 Test Files  1 passed (1)
      Tests  1 passed (1)
   Start at  20:25:28
   Duration  13.81s (transform 2.82s, setup 27ms, collect 4.27s, tests 4.52s, environment 0ms, prepare 79ms)

JSON report written to /private/tmp/viborm-g4-lane-tmp-4/viborm-raptor3-g0-Tl9Egg/vitest.json
Vitest resources: 23.16s wall, 702.2 MiB peak sampled process-group RSS (sampled ceiling 1536 MiB). Teardown verified.
Raptor 3 g4-write-transport-seed-batch contract gate verified. Evidence: /private/tmp/viborm-g4-lane-tmp-4/viborm-raptor3-g0-Tl9Egg

 RUN  v3.1.4 /private/tmp/viborm-g4-lane-4

 ✓ |raptor3| tests/raptor3/g4/generation/write-transport-campaign.test.ts (1 test) 4614ms
   ✓ executes one complete G4 write-envelope transport seed batch  4613ms

 Test Files  1 passed (1)
      Tests  1 passed (1)
   Start at  20:25:57
   Duration  12.47s (transform 2.61s, setup 16ms, collect 3.90s, tests 4.61s, environment 0ms, prepare 57ms)

JSON report written to /private/tmp/viborm-g4-lane-tmp-4/viborm-raptor3-g0-SXbadS/vitest.json
Vitest resources: 21.33s wall, 713.9 MiB peak sampled process-group RSS (sampled ceiling 1536 MiB). Teardown verified.
Raptor 3 g4-write-transport-seed-batch contract gate verified. Evidence: /private/tmp/viborm-g4-lane-tmp-4/viborm-raptor3-g0-SXbadS

 RUN  v3.1.4 /private/tmp/viborm-g4-lane-4

 ✓ |raptor3| tests/raptor3/g4/generation/write-transport-campaign.test.ts (1 test) 5159ms
   ✓ executes one complete G4 write-envelope transport seed batch  5159ms

 Test Files  1 passed (1)
      Tests  1 passed (1)
   Start at  20:26:25
   Duration  11.40s (transform 2.09s, setup 18ms, collect 3.10s, tests 5.16s, environment 0ms, prepare 54ms)

JSON report written to /private/tmp/viborm-g4-lane-tmp-4/viborm-raptor3-g0-315bNs/vitest.json
Vitest resources: 20.23s wall, 747.5 MiB peak sampled process-group RSS (sampled ceiling 1536 MiB). Teardown verified.
Raptor 3 g4-write-transport-seed-batch contract gate verified. Evidence: /private/tmp/viborm-g4-lane-tmp-4/viborm-raptor3-g0-315bNs

 RUN  v3.1.4 /private/tmp/viborm-g4-lane-4

 ✓ |raptor3| tests/raptor3/g4/generation/write-transport-campaign.test.ts (1 test) 6331ms
   ✓ executes one complete G4 write-envelope transport seed batch  6330ms

 Test Files  1 passed (1)
      Tests  1 passed (1)
   Start at  20:26:53
   Duration  13.16s (transform 2.66s, setup 9ms, collect 4.01s, tests 6.33s, environment 0ms, prepare 39ms)

JSON report written to /private/tmp/viborm-g4-lane-tmp-4/viborm-raptor3-g0-7Z4p6B/vitest.json
Vitest resources: 21.83s wall, 737.4 MiB peak sampled process-group RSS (sampled ceiling 1536 MiB). Teardown verified.
Raptor 3 g4-write-transport-seed-batch contract gate verified. Evidence: /private/tmp/viborm-g4-lane-tmp-4/viborm-raptor3-g0-7Z4p6B

 RUN  v3.1.4 /private/tmp/viborm-g4-lane-4

 ✓ |raptor3| tests/raptor3/g4/generation/write-transport-campaign.test.ts (1 test) 6350ms
   ✓ executes one complete G4 write-envelope transport seed batch  6350ms

 Test Files  1 passed (1)
      Tests  1 passed (1)
   Start at  20:27:23
   Duration  13.05s (transform 2.03s, setup 13ms, collect 3.02s, tests 6.35s, environment 0ms, prepare 44ms)

JSON report written to /private/tmp/viborm-g4-lane-tmp-4/viborm-raptor3-g0-XqwdGu/vitest.json
Vitest resources: 21.34s wall, 702.5 MiB peak sampled process-group RSS (sampled ceiling 1536 MiB). Teardown verified.
Raptor 3 g4-write-transport-seed-batch contract gate verified. Evidence: /private/tmp/viborm-g4-lane-tmp-4/viborm-raptor3-g0-XqwdGu

 RUN  v3.1.4 /private/tmp/viborm-g4-lane-4

 ✓ |raptor3| tests/raptor3/g4/generation/write-transport-campaign.test.ts (1 test) 9088ms
   ✓ executes one complete G4 write-envelope transport seed batch  9087ms

 Test Files  1 passed (1)
      Tests  1 passed (1)
   Start at  20:27:54
   Duration  17.88s (transform 3.56s, setup 41ms, collect 5.43s, tests 9.09s, environment 0ms, prepare 91ms)

JSON report written to /private/tmp/viborm-g4-lane-tmp-4/viborm-raptor3-g0-oUHPoj/vitest.json
Vitest resources: 28.63s wall, 721.5 MiB peak sampled process-group RSS (sampled ceiling 1536 MiB). Teardown verified.
Raptor 3 g4-write-transport-seed-batch contract gate verified. Evidence: /private/tmp/viborm-g4-lane-tmp-4/viborm-raptor3-g0-oUHPoj

 RUN  v3.1.4 /private/tmp/viborm-g4-lane-4

 ✓ |raptor3| tests/raptor3/g4/generation/write-transport-campaign.test.ts (1 test) 5391ms
   ✓ executes one complete G4 write-envelope transport seed batch  5390ms

 Test Files  1 passed (1)
      Tests  1 passed (1)
   Start at  20:28:34
   Duration  11.33s (transform 2.18s, setup 16ms, collect 3.25s, tests 5.39s, environment 0ms, prepare 65ms)

JSON report written to /private/tmp/viborm-g4-lane-tmp-4/viborm-raptor3-g0-qFIjSJ/vitest.json
Vitest resources: 21.94s wall, 743.2 MiB peak sampled process-group RSS (sampled ceiling 1536 MiB). Teardown verified.
Raptor 3 g4-write-transport-seed-batch contract gate verified. Evidence: /private/tmp/viborm-g4-lane-tmp-4/viborm-raptor3-g0-qFIjSJ

 RUN  v3.1.4 /private/tmp/viborm-g4-lane-4

 ✓ |raptor3| tests/raptor3/g4/generation/write-transport-campaign.test.ts (1 test) 8150ms
   ✓ executes one complete G4 write-envelope transport seed batch  8148ms

 Test Files  1 passed (1)
      Tests  1 passed (1)
   Start at  20:29:00
   Duration  17.01s (transform 1.40s, setup 10ms, collect 2.06s, tests 8.15s, environment 0ms, prepare 38ms)

JSON report written to /private/tmp/viborm-g4-lane-tmp-4/viborm-raptor3-g0-Zzpv8J/vitest.json
Vitest resources: 25.32s wall, 857.2 MiB peak sampled process-group RSS (sampled ceiling 1536 MiB). Teardown verified.
Raptor 3 g4-write-transport-seed-batch contract gate verified. Evidence: /private/tmp/viborm-g4-lane-tmp-4/viborm-raptor3-g0-Zzpv8J

 RUN  v3.1.4 /private/tmp/viborm-g4-lane-4

 ✓ |raptor3| tests/raptor3/g4/generation/write-transport-campaign.test.ts (1 test) 5979ms
   ✓ executes one complete G4 write-envelope transport seed batch  5978ms

 Test Files  1 passed (1)
      Tests  1 passed (1)
   Start at  20:29:33
   Duration  11.64s (transform 1.80s, setup 15ms, collect 2.66s, tests 5.98s, environment 0ms, prepare 50ms)

JSON report written to /private/tmp/viborm-g4-lane-tmp-4/viborm-raptor3-g0-0XFEGz/vitest.json
Vitest resources: 19.08s wall, 725.6 MiB peak sampled process-group RSS (sampled ceiling 1536 MiB). Teardown verified.
Raptor 3 g4-write-transport-seed-batch contract gate verified. Evidence: /private/tmp/viborm-g4-lane-tmp-4/viborm-raptor3-g0-0XFEGz

 RUN  v3.1.4 /private/tmp/viborm-g4-lane-4

 ✓ |raptor3| tests/raptor3/g4/generation/write-transport-campaign.test.ts (1 test) 4927ms
   ✓ executes one complete G4 write-envelope transport seed batch  4926ms

 Test Files  1 passed (1)
      Tests  1 passed (1)
   Start at  20:29:58
   Duration  12.18s (transform 2.72s, setup 22ms, collect 4.08s, tests 4.93s, environment 0ms, prepare 48ms)

JSON report written to /private/tmp/viborm-g4-lane-tmp-4/viborm-raptor3-g0-ca74H5/vitest.json
Vitest resources: 19.18s wall, 711.0 MiB peak sampled process-group RSS (sampled ceiling 1536 MiB). Teardown verified.
Raptor 3 g4-write-transport-seed-batch contract gate verified. Evidence: /private/tmp/viborm-g4-lane-tmp-4/viborm-raptor3-g0-ca74H5

 RUN  v3.1.4 /private/tmp/viborm-g4-lane-4

 ✓ |raptor3| tests/raptor3/g4/generation/write-transport-campaign.test.ts (1 test) 3948ms
   ✓ executes one complete G4 write-envelope transport seed batch  3947ms

 Test Files  1 passed (1)
      Tests  1 passed (1)
   Start at  20:30:23
   Duration  12.12s (transform 2.95s, setup 24ms, collect 4.48s, tests 3.95s, environment 0ms, prepare 71ms)

JSON report written to /private/tmp/viborm-g4-lane-tmp-4/viborm-raptor3-g0-IUSnMj/vitest.json
Vitest resources: 20.17s wall, 842.2 MiB peak sampled process-group RSS (sampled ceiling 1536 MiB). Teardown verified.
Raptor 3 g4-write-transport-seed-batch contract gate verified. Evidence: /private/tmp/viborm-g4-lane-tmp-4/viborm-raptor3-g0-IUSnMj

 RUN  v3.1.4 /private/tmp/viborm-g4-lane-4

 ✓ |raptor3| tests/raptor3/g4/generation/write-transport-campaign.test.ts (1 test) 3640ms
   ✓ executes one complete G4 write-envelope transport seed batch  3639ms

 Test Files  1 passed (1)
      Tests  1 passed (1)
   Start at  20:30:51
   Duration  9.95s (transform 1.76s, setup 14ms, collect 2.60s, tests 3.64s, environment 0ms, prepare 44ms)

JSON report written to /private/tmp/viborm-g4-lane-tmp-4/viborm-raptor3-g0-JW0MIx/vitest.json
Vitest resources: 19.93s wall, 717.8 MiB peak sampled process-group RSS (sampled ceiling 1536 MiB). Teardown verified.
Raptor 3 g4-write-transport-seed-batch contract gate verified. Evidence: /private/tmp/viborm-g4-lane-tmp-4/viborm-raptor3-g0-JW0MIx

 RUN  v3.1.4 /private/tmp/viborm-g4-lane-4

 ✓ |raptor3| tests/raptor3/g4/generation/write-transport-campaign.test.ts (1 test) 3733ms
   ✓ executes one complete G4 write-envelope transport seed batch  3732ms

 Test Files  1 passed (1)
      Tests  1 passed (1)
   Start at  20:31:17
   Duration  8.54s (transform 1.70s, setup 10ms, collect 2.54s, tests 3.73s, environment 0ms, prepare 37ms)

JSON report written to /private/tmp/viborm-g4-lane-tmp-4/viborm-raptor3-g0-o9qzwO/vitest.json
Vitest resources: 18.39s wall, 719.9 MiB peak sampled process-group RSS (sampled ceiling 1536 MiB). Teardown verified.
Raptor 3 g4-write-transport-seed-batch contract gate verified. Evidence: /private/tmp/viborm-g4-lane-tmp-4/viborm-raptor3-g0-o9qzwO

 RUN  v3.1.4 /private/tmp/viborm-g4-lane-4

 ✓ |raptor3| tests/raptor3/g4/generation/write-transport-campaign.test.ts (1 test) 5221ms
   ✓ executes one complete G4 write-envelope transport seed batch  5220ms

 Test Files  1 passed (1)
      Tests  1 passed (1)
   Start at  20:31:41
   Duration  11.99s (transform 2.78s, setup 78ms, collect 4.20s, tests 5.22s, environment 0ms, prepare 62ms)

JSON report written to /private/tmp/viborm-g4-lane-tmp-4/viborm-raptor3-g0-NDeSRx/vitest.json
Vitest resources: 21.14s wall, 750.3 MiB peak sampled process-group RSS (sampled ceiling 1536 MiB). Teardown verified.
Raptor 3 g4-write-transport-seed-batch contract gate verified. Evidence: /private/tmp/viborm-g4-lane-tmp-4/viborm-raptor3-g0-NDeSRx

 RUN  v3.1.4 /private/tmp/viborm-g4-lane-4

 ✓ |raptor3| tests/raptor3/g4/generation/write-transport-campaign.test.ts (1 test) 6314ms
   ✓ executes one complete G4 write-envelope transport seed batch  6313ms

 Test Files  1 passed (1)
      Tests  1 passed (1)
   Start at  20:32:12
   Duration  15.92s (transform 3.15s, setup 30ms, collect 4.75s, tests 6.31s, environment 0ms, prepare 314ms)

JSON report written to /private/tmp/viborm-g4-lane-tmp-4/viborm-raptor3-g0-CyCMEH/vitest.json
Vitest resources: 26.96s wall, 714.5 MiB peak sampled process-group RSS (sampled ceiling 1536 MiB). Teardown verified.
Raptor 3 g4-write-transport-seed-batch contract gate verified. Evidence: /private/tmp/viborm-g4-lane-tmp-4/viborm-raptor3-g0-CyCMEH

 RUN  v3.1.4 /private/tmp/viborm-g4-lane-4

 ✓ |raptor3| tests/raptor3/g4/generation/write-transport-campaign.test.ts (1 test) 6091ms
   ✓ executes one complete G4 write-envelope transport seed batch  6090ms

 Test Files  1 passed (1)
      Tests  1 passed (1)
   Start at  20:32:51
   Duration  12.64s (transform 2.50s, setup 14ms, collect 3.74s, tests 6.09s, environment 0ms, prepare 55ms)

JSON report written to /private/tmp/viborm-g4-lane-tmp-4/viborm-raptor3-g0-GtSmPL/vitest.json
Vitest resources: 26.60s wall, 962.4 MiB peak sampled process-group RSS (sampled ceiling 1536 MiB). Teardown verified.
Raptor 3 g4-write-transport-seed-batch contract gate verified. Evidence: /private/tmp/viborm-g4-lane-tmp-4/viborm-raptor3-g0-GtSmPL

 RUN  v3.1.4 /private/tmp/viborm-g4-lane-4

 ✓ |raptor3| tests/raptor3/g4/generation/write-transport-campaign.test.ts (1 test) 5261ms
   ✓ executes one complete G4 write-envelope transport seed batch  5260ms

 Test Files  1 passed (1)
      Tests  1 passed (1)
   Start at  20:33:22
   Duration  11.11s (transform 2.11s, setup 64ms, collect 3.14s, tests 5.26s, environment 0ms, prepare 76ms)

JSON report written to /private/tmp/viborm-g4-lane-tmp-4/viborm-raptor3-g0-cMym7j/vitest.json
Vitest resources: 22.04s wall, 735.3 MiB peak sampled process-group RSS (sampled ceiling 1536 MiB). Teardown verified.
Raptor 3 g4-write-transport-seed-batch contract gate verified. Evidence: /private/tmp/viborm-g4-lane-tmp-4/viborm-raptor3-g0-cMym7j

 RUN  v3.1.4 /private/tmp/viborm-g4-lane-4

 ✓ |raptor3| tests/raptor3/g4/generation/write-transport-campaign.test.ts (1 test) 7238ms
   ✓ executes one complete G4 write-envelope transport seed batch  7238ms

 Test Files  1 passed (1)
      Tests  1 passed (1)
   Start at  20:33:51
   Duration  12.47s (transform 1.93s, setup 12ms, collect 2.89s, tests 7.24s, environment 0ms, prepare 42ms)

JSON report written to /private/tmp/viborm-g4-lane-tmp-4/viborm-raptor3-g0-mOZLEE/vitest.json
Vitest resources: 23.78s wall, 826.7 MiB peak sampled process-group RSS (sampled ceiling 1536 MiB). Teardown verified.
Raptor 3 g4-write-transport-seed-batch contract gate verified. Evidence: /private/tmp/viborm-g4-lane-tmp-4/viborm-raptor3-g0-mOZLEE

 RUN  v3.1.4 /private/tmp/viborm-g4-lane-4

 ✓ |raptor3| tests/raptor3/g4/generation/write-transport-campaign.test.ts (1 test) 6211ms
   ✓ executes one complete G4 write-envelope transport seed batch  6210ms

 Test Files  1 passed (1)
      Tests  1 passed (1)
   Start at  20:34:25
   Duration  16.31s (transform 3.85s, setup 14ms, collect 5.89s, tests 6.21s, environment 0ms, prepare 69ms)

JSON report written to /private/tmp/viborm-g4-lane-tmp-4/viborm-raptor3-g0-w3zYNZ/vitest.json
Vitest resources: 28.89s wall, 647.5 MiB peak sampled process-group RSS (sampled ceiling 1536 MiB). Teardown verified.
Raptor 3 g4-write-transport-seed-batch contract gate verified. Evidence: /private/tmp/viborm-g4-lane-tmp-4/viborm-raptor3-g0-w3zYNZ

 RUN  v3.1.4 /private/tmp/viborm-g4-lane-4

 ✓ |raptor3| tests/raptor3/g4/generation/write-transport-campaign.test.ts (1 test) 6561ms
   ✓ executes one complete G4 write-envelope transport seed batch  6560ms

 Test Files  1 passed (1)
      Tests  1 passed (1)
   Start at  20:35:05
   Duration  14.78s (transform 3.09s, setup 17ms, collect 4.71s, tests 6.56s, environment 0ms, prepare 62ms)

JSON report written to /private/tmp/viborm-g4-lane-tmp-4/viborm-raptor3-g0-YgZj8X/vitest.json
Vitest resources: 25.27s wall, 725.8 MiB peak sampled process-group RSS (sampled ceiling 1536 MiB). Teardown verified.
Raptor 3 g4-write-transport-seed-batch contract gate verified. Evidence: /private/tmp/viborm-g4-lane-tmp-4/viborm-raptor3-g0-YgZj8X

 RUN  v3.1.4 /private/tmp/viborm-g4-lane-4

 ✓ |raptor3| tests/raptor3/g4/generation/write-transport-campaign.test.ts (1 test) 5312ms
   ✓ executes one complete G4 write-envelope transport seed batch  5311ms

 Test Files  1 passed (1)
      Tests  1 passed (1)
   Start at  20:35:39
   Duration  13.31s (transform 2.69s, setup 27ms, collect 4.13s, tests 5.31s, environment 0ms, prepare 87ms)

JSON report written to /private/tmp/viborm-g4-lane-tmp-4/viborm-raptor3-g0-iR8LZ8/vitest.json
Vitest resources: 23.52s wall, 711.5 MiB peak sampled process-group RSS (sampled ceiling 1536 MiB). Teardown verified.
Raptor 3 g4-write-transport-seed-batch contract gate verified. Evidence: /private/tmp/viborm-g4-lane-tmp-4/viborm-raptor3-g0-iR8LZ8

 RUN  v3.1.4 /private/tmp/viborm-g4-lane-4

 ✓ |raptor3| tests/raptor3/g4/generation/write-transport-campaign.test.ts (1 test) 10061ms
   ✓ executes one complete G4 write-envelope transport seed batch  10059ms

 Test Files  1 passed (1)
      Tests  1 passed (1)
   Start at  20:36:17
   Duration  27.02s (transform 7.30s, setup 41ms, collect 11.76s, tests 10.06s, environment 0ms, prepare 168ms)

JSON report written to /private/tmp/viborm-g4-lane-tmp-4/viborm-raptor3-g0-LRn50v/vitest.json
Vitest resources: 39.92s wall, 620.9 MiB peak sampled process-group RSS (sampled ceiling 1536 MiB). Teardown verified.
Raptor 3 g4-write-transport-seed-batch contract gate verified. Evidence: /private/tmp/viborm-g4-lane-tmp-4/viborm-raptor3-g0-LRn50v

 RUN  v3.1.4 /private/tmp/viborm-g4-lane-4

 ✓ |raptor3| tests/raptor3/g4/generation/write-transport-campaign.test.ts (1 test) 9172ms
   ✓ executes one complete G4 write-envelope transport seed batch  9171ms

 Test Files  1 passed (1)
      Tests  1 passed (1)
   Start at  20:37:04
   Duration  26.42s (transform 7.47s, setup 25ms, collect 11.98s, tests 9.17s, environment 0ms, prepare 109ms)

JSON report written to /private/tmp/viborm-g4-lane-tmp-4/viborm-raptor3-g0-IGF3tT/vitest.json
Vitest resources: 36.12s wall, 467.5 MiB peak sampled process-group RSS (sampled ceiling 1536 MiB). Teardown verified.
Raptor 3 g4-write-transport-seed-batch contract gate verified. Evidence: /private/tmp/viborm-g4-lane-tmp-4/viborm-raptor3-g0-IGF3tT

 RUN  v3.1.4 /private/tmp/viborm-g4-lane-4

 ✓ |raptor3| tests/raptor3/g4/generation/write-transport-campaign.test.ts (1 test) 6665ms
   ✓ executes one complete G4 write-envelope transport seed batch  6663ms

 Test Files  1 passed (1)
      Tests  1 passed (1)
   Start at  20:37:50
   Duration  15.76s (transform 2.80s, setup 21ms, collect 4.29s, tests 6.66s, environment 0ms, prepare 91ms)

JSON report written to /private/tmp/viborm-g4-lane-tmp-4/viborm-raptor3-g0-Ri84rE/vitest.json
Vitest resources: 26.80s wall, 657.8 MiB peak sampled process-group RSS (sampled ceiling 1536 MiB). Teardown verified.
Raptor 3 g4-write-transport-seed-batch contract gate verified. Evidence: /private/tmp/viborm-g4-lane-tmp-4/viborm-raptor3-g0-Ri84rE

 RUN  v3.1.4 /private/tmp/viborm-g4-lane-4

 ✓ |raptor3| tests/raptor3/g4/generation/write-transport-campaign.test.ts (1 test) 5323ms
   ✓ executes one complete G4 write-envelope transport seed batch  5323ms

 Test Files  1 passed (1)
      Tests  1 passed (1)
   Start at  20:38:25
   Duration  12.27s (transform 2.33s, setup 19ms, collect 3.66s, tests 5.32s, environment 0ms, prepare 69ms)

JSON report written to /private/tmp/viborm-g4-lane-tmp-4/viborm-raptor3-g0-XT7Deg/vitest.json
Vitest resources: 21.55s wall, 732.0 MiB peak sampled process-group RSS (sampled ceiling 1536 MiB). Teardown verified.
Raptor 3 g4-write-transport-seed-batch contract gate verified. Evidence: /private/tmp/viborm-g4-lane-tmp-4/viborm-raptor3-g0-XT7Deg

 RUN  v3.1.4 /private/tmp/viborm-g4-lane-4

 ✓ |raptor3| tests/raptor3/g4/generation/write-transport-campaign.test.ts (1 test) 5946ms
   ✓ executes one complete G4 write-envelope transport seed batch  5945ms

 Test Files  1 passed (1)
      Tests  1 passed (1)
   Start at  20:38:53
   Duration  13.32s (transform 2.33s, setup 14ms, collect 3.51s, tests 5.95s, environment 0ms, prepare 49ms)

JSON report written to /private/tmp/viborm-g4-lane-tmp-4/viborm-raptor3-g0-Kytklk/vitest.json
Vitest resources: 21.73s wall, 725.5 MiB peak sampled process-group RSS (sampled ceiling 1536 MiB). Teardown verified.
Raptor 3 g4-write-transport-seed-batch contract gate verified. Evidence: /private/tmp/viborm-g4-lane-tmp-4/viborm-raptor3-g0-Kytklk

 RUN  v3.1.4 /private/tmp/viborm-g4-lane-4

 ✓ |raptor3| tests/raptor3/g4/generation/write-transport-campaign.test.ts (1 test) 7993ms
   ✓ executes one complete G4 write-envelope transport seed batch  7993ms

 Test Files  1 passed (1)
      Tests  1 passed (1)
   Start at  20:39:23
   Duration  16.64s (transform 2.86s, setup 19ms, collect 4.29s, tests 7.99s, environment 0ms, prepare 64ms)

JSON report written to /private/tmp/viborm-g4-lane-tmp-4/viborm-raptor3-g0-biJXG1/vitest.json
Vitest resources: 27.02s wall, 692.6 MiB peak sampled process-group RSS (sampled ceiling 1536 MiB). Teardown verified.
Raptor 3 g4-write-transport-seed-batch contract gate verified. Evidence: /private/tmp/viborm-g4-lane-tmp-4/viborm-raptor3-g0-biJXG1

 RUN  v3.1.4 /private/tmp/viborm-g4-lane-4

 ✓ |raptor3| tests/raptor3/g4/generation/write-transport-campaign.test.ts (1 test) 5297ms
   ✓ executes one complete G4 write-envelope transport seed batch  5296ms

 Test Files  1 passed (1)
      Tests  1 passed (1)
   Start at  20:39:56
   Duration  13.59s (transform 2.89s, setup 48ms, collect 4.43s, tests 5.30s, environment 0ms, prepare 86ms)

JSON report written to /private/tmp/viborm-g4-lane-tmp-4/viborm-raptor3-g0-rS8qEX/vitest.json
Vitest resources: 23.32s wall, 707.1 MiB peak sampled process-group RSS (sampled ceiling 1536 MiB). Teardown verified.
Raptor 3 g4-write-transport-seed-batch contract gate verified. Evidence: /private/tmp/viborm-g4-lane-tmp-4/viborm-raptor3-g0-rS8qEX

 RUN  v3.1.4 /private/tmp/viborm-g4-lane-4

 ✓ |raptor3| tests/raptor3/g4/generation/write-transport-campaign.test.ts (1 test) 5819ms
   ✓ executes one complete G4 write-envelope transport seed batch  5818ms

 Test Files  1 passed (1)
      Tests  1 passed (1)
   Start at  20:40:30
   Duration  13.11s (transform 3.12s, setup 16ms, collect 4.75s, tests 5.82s, environment 0ms, prepare 68ms)

JSON report written to /private/tmp/viborm-g4-lane-tmp-4/viborm-raptor3-g0-wsCV4d/vitest.json
Vitest resources: 23.56s wall, 727.3 MiB peak sampled process-group RSS (sampled ceiling 1536 MiB). Teardown verified.
Raptor 3 g4-write-transport-seed-batch contract gate verified. Evidence: /private/tmp/viborm-g4-lane-tmp-4/viborm-raptor3-g0-wsCV4d

 RUN  v3.1.4 /private/tmp/viborm-g4-lane-4

 ✓ |raptor3| tests/raptor3/g4/generation/write-transport-campaign.test.ts (1 test) 3932ms
   ✓ executes one complete G4 write-envelope transport seed batch  3931ms

 Test Files  1 passed (1)
      Tests  1 passed (1)
   Start at  20:40:59
   Duration  10.29s (transform 2.54s, setup 17ms, collect 3.79s, tests 3.93s, environment 0ms, prepare 65ms)

JSON report written to /private/tmp/viborm-g4-lane-tmp-4/viborm-raptor3-g0-eCNlun/vitest.json
Vitest resources: 18.66s wall, 713.7 MiB peak sampled process-group RSS (sampled ceiling 1536 MiB). Teardown verified.
Raptor 3 g4-write-transport-seed-batch contract gate verified. Evidence: /private/tmp/viborm-g4-lane-tmp-4/viborm-raptor3-g0-eCNlun

 RUN  v3.1.4 /private/tmp/viborm-g4-lane-4

 ✓ |raptor3| tests/raptor3/g4/generation/write-transport-campaign.test.ts (1 test) 5615ms
   ✓ executes one complete G4 write-envelope transport seed batch  5614ms

 Test Files  1 passed (1)
      Tests  1 passed (1)
   Start at  20:41:28
   Duration  12.52s (transform 2.43s, setup 18ms, collect 3.62s, tests 5.62s, environment 0ms, prepare 60ms)

JSON report written to /private/tmp/viborm-g4-lane-tmp-4/viborm-raptor3-g0-MnRdxs/vitest.json
Vitest resources: 24.58s wall, 875.3 MiB peak sampled process-group RSS (sampled ceiling 1536 MiB). Teardown verified.
Raptor 3 g4-write-transport-seed-batch contract gate verified. Evidence: /private/tmp/viborm-g4-lane-tmp-4/viborm-raptor3-g0-MnRdxs

 RUN  v3.1.4 /private/tmp/viborm-g4-lane-4

 ✓ |raptor3| tests/raptor3/g4/generation/write-transport-campaign.test.ts (1 test) 5459ms
   ✓ executes one complete G4 write-envelope transport seed batch  5458ms

 Test Files  1 passed (1)
      Tests  1 passed (1)
   Start at  20:42:02
   Duration  17.84s (transform 4.99s, setup 58ms, collect 8.11s, tests 5.46s, environment 0ms, prepare 127ms)

JSON report written to /private/tmp/viborm-g4-lane-tmp-4/viborm-raptor3-g0-pQqG5G/vitest.json
Vitest resources: 30.01s wall, 731.7 MiB peak sampled process-group RSS (sampled ceiling 1536 MiB). Teardown verified.
Raptor 3 g4-write-transport-seed-batch contract gate verified. Evidence: /private/tmp/viborm-g4-lane-tmp-4/viborm-raptor3-g0-pQqG5G

 RUN  v3.1.4 /private/tmp/viborm-g4-lane-4

 ✓ |raptor3| tests/raptor3/g4/generation/write-transport-campaign.test.ts (1 test) 4312ms
   ✓ executes one complete G4 write-envelope transport seed batch  4311ms

 Test Files  1 passed (1)
      Tests  1 passed (1)
   Start at  20:42:35
   Duration  11.15s (transform 2.42s, setup 11ms, collect 3.55s, tests 4.31s, environment 0ms, prepare 48ms)

JSON report written to /private/tmp/viborm-g4-lane-tmp-4/viborm-raptor3-g0-T4IVxi/vitest.json
Vitest resources: 19.84s wall, 864.0 MiB peak sampled process-group RSS (sampled ceiling 1536 MiB). Teardown verified.
Raptor 3 g4-write-transport-seed-batch contract gate verified. Evidence: /private/tmp/viborm-g4-lane-tmp-4/viborm-raptor3-g0-T4IVxi

 RUN  v3.1.4 /private/tmp/viborm-g4-lane-4

 ✓ |raptor3| tests/raptor3/g4/generation/write-transport-campaign.test.ts (1 test) 4534ms
   ✓ executes one complete G4 write-envelope transport seed batch  4533ms

 Test Files  1 passed (1)
      Tests  1 passed (1)
   Start at  20:43:00
   Duration  12.21s (transform 2.57s, setup 12ms, collect 3.95s, tests 4.53s, environment 0ms, prepare 41ms)

JSON report written to /private/tmp/viborm-g4-lane-tmp-4/viborm-raptor3-g0-ze96z8/vitest.json
Vitest resources: 19.83s wall, 709.6 MiB peak sampled process-group RSS (sampled ceiling 1536 MiB). Teardown verified.
Raptor 3 g4-write-transport-seed-batch contract gate verified. Evidence: /private/tmp/viborm-g4-lane-tmp-4/viborm-raptor3-g0-ze96z8

 RUN  v3.1.4 /private/tmp/viborm-g4-lane-4

 ✓ |raptor3| tests/raptor3/g4/generation/write-transport-campaign.test.ts (1 test) 5155ms
   ✓ executes one complete G4 write-envelope transport seed batch  5154ms

 Test Files  1 passed (1)
      Tests  1 passed (1)
   Start at  20:43:28
   Duration  14.28s (transform 3.12s, setup 15ms, collect 4.95s, tests 5.15s, environment 0ms, prepare 60ms)

JSON report written to /private/tmp/viborm-g4-lane-tmp-4/viborm-raptor3-g0-FfmuWe/vitest.json
Vitest resources: 23.71s wall, 791.9 MiB peak sampled process-group RSS (sampled ceiling 1536 MiB). Teardown verified.
Raptor 3 g4-write-transport-seed-batch contract gate verified. Evidence: /private/tmp/viborm-g4-lane-tmp-4/viborm-raptor3-g0-FfmuWe

 RUN  v3.1.4 /private/tmp/viborm-g4-lane-4

 ✓ |raptor3| tests/raptor3/g4/generation/write-transport-campaign.test.ts (1 test) 6818ms
   ✓ executes one complete G4 write-envelope transport seed batch  6817ms

 Test Files  1 passed (1)
      Tests  1 passed (1)
   Start at  20:44:00
   Duration  14.00s (transform 2.37s, setup 23ms, collect 3.50s, tests 6.82s, environment 0ms, prepare 80ms)

JSON report written to /private/tmp/viborm-g4-lane-tmp-4/viborm-raptor3-g0-az5t6d/vitest.json
Vitest resources: 22.59s wall, 676.2 MiB peak sampled process-group RSS (sampled ceiling 1536 MiB). Teardown verified.
Raptor 3 g4-write-transport-seed-batch contract gate verified. Evidence: /private/tmp/viborm-g4-lane-tmp-4/viborm-raptor3-g0-az5t6d

 RUN  v3.1.4 /private/tmp/viborm-g4-lane-4

 ✓ |raptor3| tests/raptor3/g4/generation/write-transport-campaign.test.ts (1 test) 4940ms
   ✓ executes one complete G4 write-envelope transport seed batch  4939ms

 Test Files  1 passed (1)
      Tests  1 passed (1)
   Start at  20:44:32
   Duration  12.42s (transform 2.71s, setup 17ms, collect 4.09s, tests 4.94s, environment 0ms, prepare 63ms)

JSON report written to /private/tmp/viborm-g4-lane-tmp-4/viborm-raptor3-g0-5haVDp/vitest.json
Vitest resources: 21.88s wall, 888.0 MiB peak sampled process-group RSS (sampled ceiling 1536 MiB). Teardown verified.
Raptor 3 g4-write-transport-seed-batch contract gate verified. Evidence: /private/tmp/viborm-g4-lane-tmp-4/viborm-raptor3-g0-5haVDp

 RUN  v3.1.4 /private/tmp/viborm-g4-lane-4

 ✓ |raptor3| tests/raptor3/g4/generation/write-transport-campaign.test.ts (1 test) 4937ms
   ✓ executes one complete G4 write-envelope transport seed batch  4936ms

 Test Files  1 passed (1)
      Tests  1 passed (1)
   Start at  20:45:01
   Duration  11.92s (transform 2.60s, setup 20ms, collect 3.91s, tests 4.94s, environment 0ms, prepare 52ms)

JSON report written to /private/tmp/viborm-g4-lane-tmp-4/viborm-raptor3-g0-qEhzJP/vitest.json
Vitest resources: 20.71s wall, 717.5 MiB peak sampled process-group RSS (sampled ceiling 1536 MiB). Teardown verified.
Raptor 3 g4-write-transport-seed-batch contract gate verified. Evidence: /private/tmp/viborm-g4-lane-tmp-4/viborm-raptor3-g0-qEhzJP

 RUN  v3.1.4 /private/tmp/viborm-g4-lane-4

 ✓ |raptor3| tests/raptor3/g4/generation/write-transport-campaign.test.ts (1 test) 6149ms
   ✓ executes one complete G4 write-envelope transport seed batch  6148ms

 Test Files  1 passed (1)
      Tests  1 passed (1)
   Start at  20:45:30
   Duration  13.68s (transform 2.50s, setup 19ms, collect 3.72s, tests 6.15s, environment 0ms, prepare 63ms)

JSON report written to /private/tmp/viborm-g4-lane-tmp-4/viborm-raptor3-g0-r5eG07/vitest.json
Vitest resources: 22.88s wall, 953.4 MiB peak sampled process-group RSS (sampled ceiling 1536 MiB). Teardown verified.
Raptor 3 g4-write-transport-seed-batch contract gate verified. Evidence: /private/tmp/viborm-g4-lane-tmp-4/viborm-raptor3-g0-r5eG07

 RUN  v3.1.4 /private/tmp/viborm-g4-lane-4

 ✓ |raptor3| tests/raptor3/g4/generation/write-transport-campaign.test.ts (1 test) 3805ms
   ✓ executes one complete G4 write-envelope transport seed batch  3804ms

 Test Files  1 passed (1)
      Tests  1 passed (1)
   Start at  20:45:56
   Duration  11.17s (transform 2.17s, setup 27ms, collect 3.26s, tests 3.81s, environment 0ms, prepare 76ms)

JSON report written to /private/tmp/viborm-g4-lane-tmp-4/viborm-raptor3-g0-CIhaq3/vitest.json
Vitest resources: 17.65s wall, 997.4 MiB peak sampled process-group RSS (sampled ceiling 1536 MiB). Teardown verified.
Raptor 3 g4-write-transport-seed-batch contract gate verified. Evidence: /private/tmp/viborm-g4-lane-tmp-4/viborm-raptor3-g0-CIhaq3

 RUN  v3.1.4 /private/tmp/viborm-g4-lane-4

 ✓ |raptor3| tests/raptor3/g4/generation/write-transport-campaign.test.ts (1 test) 4095ms
   ✓ executes one complete G4 write-envelope transport seed batch  4094ms

 Test Files  1 passed (1)
      Tests  1 passed (1)
   Start at  20:46:24
   Duration  9.91s (transform 2.35s, setup 12ms, collect 3.47s, tests 4.10s, environment 0ms, prepare 50ms)

JSON report written to /private/tmp/viborm-g4-lane-tmp-4/viborm-raptor3-g0-V09avq/vitest.json
Vitest resources: 19.33s wall, 710.0 MiB peak sampled process-group RSS (sampled ceiling 1536 MiB). Teardown verified.
Raptor 3 g4-write-transport-seed-batch contract gate verified. Evidence: /private/tmp/viborm-g4-lane-tmp-4/viborm-raptor3-g0-V09avq

 RUN  v3.1.4 /private/tmp/viborm-g4-lane-4

 ✓ |raptor3| tests/raptor3/g4/generation/write-transport-campaign.test.ts (1 test) 4164ms
   ✓ executes one complete G4 write-envelope transport seed batch  4163ms

 Test Files  1 passed (1)
      Tests  1 passed (1)
   Start at  20:46:50
   Duration  11.14s (transform 2.34s, setup 17ms, collect 3.50s, tests 4.16s, environment 0ms, prepare 56ms)

JSON report written to /private/tmp/viborm-g4-lane-tmp-4/viborm-raptor3-g0-stfJF3/vitest.json
Vitest resources: 20.06s wall, 798.4 MiB peak sampled process-group RSS (sampled ceiling 1536 MiB). Teardown verified.
Raptor 3 g4-write-transport-seed-batch contract gate verified. Evidence: /private/tmp/viborm-g4-lane-tmp-4/viborm-raptor3-g0-stfJF3

 RUN  v3.1.4 /private/tmp/viborm-g4-lane-4

 ✓ |raptor3| tests/raptor3/g4/generation/write-transport-campaign.test.ts (1 test) 3889ms
   ✓ executes one complete G4 write-envelope transport seed batch  3889ms

 Test Files  1 passed (1)
      Tests  1 passed (1)
   Start at  20:47:17
   Duration  11.28s (transform 3.02s, setup 19ms, collect 4.54s, tests 3.89s, environment 0ms, prepare 131ms)

JSON report written to /private/tmp/viborm-g4-lane-tmp-4/viborm-raptor3-g0-uPyZao/vitest.json
Vitest resources: 21.49s wall, 878.1 MiB peak sampled process-group RSS (sampled ceiling 1536 MiB). Teardown verified.
Raptor 3 g4-write-transport-seed-batch contract gate verified. Evidence: /private/tmp/viborm-g4-lane-tmp-4/viborm-raptor3-g0-uPyZao

 RUN  v3.1.4 /private/tmp/viborm-g4-lane-4

 ✓ |raptor3| tests/raptor3/g4/generation/write-transport-campaign.test.ts (1 test) 4930ms
   ✓ executes one complete G4 write-envelope transport seed batch  4929ms

 Test Files  1 passed (1)
      Tests  1 passed (1)
   Start at  20:47:46
   Duration  12.42s (transform 2.84s, setup 15ms, collect 4.31s, tests 4.93s, environment 0ms, prepare 64ms)

JSON report written to /private/tmp/viborm-g4-lane-tmp-4/viborm-raptor3-g0-ynCoRR/vitest.json
Vitest resources: 21.49s wall, 752.6 MiB peak sampled process-group RSS (sampled ceiling 1536 MiB). Teardown verified.
Raptor 3 g4-write-transport-seed-batch contract gate verified. Evidence: /private/tmp/viborm-g4-lane-tmp-4/viborm-raptor3-g0-ynCoRR

 RUN  v3.1.4 /private/tmp/viborm-g4-lane-4

 ✓ |raptor3| tests/raptor3/g4/generation/write-transport-campaign.test.ts (1 test) 5052ms
   ✓ executes one complete G4 write-envelope transport seed batch  5051ms

 Test Files  1 passed (1)
      Tests  1 passed (1)
   Start at  20:48:15
   Duration  11.56s (transform 2.46s, setup 14ms, collect 3.73s, tests 5.05s, environment 0ms, prepare 55ms)

JSON report written to /private/tmp/viborm-g4-lane-tmp-4/viborm-raptor3-g0-4k2Pnv/vitest.json
Vitest resources: 19.50s wall, 968.5 MiB peak sampled process-group RSS (sampled ceiling 1536 MiB). Teardown verified.
Raptor 3 g4-write-transport-seed-batch contract gate verified. Evidence: /private/tmp/viborm-g4-lane-tmp-4/viborm-raptor3-g0-4k2Pnv

 RUN  v3.1.4 /private/tmp/viborm-g4-lane-4

 ✓ |raptor3| tests/raptor3/g4/generation/write-transport-campaign.test.ts (1 test) 5414ms
   ✓ executes one complete G4 write-envelope transport seed batch  5414ms

 Test Files  1 passed (1)
      Tests  1 passed (1)
   Start at  20:48:39
   Duration  12.70s (transform 2.68s, setup 23ms, collect 4.04s, tests 5.41s, environment 0ms, prepare 71ms)

JSON report written to /private/tmp/viborm-g4-lane-tmp-4/viborm-raptor3-g0-1Je3ty/vitest.json
Vitest resources: 20.16s wall, 821.3 MiB peak sampled process-group RSS (sampled ceiling 1536 MiB). Teardown verified.
Raptor 3 g4-write-transport-seed-batch contract gate verified. Evidence: /private/tmp/viborm-g4-lane-tmp-4/viborm-raptor3-g0-1Je3ty

 RUN  v3.1.4 /private/tmp/viborm-g4-lane-4

 ✓ |raptor3| tests/raptor3/g4/generation/write-transport-campaign.test.ts (1 test) 4503ms
   ✓ executes one complete G4 write-envelope transport seed batch  4502ms

 Test Files  1 passed (1)
      Tests  1 passed (1)
   Start at  20:49:06
   Duration  11.23s (transform 2.43s, setup 23ms, collect 3.65s, tests 4.50s, environment 0ms, prepare 73ms)

JSON report written to /private/tmp/viborm-g4-lane-tmp-4/viborm-raptor3-g0-sCU2FU/vitest.json
Vitest resources: 19.35s wall, 931.6 MiB peak sampled process-group RSS (sampled ceiling 1536 MiB). Teardown verified.
Raptor 3 g4-write-transport-seed-batch contract gate verified. Evidence: /private/tmp/viborm-g4-lane-tmp-4/viborm-raptor3-g0-sCU2FU

 RUN  v3.1.4 /private/tmp/viborm-g4-lane-4

Vitest resources: 9.73s wall, 352.8 MiB peak sampled process-group RSS (sampled ceiling 1536 MiB). Teardown verified.
Raptor 3 verification failed; diagnostics: /private/tmp/viborm-g4-lane-tmp-4/viborm-raptor3-g0-f8UFyP
