
 RUN  v3.1.4 /Users/arnaud/code/viborm

 ✓ |extended-local| tests/raptor3/g4/parity/driver-result-parser.test.ts (6 tests) 31ms
 ✓ |coverage-raptor3| tests/raptor3/g4/parity/captured-identity-domains.test.ts (18 tests) 87ms
 ✓ |coverage-raptor3| tests/raptor3/g4/parity/cascaded-current-identity.test.ts (21 tests) 77ms
 ✓ |coverage-raptor3| tests/raptor3/g4/parity/exclusive-member-cardinality.test.ts (14 tests) 63ms
 ✓ |coverage-raptor3| tests/raptor3/g4/parity/cacheable-read-vocabulary.test.ts (3 tests) 10ms
 ✓ |coverage-raptor3| tests/raptor3/g4/parity/correlated-membership.test.ts (5 tests) 13ms
 ✓ |coverage-raptor3| tests/raptor3/g4/parity/batch-captured-bulk.test.ts (7 tests) 18ms
 ✓ |coverage-raptor3| tests/raptor3/g4/parity/batch-observed-publication.test.ts (10 tests) 23ms
 ✓ |coverage-raptor3| tests/raptor3/g4/parity/blind-premise-attribution.test.ts (1 test) 6ms
 ✓ |coverage-raptor3| tests/raptor3/g4/parity/combinator-named-scalar.test.ts (4 tests) 17ms
 ✓ |raptor3| tests/raptor3/g4/parity/captured-identity-domains.test.ts (18 tests) 86ms
 ✓ |raptor3| tests/raptor3/g4/parity/cascaded-current-identity.test.ts (21 tests) 76ms
 ✓ |raptor3| tests/raptor3/g4/parity/exclusive-member-cardinality.test.ts (14 tests) 58ms
 ✓ |raptor3| tests/raptor3/g4/parity/cacheable-read-vocabulary.test.ts (3 tests) 9ms
 ✓ |raptor3| tests/raptor3/g4/parity/correlated-membership.test.ts (5 tests) 14ms
 ✓ |raptor3| tests/raptor3/g4/parity/batch-captured-bulk.test.ts (7 tests) 17ms
 ✓ |raptor3| tests/raptor3/g4/parity/batch-observed-publication.test.ts (10 tests) 23ms
 ✓ |raptor3| tests/raptor3/g4/parity/blind-premise-attribution.test.ts (1 test) 5ms
 ✓ |raptor3| tests/raptor3/g4/parity/combinator-named-scalar.test.ts (4 tests) 12ms

 Test Files  19 passed (19)
      Tests  172 passed (172)
   Start at  22:00:54
   Duration  5.84s (transform 2.48s, setup 30ms, collect 4.52s, tests 645ms, environment 0ms, prepare 84ms)

Vitest resources: 7.86s wall, 747.0 MiB peak sampled process-group RSS (sampled ceiling 1536 MiB). Teardown verified.
