
 RUN  v3.1.4 /Users/arnaud/code/viborm

 ✓ |extended-local| tests/raptor3/g4/parity/integration-staleness.test.ts (5 tests) 54ms
 ✓ |extended-local| tests/raptor3/g4/parity/json-read-schema.test.ts (7 tests) 18ms
 ✓ |extended-local| tests/raptor3/g4/parity/lane-x-set-mutations.test.ts (10 tests) 41ms
 ✓ |extended-local| tests/raptor3/g4/parity/integration-membership-race.test.ts (3 tests) 16ms
 ✓ |extended-local| tests/raptor3/g4/parity/lane-x-route-seam.test.ts (3 tests) 2ms
 ✓ |coverage-raptor3| tests/raptor3/g4/parity/lax-to-one.test.ts (27 tests) 75ms
 ✓ |coverage-raptor3| tests/raptor3/g4/parity/fresh-member-placement.test.ts (16 tests) 81ms
 ✓ |coverage-raptor3| tests/raptor3/g4/parity/generated-key-reach.test.ts (7 tests) 14ms
 ✓ |coverage-raptor3| tests/raptor3/g4/parity/member-boundary-packaging.test.ts (5 tests) 19ms
 ✓ |coverage-raptor3| tests/raptor3/g4/parity/increment-key-width.test.ts (1 test) 4ms
 ✓ |raptor3| tests/raptor3/g4/parity/lax-to-one.test.ts (27 tests) 78ms
 ✓ |raptor3| tests/raptor3/g4/parity/fresh-member-placement.test.ts (16 tests) 80ms
 ✓ |raptor3| tests/raptor3/g4/parity/generated-key-reach.test.ts (7 tests) 13ms
 ✓ |raptor3| tests/raptor3/g4/parity/member-boundary-packaging.test.ts (5 tests) 18ms
 ✓ |raptor3| tests/raptor3/g4/parity/increment-key-width.test.ts (1 test) 4ms

 Test Files  15 passed (15)
      Tests  140 passed (140)
   Start at  22:01:02
   Duration  5.80s (transform 2.70s, setup 31ms, collect 4.75s, tests 517ms, environment 0ms, prepare 83ms)

Vitest resources: 7.75s wall, 732.0 MiB peak sampled process-group RSS (sampled ceiling 1536 MiB). Teardown verified.
