
> viborm@0.1.0 test:coverage:policy /private/tmp/viborm-coverage
> node scripts/run-node-safe.mjs 512 60000 scripts/coverage-policy.test.mjs && node scripts/run-node-safe.mjs 512 60000 scripts/bounded-process.test.mjs && node scripts/run-node-safe.mjs 512 60000 scripts/test-run-lock.test.mjs

✔ every TypeScript source has exactly one coverage owner (4.655292ms)
✔ subsystem configs derive includes and thresholds from the manifest (0.249208ms)
✔ waived sources remain owned and included (0.172375ms)
✔ test fixtures use the workspace alias instead of root-absolute imports (115.887166ms)
✔ migration coverage admits every credential-free local contract (2.020334ms)
✔ migration core contracts open no database outside the named in-memory SQLite exception (11.239917ms)
✔ client coverage admits the core and audited deterministic contracts (0.253875ms)
✔ driver coverage isolates provider resources and admits only audited local providers (3.412167ms)
✔ query coverage admits every core contract exactly once (3.646458ms)
✔ write coverage admits the core and audited high-signal local contracts (2.50925ms)
✔ cache coverage admits every deterministic cache contract exactly once (1.275167ms)
ℹ tests 11
ℹ suites 0
ℹ pass 11
ℹ fail 0
ℹ cancelled 0
ℹ skipped 0
ℹ todo 0
ℹ duration_ms 148.756542
Node resources: 0.54s wall, 0.0 MiB peak sampled process-group RSS (sampled ceiling 1536 MiB). Teardown verified.
✔ fails closed where process-tree bounds cannot be verified (0.551584ms)
✔ process-group RSS sums every member and ignores other groups (0.137458ms)
✔ process-group teardown ignores zombie-only groups (0.066083ms)
✔ heap replacement preserves unrelated Node options (0.074375ms)
✔ RSS limit defaults to the project cap and is configurable (0.3735ms)
✔ the ordinary ceiling is 1536 MiB and may only ever be lowered (0.089541ms)
✔ no ordinary caller can reach the 2560 MiB PGlite allowance (0.164875ms)
✔ the allowlisted typecheck ceiling reaches 8192 MiB and stops there (0.074375ms)
✔ the allowlisted PGlite ceiling reaches 2560 MiB and stops there (0.064833ms)
✔ the resource line names the ceiling that was applied (0.609708ms)
✔ a bounded run reports the ceiling it enforced (201.926417ms)
✔ heap limits may be lowered but never raised above the caller cap (0.174042ms)
✔ Vitest arguments end with the enforced single-worker policy (0.057084ms)
RSS limit witness exceeded its 48 MiB sampled process-group RSS ceiling (ordinary project).
✔ the sampled RSS ceiling terminates the complete child group (758.811875ms)
RSS group teardown witness exceeded its 48 MiB sampled process-group RSS ceiling (ordinary project).
RSS group teardown witness exceeded its 48 MiB sampled process-group RSS ceiling (ordinary project).
RSS group teardown witness exceeded its 48 MiB sampled process-group RSS ceiling (ordinary project).
RSS group teardown witness exceeded its 48 MiB sampled process-group RSS ceiling (ordinary project).
RSS group teardown witness exceeded its 48 MiB sampled process-group RSS ceiling (ordinary project).
RSS group teardown witness exceeded its 48 MiB sampled process-group RSS ceiling (ordinary project).
RSS group teardown witness exceeded its 48 MiB sampled process-group RSS ceiling (ordinary project).
RSS group teardown witness exceeded its 48 MiB sampled process-group RSS ceiling (ordinary project).
✔ RSS teardown verifies a group whose leader and worker exit together (6055.382292ms)
✔ normal leader exit still tears down inherited descendants (584.160417ms)
ℹ tests 16
ℹ suites 0
ℹ pass 16
ℹ fail 0
ℹ cancelled 0
ℹ skipped 0
ℹ todo 0
ℹ duration_ms 7606.504
Node resources: 7.94s wall, 60.9 MiB peak sampled process-group RSS (sampled ceiling 1536 MiB). Teardown verified.
✔ a bounded descendant inherits its ancestor's workspace lock (394.847667ms)
✔ parses complete process rows without truncating commands (0.36775ms)
✔ refuses malformed, duplicate, and incomplete process graphs (0.155875ms)
✔ excludes every direct, pnpm, and coverage-wrapper ancestor (0.118ms)
✔ finds stale Vitest, TypeScript, tsdown, and Vitest worker processes (0.25575ms)
✔ does not confuse a sibling path with the current workspace (0.121542ms)
ℹ tests 6
ℹ suites 0
ℹ pass 6
ℹ fail 0
ℹ cancelled 0
ℹ skipped 0
ℹ todo 0
ℹ duration_ms 398.642083
Node resources: 0.69s wall, 53.7 MiB peak sampled process-group RSS (sampled ceiling 1536 MiB). Teardown verified.
