
 RUN  v3.1.4 /Users/arnaud/code/viborm

 ✓ |coverage-raptor3| tests/raptor3/g4/parity/reference-representability.test.ts (26 tests) 116ms
 ✓ |coverage-raptor3| tests/raptor3/g4/parity/one-write-outcome-composition.test.ts (4 tests) 13ms
 ✓ |coverage-raptor3| tests/raptor3/g4/parity/transport-witnesses.test.ts (7 tests) 19ms
 ✓ |coverage-raptor3| tests/raptor3/g4/parity/upsert-array-route.test.ts (6 tests) 15ms
 ✓ |coverage-raptor3| tests/raptor3/g4/parity/prepared-set-predicates.test.ts (9 tests) 35ms
 ✓ |coverage-raptor3| tests/raptor3/g4/parity/published-key.test.ts (12 tests) 43ms
 ✓ |coverage-raptor3| tests/raptor3/g4/parity/singular-slot-transition.test.ts (10 tests) 32ms
 ✓ |coverage-raptor3| tests/raptor3/g4/parity/read-only-build-contract.test.ts (3 tests) 4ms
 ✓ |coverage-raptor3| tests/raptor3/g4/parity/suppressed-membership-target.test.ts (7 tests) 24ms
 ✓ |coverage-raptor3| tests/raptor3/g4/parity/series-member-premise.test.ts (4 tests) 16ms
 ✓ |raptor3| tests/raptor3/g4/parity/reference-representability.test.ts (26 tests) 121ms
 ✓ |raptor3| tests/raptor3/g4/parity/one-write-outcome-composition.test.ts (4 tests) 14ms
 ✓ |raptor3| tests/raptor3/g4/parity/transport-witnesses.test.ts (7 tests) 18ms
 ✓ |raptor3| tests/raptor3/g4/parity/upsert-array-route.test.ts (6 tests) 17ms
 ✓ |raptor3| tests/raptor3/g4/parity/prepared-set-predicates.test.ts (9 tests) 36ms
 ✓ |raptor3| tests/raptor3/g4/parity/published-key.test.ts (12 tests) 43ms
 ✓ |raptor3| tests/raptor3/g4/parity/singular-slot-transition.test.ts (10 tests) 33ms
 ✓ |raptor3| tests/raptor3/g4/parity/read-only-build-contract.test.ts (3 tests) 4ms
 ✓ |raptor3| tests/raptor3/g4/parity/suppressed-membership-target.test.ts (7 tests) 23ms
 ✓ |raptor3| tests/raptor3/g4/parity/series-member-premise.test.ts (4 tests) 15ms
 ✓ |extended-local| tests/raptor3/g4/parity/ordered-observation.test.ts (39 tests) 192ms

 Test Files  21 passed (21)
      Tests  215 passed (215)
   Start at  18:47:50
   Duration  5.89s (transform 2.49s, setup 31ms, collect 4.55s, tests 833ms, environment 0ms, prepare 73ms)

Vitest resources: 7.61s wall, 729.8 MiB peak sampled process-group RSS (sampled ceiling 1536 MiB). Teardown verified.
