
 RUN  v3.1.4 /Users/arnaud/code/viborm

 ✓ |raptor3| tests/raptor3/g4/unit02/uncertain-outcome-meta.test.ts (10 tests) 86ms
 ✓ |raptor3| tests/raptor3/g4/unit02/key-arithmetic.test.ts (20 tests) 94ms
 ✓ |raptor3| tests/raptor3/g4/unit02/upsert-key-portability.test.ts (19 tests) 141ms
 ✓ |raptor3| tests/raptor3/g4/unit02/lone-statement-transport.test.ts (7 tests) 37ms
 ✓ |raptor3| tests/raptor3/g4/unit02/malformed-result-cuts.test.ts (4 tests) 13ms
 ✓ |raptor3| tests/raptor3/g4/unit02/nested-key-refusal.test.ts (6 tests) 59ms
 ✓ |raptor3| tests/raptor3/g4/unit02/phase2-envelope-and-arithmetic.test.ts (7 tests) 27ms
 ✓ |raptor3| tests/raptor3/g4/unit02/recursive-codec-fit.test.ts (3 tests) 23ms
 ✓ |raptor3| tests/raptor3/g4/unit02/physical-envelope.test.ts (10 tests) 48ms
 ✓ |raptor3| tests/raptor3/g4/unit02/borrowed-envelope.test.ts (5 tests) 25ms
 ✓ |raptor3| tests/raptor3/g4/unit02/root-member-cut-trace.test.ts (4 tests) 17ms
 ✓ |raptor3| tests/raptor3/g4/unit02/packaged-array.test.ts (5 tests) 18ms
 ✓ |raptor3| tests/raptor3/g4/unit02/prepared-operation.test.ts (5 tests) 18ms
 ✓ |raptor3| tests/raptor3/g4/unit02/decimal-having-operand.test.ts (3 tests) 11ms
 ✓ |raptor3| tests/raptor3/g4/unit02/vector-capability.test.ts (1 test) 7ms
 ✓ |raptor3| tests/raptor3/g4/unit02/root-delete.test.ts (6 tests) 19ms
 ✓ |raptor3| tests/raptor3/g4/unit02/returning-safety-gate.test.ts (5 tests) 2ms
 ✓ |raptor3| tests/raptor3/g4/unit02/k-competing-refusals.test.ts (4 tests) 8ms
 ✓ |raptor3| tests/raptor3/g4/unit02/k-refusal-order-history.test.ts (3 tests) 6ms

 Test Files  19 passed (19)
      Tests  127 passed (127)
   Start at  01:12:36
   Duration  9.85s (transform 2.41s, setup 43ms, collect 5.81s, tests 661ms, environment 0ms, prepare 63ms)

JSON report written to /var/folders/2c/xh5rx2d91wd_lk8rvnnhlr4m0000gn/T/viborm-raptor3-g0-tIYWep/vitest.json
Vitest resources: 19.35s wall, 750.3 MiB peak sampled process-group RSS (sampled ceiling 1536 MiB). Teardown verified.
Raptor 3 g4-unit02-author contract gate verified. Evidence: /var/folders/2c/xh5rx2d91wd_lk8rvnnhlr4m0000gn/T/viborm-raptor3-g0-tIYWep
