
 RUN  v3.1.4 /Users/arnaud/code/viborm

stdout | docs/architecture/raptor3-evidence/g4/root-review-probes/C/refusal-and-meta-parity.review.test.ts > Area C — refusal identity and diagnostic meta, both routes > every admitted refusal answers one class, code, sentence and meta
[premise: root update of a missing row (NotFoundError meta)]
  shipped   NotFoundError|V6001|No owner record found for update
            meta {"model":"owner","operation":"update"}
            owners [{"id":1,"name":"one","code":"C1","cents":10},{"id":2,"name":"two","code":"C2","cents":20}] items [{"id":10,"label":"i10","ownerId":1}]
  candidate NotFoundError|V6001|No owner record found for update
            meta {"model":"owner","operation":"update"}
            owners [{"id":1,"name":"one","code":"C1","cents":10},{"id":2,"name":"two","code":"C2","cents":20}] items [{"id":10,"label":"i10","ownerId":1}]
  AGREE

stdout | docs/architecture/raptor3-evidence/g4/root-review-probes/C/refusal-and-meta-parity.review.test.ts > Area C — refusal identity and diagnostic meta, both routes > every admitted refusal answers one class, code, sentence and meta
[premise: root delete of a missing row]
  shipped   NotFoundError|V6001|No owner record found for delete
            meta {"model":"owner","operation":"delete"}
            owners [{"id":1,"name":"one","code":"C1","cents":10},{"id":2,"name":"two","code":"C2","cents":20}] items [{"id":10,"label":"i10","ownerId":1}]
  candidate NotFoundError|V6001|No owner record found for delete
            meta {"model":"owner","operation":"delete"}
            owners [{"id":1,"name":"one","code":"C1","cents":10},{"id":2,"name":"two","code":"C2","cents":20}] items [{"id":10,"label":"i10","ownerId":1}]
  AGREE

stdout | docs/architecture/raptor3-evidence/g4/root-review-probes/C/refusal-and-meta-parity.review.test.ts > Area C — refusal identity and diagnostic meta, both routes > every admitted refusal answers one class, code, sentence and meta
[premise: findUniqueOrThrow]
  shipped   NotFoundError|V6001|No owner record found for findUniqueOrThrow
            meta {"model":"owner","operation":"findUniqueOrThrow"}
            owners [{"id":1,"name":"one","code":"C1","cents":10},{"id":2,"name":"two","code":"C2","cents":20}] items [{"id":10,"label":"i10","ownerId":1}]
  candidate NotFoundError|V6001|No owner record found for findUniqueOrThrow
            meta {"model":"owner","operation":"findUniqueOrThrow"}
            owners [{"id":1,"name":"one","code":"C1","cents":10},{"id":2,"name":"two","code":"C2","cents":20}] items [{"id":10,"label":"i10","ownerId":1}]
  AGREE

stdout | docs/architecture/raptor3-evidence/g4/root-review-probes/C/refusal-and-meta-parity.review.test.ts > Area C — refusal identity and diagnostic meta, both routes > every admitted refusal answers one class, code, sentence and meta
[premise: findFirstOrThrow]
  shipped   NotFoundError|V6001|No owner record found for findFirstOrThrow
            meta {"model":"owner","operation":"findFirstOrThrow"}
            owners [{"id":1,"name":"one","code":"C1","cents":10},{"id":2,"name":"two","code":"C2","cents":20}] items [{"id":10,"label":"i10","ownerId":1}]
  candidate NotFoundError|V6001|No owner record found for findFirstOrThrow
            meta {"model":"owner","operation":"findFirstOrThrow"}
            owners [{"id":1,"name":"one","code":"C1","cents":10},{"id":2,"name":"two","code":"C2","cents":20}] items [{"id":10,"label":"i10","ownerId":1}]
  AGREE

stdout | docs/architecture/raptor3-evidence/g4/root-review-probes/C/refusal-and-meta-parity.review.test.ts > Area C — refusal identity and diagnostic meta, both routes > every admitted refusal answers one class, code, sentence and meta
[R-D2 (c) ROOT: set beside increment on the key]
  shipped   QueryEngineError|V9001|Primary key field 'id' accepts exactly one update operation; received set, increment.
            meta {}
            owners [{"id":1,"name":"one","code":"C1","cents":10},{"id":2,"name":"two","code":"C2","cents":20}] items [{"id":10,"label":"i10","ownerId":1}]
  candidate QueryEngineError|V9001|Primary key field 'id' accepts exactly one update operation; received set, increment.
            meta {}
            owners [{"id":1,"name":"one","code":"C1","cents":10},{"id":2,"name":"two","code":"C2","cents":20}] items [{"id":10,"label":"i10","ownerId":1}]
  AGREE

stdout | docs/architecture/raptor3-evidence/g4/root-review-probes/C/refusal-and-meta-parity.review.test.ts > Area C — refusal identity and diagnostic meta, both routes > every admitted refusal answers one class, code, sentence and meta
[an INT key under increment (arithmetic is portable; both engines perform it)]
  shipped   UniqueConstraintError|V3001|Unique constraint violation
            meta {"columns":["g4rc_owners.id"],"correlationId":"<uuid>","driver":"sqlite3","model":"owner","operation":"update"}
            owners [{"id":1,"name":"one","code":"C1","cents":10},{"id":2,"name":"two","code":"C2","cents":20}] items [{"id":10,"label":"i10","ownerId":1}]
  candidate UniqueConstraintError|V3001|Unique constraint violation
            meta {"columns":["g4rc_owners.id"],"correlationId":"<uuid>","driver":"sqlite3","model":"owner","operation":"update"}
            owners [{"id":1,"name":"one","code":"C1","cents":10},{"id":2,"name":"two","code":"C2","cents":20}] items [{"id":10,"label":"i10","ownerId":1}]
  AGREE

stdout | docs/architecture/raptor3-evidence/g4/root-review-probes/C/refusal-and-meta-parity.review.test.ts > Area C — refusal identity and diagnostic meta, both routes > every admitted refusal answers one class, code, sentence and meta
[R-D2 (b) ROOT: a NUMBER key under increment]
  shipped   QueryEngineError|V9001|Arithmetic updates are not portable for number primary key field 'id'. Use an explicit set value.
            meta {}
            owners [{"id":1,"name":"one","code":"C1","cents":10},{"id":2,"name":"two","code":"C2","cents":20}] items [{"id":10,"label":"i10","ownerId":1}]
  candidate QueryEngineError|V9001|Arithmetic updates are not portable for number primary key field 'id'. Use an explicit set value.
            meta {}
            owners [{"id":1,"name":"one","code":"C1","cents":10},{"id":2,"name":"two","code":"C2","cents":20}] items [{"id":10,"label":"i10","ownerId":1}]
  AGREE

stdout | docs/architecture/raptor3-evidence/g4/root-review-probes/C/refusal-and-meta-parity.review.test.ts > Area C — refusal identity and diagnostic meta, both routes > every admitted refusal answers one class, code, sentence and meta
[R-D2 (b) ROOT: a NUMBER key under multiply]
  shipped   QueryEngineError|V9001|Arithmetic updates are not portable for number primary key field 'id'. Use an explicit set value.
            meta {}
            owners [{"id":1,"name":"one","code":"C1","cents":10},{"id":2,"name":"two","code":"C2","cents":20}] items [{"id":10,"label":"i10","ownerId":1}]
  candidate QueryEngineError|V9001|Arithmetic updates are not portable for number primary key field 'id'. Use an explicit set value.
            meta {}
            owners [{"id":1,"name":"one","code":"C1","cents":10},{"id":2,"name":"two","code":"C2","cents":20}] items [{"id":10,"label":"i10","ownerId":1}]
  AGREE

stdout | docs/architecture/raptor3-evidence/g4/root-review-probes/C/refusal-and-meta-parity.review.test.ts > Area C — refusal identity and diagnostic meta, both routes > every admitted refusal answers one class, code, sentence and meta
[an INT key divided by zero]
  shipped   QueryEngineError|V9001|Cannot divide primary key field 'id' by zero.
            meta {}
            owners [{"id":1,"name":"one","code":"C1","cents":10},{"id":2,"name":"two","code":"C2","cents":20}] items [{"id":10,"label":"i10","ownerId":1}]
  candidate QueryEngineError|V9001|Cannot divide primary key field 'id' by zero.
            meta {}
            owners [{"id":1,"name":"one","code":"C1","cents":10},{"id":2,"name":"two","code":"C2","cents":20}] items [{"id":10,"label":"i10","ownerId":1}]
  AGREE

stdout | docs/architecture/raptor3-evidence/g4/root-review-probes/C/refusal-and-meta-parity.review.test.ts > Area C — refusal identity and diagnostic meta, both routes > every admitted refusal answers one class, code, sentence and meta
[R-D2 (c) ROOT on a NUMBER key: arity wins over portability]
  shipped   QueryEngineError|V9001|Primary key field 'id' accepts exactly one update operation; received set, increment.
            meta {}
            owners [{"id":1,"name":"one","code":"C1","cents":10},{"id":2,"name":"two","code":"C2","cents":20}] items [{"id":10,"label":"i10","ownerId":1}]
  candidate QueryEngineError|V9001|Primary key field 'id' accepts exactly one update operation; received set, increment.
            meta {}
            owners [{"id":1,"name":"one","code":"C1","cents":10},{"id":2,"name":"two","code":"C2","cents":20}] items [{"id":10,"label":"i10","ownerId":1}]
  AGREE

stdout | docs/architecture/raptor3-evidence/g4/root-review-probes/C/refusal-and-meta-parity.review.test.ts > Area C — refusal identity and diagnostic meta, both routes > every admitted refusal answers one class, code, sentence and meta
[arity ROOT: the key names no operation]
  shipped   QueryEngineError|V9001|Primary key field 'id' accepts exactly one update operation; received none.
            meta {}
            owners [{"id":1,"name":"one","code":"C1","cents":10},{"id":2,"name":"two","code":"C2","cents":20}] items [{"id":10,"label":"i10","ownerId":1}]
  candidate QueryEngineError|V9001|Primary key field 'id' accepts exactly one update operation; received none.
            meta {}
            owners [{"id":1,"name":"one","code":"C1","cents":10},{"id":2,"name":"two","code":"C2","cents":20}] items [{"id":10,"label":"i10","ownerId":1}]
  AGREE

stdout | docs/architecture/raptor3-evidence/g4/root-review-probes/C/refusal-and-meta-parity.review.test.ts > Area C — refusal identity and diagnostic meta, both routes > every admitted refusal answers one class, code, sentence and meta
[root upsert, no relation in the update payload, key names nothing]
  shipped   QueryEngineError|V9001|Unknown update operation: 
            meta {}
            owners [{"id":1,"name":"one","code":"C1","cents":10},{"id":2,"name":"two","code":"C2","cents":20}] items [{"id":10,"label":"i10","ownerId":1}]
  candidate QueryEngineError|V9001|Unknown update operation: 
            meta {}
            owners [{"id":1,"name":"one","code":"C1","cents":10},{"id":2,"name":"two","code":"C2","cents":20}] items [{"id":10,"label":"i10","ownerId":1}]
  AGREE

stdout | docs/architecture/raptor3-evidence/g4/root-review-probes/C/refusal-and-meta-parity.review.test.ts > Area C — refusal identity and diagnostic meta, both routes > every admitted refusal answers one class, code, sentence and meta
[R-D2 (c) ROOT updateMany: set beside increment]
  shipped   QueryEngineError|V9001|Primary key field 'id' accepts exactly one update operation; received set, increment.
            meta {}
            owners [{"id":1,"name":"one","code":"C1","cents":10},{"id":2,"name":"two","code":"C2","cents":20}] items [{"id":10,"label":"i10","ownerId":1}]
  candidate QueryEngineError|V9001|Primary key field 'id' accepts exactly one update operation; received set, increment.
            meta {}
            owners [{"id":1,"name":"one","code":"C1","cents":10},{"id":2,"name":"two","code":"C2","cents":20}] items [{"id":10,"label":"i10","ownerId":1}]
  AGREE

stdout | docs/architecture/raptor3-evidence/g4/root-review-probes/C/refusal-and-meta-parity.review.test.ts > Area C — refusal identity and diagnostic meta, both routes > every admitted refusal answers one class, code, sentence and meta
[R-D2 (c) NESTED to-many update]
  shipped   QueryEngineError|V9001|Primary key field 'id' accepts exactly one update operation; received set, increment.
            meta {}
            owners [{"id":1,"name":"one","code":"C1","cents":10},{"id":2,"name":"two","code":"C2","cents":20}] items [{"id":10,"label":"i10","ownerId":1}]
  candidate QueryEngineError|V9001|Primary key field 'id' accepts exactly one update operation; received set, increment.
            meta {}
            owners [{"id":1,"name":"one","code":"C1","cents":10},{"id":2,"name":"two","code":"C2","cents":20}] items [{"id":10,"label":"i10","ownerId":1}]
  AGREE

stdout | docs/architecture/raptor3-evidence/g4/root-review-probes/C/refusal-and-meta-parity.review.test.ts > Area C — refusal identity and diagnostic meta, both routes > every admitted refusal answers one class, code, sentence and meta
[R-D2 (c) NESTED to-many updateMany member]
  shipped   QueryEngineError|V9001|Primary key field 'id' accepts exactly one update operation; received set, increment.
            meta {}
            owners [{"id":1,"name":"one","code":"C1","cents":10},{"id":2,"name":"two","code":"C2","cents":20}] items [{"id":10,"label":"i10","ownerId":1}]
  candidate QueryEngineError|V9001|Primary key field 'id' accepts exactly one update operation; received set, increment.
            meta {}
            owners [{"id":1,"name":"one","code":"C1","cents":10},{"id":2,"name":"two","code":"C2","cents":20}] items [{"id":10,"label":"i10","ownerId":1}]
  AGREE

stdout | docs/architecture/raptor3-evidence/g4/root-review-probes/C/refusal-and-meta-parity.review.test.ts > Area C — refusal identity and diagnostic meta, both routes > every admitted refusal answers one class, code, sentence and meta
[R-D2 (c) NESTED to-many upsert, target PRESENT (found arm)]
  shipped   QueryEngineError|V9001|Primary key field 'id' accepts exactly one update operation; received set, increment.
            meta {}
            owners [{"id":1,"name":"one","code":"C1","cents":10},{"id":2,"name":"two","code":"C2","cents":20}] items [{"id":10,"label":"i10","ownerId":1}]
  candidate QueryEngineError|V9001|Primary key field 'id' accepts exactly one update operation; received set, increment.
            meta {}
            owners [{"id":1,"name":"one","code":"C1","cents":10},{"id":2,"name":"two","code":"C2","cents":20}] items [{"id":10,"label":"i10","ownerId":1}]
  AGREE

stdout | docs/architecture/raptor3-evidence/g4/root-review-probes/C/refusal-and-meta-parity.review.test.ts > Area C — refusal identity and diagnostic meta, both routes > every admitted refusal answers one class, code, sentence and meta
[R-D2 (c) NESTED to-many upsert, target ABSENT (create arm, must NOT refuse)]
  shipped   ok:{"id":1,"name":"one","code":"C1","cents":"0.1","micros":"0.0002"}
            meta -
            owners [{"id":1,"name":"one","code":"C1","cents":10},{"id":2,"name":"two","code":"C2","cents":20}] items [{"id":10,"label":"i10","ownerId":1},{"id":77,"label":"fresh","ownerId":1}]
  candidate ok:{"id":1,"name":"one","code":"C1","cents":"0.1","micros":"0.0002"}
            meta -
            owners [{"id":1,"name":"one","code":"C1","cents":10},{"id":2,"name":"two","code":"C2","cents":20}] items [{"id":10,"label":"i10","ownerId":1},{"id":77,"label":"fresh","ownerId":1}]
  AGREE

stdout | docs/architecture/raptor3-evidence/g4/root-review-probes/C/refusal-and-meta-parity.review.test.ts > Area C — refusal identity and diagnostic meta, both routes > every admitted refusal answers one class, code, sentence and meta
[R-D2 (c) NESTED TO-ONE update (freeze note: unverified edge kind)]
  shipped   QueryEngineError|V9001|Primary key field 'id' accepts exactly one update operation; received set, increment.
            meta {}
            owners [{"id":1,"name":"one","code":"C1","cents":10},{"id":2,"name":"two","code":"C2","cents":20}] items [{"id":10,"label":"i10","ownerId":1}]
  candidate QueryEngineError|V9001|Primary key field 'id' accepts exactly one update operation; received set, increment.
            meta {}
            owners [{"id":1,"name":"one","code":"C1","cents":10},{"id":2,"name":"two","code":"C2","cents":20}] items [{"id":10,"label":"i10","ownerId":1}]
  AGREE

stdout | docs/architecture/raptor3-evidence/g4/root-review-probes/C/refusal-and-meta-parity.review.test.ts > Area C — refusal identity and diagnostic meta, both routes > every admitted refusal answers one class, code, sentence and meta
[R-D2 (c) NESTED parent-held to-one update]
  shipped   QueryEngineError|V9001|Primary key field 'id' accepts exactly one update operation; received set, increment.
            meta {}
            owners [{"id":1,"name":"one","code":"C1","cents":10},{"id":2,"name":"two","code":"C2","cents":20}] items [{"id":10,"label":"i10","ownerId":1}]
  candidate QueryEngineError|V9001|Primary key field 'id' accepts exactly one update operation; received set, increment.
            meta {}
            owners [{"id":1,"name":"one","code":"C1","cents":10},{"id":2,"name":"two","code":"C2","cents":20}] items [{"id":10,"label":"i10","ownerId":1}]
  AGREE

stdout | docs/architecture/raptor3-evidence/g4/root-review-probes/C/refusal-and-meta-parity.review.test.ts > Area C — refusal identity and diagnostic meta, both routes > every admitted refusal answers one class, code, sentence and meta
[provider: a unique constraint violation]
  shipped   UniqueConstraintError|V3001|Unique constraint violation
            meta {"correlationId":"<uuid>","driver":"sqlite3","model":"owner","operation":"create","providerCode":"SQLITE_CONSTRAINT_UNIQUE"}
            owners [{"id":1,"name":"one","code":"C1","cents":10},{"id":2,"name":"two","code":"C2","cents":20}] items [{"id":10,"label":"i10","ownerId":1}]
  candidate UniqueConstraintError|V3001|Unique constraint violation
            meta {"correlationId":"<uuid>","driver":"sqlite3","model":"owner","operation":"create","providerCode":"SQLITE_CONSTRAINT_UNIQUE"}
            owners [{"id":1,"name":"one","code":"C1","cents":10},{"id":2,"name":"two","code":"C2","cents":20}] items [{"id":10,"label":"i10","ownerId":1}]
  AGREE

stdout | docs/architecture/raptor3-evidence/g4/root-review-probes/C/refusal-and-meta-parity.review.test.ts > Area C — refusal identity and diagnostic meta, both routes > every admitted refusal answers one class, code, sentence and meta
[G4-01 finding J: a decimal field reference across domains]
  shipped   QueryEngineError|V9001|Field reference 'micros' cannot be compared with 'cents' on 'owner': 'cents' is decimal(12,2) and 'micros' is decimal(12,4). Two decimals compare exactly only when they declare the same precision and scale.
            meta {}
            owners [{"id":1,"name":"one","code":"C1","cents":10},{"id":2,"name":"two","code":"C2","cents":20}] items [{"id":10,"label":"i10","ownerId":1}]
  candidate QueryEngineError|V9001|Field reference 'micros' cannot be compared with 'cents' on 'owner': 'cents' is decimal(12,2) and 'micros' is decimal(12,4). Two decimals compare exactly only when they declare the same precision and scale.
            meta {}
            owners [{"id":1,"name":"one","code":"C1","cents":10},{"id":2,"name":"two","code":"C2","cents":20}] items [{"id":10,"label":"i10","ownerId":1}]
  AGREE

stdout | docs/architecture/raptor3-evidence/g4/root-review-probes/C/refusal-and-meta-parity.review.test.ts > Area C — refusal identity and diagnostic meta, both routes > every admitted refusal answers one class, code, sentence and meta
[divide a decimal column by zero]
  shipped   QueryEngineError|V9001|Cannot divide decimal field 'cents' by zero.
            meta {}
            owners [{"id":1,"name":"one","code":"C1","cents":10},{"id":2,"name":"two","code":"C2","cents":20}] items [{"id":10,"label":"i10","ownerId":1}]
  candidate QueryEngineError|V9001|Cannot divide decimal field 'cents' by zero.
            meta {}
            owners [{"id":1,"name":"one","code":"C1","cents":10},{"id":2,"name":"two","code":"C2","cents":20}] items [{"id":10,"label":"i10","ownerId":1}]
  AGREE

stdout | docs/architecture/raptor3-evidence/g4/root-review-probes/C/refusal-and-meta-parity.review.test.ts > Area C — refusal identity and diagnostic meta, both routes > every admitted refusal answers one class, code, sentence and meta
[control: an admitted request that must NOT refuse]
  shipped   ok:[{"id":1},{"id":2}]
            meta -
            owners [{"id":1,"name":"one","code":"C1","cents":10},{"id":2,"name":"two","code":"C2","cents":20}] items [{"id":10,"label":"i10","ownerId":1}]
  candidate ok:[{"id":1},{"id":2}]
            meta -
            owners [{"id":1,"name":"one","code":"C1","cents":10},{"id":2,"name":"two","code":"C2","cents":20}] items [{"id":10,"label":"i10","ownerId":1}]
  AGREE

 ✓ |g4-root-review-C| docs/architecture/raptor3-evidence/g4/root-review-probes/C/refusal-and-meta-parity.review.test.ts (1 test) 412ms
   ✓ Area C — refusal identity and diagnostic meta, both routes > every admitted refusal answers one class, code, sentence and meta  411ms

 Test Files  1 passed (1)
      Tests  1 passed (1)
   Start at  20:33:56
   Duration  9.73s (transform 3.45s, setup 22ms, collect 5.45s, tests 412ms, environment 0ms, prepare 75ms)

Vitest resources: 13.78s wall, 451.6 MiB peak sampled process-group RSS (sampled ceiling 1536 MiB). Teardown verified.
