
 RUN  v3.1.4 /Users/arnaud/code/viborm

 ✓ |raptor3| tests/raptor3/transitions/conditional-upsert-commands.test.ts (11 tests) 111ms
 ✓ |raptor3| tests/raptor3/transitions/singular-lattice-commands.test.ts (58 tests) 233ms
 ✓ |raptor3| tests/raptor3/transitions/shared-key-suppliers-commands.test.ts (4 tests) 54ms
 ✓ |raptor3| tests/raptor3/transitions/junction-identity-commands.test.ts (2 tests) 125ms
 ✓ |raptor3| tests/raptor3/transitions/series-staleness-commands.test.ts (4 tests) 61ms
 ✓ |raptor3| tests/raptor3/transitions/mixed-key-transitions-commands.test.ts (8 tests) 86ms
 ✓ |raptor3| tests/raptor3/transitions/supplier-continuations-commands.test.ts (10 tests) 87ms
 ✓ |raptor3| tests/raptor3/transitions/membership-own-write-commands.test.ts (8 tests) 72ms
 ✓ |raptor3| tests/raptor3/transitions/staleness-commands.test.ts (3 tests) 45ms
 ✓ |raptor3| tests/raptor3/transitions/singular-commands.test.ts (20 tests) 115ms
 ✓ |raptor3| tests/raptor3/transitions/junctions-commands.test.ts (26 tests) 208ms
 ✓ |raptor3| tests/raptor3/transitions/variant-removals-commands.test.ts (14 tests) 97ms
 ✓ |raptor3| tests/raptor3/transitions/occupied-keys-commands.test.ts (8 tests) 105ms
 ✓ |raptor3| tests/raptor3/transitions/required-commands.test.ts (8 tests) 68ms
 ✓ |raptor3| tests/raptor3/transitions/keys-commands.test.ts (14 tests) 95ms
 ✓ |raptor3| tests/raptor3/transitions/own-write-commands.test.ts (18 tests) 111ms

 Test Files  16 passed (16)
      Tests  216 passed (216)
   Start at  03:58:08
   Duration  4.79s (transform 1.16s, setup 17ms, collect 2.86s, tests 1.67s, environment 0ms, prepare 28ms)

JSON report written to /var/folders/2c/xh5rx2d91wd_lk8rvnnhlr4m0000gn/T/viborm-raptor3-g0-MpQGvj/vitest.json
Vitest resources: 6.82s wall, 807.4 MiB peak sampled process-group RSS (sampled ceiling 1536 MiB). Teardown verified.
Raptor 3 g2-contracts contract gate verified. Evidence: /var/folders/2c/xh5rx2d91wd_lk8rvnnhlr4m0000gn/T/viborm-raptor3-g0-MpQGvj
exit=0
