
 RUN  v3.1.4 /Users/arnaud/code/viborm

 ✓ |raptor3| tests/raptor3/prep/recursive-read-fit.test.ts (6 tests) 16ms
 ✓ |raptor3| tests/raptor3/prep/suppression-replay.test.ts (5 tests) 51ms
 ✓ |raptor3| tests/raptor3/prep/selector-dependencies.test.ts (11 tests) 68ms
 ✓ |raptor3| tests/raptor3/prep/g3p04-review-regressions.test.ts (5 tests) 18ms
 ✓ |raptor3| tests/raptor3/prep/set-preparation.test.ts (6 tests) 10ms
 ✓ |raptor3| tests/raptor3/prep/variant-collection-order.test.ts (4 tests) 40ms

⎯⎯⎯⎯⎯⎯ Failed Suites 4 ⎯⎯⎯⎯⎯⎯⎯

 FAIL  |raptor3-live-provider| tests/raptor3/prep/native-clearability-ownership.test.ts [ tests/raptor3/prep/native-clearability-ownership.test.ts ]
AssertionError: Required live provider is pg or mysql

[32m- Expected[39m
[31m+ Received[39m

[32m- true[39m
[31m+ false[39m

 ❯ tests/raptor3/transitions/live-world.ts:32:1
     30| 
     31| const provider = process.env.VIBORM_RAPTOR3_PROVIDER;
     32| assert(
       | ^
     33|   provider === "pg" || provider === "mysql",
     34|   "Required live provider is pg or mysql"
 ❯ tests/raptor3/prep/native-clearability-ownership.test.ts:6:1

⎯⎯⎯⎯⎯⎯⎯⎯⎯⎯⎯⎯⎯⎯⎯⎯⎯⎯⎯⎯⎯⎯⎯⎯[1/4]⎯

 FAIL  |raptor3-live-provider| tests/raptor3/prep/native-constraint-ownership.test.ts [ tests/raptor3/prep/native-constraint-ownership.test.ts ]
AssertionError: Required live provider is pg or mysql

[32m- Expected[39m
[31m+ Received[39m

[32m- true[39m
[31m+ false[39m

 ❯ tests/raptor3/transitions/live-world.ts:32:1
     30| 
     31| const provider = process.env.VIBORM_RAPTOR3_PROVIDER;
     32| assert(
       | ^
     33|   provider === "pg" || provider === "mysql",
     34|   "Required live provider is pg or mysql"
 ❯ tests/raptor3/prep/native-constraint-ownership.test.ts:14:1

⎯⎯⎯⎯⎯⎯⎯⎯⎯⎯⎯⎯⎯⎯⎯⎯⎯⎯⎯⎯⎯⎯⎯⎯[2/4]⎯

 FAIL  |raptor3-live-provider| tests/raptor3/prep/native-set-preparation.test.ts [ tests/raptor3/prep/native-set-preparation.test.ts ]
AssertionError: Required live provider is pg or mysql

[32m- Expected[39m
[31m+ Received[39m

[32m- true[39m
[31m+ false[39m

 ❯ tests/raptor3/transitions/live-world.ts:32:1
     30| 
     31| const provider = process.env.VIBORM_RAPTOR3_PROVIDER;
     32| assert(
       | ^
     33|   provider === "pg" || provider === "mysql",
     34|   "Required live provider is pg or mysql"
 ❯ tests/raptor3/prep/native-set-preparation.test.ts:10:1

⎯⎯⎯⎯⎯⎯⎯⎯⎯⎯⎯⎯⎯⎯⎯⎯⎯⎯⎯⎯⎯⎯⎯⎯[3/4]⎯

 FAIL  |raptor3-live-provider| tests/raptor3/prep/native-suppression-replay.test.ts [ tests/raptor3/prep/native-suppression-replay.test.ts ]
AssertionError: Required live provider is pg or mysql

[32m- Expected[39m
[31m+ Received[39m

[32m- true[39m
[31m+ false[39m

 ❯ tests/raptor3/transitions/live-world.ts:32:1
     30| 
     31| const provider = process.env.VIBORM_RAPTOR3_PROVIDER;
     32| assert(
       | ^
     33|   provider === "pg" || provider === "mysql",
     34|   "Required live provider is pg or mysql"
 ❯ tests/raptor3/prep/native-suppression-replay.test.ts:18:1

⎯⎯⎯⎯⎯⎯⎯⎯⎯⎯⎯⎯⎯⎯⎯⎯⎯⎯⎯⎯⎯⎯⎯⎯[4/4]⎯


 Test Files  4 failed | 6 passed (10)
      Tests  37 passed (37)
   Start at  03:58:48
   Duration  4.48s (transform 2.18s, setup 19ms, collect 2.03s, tests 203ms, environment 0ms, prepare 65ms)

Vitest resources: 6.71s wall, 778.2 MiB peak sampled process-group RSS (sampled ceiling 1536 MiB). Teardown verified.
exit=1
