
 RUN  v3.1.4 /private/tmp/viborm-g4-lane-6

 ✓ |raptor3| tests/raptor3/transport-campaign.test.ts (1 test) 1046ms
   ✓ completes the exact admitted transport seed batch  1046ms

 Test Files  1 passed (1)
      Tests  1 passed (1)
   Start at  02:44:35
   Duration  5.40s (transform 1.50s, setup 10ms, collect 2.27s, tests 1.05s, environment 0ms, prepare 34ms)

JSON report written to /private/tmp/viborm-g4-lane-tmp-6/viborm-raptor3-g0-E19nnP/vitest.json
Vitest resources: 10.59s wall, 688.5 MiB peak sampled process-group RSS (sampled ceiling 1536 MiB). Teardown verified.
Raptor 3 g1-transport-seed-batch contract gate verified. Evidence: /private/tmp/viborm-g4-lane-tmp-6/viborm-raptor3-g0-E19nnP

 RUN  v3.1.4 /private/tmp/viborm-g4-lane-6

 ✓ |raptor3| tests/raptor3/transport-campaign.test.ts (1 test) 1153ms
   ✓ completes the exact admitted transport seed batch  1152ms

 Test Files  1 passed (1)
      Tests  1 passed (1)
   Start at  02:44:49
   Duration  6.30s (transform 1.89s, setup 12ms, collect 2.81s, tests 1.15s, environment 0ms, prepare 47ms)

JSON report written to /private/tmp/viborm-g4-lane-tmp-6/viborm-raptor3-g0-ODE8Uo/vitest.json
Vitest resources: 12.41s wall, 655.4 MiB peak sampled process-group RSS (sampled ceiling 1536 MiB). Teardown verified.
Raptor 3 g1-transport-seed-batch contract gate verified. Evidence: /private/tmp/viborm-g4-lane-tmp-6/viborm-raptor3-g0-ODE8Uo

 RUN  v3.1.4 /private/tmp/viborm-g4-lane-6

 ✓ |raptor3| tests/raptor3/transport-campaign.test.ts (1 test) 1196ms
   ✓ completes the exact admitted transport seed batch  1195ms

 Test Files  1 passed (1)
      Tests  1 passed (1)
   Start at  02:45:03
   Duration  6.88s (transform 2.03s, setup 11ms, collect 3.08s, tests 1.20s, environment 0ms, prepare 46ms)

JSON report written to /private/tmp/viborm-g4-lane-tmp-6/viborm-raptor3-g0-P6AWTS/vitest.json
Vitest resources: 12.66s wall, 691.0 MiB peak sampled process-group RSS (sampled ceiling 1536 MiB). Teardown verified.
Raptor 3 g1-transport-seed-batch contract gate verified. Evidence: /private/tmp/viborm-g4-lane-tmp-6/viborm-raptor3-g0-P6AWTS

 RUN  v3.1.4 /private/tmp/viborm-g4-lane-6

 ✓ |raptor3| tests/raptor3/transport-campaign.test.ts (1 test) 1438ms
   ✓ completes the exact admitted transport seed batch  1437ms

 Test Files  1 passed (1)
      Tests  1 passed (1)
   Start at  02:45:17
   Duration  6.57s (transform 1.88s, setup 17ms, collect 2.85s, tests 1.44s, environment 0ms, prepare 38ms)

JSON report written to /private/tmp/viborm-g4-lane-tmp-6/viborm-raptor3-g0-jpdVUn/vitest.json
Vitest resources: 12.34s wall, 679.4 MiB peak sampled process-group RSS (sampled ceiling 1536 MiB). Teardown verified.
Raptor 3 g1-transport-seed-batch contract gate verified. Evidence: /private/tmp/viborm-g4-lane-tmp-6/viborm-raptor3-g0-jpdVUn

 RUN  v3.1.4 /private/tmp/viborm-g4-lane-6

 ✓ |raptor3| tests/raptor3/transport-campaign.test.ts (1 test) 1115ms
   ✓ completes the exact admitted transport seed batch  1114ms

 Test Files  1 passed (1)
      Tests  1 passed (1)
   Start at  02:45:31
   Duration  5.08s (transform 1.50s, setup 10ms, collect 2.20s, tests 1.12s, environment 0ms, prepare 28ms)

JSON report written to /private/tmp/viborm-g4-lane-tmp-6/viborm-raptor3-g0-QWx2jA/vitest.json
Vitest resources: 10.93s wall, 683.7 MiB peak sampled process-group RSS (sampled ceiling 1536 MiB). Teardown verified.
Raptor 3 g1-transport-seed-batch contract gate verified. Evidence: /private/tmp/viborm-g4-lane-tmp-6/viborm-raptor3-g0-QWx2jA

 RUN  v3.1.4 /private/tmp/viborm-g4-lane-6

 ✓ |raptor3| tests/raptor3/transport-campaign.test.ts (1 test) 1072ms
   ✓ completes the exact admitted transport seed batch  1072ms

 Test Files  1 passed (1)
      Tests  1 passed (1)
   Start at  02:45:46
   Duration  4.89s (transform 1.39s, setup 8ms, collect 2.08s, tests 1.07s, environment 0ms, prepare 37ms)

JSON report written to /private/tmp/viborm-g4-lane-tmp-6/viborm-raptor3-g0-xuMAJF/vitest.json
Vitest resources: 11.33s wall, 690.4 MiB peak sampled process-group RSS (sampled ceiling 1536 MiB). Teardown verified.
Raptor 3 g1-transport-seed-batch contract gate verified. Evidence: /private/tmp/viborm-g4-lane-tmp-6/viborm-raptor3-g0-xuMAJF

 RUN  v3.1.4 /private/tmp/viborm-g4-lane-6

 ✓ |raptor3| tests/raptor3/transport-campaign.test.ts (1 test) 1241ms
   ✓ completes the exact admitted transport seed batch  1240ms

 Test Files  1 passed (1)
      Tests  1 passed (1)
   Start at  02:45:58
   Duration  5.83s (transform 1.67s, setup 10ms, collect 2.49s, tests 1.24s, environment 0ms, prepare 37ms)

JSON report written to /private/tmp/viborm-g4-lane-tmp-6/viborm-raptor3-g0-TSao50/vitest.json
Vitest resources: 10.52s wall, 677.9 MiB peak sampled process-group RSS (sampled ceiling 1536 MiB). Teardown verified.
Raptor 3 g1-transport-seed-batch contract gate verified. Evidence: /private/tmp/viborm-g4-lane-tmp-6/viborm-raptor3-g0-TSao50

 RUN  v3.1.4 /private/tmp/viborm-g4-lane-6

 ✓ |raptor3| tests/raptor3/transport-campaign.test.ts (1 test) 1089ms
   ✓ completes the exact admitted transport seed batch  1088ms

 Test Files  1 passed (1)
      Tests  1 passed (1)
   Start at  02:46:10
   Duration  6.09s (transform 1.42s, setup 11ms, collect 2.12s, tests 1.09s, environment 0ms, prepare 33ms)

JSON report written to /private/tmp/viborm-g4-lane-tmp-6/viborm-raptor3-g0-Fk0EMN/vitest.json
Vitest resources: 10.68s wall, 676.9 MiB peak sampled process-group RSS (sampled ceiling 1536 MiB). Teardown verified.
Raptor 3 g1-transport-seed-batch contract gate verified. Evidence: /private/tmp/viborm-g4-lane-tmp-6/viborm-raptor3-g0-Fk0EMN

 RUN  v3.1.4 /private/tmp/viborm-g4-lane-6

 ✓ |raptor3| tests/raptor3/transport-campaign.test.ts (1 test) 982ms
   ✓ completes the exact admitted transport seed batch  982ms

 Test Files  1 passed (1)
      Tests  1 passed (1)
   Start at  02:46:27
   Duration  4.89s (transform 1.36s, setup 10ms, collect 2.05s, tests 982ms, environment 0ms, prepare 27ms)

JSON report written to /private/tmp/viborm-g4-lane-tmp-6/viborm-raptor3-g0-SDPkyH/vitest.json
Vitest resources: 12.12s wall, 694.9 MiB peak sampled process-group RSS (sampled ceiling 1536 MiB). Teardown verified.
Raptor 3 g1-transport-seed-batch contract gate verified. Evidence: /private/tmp/viborm-g4-lane-tmp-6/viborm-raptor3-g0-SDPkyH

 RUN  v3.1.4 /private/tmp/viborm-g4-lane-6

 ✓ |raptor3| tests/raptor3/transport-campaign.test.ts (1 test) 880ms
   ✓ completes the exact admitted transport seed batch  879ms

 Test Files  1 passed (1)
      Tests  1 passed (1)
   Start at  02:46:42
   Duration  4.87s (transform 1.58s, setup 11ms, collect 2.37s, tests 880ms, environment 0ms, prepare 44ms)

JSON report written to /private/tmp/viborm-g4-lane-tmp-6/viborm-raptor3-g0-jncxmw/vitest.json
Vitest resources: 11.83s wall, 692.5 MiB peak sampled process-group RSS (sampled ceiling 1536 MiB). Teardown verified.
Raptor 3 g1-transport-seed-batch contract gate verified. Evidence: /private/tmp/viborm-g4-lane-tmp-6/viborm-raptor3-g0-jncxmw
Raptor 3 g1-transport-seeds campaign verified (not the full milestone). Evidence: /private/tmp/viborm-g4-lane-tmp-6/viborm-raptor3-g1-transport-seeds-vIYSFf
