
 RUN  v3.1.4 /private/tmp/viborm-g4-lane-5

 ✓ |raptor3| tests/raptor3/g2-campaign.test.ts (1 test) 3316ms
   ✓ completes the exact admitted SQLite transition seed batch  3314ms

 Test Files  1 passed (1)
      Tests  1 passed (1)
   Start at  13:24:47
   Duration  8.45s (transform 1.56s, setup 9ms, collect 2.32s, tests 3.32s, environment 0ms, prepare 36ms)

JSON report written to /private/tmp/viborm-g4-lane-tmp-5/viborm-raptor3-g0-2wYhUI/vitest.json
Vitest resources: 15.17s wall, 728.8 MiB peak sampled process-group RSS (sampled ceiling 1536 MiB). Teardown verified.
Raptor 3 g2-seed-batch contract gate verified. Evidence: /private/tmp/viborm-g4-lane-tmp-5/viborm-raptor3-g0-2wYhUI

 RUN  v3.1.4 /private/tmp/viborm-g4-lane-5

 ✓ |raptor3| tests/raptor3/g2-campaign.test.ts (1 test) 2912ms
   ✓ completes the exact admitted SQLite transition seed batch  2911ms

 Test Files  1 passed (1)
      Tests  1 passed (1)
   Start at  13:25:07
   Duration  8.79s (transform 1.85s, setup 14ms, collect 2.75s, tests 2.91s, environment 0ms, prepare 53ms)

JSON report written to /private/tmp/viborm-g4-lane-tmp-5/viborm-raptor3-g0-hiAjNp/vitest.json
Vitest resources: 16.77s wall, 726.9 MiB peak sampled process-group RSS (sampled ceiling 1536 MiB). Teardown verified.
Raptor 3 g2-seed-batch contract gate verified. Evidence: /private/tmp/viborm-g4-lane-tmp-5/viborm-raptor3-g0-hiAjNp

 RUN  v3.1.4 /private/tmp/viborm-g4-lane-5

 ✓ |raptor3| tests/raptor3/g2-campaign.test.ts (1 test) 3516ms
   ✓ completes the exact admitted SQLite transition seed batch  3516ms

 Test Files  1 passed (1)
      Tests  1 passed (1)
   Start at  13:25:27
   Duration  11.32s (transform 2.52s, setup 30ms, collect 4.04s, tests 3.52s, environment 0ms, prepare 54ms)

JSON report written to /private/tmp/viborm-g4-lane-tmp-5/viborm-raptor3-g0-dxamnp/vitest.json
Vitest resources: 18.46s wall, 693.7 MiB peak sampled process-group RSS (sampled ceiling 1536 MiB). Teardown verified.
Raptor 3 g2-seed-batch contract gate verified. Evidence: /private/tmp/viborm-g4-lane-tmp-5/viborm-raptor3-g0-dxamnp

 RUN  v3.1.4 /private/tmp/viborm-g4-lane-5

 ✓ |raptor3| tests/raptor3/g2-campaign.test.ts (1 test) 3627ms
   ✓ completes the exact admitted SQLite transition seed batch  3626ms

 Test Files  1 passed (1)
      Tests  1 passed (1)
   Start at  13:25:52
   Duration  11.44s (transform 2.28s, setup 11ms, collect 3.41s, tests 3.63s, environment 0ms, prepare 52ms)

JSON report written to /private/tmp/viborm-g4-lane-tmp-5/viborm-raptor3-g0-I66TSr/vitest.json
Vitest resources: 19.50s wall, 573.3 MiB peak sampled process-group RSS (sampled ceiling 1536 MiB). Teardown verified.
Raptor 3 g2-seed-batch contract gate verified. Evidence: /private/tmp/viborm-g4-lane-tmp-5/viborm-raptor3-g0-I66TSr

 RUN  v3.1.4 /private/tmp/viborm-g4-lane-5

 ✓ |raptor3| tests/raptor3/g2-campaign.test.ts (1 test) 3143ms
   ✓ completes the exact admitted SQLite transition seed batch  3142ms

 Test Files  1 passed (1)
      Tests  1 passed (1)
   Start at  13:26:16
   Duration  11.19s (transform 2.87s, setup 44ms, collect 4.50s, tests 3.14s, environment 0ms, prepare 71ms)

JSON report written to /private/tmp/viborm-g4-lane-tmp-5/viborm-raptor3-g0-B6osVJ/vitest.json
Vitest resources: 20.41s wall, 699.3 MiB peak sampled process-group RSS (sampled ceiling 1536 MiB). Teardown verified.
Raptor 3 g2-seed-batch contract gate verified. Evidence: /private/tmp/viborm-g4-lane-tmp-5/viborm-raptor3-g0-B6osVJ

 RUN  v3.1.4 /private/tmp/viborm-g4-lane-5

 ✓ |raptor3| tests/raptor3/g2-campaign.test.ts (1 test) 2707ms
   ✓ completes the exact admitted SQLite transition seed batch  2707ms

 Test Files  1 passed (1)
      Tests  1 passed (1)
   Start at  13:26:36
   Duration  7.71s (transform 1.74s, setup 9ms, collect 2.60s, tests 2.71s, environment 0ms, prepare 31ms)

JSON report written to /private/tmp/viborm-g4-lane-tmp-5/viborm-raptor3-g0-jzNf5I/vitest.json
Vitest resources: 14.20s wall, 729.4 MiB peak sampled process-group RSS (sampled ceiling 1536 MiB). Teardown verified.
Raptor 3 g2-seed-batch contract gate verified. Evidence: /private/tmp/viborm-g4-lane-tmp-5/viborm-raptor3-g0-jzNf5I

 RUN  v3.1.4 /private/tmp/viborm-g4-lane-5

 ✓ |raptor3| tests/raptor3/g2-campaign.test.ts (1 test) 2374ms
   ✓ completes the exact admitted SQLite transition seed batch  2374ms

 Test Files  1 passed (1)
      Tests  1 passed (1)
   Start at  13:26:53
   Duration  7.98s (transform 1.51s, setup 11ms, collect 2.23s, tests 2.37s, environment 0ms, prepare 34ms)

JSON report written to /private/tmp/viborm-g4-lane-tmp-5/viborm-raptor3-g0-AazjTb/vitest.json
Vitest resources: 14.32s wall, 750.5 MiB peak sampled process-group RSS (sampled ceiling 1536 MiB). Teardown verified.
Raptor 3 g2-seed-batch contract gate verified. Evidence: /private/tmp/viborm-g4-lane-tmp-5/viborm-raptor3-g0-AazjTb

 RUN  v3.1.4 /private/tmp/viborm-g4-lane-5

 ✓ |raptor3| tests/raptor3/g2-campaign.test.ts (1 test) 2593ms
   ✓ completes the exact admitted SQLite transition seed batch  2592ms

 Test Files  1 passed (1)
      Tests  1 passed (1)
   Start at  13:27:12
   Duration  8.48s (transform 1.51s, setup 19ms, collect 2.23s, tests 2.59s, environment 0ms, prepare 39ms)

JSON report written to /private/tmp/viborm-g4-lane-tmp-5/viborm-raptor3-g0-YV3Q9m/vitest.json
Vitest resources: 14.95s wall, 742.7 MiB peak sampled process-group RSS (sampled ceiling 1536 MiB). Teardown verified.
Raptor 3 g2-seed-batch contract gate verified. Evidence: /private/tmp/viborm-g4-lane-tmp-5/viborm-raptor3-g0-YV3Q9m

 RUN  v3.1.4 /private/tmp/viborm-g4-lane-5

 ✓ |raptor3| tests/raptor3/g2-campaign.test.ts (1 test) 2615ms
   ✓ completes the exact admitted SQLite transition seed batch  2615ms

 Test Files  1 passed (1)
      Tests  1 passed (1)
   Start at  13:27:29
   Duration  7.32s (transform 1.53s, setup 11ms, collect 2.26s, tests 2.62s, environment 0ms, prepare 31ms)

JSON report written to /private/tmp/viborm-g4-lane-tmp-5/viborm-raptor3-g0-vVyjGE/vitest.json
Vitest resources: 13.12s wall, 731.5 MiB peak sampled process-group RSS (sampled ceiling 1536 MiB). Teardown verified.
Raptor 3 g2-seed-batch contract gate verified. Evidence: /private/tmp/viborm-g4-lane-tmp-5/viborm-raptor3-g0-vVyjGE

 RUN  v3.1.4 /private/tmp/viborm-g4-lane-5

 ✓ |raptor3| tests/raptor3/g2-campaign.test.ts (1 test) 3512ms
   ✓ completes the exact admitted SQLite transition seed batch  3511ms

 Test Files  1 passed (1)
      Tests  1 passed (1)
   Start at  13:27:48
   Duration  7.90s (transform 1.49s, setup 10ms, collect 2.19s, tests 3.51s, environment 0ms, prepare 37ms)

JSON report written to /private/tmp/viborm-g4-lane-tmp-5/viborm-raptor3-g0-l85oYE/vitest.json
Vitest resources: 16.41s wall, 725.5 MiB peak sampled process-group RSS (sampled ceiling 1536 MiB). Teardown verified.
Raptor 3 g2-seed-batch contract gate verified. Evidence: /private/tmp/viborm-g4-lane-tmp-5/viborm-raptor3-g0-l85oYE

 RUN  v3.1.4 /private/tmp/viborm-g4-lane-5

 ✓ |raptor3| tests/raptor3/g2-campaign.test.ts (1 test) 3719ms
   ✓ completes the exact admitted SQLite transition seed batch  3718ms

 Test Files  1 passed (1)
      Tests  1 passed (1)
   Start at  13:28:06
   Duration  7.81s (transform 1.35s, setup 13ms, collect 1.98s, tests 3.72s, environment 0ms, prepare 31ms)

JSON report written to /private/tmp/viborm-g4-lane-tmp-5/viborm-raptor3-g0-kAPuYP/vitest.json
Vitest resources: 15.23s wall, 734.5 MiB peak sampled process-group RSS (sampled ceiling 1536 MiB). Teardown verified.
Raptor 3 g2-seed-batch contract gate verified. Evidence: /private/tmp/viborm-g4-lane-tmp-5/viborm-raptor3-g0-kAPuYP

 RUN  v3.1.4 /private/tmp/viborm-g4-lane-5

 ✓ |raptor3| tests/raptor3/g2-campaign.test.ts (1 test) 4204ms
   ✓ completes the exact admitted SQLite transition seed batch  4203ms

 Test Files  1 passed (1)
      Tests  1 passed (1)
   Start at  13:28:26
   Duration  8.78s (transform 1.56s, setup 9ms, collect 2.27s, tests 4.20s, environment 0ms, prepare 37ms)

JSON report written to /private/tmp/viborm-g4-lane-tmp-5/viborm-raptor3-g0-dPyJRR/vitest.json
Vitest resources: 15.91s wall, 734.0 MiB peak sampled process-group RSS (sampled ceiling 1536 MiB). Teardown verified.
Raptor 3 g2-seed-batch contract gate verified. Evidence: /private/tmp/viborm-g4-lane-tmp-5/viborm-raptor3-g0-dPyJRR

 RUN  v3.1.4 /private/tmp/viborm-g4-lane-5

 ✓ |raptor3| tests/raptor3/g2-campaign.test.ts (1 test) 4127ms
   ✓ completes the exact admitted SQLite transition seed batch  4126ms

 Test Files  1 passed (1)
      Tests  1 passed (1)
   Start at  13:28:45
   Duration  9.86s (transform 2.27s, setup 10ms, collect 3.48s, tests 4.13s, environment 0ms, prepare 39ms)

JSON report written to /private/tmp/viborm-g4-lane-tmp-5/viborm-raptor3-g0-4JzRAf/vitest.json
Vitest resources: 17.03s wall, 672.9 MiB peak sampled process-group RSS (sampled ceiling 1536 MiB). Teardown verified.
Raptor 3 g2-seed-batch contract gate verified. Evidence: /private/tmp/viborm-g4-lane-tmp-5/viborm-raptor3-g0-4JzRAf

 RUN  v3.1.4 /private/tmp/viborm-g4-lane-5

 ✓ |raptor3| tests/raptor3/g2-campaign.test.ts (1 test) 3343ms
   ✓ completes the exact admitted SQLite transition seed batch  3342ms

 Test Files  1 passed (1)
      Tests  1 passed (1)
   Start at  13:29:06
   Duration  9.14s (transform 2.32s, setup 13ms, collect 3.40s, tests 3.34s, environment 0ms, prepare 43ms)

JSON report written to /private/tmp/viborm-g4-lane-tmp-5/viborm-raptor3-g0-hK0eCe/vitest.json
Vitest resources: 16.84s wall, 733.4 MiB peak sampled process-group RSS (sampled ceiling 1536 MiB). Teardown verified.
Raptor 3 g2-seed-batch contract gate verified. Evidence: /private/tmp/viborm-g4-lane-tmp-5/viborm-raptor3-g0-hK0eCe

 RUN  v3.1.4 /private/tmp/viborm-g4-lane-5

 ✓ |raptor3| tests/raptor3/g2-campaign.test.ts (1 test) 2811ms
   ✓ completes the exact admitted SQLite transition seed batch  2810ms

 Test Files  1 passed (1)
      Tests  1 passed (1)
   Start at  13:29:25
   Duration  8.73s (transform 2.20s, setup 13ms, collect 3.40s, tests 2.81s, environment 0ms, prepare 45ms)

JSON report written to /private/tmp/viborm-g4-lane-tmp-5/viborm-raptor3-g0-daDPp8/vitest.json
Vitest resources: 14.84s wall, 730.8 MiB peak sampled process-group RSS (sampled ceiling 1536 MiB). Teardown verified.
Raptor 3 g2-seed-batch contract gate verified. Evidence: /private/tmp/viborm-g4-lane-tmp-5/viborm-raptor3-g0-daDPp8

 RUN  v3.1.4 /private/tmp/viborm-g4-lane-5

 ✓ |raptor3| tests/raptor3/g2-campaign.test.ts (1 test) 3288ms
   ✓ completes the exact admitted SQLite transition seed batch  3287ms

 Test Files  1 passed (1)
      Tests  1 passed (1)
   Start at  13:29:44
   Duration  8.85s (transform 1.83s, setup 11ms, collect 2.71s, tests 3.29s, environment 0ms, prepare 39ms)

JSON report written to /private/tmp/viborm-g4-lane-tmp-5/viborm-raptor3-g0-QGJtGE/vitest.json
Vitest resources: 15.66s wall, 775.7 MiB peak sampled process-group RSS (sampled ceiling 1536 MiB). Teardown verified.
Raptor 3 g2-seed-batch contract gate verified. Evidence: /private/tmp/viborm-g4-lane-tmp-5/viborm-raptor3-g0-QGJtGE

 RUN  v3.1.4 /private/tmp/viborm-g4-lane-5

 ✓ |raptor3| tests/raptor3/g2-campaign.test.ts (1 test) 2745ms
   ✓ completes the exact admitted SQLite transition seed batch  2744ms

 Test Files  1 passed (1)
      Tests  1 passed (1)
   Start at  13:30:01
   Duration  7.61s (transform 1.63s, setup 15ms, collect 2.38s, tests 2.75s, environment 0ms, prepare 47ms)

JSON report written to /private/tmp/viborm-g4-lane-tmp-5/viborm-raptor3-g0-rxRVff/vitest.json
Vitest resources: 12.72s wall, 747.2 MiB peak sampled process-group RSS (sampled ceiling 1536 MiB). Teardown verified.
Raptor 3 g2-seed-batch contract gate verified. Evidence: /private/tmp/viborm-g4-lane-tmp-5/viborm-raptor3-g0-rxRVff

 RUN  v3.1.4 /private/tmp/viborm-g4-lane-5

 ✓ |raptor3| tests/raptor3/g2-campaign.test.ts (1 test) 2728ms
   ✓ completes the exact admitted SQLite transition seed batch  2727ms

 Test Files  1 passed (1)
      Tests  1 passed (1)
   Start at  13:30:15
   Duration  7.56s (transform 1.54s, setup 10ms, collect 2.28s, tests 2.73s, environment 0ms, prepare 64ms)

JSON report written to /private/tmp/viborm-g4-lane-tmp-5/viborm-raptor3-g0-s32Mdv/vitest.json
Vitest resources: 11.99s wall, 722.9 MiB peak sampled process-group RSS (sampled ceiling 1536 MiB). Teardown verified.
Raptor 3 g2-seed-batch contract gate verified. Evidence: /private/tmp/viborm-g4-lane-tmp-5/viborm-raptor3-g0-s32Mdv

 RUN  v3.1.4 /private/tmp/viborm-g4-lane-5

 ✓ |raptor3| tests/raptor3/g2-campaign.test.ts (1 test) 2891ms
   ✓ completes the exact admitted SQLite transition seed batch  2890ms

 Test Files  1 passed (1)
      Tests  1 passed (1)
   Start at  13:30:30
   Duration  7.50s (transform 1.56s, setup 15ms, collect 2.29s, tests 2.89s, environment 0ms, prepare 44ms)

JSON report written to /private/tmp/viborm-g4-lane-tmp-5/viborm-raptor3-g0-WkgFGX/vitest.json
Vitest resources: 12.00s wall, 703.8 MiB peak sampled process-group RSS (sampled ceiling 1536 MiB). Teardown verified.
Raptor 3 g2-seed-batch contract gate verified. Evidence: /private/tmp/viborm-g4-lane-tmp-5/viborm-raptor3-g0-WkgFGX

 RUN  v3.1.4 /private/tmp/viborm-g4-lane-5

 ✓ |raptor3| tests/raptor3/g2-campaign.test.ts (1 test) 2510ms
   ✓ completes the exact admitted SQLite transition seed batch  2509ms

 Test Files  1 passed (1)
      Tests  1 passed (1)
   Start at  13:30:44
   Duration  6.41s (transform 1.40s, setup 10ms, collect 2.05s, tests 2.51s, environment 0ms, prepare 38ms)

JSON report written to /private/tmp/viborm-g4-lane-tmp-5/viborm-raptor3-g0-6T4GJW/vitest.json
Vitest resources: 11.90s wall, 734.5 MiB peak sampled process-group RSS (sampled ceiling 1536 MiB). Teardown verified.
Raptor 3 g2-seed-batch contract gate verified. Evidence: /private/tmp/viborm-g4-lane-tmp-5/viborm-raptor3-g0-6T4GJW

 RUN  v3.1.4 /private/tmp/viborm-g4-lane-5

 ✓ |raptor3| tests/raptor3/g2-campaign.test.ts (1 test) 2519ms
   ✓ completes the exact admitted SQLite transition seed batch  2519ms

 Test Files  1 passed (1)
      Tests  1 passed (1)
   Start at  13:30:58
   Duration  6.98s (transform 1.39s, setup 9ms, collect 2.03s, tests 2.52s, environment 0ms, prepare 31ms)

JSON report written to /private/tmp/viborm-g4-lane-tmp-5/viborm-raptor3-g0-Rhi7Xj/vitest.json
Vitest resources: 12.06s wall, 768.5 MiB peak sampled process-group RSS (sampled ceiling 1536 MiB). Teardown verified.
Raptor 3 g2-seed-batch contract gate verified. Evidence: /private/tmp/viborm-g4-lane-tmp-5/viborm-raptor3-g0-Rhi7Xj

 RUN  v3.1.4 /private/tmp/viborm-g4-lane-5

 ✓ |raptor3| tests/raptor3/g2-campaign.test.ts (1 test) 2613ms
   ✓ completes the exact admitted SQLite transition seed batch  2612ms

 Test Files  1 passed (1)
      Tests  1 passed (1)
   Start at  13:31:12
   Duration  7.13s (transform 1.50s, setup 11ms, collect 2.20s, tests 2.61s, environment 0ms, prepare 32ms)

JSON report written to /private/tmp/viborm-g4-lane-tmp-5/viborm-raptor3-g0-r9exiC/vitest.json
Vitest resources: 12.14s wall, 751.8 MiB peak sampled process-group RSS (sampled ceiling 1536 MiB). Teardown verified.
Raptor 3 g2-seed-batch contract gate verified. Evidence: /private/tmp/viborm-g4-lane-tmp-5/viborm-raptor3-g0-r9exiC

 RUN  v3.1.4 /private/tmp/viborm-g4-lane-5

 ✓ |raptor3| tests/raptor3/g2-campaign.test.ts (1 test) 2906ms
   ✓ completes the exact admitted SQLite transition seed batch  2906ms

 Test Files  1 passed (1)
      Tests  1 passed (1)
   Start at  13:31:27
   Duration  7.09s (transform 1.56s, setup 12ms, collect 2.32s, tests 2.91s, environment 0ms, prepare 42ms)

JSON report written to /private/tmp/viborm-g4-lane-tmp-5/viborm-raptor3-g0-Xzz70h/vitest.json
Vitest resources: 12.55s wall, 596.7 MiB peak sampled process-group RSS (sampled ceiling 1536 MiB). Teardown verified.
Raptor 3 g2-seed-batch contract gate verified. Evidence: /private/tmp/viborm-g4-lane-tmp-5/viborm-raptor3-g0-Xzz70h

 RUN  v3.1.4 /private/tmp/viborm-g4-lane-5

 ✓ |raptor3| tests/raptor3/g2-campaign.test.ts (1 test) 2544ms
   ✓ completes the exact admitted SQLite transition seed batch  2544ms

 Test Files  1 passed (1)
      Tests  1 passed (1)
   Start at  13:31:41
   Duration  6.25s (transform 1.40s, setup 10ms, collect 2.04s, tests 2.54s, environment 0ms, prepare 34ms)

JSON report written to /private/tmp/viborm-g4-lane-tmp-5/viborm-raptor3-g0-uMOj2g/vitest.json
Vitest resources: 11.92s wall, 739.2 MiB peak sampled process-group RSS (sampled ceiling 1536 MiB). Teardown verified.
Raptor 3 g2-seed-batch contract gate verified. Evidence: /private/tmp/viborm-g4-lane-tmp-5/viborm-raptor3-g0-uMOj2g

 RUN  v3.1.4 /private/tmp/viborm-g4-lane-5

 ✓ |raptor3| tests/raptor3/g2-campaign.test.ts (1 test) 2438ms
   ✓ completes the exact admitted SQLite transition seed batch  2438ms

 Test Files  1 passed (1)
      Tests  1 passed (1)
   Start at  13:31:54
   Duration  6.32s (transform 1.41s, setup 13ms, collect 2.06s, tests 2.44s, environment 0ms, prepare 29ms)

JSON report written to /private/tmp/viborm-g4-lane-tmp-5/viborm-raptor3-g0-yKsaPd/vitest.json
Vitest resources: 11.19s wall, 748.3 MiB peak sampled process-group RSS (sampled ceiling 1536 MiB). Teardown verified.
Raptor 3 g2-seed-batch contract gate verified. Evidence: /private/tmp/viborm-g4-lane-tmp-5/viborm-raptor3-g0-yKsaPd

 RUN  v3.1.4 /private/tmp/viborm-g4-lane-5

 ✓ |raptor3| tests/raptor3/g2-campaign.test.ts (1 test) 2453ms
   ✓ completes the exact admitted SQLite transition seed batch  2452ms

 Test Files  1 passed (1)
      Tests  1 passed (1)
   Start at  13:32:08
   Duration  6.46s (transform 1.50s, setup 9ms, collect 2.24s, tests 2.45s, environment 0ms, prepare 29ms)

JSON report written to /private/tmp/viborm-g4-lane-tmp-5/viborm-raptor3-g0-vOsp12/vitest.json
Vitest resources: 11.54s wall, 759.9 MiB peak sampled process-group RSS (sampled ceiling 1536 MiB). Teardown verified.
Raptor 3 g2-seed-batch contract gate verified. Evidence: /private/tmp/viborm-g4-lane-tmp-5/viborm-raptor3-g0-vOsp12

 RUN  v3.1.4 /private/tmp/viborm-g4-lane-5

 ✓ |raptor3| tests/raptor3/g2-campaign.test.ts (1 test) 2467ms
   ✓ completes the exact admitted SQLite transition seed batch  2466ms

 Test Files  1 passed (1)
      Tests  1 passed (1)
   Start at  13:32:22
   Duration  6.30s (transform 1.39s, setup 16ms, collect 2.03s, tests 2.47s, environment 0ms, prepare 30ms)

JSON report written to /private/tmp/viborm-g4-lane-tmp-5/viborm-raptor3-g0-4XRZd5/vitest.json
Vitest resources: 11.20s wall, 735.3 MiB peak sampled process-group RSS (sampled ceiling 1536 MiB). Teardown verified.
Raptor 3 g2-seed-batch contract gate verified. Evidence: /private/tmp/viborm-g4-lane-tmp-5/viborm-raptor3-g0-4XRZd5

 RUN  v3.1.4 /private/tmp/viborm-g4-lane-5

 ✓ |raptor3| tests/raptor3/g2-campaign.test.ts (1 test) 2342ms
   ✓ completes the exact admitted SQLite transition seed batch  2341ms

 Test Files  1 passed (1)
      Tests  1 passed (1)
   Start at  13:32:34
   Duration  6.03s (transform 1.19s, setup 9ms, collect 1.71s, tests 2.34s, environment 0ms, prepare 28ms)

JSON report written to /private/tmp/viborm-g4-lane-tmp-5/viborm-raptor3-g0-qzJ6eP/vitest.json
Vitest resources: 9.78s wall, 751.7 MiB peak sampled process-group RSS (sampled ceiling 1536 MiB). Teardown verified.
Raptor 3 g2-seed-batch contract gate verified. Evidence: /private/tmp/viborm-g4-lane-tmp-5/viborm-raptor3-g0-qzJ6eP

 RUN  v3.1.4 /private/tmp/viborm-g4-lane-5

 ✓ |raptor3| tests/raptor3/g2-campaign.test.ts (1 test) 4343ms
   ✓ completes the exact admitted SQLite transition seed batch  4342ms

 Test Files  1 passed (1)
      Tests  1 passed (1)
   Start at  13:32:48
   Duration  10.74s (transform 2.77s, setup 16ms, collect 4.25s, tests 4.34s, environment 0ms, prepare 38ms)

JSON report written to /private/tmp/viborm-g4-lane-tmp-5/viborm-raptor3-g0-TbC8uJ/vitest.json
Vitest resources: 16.42s wall, 760.0 MiB peak sampled process-group RSS (sampled ceiling 1536 MiB). Teardown verified.
Raptor 3 g2-seed-batch contract gate verified. Evidence: /private/tmp/viborm-g4-lane-tmp-5/viborm-raptor3-g0-TbC8uJ

 RUN  v3.1.4 /private/tmp/viborm-g4-lane-5

 ✓ |raptor3| tests/raptor3/g2-campaign.test.ts (1 test) 2396ms
   ✓ completes the exact admitted SQLite transition seed batch  2396ms

 Test Files  1 passed (1)
      Tests  1 passed (1)
   Start at  13:33:06
   Duration  5.82s (transform 1.29s, setup 9ms, collect 1.88s, tests 2.40s, environment 0ms, prepare 28ms)

JSON report written to /private/tmp/viborm-g4-lane-tmp-5/viborm-raptor3-g0-V5r89i/vitest.json
Vitest resources: 10.55s wall, 739.8 MiB peak sampled process-group RSS (sampled ceiling 1536 MiB). Teardown verified.
Raptor 3 g2-seed-batch contract gate verified. Evidence: /private/tmp/viborm-g4-lane-tmp-5/viborm-raptor3-g0-V5r89i

 RUN  v3.1.4 /private/tmp/viborm-g4-lane-5

 ✓ |raptor3| tests/raptor3/g2-campaign.test.ts (1 test) 2704ms
   ✓ completes the exact admitted SQLite transition seed batch  2703ms

 Test Files  1 passed (1)
      Tests  1 passed (1)
   Start at  13:33:18
   Duration  7.18s (transform 1.63s, setup 9ms, collect 2.49s, tests 2.70s, environment 0ms, prepare 27ms)

JSON report written to /private/tmp/viborm-g4-lane-tmp-5/viborm-raptor3-g0-TrRR9t/vitest.json
Vitest resources: 12.23s wall, 750.1 MiB peak sampled process-group RSS (sampled ceiling 1536 MiB). Teardown verified.
Raptor 3 g2-seed-batch contract gate verified. Evidence: /private/tmp/viborm-g4-lane-tmp-5/viborm-raptor3-g0-TrRR9t

 RUN  v3.1.4 /private/tmp/viborm-g4-lane-5

 ✓ |raptor3| tests/raptor3/g2-campaign.test.ts (1 test) 2222ms
   ✓ completes the exact admitted SQLite transition seed batch  2222ms

 Test Files  1 passed (1)
      Tests  1 passed (1)
   Start at  13:33:32
   Duration  5.62s (transform 1.26s, setup 8ms, collect 1.83s, tests 2.22s, environment 0ms, prepare 26ms)

JSON report written to /private/tmp/viborm-g4-lane-tmp-5/viborm-raptor3-g0-p2NHff/vitest.json
Vitest resources: 9.92s wall, 725.1 MiB peak sampled process-group RSS (sampled ceiling 1536 MiB). Teardown verified.
Raptor 3 g2-seed-batch contract gate verified. Evidence: /private/tmp/viborm-g4-lane-tmp-5/viborm-raptor3-g0-p2NHff

 RUN  v3.1.4 /private/tmp/viborm-g4-lane-5

 ✓ |raptor3| tests/raptor3/g2-campaign.test.ts (1 test) 2147ms
   ✓ completes the exact admitted SQLite transition seed batch  2146ms

 Test Files  1 passed (1)
      Tests  1 passed (1)
   Start at  13:33:45
   Duration  5.55s (transform 1.28s, setup 8ms, collect 1.86s, tests 2.15s, environment 0ms, prepare 26ms)

JSON report written to /private/tmp/viborm-g4-lane-tmp-5/viborm-raptor3-g0-tPGZuJ/vitest.json
Vitest resources: 10.16s wall, 745.1 MiB peak sampled process-group RSS (sampled ceiling 1536 MiB). Teardown verified.
Raptor 3 g2-seed-batch contract gate verified. Evidence: /private/tmp/viborm-g4-lane-tmp-5/viborm-raptor3-g0-tPGZuJ

 RUN  v3.1.4 /private/tmp/viborm-g4-lane-5

 ✓ |raptor3| tests/raptor3/g2-campaign.test.ts (1 test) 2526ms
   ✓ completes the exact admitted SQLite transition seed batch  2526ms

 Test Files  1 passed (1)
      Tests  1 passed (1)
   Start at  13:33:57
   Duration  8.13s (transform 1.58s, setup 19ms, collect 2.31s, tests 2.53s, environment 0ms, prepare 45ms)

JSON report written to /private/tmp/viborm-g4-lane-tmp-5/viborm-raptor3-g0-PSBcKy/vitest.json
Vitest resources: 13.00s wall, 692.3 MiB peak sampled process-group RSS (sampled ceiling 1536 MiB). Teardown verified.
Raptor 3 g2-seed-batch contract gate verified. Evidence: /private/tmp/viborm-g4-lane-tmp-5/viborm-raptor3-g0-PSBcKy

 RUN  v3.1.4 /private/tmp/viborm-g4-lane-5

 ✓ |raptor3| tests/raptor3/g2-campaign.test.ts (1 test) 2799ms
   ✓ completes the exact admitted SQLite transition seed batch  2798ms

 Test Files  1 passed (1)
      Tests  1 passed (1)
   Start at  13:34:12
   Duration  8.19s (transform 2.05s, setup 17ms, collect 3.26s, tests 2.80s, environment 0ms, prepare 30ms)

JSON report written to /private/tmp/viborm-g4-lane-tmp-5/viborm-raptor3-g0-ml5mve/vitest.json
Vitest resources: 12.90s wall, 738.3 MiB peak sampled process-group RSS (sampled ceiling 1536 MiB). Teardown verified.
Raptor 3 g2-seed-batch contract gate verified. Evidence: /private/tmp/viborm-g4-lane-tmp-5/viborm-raptor3-g0-ml5mve

 RUN  v3.1.4 /private/tmp/viborm-g4-lane-5

 ✓ |raptor3| tests/raptor3/g2-campaign.test.ts (1 test) 2584ms
   ✓ completes the exact admitted SQLite transition seed batch  2583ms

 Test Files  1 passed (1)
      Tests  1 passed (1)
   Start at  13:34:27
   Duration  6.43s (transform 1.38s, setup 8ms, collect 2.05s, tests 2.58s, environment 0ms, prepare 26ms)

JSON report written to /private/tmp/viborm-g4-lane-tmp-5/viborm-raptor3-g0-MZIKyk/vitest.json
Vitest resources: 10.42s wall, 734.7 MiB peak sampled process-group RSS (sampled ceiling 1536 MiB). Teardown verified.
Raptor 3 g2-seed-batch contract gate verified. Evidence: /private/tmp/viborm-g4-lane-tmp-5/viborm-raptor3-g0-MZIKyk

 RUN  v3.1.4 /private/tmp/viborm-g4-lane-5

 ✓ |raptor3| tests/raptor3/g2-campaign.test.ts (1 test) 2456ms
   ✓ completes the exact admitted SQLite transition seed batch  2456ms

 Test Files  1 passed (1)
      Tests  1 passed (1)
   Start at  13:34:40
   Duration  5.85s (transform 1.36s, setup 8ms, collect 1.99s, tests 2.46s, environment 0ms, prepare 27ms)

JSON report written to /private/tmp/viborm-g4-lane-tmp-5/viborm-raptor3-g0-SOGBQB/vitest.json
Vitest resources: 10.56s wall, 737.4 MiB peak sampled process-group RSS (sampled ceiling 1536 MiB). Teardown verified.
Raptor 3 g2-seed-batch contract gate verified. Evidence: /private/tmp/viborm-g4-lane-tmp-5/viborm-raptor3-g0-SOGBQB

 RUN  v3.1.4 /private/tmp/viborm-g4-lane-5

 ✓ |raptor3| tests/raptor3/g2-campaign.test.ts (1 test) 2417ms
   ✓ completes the exact admitted SQLite transition seed batch  2416ms

 Test Files  1 passed (1)
      Tests  1 passed (1)
   Start at  13:34:51
   Duration  6.27s (transform 1.39s, setup 9ms, collect 2.05s, tests 2.42s, environment 0ms, prepare 28ms)

JSON report written to /private/tmp/viborm-g4-lane-tmp-5/viborm-raptor3-g0-A8KvEI/vitest.json
Vitest resources: 10.36s wall, 729.2 MiB peak sampled process-group RSS (sampled ceiling 1536 MiB). Teardown verified.
Raptor 3 g2-seed-batch contract gate verified. Evidence: /private/tmp/viborm-g4-lane-tmp-5/viborm-raptor3-g0-A8KvEI

 RUN  v3.1.4 /private/tmp/viborm-g4-lane-5

 ✓ |raptor3| tests/raptor3/g2-campaign.test.ts (1 test) 2629ms
   ✓ completes the exact admitted SQLite transition seed batch  2628ms

 Test Files  1 passed (1)
      Tests  1 passed (1)
   Start at  13:35:03
   Duration  6.35s (transform 1.39s, setup 8ms, collect 2.03s, tests 2.63s, environment 0ms, prepare 25ms)

JSON report written to /private/tmp/viborm-g4-lane-tmp-5/viborm-raptor3-g0-aXWiXv/vitest.json
Vitest resources: 10.20s wall, 735.5 MiB peak sampled process-group RSS (sampled ceiling 1536 MiB). Teardown verified.
Raptor 3 g2-seed-batch contract gate verified. Evidence: /private/tmp/viborm-g4-lane-tmp-5/viborm-raptor3-g0-aXWiXv

 RUN  v3.1.4 /private/tmp/viborm-g4-lane-5

 ✓ |raptor3| tests/raptor3/g2-campaign.test.ts (1 test) 2201ms
   ✓ completes the exact admitted SQLite transition seed batch  2200ms

 Test Files  1 passed (1)
      Tests  1 passed (1)
   Start at  13:35:16
   Duration  5.68s (transform 1.37s, setup 8ms, collect 2.00s, tests 2.20s, environment 0ms, prepare 26ms)

JSON report written to /private/tmp/viborm-g4-lane-tmp-5/viborm-raptor3-g0-ab8JNa/vitest.json
Vitest resources: 10.38s wall, 729.5 MiB peak sampled process-group RSS (sampled ceiling 1536 MiB). Teardown verified.
Raptor 3 g2-seed-batch contract gate verified. Evidence: /private/tmp/viborm-g4-lane-tmp-5/viborm-raptor3-g0-ab8JNa

 RUN  v3.1.4 /private/tmp/viborm-g4-lane-5

 ✓ |raptor3| tests/raptor3/g2-campaign.test.ts (1 test) 2336ms
   ✓ completes the exact admitted SQLite transition seed batch  2335ms

 Test Files  1 passed (1)
      Tests  1 passed (1)
   Start at  13:35:30
   Duration  5.96s (transform 1.30s, setup 9ms, collect 1.89s, tests 2.34s, environment 0ms, prepare 29ms)

JSON report written to /private/tmp/viborm-g4-lane-tmp-5/viborm-raptor3-g0-Mwo10r/vitest.json
Vitest resources: 11.48s wall, 742.0 MiB peak sampled process-group RSS (sampled ceiling 1536 MiB). Teardown verified.
Raptor 3 g2-seed-batch contract gate verified. Evidence: /private/tmp/viborm-g4-lane-tmp-5/viborm-raptor3-g0-Mwo10r

 RUN  v3.1.4 /private/tmp/viborm-g4-lane-5

 ✓ |raptor3| tests/raptor3/g2-campaign.test.ts (1 test) 2184ms
   ✓ completes the exact admitted SQLite transition seed batch  2183ms

 Test Files  1 passed (1)
      Tests  1 passed (1)
   Start at  13:35:43
   Duration  5.85s (transform 1.34s, setup 10ms, collect 1.98s, tests 2.18s, environment 0ms, prepare 27ms)

JSON report written to /private/tmp/viborm-g4-lane-tmp-5/viborm-raptor3-g0-j11cJE/vitest.json
Vitest resources: 10.76s wall, 749.6 MiB peak sampled process-group RSS (sampled ceiling 1536 MiB). Teardown verified.
Raptor 3 g2-seed-batch contract gate verified. Evidence: /private/tmp/viborm-g4-lane-tmp-5/viborm-raptor3-g0-j11cJE

 RUN  v3.1.4 /private/tmp/viborm-g4-lane-5

 ✓ |raptor3| tests/raptor3/g2-campaign.test.ts (1 test) 2329ms
   ✓ completes the exact admitted SQLite transition seed batch  2328ms

 Test Files  1 passed (1)
      Tests  1 passed (1)
   Start at  13:35:56
   Duration  6.13s (transform 1.45s, setup 10ms, collect 2.15s, tests 2.33s, environment 0ms, prepare 28ms)

JSON report written to /private/tmp/viborm-g4-lane-tmp-5/viborm-raptor3-g0-s5Kpgg/vitest.json
Vitest resources: 11.18s wall, 726.1 MiB peak sampled process-group RSS (sampled ceiling 1536 MiB). Teardown verified.
Raptor 3 g2-seed-batch contract gate verified. Evidence: /private/tmp/viborm-g4-lane-tmp-5/viborm-raptor3-g0-s5Kpgg

 RUN  v3.1.4 /private/tmp/viborm-g4-lane-5

 ✓ |raptor3| tests/raptor3/g2-campaign.test.ts (1 test) 2367ms
   ✓ completes the exact admitted SQLite transition seed batch  2367ms

 Test Files  1 passed (1)
      Tests  1 passed (1)
   Start at  13:36:09
   Duration  5.80s (transform 1.26s, setup 10ms, collect 1.87s, tests 2.37s, environment 0ms, prepare 28ms)

JSON report written to /private/tmp/viborm-g4-lane-tmp-5/viborm-raptor3-g0-Wvv5pX/vitest.json
Vitest resources: 10.40s wall, 731.8 MiB peak sampled process-group RSS (sampled ceiling 1536 MiB). Teardown verified.
Raptor 3 g2-seed-batch contract gate verified. Evidence: /private/tmp/viborm-g4-lane-tmp-5/viborm-raptor3-g0-Wvv5pX

 RUN  v3.1.4 /private/tmp/viborm-g4-lane-5

 ✓ |raptor3| tests/raptor3/g2-campaign.test.ts (1 test) 2322ms
   ✓ completes the exact admitted SQLite transition seed batch  2321ms

 Test Files  1 passed (1)
      Tests  1 passed (1)
   Start at  13:36:22
   Duration  5.81s (transform 1.26s, setup 8ms, collect 1.88s, tests 2.32s, environment 0ms, prepare 27ms)

JSON report written to /private/tmp/viborm-g4-lane-tmp-5/viborm-raptor3-g0-2vgjxf/vitest.json
Vitest resources: 10.10s wall, 722.9 MiB peak sampled process-group RSS (sampled ceiling 1536 MiB). Teardown verified.
Raptor 3 g2-seed-batch contract gate verified. Evidence: /private/tmp/viborm-g4-lane-tmp-5/viborm-raptor3-g0-2vgjxf

 RUN  v3.1.4 /private/tmp/viborm-g4-lane-5

 ✓ |raptor3| tests/raptor3/g2-campaign.test.ts (1 test) 2632ms
   ✓ completes the exact admitted SQLite transition seed batch  2631ms

 Test Files  1 passed (1)
      Tests  1 passed (1)
   Start at  13:36:35
   Duration  5.78s (transform 1.23s, setup 9ms, collect 1.77s, tests 2.63s, environment 0ms, prepare 27ms)

JSON report written to /private/tmp/viborm-g4-lane-tmp-5/viborm-raptor3-g0-PcJsrP/vitest.json
Vitest resources: 10.73s wall, 752.1 MiB peak sampled process-group RSS (sampled ceiling 1536 MiB). Teardown verified.
Raptor 3 g2-seed-batch contract gate verified. Evidence: /private/tmp/viborm-g4-lane-tmp-5/viborm-raptor3-g0-PcJsrP

 RUN  v3.1.4 /private/tmp/viborm-g4-lane-5

 ✓ |raptor3| tests/raptor3/g2-campaign.test.ts (1 test) 2349ms
   ✓ completes the exact admitted SQLite transition seed batch  2348ms

 Test Files  1 passed (1)
      Tests  1 passed (1)
   Start at  13:36:47
   Duration  5.98s (transform 1.36s, setup 11ms, collect 1.99s, tests 2.35s, environment 0ms, prepare 33ms)

JSON report written to /private/tmp/viborm-g4-lane-tmp-5/viborm-raptor3-g0-KByraf/vitest.json
Vitest resources: 10.38s wall, 729.5 MiB peak sampled process-group RSS (sampled ceiling 1536 MiB). Teardown verified.
Raptor 3 g2-seed-batch contract gate verified. Evidence: /private/tmp/viborm-g4-lane-tmp-5/viborm-raptor3-g0-KByraf

 RUN  v3.1.4 /private/tmp/viborm-g4-lane-5

 ✓ |raptor3| tests/raptor3/g2-campaign.test.ts (1 test) 2592ms
   ✓ completes the exact admitted SQLite transition seed batch  2591ms

 Test Files  1 passed (1)
      Tests  1 passed (1)
   Start at  13:37:00
   Duration  6.36s (transform 1.40s, setup 11ms, collect 2.04s, tests 2.59s, environment 0ms, prepare 30ms)

JSON report written to /private/tmp/viborm-g4-lane-tmp-5/viborm-raptor3-g0-Ek8pGS/vitest.json
Vitest resources: 10.88s wall, 755.3 MiB peak sampled process-group RSS (sampled ceiling 1536 MiB). Teardown verified.
Raptor 3 g2-seed-batch contract gate verified. Evidence: /private/tmp/viborm-g4-lane-tmp-5/viborm-raptor3-g0-Ek8pGS

 RUN  v3.1.4 /private/tmp/viborm-g4-lane-5

 ✓ |raptor3| tests/raptor3/g2-campaign.test.ts (1 test) 2414ms
   ✓ completes the exact admitted SQLite transition seed batch  2413ms

 Test Files  1 passed (1)
      Tests  1 passed (1)
   Start at  13:37:13
   Duration  6.69s (transform 1.46s, setup 17ms, collect 2.13s, tests 2.41s, environment 0ms, prepare 34ms)

JSON report written to /private/tmp/viborm-g4-lane-tmp-5/viborm-raptor3-g0-4q0Kq6/vitest.json
Vitest resources: 10.58s wall, 739.0 MiB peak sampled process-group RSS (sampled ceiling 1536 MiB). Teardown verified.
Raptor 3 g2-seed-batch contract gate verified. Evidence: /private/tmp/viborm-g4-lane-tmp-5/viborm-raptor3-g0-4q0Kq6

 RUN  v3.1.4 /private/tmp/viborm-g4-lane-5

 ✓ |raptor3| tests/raptor3/g2-campaign.test.ts (1 test) 2632ms
   ✓ completes the exact admitted SQLite transition seed batch  2632ms

 Test Files  1 passed (1)
      Tests  1 passed (1)
   Start at  13:37:26
   Duration  7.07s (transform 1.57s, setup 9ms, collect 2.32s, tests 2.63s, environment 0ms, prepare 31ms)

JSON report written to /private/tmp/viborm-g4-lane-tmp-5/viborm-raptor3-g0-vwmEsE/vitest.json
Vitest resources: 11.38s wall, 745.7 MiB peak sampled process-group RSS (sampled ceiling 1536 MiB). Teardown verified.
Raptor 3 g2-seed-batch contract gate verified. Evidence: /private/tmp/viborm-g4-lane-tmp-5/viborm-raptor3-g0-vwmEsE
Raptor 3 g2-seeds campaign verified (not the full milestone). Evidence: /private/tmp/viborm-g4-lane-tmp-5/viborm-raptor3-g2-seeds-Ukieuj
