
 RUN  v3.1.4 /Users/arnaud/code/viborm

 ✓ |raptor3| tests/raptor3/transitions/conditional-upsert-commands.test.ts (11 tests) 348ms
 ✓ |raptor3| tests/raptor3/transitions/singular-lattice-commands.test.ts (58 tests) 601ms
 ✓ |raptor3| tests/raptor3/transitions/shared-key-suppliers-commands.test.ts (4 tests) 109ms
 ✓ |raptor3| tests/raptor3/transitions/junction-identity-commands.test.ts (2 tests) 242ms
 ✓ |raptor3| tests/raptor3/transitions/series-staleness-commands.test.ts (4 tests) 170ms
 ✓ |raptor3| tests/raptor3/transitions/mixed-key-transitions-commands.test.ts (8 tests) 227ms
 ✓ |raptor3| tests/raptor3/transitions/supplier-continuations-commands.test.ts (10 tests) 217ms
 ✓ |raptor3| tests/raptor3/transitions/membership-own-write-commands.test.ts (8 tests) 165ms
 ✓ |raptor3| tests/raptor3/transitions/staleness-commands.test.ts (3 tests) 100ms
 ✓ |raptor3| tests/raptor3/transitions/singular-commands.test.ts (20 tests) 432ms
 ✓ |raptor3| tests/raptor3/transitions/junctions-commands.test.ts (26 tests) 488ms
 ✓ |raptor3| tests/raptor3/transitions/variant-removals-commands.test.ts (14 tests) 212ms
 ✓ |raptor3| tests/raptor3/transitions/occupied-keys-commands.test.ts (8 tests) 210ms
 ✓ |raptor3| tests/raptor3/transitions/required-commands.test.ts (8 tests) 126ms
 ✓ |raptor3| tests/raptor3/transitions/keys-commands.test.ts (14 tests) 179ms
 ✓ |raptor3| tests/raptor3/transitions/own-write-commands.test.ts (18 tests) 319ms

 Test Files  16 passed (16)
      Tests  216 passed (216)
   Start at  20:09:55
   Duration  18.26s (transform 3.79s, setup 38ms, collect 9.14s, tests 4.14s, environment 0ms, prepare 114ms)

JSON report written to /var/folders/2c/xh5rx2d91wd_lk8rvnnhlr4m0000gn/T/viborm-raptor3-g0-ozSKLt/vitest.json
Vitest resources: 29.35s wall, 811.7 MiB peak sampled process-group RSS (sampled ceiling 1536 MiB). Teardown verified.
Raptor 3 g2-contracts contract gate verified. Evidence: /var/folders/2c/xh5rx2d91wd_lk8rvnnhlr4m0000gn/T/viborm-raptor3-g0-ozSKLt
